###############################################################################
#
# IAR ELF Linker V7.50.3.10732/W32 for ARM                18/Mar/2016  19:39:13
# Copyright 2007-2016 IAR Systems AB.
#
#    Output file  =  
#        D:\Vlad\Projects\Stable\Libs\motion_driver_6.12\arm\STM32F4_MD6\Projects\eMD6\EWARM\Debug\Exe\STM32F4-Discovery.out
#    Map file     =  
#        D:\Vlad\Projects\Stable\Libs\motion_driver_6.12\arm\STM32F4_MD6\Projects\eMD6\EWARM\Debug\List\STM32F4-Discovery.map
#    Command line =  
#        D:\Vlad\Projects\Stable\Libs\motion_driver_6.12\arm\STM32F4_MD6\Projects\eMD6\EWARM\Debug\Obj\board-st_discovery.o
#        D:\Vlad\Projects\Stable\Libs\motion_driver_6.12\arm\STM32F4_MD6\Projects\eMD6\EWARM\Debug\Obj\data_builder.o
#        D:\Vlad\Projects\Stable\Libs\motion_driver_6.12\arm\STM32F4_MD6\Projects\eMD6\EWARM\Debug\Obj\eMPL_outputs.o
#        D:\Vlad\Projects\Stable\Libs\motion_driver_6.12\arm\STM32F4_MD6\Projects\eMD6\EWARM\Debug\Obj\gpio.o
#        D:\Vlad\Projects\Stable\Libs\motion_driver_6.12\arm\STM32F4_MD6\Projects\eMD6\EWARM\Debug\Obj\hal_outputs.o
#        D:\Vlad\Projects\Stable\Libs\motion_driver_6.12\arm\STM32F4_MD6\Projects\eMD6\EWARM\Debug\Obj\i2c.o
#        D:\Vlad\Projects\Stable\Libs\motion_driver_6.12\arm\STM32F4_MD6\Projects\eMD6\EWARM\Debug\Obj\inv_mpu.o
#        D:\Vlad\Projects\Stable\Libs\motion_driver_6.12\arm\STM32F4_MD6\Projects\eMD6\EWARM\Debug\Obj\inv_mpu_dmp_motion_driver.o
#        D:\Vlad\Projects\Stable\Libs\motion_driver_6.12\arm\STM32F4_MD6\Projects\eMD6\core\mpl\libmpllib.a
#        D:\Vlad\Projects\Stable\Libs\motion_driver_6.12\arm\STM32F4_MD6\Projects\eMD6\EWARM\Debug\Obj\log_stm32.o
#        D:\Vlad\Projects\Stable\Libs\motion_driver_6.12\arm\STM32F4_MD6\Projects\eMD6\EWARM\Debug\Obj\main.o
#        D:\Vlad\Projects\Stable\Libs\motion_driver_6.12\arm\STM32F4_MD6\Projects\eMD6\EWARM\Debug\Obj\message_layer.o
#        D:\Vlad\Projects\Stable\Libs\motion_driver_6.12\arm\STM32F4_MD6\Projects\eMD6\EWARM\Debug\Obj\misc.o
#        D:\Vlad\Projects\Stable\Libs\motion_driver_6.12\arm\STM32F4_MD6\Projects\eMD6\EWARM\Debug\Obj\ml_math_func.o
#        D:\Vlad\Projects\Stable\Libs\motion_driver_6.12\arm\STM32F4_MD6\Projects\eMD6\EWARM\Debug\Obj\mlmath.o
#        D:\Vlad\Projects\Stable\Libs\motion_driver_6.12\arm\STM32F4_MD6\Projects\eMD6\EWARM\Debug\Obj\mpl.o
#        D:\Vlad\Projects\Stable\Libs\motion_driver_6.12\arm\STM32F4_MD6\Projects\eMD6\EWARM\Debug\Obj\results_holder.o
#        D:\Vlad\Projects\Stable\Libs\motion_driver_6.12\arm\STM32F4_MD6\Projects\eMD6\EWARM\Debug\Obj\start_manager.o
#        D:\Vlad\Projects\Stable\Libs\motion_driver_6.12\arm\STM32F4_MD6\Projects\eMD6\EWARM\Debug\Obj\startup_stm32f40x.o
#        D:\Vlad\Projects\Stable\Libs\motion_driver_6.12\arm\STM32F4_MD6\Projects\eMD6\EWARM\Debug\Obj\stm32f4_discovery.o
#        D:\Vlad\Projects\Stable\Libs\motion_driver_6.12\arm\STM32F4_MD6\Projects\eMD6\EWARM\Debug\Obj\stm32f4xx_adc.o
#        D:\Vlad\Projects\Stable\Libs\motion_driver_6.12\arm\STM32F4_MD6\Projects\eMD6\EWARM\Debug\Obj\stm32f4xx_can.o
#        D:\Vlad\Projects\Stable\Libs\motion_driver_6.12\arm\STM32F4_MD6\Projects\eMD6\EWARM\Debug\Obj\stm32f4xx_crc.o
#        D:\Vlad\Projects\Stable\Libs\motion_driver_6.12\arm\STM32F4_MD6\Projects\eMD6\EWARM\Debug\Obj\stm32f4xx_cryp.o
#        D:\Vlad\Projects\Stable\Libs\motion_driver_6.12\arm\STM32F4_MD6\Projects\eMD6\EWARM\Debug\Obj\stm32f4xx_cryp_aes.o
#        D:\Vlad\Projects\Stable\Libs\motion_driver_6.12\arm\STM32F4_MD6\Projects\eMD6\EWARM\Debug\Obj\stm32f4xx_cryp_des.o
#        D:\Vlad\Projects\Stable\Libs\motion_driver_6.12\arm\STM32F4_MD6\Projects\eMD6\EWARM\Debug\Obj\stm32f4xx_cryp_tdes.o
#        D:\Vlad\Projects\Stable\Libs\motion_driver_6.12\arm\STM32F4_MD6\Projects\eMD6\EWARM\Debug\Obj\stm32f4xx_dac.o
#        D:\Vlad\Projects\Stable\Libs\motion_driver_6.12\arm\STM32F4_MD6\Projects\eMD6\EWARM\Debug\Obj\stm32f4xx_dbgmcu.o
#        D:\Vlad\Projects\Stable\Libs\motion_driver_6.12\arm\STM32F4_MD6\Projects\eMD6\EWARM\Debug\Obj\stm32f4xx_dcmi.o
#        D:\Vlad\Projects\Stable\Libs\motion_driver_6.12\arm\STM32F4_MD6\Projects\eMD6\EWARM\Debug\Obj\stm32f4xx_dma.o
#        D:\Vlad\Projects\Stable\Libs\motion_driver_6.12\arm\STM32F4_MD6\Projects\eMD6\EWARM\Debug\Obj\stm32f4xx_exti.o
#        D:\Vlad\Projects\Stable\Libs\motion_driver_6.12\arm\STM32F4_MD6\Projects\eMD6\EWARM\Debug\Obj\stm32f4xx_flash.o
#        D:\Vlad\Projects\Stable\Libs\motion_driver_6.12\arm\STM32F4_MD6\Projects\eMD6\EWARM\Debug\Obj\stm32f4xx_fsmc.o
#        D:\Vlad\Projects\Stable\Libs\motion_driver_6.12\arm\STM32F4_MD6\Projects\eMD6\EWARM\Debug\Obj\stm32f4xx_gpio.o
#        D:\Vlad\Projects\Stable\Libs\motion_driver_6.12\arm\STM32F4_MD6\Projects\eMD6\EWARM\Debug\Obj\stm32f4xx_hash.o
#        D:\Vlad\Projects\Stable\Libs\motion_driver_6.12\arm\STM32F4_MD6\Projects\eMD6\EWARM\Debug\Obj\stm32f4xx_hash_md5.o
#        D:\Vlad\Projects\Stable\Libs\motion_driver_6.12\arm\STM32F4_MD6\Projects\eMD6\EWARM\Debug\Obj\stm32f4xx_hash_sha1.o
#        D:\Vlad\Projects\Stable\Libs\motion_driver_6.12\arm\STM32F4_MD6\Projects\eMD6\EWARM\Debug\Obj\stm32f4xx_i2c.o
#        D:\Vlad\Projects\Stable\Libs\motion_driver_6.12\arm\STM32F4_MD6\Projects\eMD6\EWARM\Debug\Obj\stm32f4xx_it.o
#        D:\Vlad\Projects\Stable\Libs\motion_driver_6.12\arm\STM32F4_MD6\Projects\eMD6\EWARM\Debug\Obj\stm32f4xx_iwdg.o
#        D:\Vlad\Projects\Stable\Libs\motion_driver_6.12\arm\STM32F4_MD6\Projects\eMD6\EWARM\Debug\Obj\stm32f4xx_pwr.o
#        D:\Vlad\Projects\Stable\Libs\motion_driver_6.12\arm\STM32F4_MD6\Projects\eMD6\EWARM\Debug\Obj\stm32f4xx_rcc.o
#        D:\Vlad\Projects\Stable\Libs\motion_driver_6.12\arm\STM32F4_MD6\Projects\eMD6\EWARM\Debug\Obj\stm32f4xx_rng.o
#        D:\Vlad\Projects\Stable\Libs\motion_driver_6.12\arm\STM32F4_MD6\Projects\eMD6\EWARM\Debug\Obj\stm32f4xx_rtc.o
#        D:\Vlad\Projects\Stable\Libs\motion_driver_6.12\arm\STM32F4_MD6\Projects\eMD6\EWARM\Debug\Obj\stm32f4xx_sdio.o
#        D:\Vlad\Projects\Stable\Libs\motion_driver_6.12\arm\STM32F4_MD6\Projects\eMD6\EWARM\Debug\Obj\stm32f4xx_spi.o
#        D:\Vlad\Projects\Stable\Libs\motion_driver_6.12\arm\STM32F4_MD6\Projects\eMD6\EWARM\Debug\Obj\stm32f4xx_syscfg.o
#        D:\Vlad\Projects\Stable\Libs\motion_driver_6.12\arm\STM32F4_MD6\Projects\eMD6\EWARM\Debug\Obj\stm32f4xx_tim.o
#        D:\Vlad\Projects\Stable\Libs\motion_driver_6.12\arm\STM32F4_MD6\Projects\eMD6\EWARM\Debug\Obj\stm32f4xx_usart.o
#        D:\Vlad\Projects\Stable\Libs\motion_driver_6.12\arm\STM32F4_MD6\Projects\eMD6\EWARM\Debug\Obj\stm32f4xx_wwdg.o
#        D:\Vlad\Projects\Stable\Libs\motion_driver_6.12\arm\STM32F4_MD6\Projects\eMD6\EWARM\Debug\Obj\storage_manager.o
#        D:\Vlad\Projects\Stable\Libs\motion_driver_6.12\arm\STM32F4_MD6\Projects\eMD6\EWARM\Debug\Obj\system_stm32f4xx.o
#        D:\Vlad\Projects\Stable\Libs\motion_driver_6.12\arm\STM32F4_MD6\Projects\eMD6\EWARM\Debug\Obj\uart.o
#        -o
#        D:\Vlad\Projects\Stable\Libs\motion_driver_6.12\arm\STM32F4_MD6\Projects\eMD6\EWARM\Debug\Exe\STM32F4-Discovery.out
#        --redirect _Printf=_PrintfFull --redirect _Scanf=_ScanfFull --map
#        D:\Vlad\Projects\Stable\Libs\motion_driver_6.12\arm\STM32F4_MD6\Projects\eMD6\EWARM\Debug\List\STM32F4-Discovery.map
#        --log unused_fragments --log_file
#        D:\Vlad\Projects\Stable\Libs\motion_driver_6.12\arm\STM32F4_MD6\Projects\eMD6\EWARM\Debug\List\STM32F4-Discovery.log
#        --config
#        D:\Vlad\Projects\Stable\Libs\motion_driver_6.12\arm\STM32F4_MD6\Projects\eMD6\EWARM\stm32f40x_flash.icf
#        --semihosting --entry __iar_program_start --redirect
#        __write=__write_buffered --redirect
#        __iar_sh_stdout=__iar_sh_stdout_swo --vfe
#
###############################################################################

*******************************************************************************
*** MESSAGES
***

Warning[Lt049]: Potential floating point parameter passing conflict. The first
          module below references the second and they have been built with
          different settings.
          AAPCS, base variant: fusion_9axis.o(libmpllib.a)
          AAPCS, VFP variant: D:\Vlad\Projects\Stable\Libs\motion_driver_6.12\a
                    rm\STM32F4_MD6\Projects\eMD6\EWARM\Debug\Obj\ml_math_func.o
Warning[Lt049]: Potential floating point parameter passing conflict. The first
          module below references the second and they have been built with
          different settings.
          AAPCS, base variant: fusion_9axis.o(libmpllib.a)
          AAPCS, VFP variant: D:\Vlad\Projects\Stable\Libs\motion_driver_6.12\a
                    rm\STM32F4_MD6\Projects\eMD6\EWARM\Debug\Obj\results_holder
                    .o
Warning[Lt049]: Potential floating point parameter passing conflict. The first
          module below references the second and they have been built with
          different settings.
          AAPCS, base variant: fast_no_motion.o(libmpllib.a)
          AAPCS, VFP variant: D:\Vlad\Projects\Stable\Libs\motion_driver_6.12\a
                    rm\STM32F4_MD6\Projects\eMD6\EWARM\Debug\Obj\ml_math_func.o
Warning[Lt049]: Potential floating point parameter passing conflict. The first
          module below references the second and they have been built with
          different settings.
          AAPCS, base variant: fast_no_motion.o(libmpllib.a)
          AAPCS, VFP variant: D:\Vlad\Projects\Stable\Libs\motion_driver_6.12\a
                    rm\STM32F4_MD6\Projects\eMD6\EWARM\Debug\Obj\results_holder
                    .o
Warning[Lt049]: Potential floating point parameter passing conflict. The first
          module below references the second and they have been built with
          different settings.
          AAPCS, base variant: gyro_tc.o(libmpllib.a)
          AAPCS, VFP variant: D:\Vlad\Projects\Stable\Libs\motion_driver_6.12\a
                    rm\STM32F4_MD6\Projects\eMD6\EWARM\Debug\Obj\results_holder
                    .o
Warning[Lt049]: Potential floating point parameter passing conflict. The first
          module below references the second and they have been built with
          different settings.
          AAPCS, base variant: mag_disturb.o(libmpllib.a)
          AAPCS, VFP variant: D:\Vlad\Projects\Stable\Libs\motion_driver_6.12\a
                    rm\STM32F4_MD6\Projects\eMD6\EWARM\Debug\Obj\ml_math_func.o
Warning[Lt049]: Potential floating point parameter passing conflict. The first
          module below references the second and they have been built with
          different settings.
          AAPCS, base variant: mag_disturb.o(libmpllib.a)
          AAPCS, VFP variant: D:\Vlad\Projects\Stable\Libs\motion_driver_6.12\a
                    rm\STM32F4_MD6\Projects\eMD6\EWARM\Debug\Obj\results_holder
                    .o
Warning[Lt049]: Potential floating point parameter passing conflict. The first
          module below references the second and they have been built with
          different settings.
          AAPCS, base variant: quaternion_supervisor.o(libmpllib.a)
          AAPCS, VFP variant: D:\Vlad\Projects\Stable\Libs\motion_driver_6.12\a
                    rm\STM32F4_MD6\Projects\eMD6\EWARM\Debug\Obj\ml_math_func.o
Warning[Lt049]: Potential floating point parameter passing conflict. The first
          module below references the second and they have been built with
          different settings.
          AAPCS, base variant: quaternion_supervisor.o(libmpllib.a)
          AAPCS, VFP variant: D:\Vlad\Projects\Stable\Libs\motion_driver_6.12\a
                    rm\STM32F4_MD6\Projects\eMD6\EWARM\Debug\Obj\results_holder
                    .o
Warning[Lt049]: Potential floating point parameter passing conflict. The first
          module below references the second and they have been built with
          different settings.
          AAPCS, base variant: compass_vec_cal.o(libmpllib.a)
          AAPCS, VFP variant: D:\Vlad\Projects\Stable\Libs\motion_driver_6.12\a
                    rm\STM32F4_MD6\Projects\eMD6\EWARM\Debug\Obj\ml_math_func.o
Warning[Lt049]: Potential floating point parameter passing conflict. The first
          module below references the second and they have been built with
          different settings.
          AAPCS, base variant: compass_vec_cal.o(libmpllib.a)
          AAPCS, VFP variant: D:\Vlad\Projects\Stable\Libs\motion_driver_6.12\a
                    rm\STM32F4_MD6\Projects\eMD6\EWARM\Debug\Obj\results_holder
                    .o


*******************************************************************************
*** RUNTIME MODEL ATTRIBUTES
***

CppFlavor       = *
__SystemLibrary = DLib


*******************************************************************************
*** PLACEMENT SUMMARY
***

"A1":  place at 0x08000000 { ro section .intvec };
"P1":  place in [from 0x08000000 to 0x080fffff] { ro };
"P2":  place in [from 0x20000000 to 0x2001bfff] { rw, block CSTACK, block HEAP };

  Section             Kind        Address     Size  Object
  -------             ----        -------     ----  ------
"A1":                                        0x188
  .intvec             ro code  0x08000000    0x188  startup_stm32f40x.o [1]
                             - 0x08000188    0x188

"P1":                                      0x1046e
  .text               ro code  0x08000188   0x2e3c  inv_mpu.o [1]
  .text               ro code  0x08002fc4    0x748  i2c.o [1]
  .text               ro code  0x0800370c    0x2f6  log_stm32.o [1]
  .text               ro code  0x08003a02      0xa  xsprout.o [3]
  .text               ro code  0x08003a0c    0x100  board-st_discovery.o [1]
  .text               ro code  0x08003b0c     0x66  ABImemset.o [6]
  .rodata             const    0x08003b72      0x2  inv_mpu_dmp_motion_driver.o [1]
  .text               ro code  0x08003b74     0x4e  FltToDbl.o [5]
  .text               ro code  0x08003bc4     0x2e  DblCmpLe.o [5]
  .text               ro code  0x08003bf4     0x30  I32ToDbl.o [5]
  .text               ro code  0x08003c24    0x132  I64DivMod.o [6]
  .text               ro code  0x08003d58     0x62  memcmp_unaligned.o [6]
  .text               ro code  0x08003dbc    0x188  stm32f4xx_rcc.o [1]
  .text               ro code  0x08003f44     0xf4  stm32f4xx_gpio.o [1]
  .text               ro code  0x08004038    0x242  stm32f4xx_i2c.o [1]
  .text               ro code  0x0800427c     0x2c  vsprintf.o [3]
  .text               ro code  0x080042a8     0xbc  uart.o [1]
  .text               ro code  0x08004364     0x76  ABImemcpy_unaligned.o [6]
  .text               ro code  0x080043dc    0x1fc  system_stm32f4xx.o [1]
  .text               ro code  0x080045d8      0xc  stm32f4xx_pwr.o [1]
  .text               ro code  0x080045e4     0x80  gpio.o [1]
  .text               ro code  0x08004664      0x2  I64DivZer.o [6]
  .text               ro code  0x08004668    0xda6  xprintffull.o [3]
  .text               ro code  0x08005410    0x1de  stm32f4xx_usart.o [1]
  .text               ro code  0x080055f0     0x54  stm32f4xx_syscfg.o [1]
  .text               ro code  0x08005644     0xa0  stm32f4xx_exti.o [1]
  .text               ro code  0x080056e4     0x70  misc.o [1]
  .text               ro code  0x08005754     0x16  strchr.o [6]
  .text               ro code  0x0800576c     0x36  strlen.o [6]
  .text               ro code  0x080057a4     0x58  memchr.o [6]
  .text               ro code  0x080057fc     0x42  xdnorm.o [5]
  .text               ro code  0x08005840     0x2e  DblCmpGe.o [5]
  .text               ro code  0x08005870    0x114  xdscale.o [5]
  .text               ro code  0x08005984     0x58  DblToI32.o [5]
  .text               ro code  0x080059dc    0x180  DblSub.o [5]
  .text               ro code  0x08005b5c    0x1a2  DblMul.o [5]
  .text               ro code  0x08005d00    0x256  DblDiv.o [5]
  .text               ro code  0x08005f56      0xe  div.o [3]
  .text               ro code  0x08005f64     0xe8  DblAdd.o [5]
  .text               ro code  0x0800604c   0x2084  compass_vec_cal.o [4]
  .text               ro code  0x080080d0      0xe  U32ToFlt.o [5]
  .text               ro code  0x080080de     0x12  FltMul.o [5]
  .text               ro code  0x080080f0     0x12  cosf.o [5]
  .text               ro code  0x08008104     0x1c  FltCmpEq.o [5]
  .text               ro code  0x08008120      0x6  log.o [5]
  .text               ro code  0x08008128     0x90  DblToFlt.o [5]
  .text               ro code  0x080081b8     0x2c  sqrtf.o [5]
  .text               ro code  0x080081e4     0x20  DblCmpEq.o [5]
  .text               ro code  0x08008204     0xf0  sqrt.o [5]
  .text               ro code  0x080082f4    0xad4  data_builder.o [1]
  .text               ro code  0x08008dc8    0x718  ml_math_func.o [1]
  .text               ro code  0x080094e0      0xe  S32ToFlt.o [5]
  .text               ro code  0x080094ee     0x12  FltAdd.o [5]
  .text               ro code  0x08009500    0x2f0  results_holder.o [1]
  .text               ro code  0x080097f0    0x268  accel_auto_cal.o [4]
  .text               ro code  0x08009a58      0xc  memcpy.o [3]
  .text               ro code  0x08009a64      0xe  FltToS32.o [5]
  .text               ro code  0x08009a72     0x14  memset.o [3]
  .text               ro code  0x08009a88    0x5e4  mag_disturb.o [4]
  .text               ro code  0x0800a06c     0x68  start_manager.o [1]
  .text               ro code  0x0800a0d4    0x16c  xfsin.o [5]
  .text               ro code  0x0800a240    0x2e8  xlog.o [5]
  .text               ro code  0x0800a528      0xc  iarEdom.o [6]
  .text               ro code  0x0800a534     0xa4  storage_manager.o [1]
  .text               ro code  0x0800a5d8     0x34  message_layer.o [1]
  .text               ro code  0x0800a60c     0x6a  atan2f.o [5]
  .text               ro code  0x0800a678     0x24  FltCmpLe.o [5]
  .text               ro code  0x0800a69c     0x24  FltCmpGe.o [5]
  .text               ro code  0x0800a6c0     0x12  FltDiv.o [5]
  .text               ro code  0x0800a6d2     0x12  FltSub.o [5]
  .text               ro code  0x0800a6e4     0x74  acosf.o [5]
  .text               ro code  0x0800a758      0xc  memmove.o [6]
  .text               ro code  0x0800a764      0xc  errno.o [3]
  .text               ro code  0x0800a770     0xec  xfquad.o [5]
  .text               ro code  0x0800a85c     0xa4  xatanf.o [5]
  .text               ro code  0x0800a900     0x78  ABImemmove_unaligned.o [6]
  .text               ro code  0x0800a978      0x2  xtls.o [3]
  .text               ro code  0x0800a97a     0x4e  xfdint.o [5]
  .text               ro code  0x0800a9c8     0xe6  fmodf.o [5]
  .text               ro code  0x0800aab0    0xe40  main.o [1]
  .text               ro code  0x0800b8f0    0x4f0  eMPL_outputs.o [1]
  .text               ro code  0x0800bde0     0xe8  hal_outputs.o [1]
  .text               ro code  0x0800bec8    0xb9c  inv_mpu_dmp_motion_driver.o [1]
  .text               ro code  0x0800ca64     0xa8  mpl.o [1]
  .text               ro code  0x0800cb0c    0xa48  quaternion_supervisor.o [4]
  .text               ro code  0x0800d554    0x69c  fusion_9axis.o [4]
  .text               ro code  0x0800dbf0    0xa44  fast_no_motion.o [4]
  .text               ro code  0x0800e634    0x474  gyro_tc.o [4]
  .text               ro code  0x0800eaa8     0x12  sinf.o [5]
  .text               ro code  0x0800eabc     0x62  I64ToFlt.o [5]
  .text               ro code  0x0800eb20     0x76  FltToS64.o [5]
  .text               ro code  0x0800eb98     0x22  S64Shr.o [6]
  .text               ro code  0x0800ebbc     0x22  I64Shl.o [6]
  .text               ro code  0x0800ebde      0x8  abs.o [3]
  .text               ro code  0x0800ebe8      0x6  ABImemclr4.o [6]
  .text               ro code  0x0800ebf0     0x32  ABImemset48.o [6]
  .rodata             const    0x0800ec24    0xbf8  inv_mpu_dmp_motion_driver.o [1]
  .rodata             const    0x0800f81c    0x200  inv_mpu.o [1]
  .text               ro code  0x0800fa1c     0x86  stm32f4xx_it.o [1]
  .text               ro code  0x0800faa4     0x10  stm32f4xx_tim.o [1]
  .rodata             const    0x0800fab4     0x60  mpl.o [1]
  .rodata             const    0x0800fb14     0x44  data_builder.o [1]
  .text               ro code  0x0800fb58     0x40  zero_init3.o [6]
  .text               ro code  0x0800fb98     0x38  packbits_init_single.o [6]
  .rodata             const    0x0800fbd0     0x34  inv_mpu.o [1]
  .rodata             const    0x0800fc04     0x34  inv_mpu.o [1]
  .rodata             const    0x0800fc38     0x34  inv_mpu.o [1]
  .rodata             const    0x0800fc6c     0x34  inv_mpu.o [1]
  .rodata             const    0x0800fca0     0x30  inv_mpu.o [1]
  .rodata             const    0x0800fcd0     0x30  inv_mpu.o [1]
  .rodata             const    0x0800fd00     0x2c  inv_mpu.o [1]
  .rodata             const    0x0800fd2c     0x2c  inv_mpu.o [1]
  .rodata             const    0x0800fd58     0x2c  main.o [1]
  .rodata             const    0x0800fd84     0x28  inv_mpu.o [1]
  .rodata             const    0x0800fdac     0x28  inv_mpu.o [1]
  .rodata             const    0x0800fdd4     0x28  inv_mpu.o [1]
  .rodata             const    0x0800fdfc     0x28  inv_mpu.o [1]
  .rodata             const    0x0800fe24     0x28  inv_mpu.o [1]
  .text               ro code  0x0800fe4c     0x28  data_init.o [6]
  .rodata             const    0x0800fe74     0x24  inv_mpu.o [1]
  .rodata             const    0x0800fe98     0x24  main.o [1]
  .rodata             const    0x0800febc     0x24  main.o [1]
  .text               ro code  0x0800fee0     0x22  fpinit_M.o [5]
  .iar.init_table     const    0x0800ff04     0x20  - Linker created -
  .rodata             const    0x0800ff24     0x20  inv_mpu.o [1]
  .rodata             const    0x0800ff44     0x20  inv_mpu.o [1]
  .rodata             const    0x0800ff64     0x20  inv_mpu.o [1]
  .rodata             const    0x0800ff84     0x20  inv_mpu.o [1]
  .rodata             const    0x0800ffa4     0x1c  inv_mpu.o [1]
  .rodata             const    0x0800ffc0     0x1c  inv_mpu.o [1]
  .rodata             const    0x0800ffdc     0x1c  inv_mpu.o [1]
  .rodata             const    0x0800fff8     0x1c  main.o [1]
  .rodata             const    0x08010014     0x1c  main.o [1]
  .rodata             const    0x08010030     0x1c  main.o [1]
  .rodata             const    0x0801004c     0x1c  main.o [1]
  .rodata             const    0x08010068     0x1c  main.o [1]
  .rodata             const    0x08010084     0x1c  main.o [1]
  .rodata             const    0x080100a0     0x1c  main.o [1]
  .text               ro code  0x080100bc     0x1a  cmain.o [6]
  .text               ro code  0x080100d6      0x4  low_level_init.o [3]
  .text               ro code  0x080100da      0x4  exit.o [3]
  .text               ro code  0x080100e0      0xa  cexit.o [6]
  .text               ro code  0x080100ec     0x14  exit.o [7]
  .rodata             const    0x08010100     0x18  inv_mpu.o [1]
  .rodata             const    0x08010118     0x18  inv_mpu.o [1]
  .rodata             const    0x08010130     0x18  inv_mpu.o [1]
  .rodata             const    0x08010148     0x18  inv_mpu.o [1]
  .rodata             const    0x08010160     0x18  inv_mpu.o [1]
  .rodata             const    0x08010178     0x18  main.o [1]
  .rodata             const    0x08010190     0x18  mpl.o [1]
  .rodata             const    0x080101a8     0x14  inv_mpu.o [1]
  .rodata             const    0x080101bc     0x14  inv_mpu.o [1]
  .rodata             const    0x080101d0     0x14  inv_mpu.o [1]
  .rodata             const    0x080101e4     0x14  inv_mpu.o [1]
  .rodata             const    0x080101f8     0x14  inv_mpu.o [1]
  .rodata             const    0x0801020c     0x14  inv_mpu.o [1]
  .rodata             const    0x08010220     0x14  inv_mpu.o [1]
  .rodata             const    0x08010234     0x14  inv_mpu.o [1]
  .rodata             const    0x08010248     0x14  main.o [1]
  .rodata             const    0x0801025c     0x14  main.o [1]
  .rodata             const    0x08010270     0x14  main.o [1]
  .rodata             const    0x08010284     0x14  main.o [1]
  .text               ro code  0x08010298     0x14  startup_stm32f40x.o [1]
  .rodata             const    0x080102ac     0x10  inv_mpu.o [1]
  .rodata             const    0x080102bc     0x10  inv_mpu.o [1]
  .rodata             const    0x080102cc     0x10  inv_mpu.o [1]
  .rodata             const    0x080102dc     0x10  inv_mpu.o [1]
  .rodata             const    0x080102ec     0x10  inv_mpu.o [1]
  .rodata             const    0x080102fc     0x10  inv_mpu.o [1]
  .rodata             const    0x0801030c     0x10  main.o [1]
  .rodata             const    0x0801031c     0x10  main.o [1]
  .rodata             const    0x0801032c     0x10  main.o [1]
  .rodata             const    0x0801033c     0x10  main.o [1]
  .rodata             const    0x0801034c     0x10  main.o [1]
  .rodata             const    0x0801035c     0x10  mpl.o [1]
  .rodata             const    0x0801036c     0x10  mpl.o [1]
  .rodata             const    0x0801037c      0xc  inv_mpu_dmp_motion_driver.o [1]
  .rodata             const    0x08010388      0xc  inv_mpu_dmp_motion_driver.o [1]
  .rodata             const    0x08010394      0xc  inv_mpu_dmp_motion_driver.o [1]
  .rodata             const    0x080103a0      0xc  inv_mpu_dmp_motion_driver.o [1]
  .rodata             const    0x080103ac      0xc  inv_mpu_dmp_motion_driver.o [1]
  .rodata             const    0x080103b8      0xc  main.o [1]
  .rodata             const    0x080103c4      0xc  main.o [1]
  .rodata             const    0x080103d0      0xc  main.o [1]
  .rodata             const    0x080103dc      0xc  main.o [1]
  .rodata             const    0x080103e8      0xc  main.o [1]
  .rodata             const    0x080103f4      0xc  main.o [1]
  .text               ro code  0x08010400      0xc  cstartup_M.o [6]
  .rodata             const    0x0801040c      0x8  main.o [1]
  .rodata             const    0x08010414      0x8  main.o [1]
  .rodata             const    0x0801041c      0x8  main.o [1]
  .rodata             const    0x08010424      0x8  main.o [1]
  .rodata             const    0x0801042c      0x8  main.o [1]
  .rodata             const    0x08010434      0x8  main.o [1]
  .rodata             const    0x0801043c      0x8  main.o [1]
  .rodata             const    0x08010444      0x4  inv_mpu_dmp_motion_driver.o [1]
  .rodata             const    0x08010448      0x4  inv_mpu_dmp_motion_driver.o [1]
  .rodata             const    0x0801044c      0x4  inv_mpu_dmp_motion_driver.o [1]
  .rodata             const    0x08010450      0x4  inv_mpu_dmp_motion_driver.o [1]
  .text               ro code  0x08010454      0x4  startup_stm32f40x.o [1]
  .text               ro code  0x08010458      0x4  startup_stm32f40x.o [1]
  .text               ro code  0x0801045c      0x4  startup_stm32f40x.o [1]
  .text               ro code  0x08010460      0x4  startup_stm32f40x.o [1]
  .text               ro code  0x08010464      0x4  startup_stm32f40x.o [1]
  .text               ro code  0x08010468      0x4  startup_stm32f40x.o [1]
  .text               ro code  0x0801046c      0x4  startup_stm32f40x.o [1]
  .text               ro code  0x08010470      0x4  startup_stm32f40x.o [1]
  .text               ro code  0x08010474      0x4  startup_stm32f40x.o [1]
  .text               ro code  0x08010478      0x4  startup_stm32f40x.o [1]
  .text               ro code  0x0801047c      0x4  startup_stm32f40x.o [1]
  .text               ro code  0x08010480      0x4  startup_stm32f40x.o [1]
  .text               ro code  0x08010484      0x4  startup_stm32f40x.o [1]
  .text               ro code  0x08010488      0x4  startup_stm32f40x.o [1]
  .text               ro code  0x0801048c      0x4  startup_stm32f40x.o [1]
  .text               ro code  0x08010490      0x4  startup_stm32f40x.o [1]
  .text               ro code  0x08010494      0x4  startup_stm32f40x.o [1]
  .text               ro code  0x08010498      0x4  startup_stm32f40x.o [1]
  .text               ro code  0x0801049c      0x4  startup_stm32f40x.o [1]
  .text               ro code  0x080104a0      0x4  startup_stm32f40x.o [1]
  .text               ro code  0x080104a4      0x4  startup_stm32f40x.o [1]
  .text               ro code  0x080104a8      0x4  startup_stm32f40x.o [1]
  .text               ro code  0x080104ac      0x4  startup_stm32f40x.o [1]
  .text               ro code  0x080104b0      0x4  startup_stm32f40x.o [1]
  .text               ro code  0x080104b4      0x4  startup_stm32f40x.o [1]
  .text               ro code  0x080104b8      0x4  startup_stm32f40x.o [1]
  .text               ro code  0x080104bc      0x4  startup_stm32f40x.o [1]
  .text               ro code  0x080104c0      0x4  startup_stm32f40x.o [1]
  .text               ro code  0x080104c4      0x4  startup_stm32f40x.o [1]
  .text               ro code  0x080104c8      0x4  startup_stm32f40x.o [1]
  .text               ro code  0x080104cc      0x4  startup_stm32f40x.o [1]
  .text               ro code  0x080104d0      0x4  startup_stm32f40x.o [1]
  .text               ro code  0x080104d4      0x4  startup_stm32f40x.o [1]
  .text               ro code  0x080104d8      0x4  startup_stm32f40x.o [1]
  .text               ro code  0x080104dc      0x4  startup_stm32f40x.o [1]
  .text               ro code  0x080104e0      0x4  startup_stm32f40x.o [1]
  .text               ro code  0x080104e4      0x4  startup_stm32f40x.o [1]
  .text               ro code  0x080104e8      0x4  startup_stm32f40x.o [1]
  .text               ro code  0x080104ec      0x4  startup_stm32f40x.o [1]
  .text               ro code  0x080104f0      0x4  startup_stm32f40x.o [1]
  .text               ro code  0x080104f4      0x4  startup_stm32f40x.o [1]
  .text               ro code  0x080104f8      0x4  startup_stm32f40x.o [1]
  .text               ro code  0x080104fc      0x4  startup_stm32f40x.o [1]
  .text               ro code  0x08010500      0x4  startup_stm32f40x.o [1]
  .text               ro code  0x08010504      0x4  startup_stm32f40x.o [1]
  .text               ro code  0x08010508      0x4  startup_stm32f40x.o [1]
  .text               ro code  0x0801050c      0x4  startup_stm32f40x.o [1]
  .text               ro code  0x08010510      0x4  startup_stm32f40x.o [1]
  .text               ro code  0x08010514      0x4  startup_stm32f40x.o [1]
  .text               ro code  0x08010518      0x4  startup_stm32f40x.o [1]
  .text               ro code  0x0801051c      0x4  startup_stm32f40x.o [1]
  .text               ro code  0x08010520      0x4  startup_stm32f40x.o [1]
  .text               ro code  0x08010524      0x4  startup_stm32f40x.o [1]
  .text               ro code  0x08010528      0x4  startup_stm32f40x.o [1]
  .text               ro code  0x0801052c      0x4  startup_stm32f40x.o [1]
  .text               ro code  0x08010530      0x4  startup_stm32f40x.o [1]
  .text               ro code  0x08010534      0x4  startup_stm32f40x.o [1]
  .text               ro code  0x08010538      0x4  startup_stm32f40x.o [1]
  .text               ro code  0x0801053c      0x4  startup_stm32f40x.o [1]
  .text               ro code  0x08010540      0x4  startup_stm32f40x.o [1]
  .text               ro code  0x08010544      0x4  startup_stm32f40x.o [1]
  .text               ro code  0x08010548      0x4  startup_stm32f40x.o [1]
  .text               ro code  0x0801054c      0x4  startup_stm32f40x.o [1]
  .text               ro code  0x08010550      0x4  startup_stm32f40x.o [1]
  .text               ro code  0x08010554      0x4  startup_stm32f40x.o [1]
  .text               ro code  0x08010558      0x4  startup_stm32f40x.o [1]
  .text               ro code  0x0801055c      0x4  startup_stm32f40x.o [1]
  .text               ro code  0x08010560      0x4  startup_stm32f40x.o [1]
  .text               ro code  0x08010564      0x4  startup_stm32f40x.o [1]
  .text               ro code  0x08010568      0x4  startup_stm32f40x.o [1]
  .text               ro code  0x0801056c      0x4  startup_stm32f40x.o [1]
  .text               ro code  0x08010570      0x4  startup_stm32f40x.o [1]
  .text               ro code  0x08010574      0x4  startup_stm32f40x.o [1]
  .text               ro code  0x08010578      0x4  startup_stm32f40x.o [1]
  .text               ro code  0x0801057c      0x4  startup_stm32f40x.o [1]
  .text               ro code  0x08010580      0x4  startup_stm32f40x.o [1]
  .text               ro code  0x08010584      0x4  startup_stm32f40x.o [1]
  .text               ro code  0x08010588      0x4  startup_stm32f40x.o [1]
  .text               ro code  0x0801058c      0x4  startup_stm32f40x.o [1]
  .text               ro code  0x08010590      0x4  startup_stm32f40x.o [1]
  .text               ro code  0x08010594      0x4  startup_stm32f40x.o [1]
  .text               ro code  0x08010598      0x4  startup_stm32f40x.o [1]
  .rodata             const    0x0801059c      0x0  zero_init3.o [6]
  .rodata             const    0x0801059c      0x0  packbits_init_single.o [6]
  Initializer bytes   const    0x0801059c     0x5a  <for P2-1>
                             - 0x080105f6  0x1046e

"P2", part 1 of 3:                            0x8e
  P2-1                         0x20000000     0x8e  <Init block>
    .data             inited   0x20000000     0x38  inv_mpu.o [1]
    .data             inited   0x20000038      0x4  main.o [1]
    .data             inited   0x2000003c      0xc  main.o [1]
    .data             inited   0x20000048      0xc  main.o [1]
    .data             inited   0x20000054     0x10  stm32f4xx_rcc.o [1]
    .data             inited   0x20000064      0x4  system_stm32f4xx.o [1]
    .data             inited   0x20000068     0x10  system_stm32f4xx.o [1]
    .data             inited   0x20000078     0x10  compass_vec_cal.o [4]
    __DLIB_PERTHREAD  inited   0x20000088      0x4  errno.o [3]
    .data             inited   0x2000008c      0x2  i2c.o [1]
                             - 0x2000008e     0x8e

"P2", part 2 of 3:                           0x600
  CSTACK                       0x20000090    0x600  <Block>
    CSTACK            uninit   0x20000090    0x600  <Block tail>
                             - 0x20000690    0x600

"P2", part 3 of 3:                          0x11a0
  .bss                zero     0x20000690    0x460  compass_vec_cal.o [4]
  .bss                zero     0x20000af0    0x260  fast_no_motion.o [4]
  .bss                zero     0x20000d50    0x1c4  gyro_tc.o [4]
  .bss                zero     0x20000f14    0x198  data_builder.o [1]
  .bss                zero     0x200010ac    0x198  storage_manager.o [1]
  .bss                zero     0x20001244    0x140  data_builder.o [1]
  .bss                zero     0x20001384    0x138  fusion_9axis.o [4]
  .bss                zero     0x200014bc     0xc4  hal_outputs.o [1]
  .bss                zero     0x20001580     0xb8  mag_disturb.o [4]
  .bss                zero     0x20001638     0x88  results_holder.o [1]
  .bss                zero     0x200016c0     0x6c  quaternion_supervisor.o [4]
  .bss                zero     0x2000172c     0x54  start_manager.o [1]
  .bss                zero     0x20001780     0x40  fast_no_motion.o [4]
  .bss                zero     0x200017c0     0x28  eMPL_outputs.o [1]
  .bss                zero     0x200017e8     0x24  main.o [1]
  .bss                zero     0x2000180c     0x10  inv_mpu_dmp_motion_driver.o [1]
  .bss                zero     0x2000181c      0x4  board-st_discovery.o [1]
  .bss                zero     0x20001820      0x4  board-st_discovery.o [1]
  .bss                zero     0x20001824      0x4  message_layer.o [1]
  .bss                zero     0x20001828      0x4  stm32f4xx_it.o [1]
  .bss                zero     0x2000182c      0x2  stm32f4xx_it.o [1]
  .bss                zero     0x2000182e      0x2  stm32f4xx_it.o [1]
                             - 0x20001830   0x11a0


*******************************************************************************
*** INIT TABLE
***

          Address     Size
          -------     ----
Zero (__iar_zero_init3)
    1 destination range, total size 0x11a0:
          0x20000690  0x11a0

Copy/packbits (__iar_packbits_init_single3)
    1 source range, total size 0x5a (63% of destination):
          0x0801059c    0x5a
    1 destination range, total size 0x8e:
          0x20000000    0x8e



*******************************************************************************
*** MODULE SUMMARY
***

    Module                       ro code  ro data  rw data
    ------                       -------  -------  -------
D:\Vlad\Projects\Stable\Libs\motion_driver_6.12\arm\STM32F4_MD6\Projects\eMD6\EWARM\Debug\Obj: [1]
    board-st_discovery.o             256                 8
    data_builder.o                 2 772       68      728
    eMPL_outputs.o                 1 264                40
    gpio.o                           128
    hal_outputs.o                    232               196
    i2c.o                          1 864        2        2
    inv_mpu.o                     11 836    1 763       56
    inv_mpu_dmp_motion_driver.o    2 972    3 142       16
    log_stm32.o                      758
    main.o                         3 648      642       64
    message_layer.o                   52                 4
    misc.o                           112
    ml_math_func.o                 1 816
    mpl.o                            168      152
    results_holder.o                 752               136
    start_manager.o                  104                84
    startup_stm32f40x.o              740
    stm32f4xx_exti.o                 160
    stm32f4xx_gpio.o                 244
    stm32f4xx_i2c.o                  578
    stm32f4xx_it.o                   134                 8
    stm32f4xx_pwr.o                   12
    stm32f4xx_rcc.o                  392       10       16
    stm32f4xx_syscfg.o                84
    stm32f4xx_tim.o                   16
    stm32f4xx_usart.o                478
    storage_manager.o                164               408
    system_stm32f4xx.o               508       13       20
    uart.o                           188
    ------------------------------------------------------
    Total:                        32 432    5 792    1 786

command line: [2]
    ------------------------------------------------------
    Total:

dl7M_tln.a: [3]
    abs.o                              8
    div.o                             14
    errno.o                           12        2        4
    exit.o                             4
    low_level_init.o                   4
    memcpy.o                          12
    memset.o                          20
    vsprintf.o                        44
    xprintffull.o                  3 494
    xsprout.o                         10
    xtls.o                             2
    ------------------------------------------------------
    Total:                         3 624        2        4

libmpllib.a: [4]
    accel_auto_cal.o                 616
    compass_vec_cal.o              8 324       10    1 136
    fast_no_motion.o               2 628               672
    fusion_9axis.o                 1 692               312
    gyro_tc.o                      1 140               452
    mag_disturb.o                  1 508               184
    quaternion_supervisor.o        2 632               108
    ------------------------------------------------------
    Total:                        18 540       10    2 864

m7M_tls.a: [5]
    DblAdd.o                         232
    DblCmpEq.o                        32
    DblCmpGe.o                        46
    DblCmpLe.o                        46
    DblDiv.o                         598
    DblMul.o                         418
    DblSub.o                         384
    DblToFlt.o                       144
    DblToI32.o                        88
    FltAdd.o                          18
    FltCmpEq.o                        28
    FltCmpGe.o                        36
    FltCmpLe.o                        36
    FltDiv.o                          18
    FltMul.o                          18
    FltSub.o                          18
    FltToDbl.o                        78
    FltToS32.o                        14
    FltToS64.o                       118
    I32ToDbl.o                        48
    I64ToFlt.o                        98
    S32ToFlt.o                        14
    U32ToFlt.o                        14
    acosf.o                          116
    atan2f.o                         106
    cosf.o                            18
    fmodf.o                          230
    fpinit_M.o                        34
    log.o                              6
    sinf.o                            18
    sqrt.o                           240
    sqrtf.o                           44
    xatanf.o                         164
    xdnorm.o                          66
    xdscale.o                        276
    xfdint.o                          78
    xfquad.o                         236
    xfsin.o                          364
    xlog.o                           744
    ------------------------------------------------------
    Total:                         5 284

rt7M_tl.a: [6]
    ABImemclr4.o                       6
    ABImemcpy_unaligned.o            118
    ABImemmove_unaligned.o           120
    ABImemset.o                      102
    ABImemset48.o                     50
    I64DivMod.o                      306
    I64DivZer.o                        2
    I64Shl.o                          34
    S64Shr.o                          34
    cexit.o                           10
    cmain.o                           26
    cstartup_M.o                      12
    data_init.o                       40
    iarEdom.o                         12
    memchr.o                          88
    memcmp_unaligned.o                98
    memmove.o                         12
    packbits_init_single.o            56
    strchr.o                          22
    strlen.o                          54
    zero_init3.o                      64
    ------------------------------------------------------
    Total:                         1 266

shb_l.a: [7]
    exit.o                            20
    ------------------------------------------------------
    Total:                            20

    Gaps                              56        4
    Linker created                             32    1 536
----------------------------------------------------------
    Grand Total:                  61 222    5 840    6 190


*******************************************************************************
*** ENTRY LIST
***

Entry                      Address   Size  Type      Object
-----                      -------   ----  ----      ------
.iar.init_table$$Base   0x0800ff04          --   Gb  - Linker created -
.iar.init_table$$Limit  0x0800ff24          --   Gb  - Linker created -
?main                   0x080100bd         Code  Gb  cmain.o [6]
AHBPrescTable           0x20000068   0x10  Data  Gb  system_stm32f4xx.o [1]
APBAHBPrescTable        0x20000054   0x10  Data  Lc  stm32f4xx_rcc.o [1]
BusFault_Handler        0x0800fa21    0x2  Code  Gb  stm32f4xx_it.o [1]
CSTACK$$Base            0x20000090          --   Gb  - Linker created -
CSTACK$$Limit           0x20000690          --   Gb  - Linker created -
ComputeAngleVelocity    0x08009bb1   0x60  Code  Gb  mag_disturb.o [4]
DebugMon_Handler        0x0800fa25    0x2  Code  Gb  stm32f4xx_it.o [1]
DutyCycle               0x2000182e    0x2  Data  Gb  stm32f4xx_it.o [1]
EXTI1_IRQHandler        0x0800fa95    0xe  Code  Gb  stm32f4xx_it.o [1]
EXTI_ClearITPendingBit  0x080056cb    0x6  Code  Gb  stm32f4xx_exti.o [1]
EXTI_Init               0x08005645   0x86  Code  Gb  stm32f4xx_exti.o [1]
Frequency               0x20001828    0x4  Data  Gb  stm32f4xx_it.o [1]
GPIO_Config             0x080045e5   0x7a  Code  Gb  gpio.o [1]
GPIO_Init               0x08003f45   0xa4  Code  Gb  stm32f4xx_gpio.o [1]
GPIO_PinAFConfig        0x08003fe9   0x50  Code  Gb  stm32f4xx_gpio.o [1]
Get_I2C_Retry           0x080036dd    0x6  Code  Gb  i2c.o [1]
I2C_AcknowledgeConfig   0x080041d3   0x1c  Code  Gb  stm32f4xx_i2c.o [1]
I2C_ClearFlag           0x0800426f    0xc  Code  Gb  stm32f4xx_i2c.o [1]
I2C_Cmd                 0x08004169   0x1c  Code  Gb  stm32f4xx_i2c.o [1]
I2C_DeInit              0x08004039   0x56  Code  Gb  stm32f4xx_i2c.o [1]
I2C_GenerateSTART       0x08004185   0x1c  Code  Gb  stm32f4xx_i2c.o [1]
I2C_GenerateSTOP        0x080041a1   0x1c  Code  Gb  stm32f4xx_i2c.o [1]
I2C_GetFlagStatus       0x0800422d   0x42  Code  Gb  stm32f4xx_i2c.o [1]
I2C_Init                0x0800408f   0xc0  Code  Gb  stm32f4xx_i2c.o [1]
I2C_ReadRegister        0x08004215   0x18  Code  Gb  stm32f4xx_i2c.o [1]
I2C_ReceiveData         0x0800420f    0x6  Code  Gb  stm32f4xx_i2c.o [1]
I2C_Send7bitAddress     0x080041bd   0x16  Code  Gb  stm32f4xx_i2c.o [1]
I2C_SendData            0x08004209    0x6  Code  Gb  stm32f4xx_i2c.o [1]
I2C_SoftwareResetCmd    0x080041ef   0x1a  Code  Gb  stm32f4xx_i2c.o [1]
I2Cx_TIMEOUT_UserCallback
                        0x08003075   0x6e  Code  Lc  i2c.o [1]
I2cMaster_Init          0x08002fc5   0xb0  Code  Gb  i2c.o [1]
IC2Value                0x2000182c    0x2  Data  Gb  stm32f4xx_it.o [1]
LoadInt                 0x08004bed   0x6e  Code  Lc  xprintffull.o [3]
Mag3ofNormalizedLong    0x08009c11   0x50  Code  Gb  mag_disturb.o [4]
MagDisturbCheckSettling
                        0x08009cc9   0x3c  Code  Gb  mag_disturb.o [4]
MagDisturbSetDisturbance
                        0x08009c61   0x68  Code  Gb  mag_disturb.o [4]
MemManage_Handler       0x0800fa1f    0x2  Code  Gb  stm32f4xx_it.o [1]
NMI_Handler             0x0800fa1d    0x2  Code  Gb  stm32f4xx_it.o [1]
NVIC_Init               0x080056e5   0x60  Code  Gb  misc.o [1]
NVIC_SetPriority        0x08003a0d   0x22  Code  Lc  board-st_discovery.o [1]
PWR_BackupAccessCmd     0x080045d9    0x8  Code  Gb  stm32f4xx_pwr.o [1]
RCC_AHB1PeriphClockCmd  0x08003e9d   0x20  Code  Gb  stm32f4xx_rcc.o [1]
RCC_APB1PeriphClockCmd  0x08003ebd   0x20  Code  Gb  stm32f4xx_rcc.o [1]
RCC_APB1PeriphResetCmd  0x08003efd   0x20  Code  Gb  stm32f4xx_rcc.o [1]
RCC_APB2PeriphClockCmd  0x08003edd   0x20  Code  Gb  stm32f4xx_rcc.o [1]
RCC_BackupResetCmd      0x08003e95    0x8  Code  Gb  stm32f4xx_rcc.o [1]
RCC_GetClocksFreq       0x08003dbd   0xd8  Code  Gb  stm32f4xx_rcc.o [1]
RETRY_IN_MLSEC          0x2000008c    0x2  Data  Lc  i2c.o [1]
Region$$Table$$Base     0x0800ff04          --   Gb  - Linker created -
Region$$Table$$Limit    0x0800ff24          --   Gb  - Linker created -
ST_Sensors_I2C_ReadRegister
                        0x08003301  0x3d6  Code  Gb  i2c.o [1]
ST_Sensors_I2C_WriteRegister
                        0x08003193  0x16e  Code  Gb  i2c.o [1]
SVC_Handler             0x0800fa27    0x2  Code  Gb  stm32f4xx_it.o [1]
SYSCFG_EXTILineConfig   0x080055f1   0x4e  Code  Gb  stm32f4xx_syscfg.o [1]
Sensors_I2C_ReadRegister
                        0x0800313b   0x58  Code  Gb  i2c.o [1]
Sensors_I2C_WriteRegister
                        0x080030e3   0x58  Code  Gb  i2c.o [1]
SetSysClock             0x080044c9   0xce  Code  Lc  system_stm32f4xx.o [1]
Set_I2C_Retry           0x080036d7    0x6  Code  Gb  i2c.o [1]
SysTick_Config          0x08003a2f   0x2e  Code  Lc  board-st_discovery.o [1]
SysTick_Handler         0x08003b01    0xc  Code  Gb  board-st_discovery.o [1]
SystemCoreClock         0x20000064    0x4  Data  Gb  system_stm32f4xx.o [1]
SystemCoreClockUpdate   0x0800442f   0x9a  Code  Gb  system_stm32f4xx.o [1]
SystemInit              0x080043dd   0x52  Code  Gb  system_stm32f4xx.o [1]
TIM4_IRQHandler         0x0800fa29   0x5c  Code  Gb  stm32f4xx_it.o [1]
TIM_ClearITPendingBit   0x0800faad    0x8  Code  Gb  stm32f4xx_tim.o [1]
TIM_GetCapture1         0x0800faa5    0x4  Code  Gb  stm32f4xx_tim.o [1]
TIM_GetCapture2         0x0800faa9    0x4  Code  Gb  stm32f4xx_tim.o [1]
TimeStamp_Increment     0x08003ad5    0xc  Code  Gb  board-st_discovery.o [1]
TimingDelay             0x20001820    0x4  Data  Lc  board-st_discovery.o [1]
TimingDelay_Decrement   0x08003ac1   0x14  Code  Gb  board-st_discovery.o [1]
USART_ClearITPendingBit
                        0x080055d1   0x1e  Code  Gb  stm32f4xx_usart.o [1]
USART_Cmd               0x080054d5   0x1c  Code  Gb  stm32f4xx_usart.o [1]
USART_Config            0x080042a9   0x94  Code  Gb  uart.o [1]
USART_GetFlagStatus     0x08005553   0x1a  Code  Gb  stm32f4xx_usart.o [1]
USART_GetITStatus       0x0800556d   0x64  Code  Gb  stm32f4xx_usart.o [1]
USART_ITConfig          0x08005501   0x52  Code  Gb  stm32f4xx_usart.o [1]
USART_Init              0x08005411   0xb6  Code  Gb  stm32f4xx_usart.o [1]
USART_ReceiveData       0x080054f9    0x8  Code  Gb  stm32f4xx_usart.o [1]
USART_SendData          0x080054f1    0x8  Code  Gb  stm32f4xx_usart.o [1]
UsageFault_Handler      0x0800fa23    0x2  Code  Gb  stm32f4xx_it.o [1]
_GenldFull              0x08005163  0x262  Code  Lc  xprintffull.o [3]
_LdtobFull              0x08004d61  0x3fc  Code  Lc  xprintffull.o [3]
_LitobFull              0x08004c5b  0x106  Code  Lc  xprintffull.o [3]
_MLPrintLog             0x0800370d   0xa6  Code  Gb  log_stm32.o [1]
_PrintfFull             0x08004669  0x57e  Code  Gb  xprintffull.o [3]
_PutcharsFull           0x080053c5   0x2e  Code  Lc  xprintffull.o [3]
_SProut                 0x08003a03    0xa  Code  Gb  xsprout.o [3]
__aeabi_cdcmpeq         0x080081e5         Code  Gb  DblCmpEq.o [5]
__aeabi_cdcmple         0x08003bc5         Code  Gb  DblCmpLe.o [5]
__aeabi_cdrcmple        0x08005841         Code  Gb  DblCmpGe.o [5]
__aeabi_cfcmpeq         0x08008105         Code  Gb  FltCmpEq.o [5]
__aeabi_cfcmple         0x0800a679         Code  Gb  FltCmpLe.o [5]
__aeabi_cfrcmple        0x0800a69d         Code  Gb  FltCmpGe.o [5]
__aeabi_d2f             0x08008129         Code  Gb  DblToFlt.o [5]
__aeabi_d2iz            0x08005985         Code  Gb  DblToI32.o [5]
__aeabi_d2uiz           0x080059b1         Code  Gb  DblToI32.o [5]
__aeabi_dadd            0x08005f65         Code  Gb  DblAdd.o [5]
__aeabi_ddiv            0x08005d01         Code  Gb  DblDiv.o [5]
__aeabi_dmul            0x08005b5d         Code  Gb  DblMul.o [5]
__aeabi_dsub            0x080059dd         Code  Gb  DblSub.o [5]
__aeabi_errno_addr      0x0800a765    0x6  Code  Gb  errno.o [3]
__aeabi_f2d             0x08003b75         Code  Gb  FltToDbl.o [5]
__aeabi_f2iz            0x08009a65    0xe  Code  Gb  FltToS32.o [5]
__aeabi_f2lz            0x0800eb21         Code  Gb  FltToS64.o [5]
__aeabi_fadd            0x080094ef   0x12  Code  Gb  FltAdd.o [5]
__aeabi_fdiv            0x0800a6c1   0x12  Code  Gb  FltDiv.o [5]
__aeabi_fmul            0x080080df   0x12  Code  Gb  FltMul.o [5]
__aeabi_fsub            0x0800a6d3   0x12  Code  Gb  FltSub.o [5]
__aeabi_i2d             0x08003bf5         Code  Gb  I32ToDbl.o [5]
__aeabi_i2f             0x080094e1    0xe  Code  Gb  S32ToFlt.o [5]
__aeabi_l2f             0x0800eabd         Code  Gb  I64ToFlt.o [5]
__aeabi_lasr            0x0800eb99         Code  Gb  S64Shr.o [6]
__aeabi_ldiv0           0x08004665         Code  Gb  I64DivZer.o [6]
__aeabi_ldivmod         0x08003c25         Code  Gb  I64DivMod.o [6]
__aeabi_llsl            0x0800ebbd         Code  Gb  I64Shl.o [6]
__aeabi_memclr4         0x0800ebe9         Code  Gb  ABImemclr4.o [6]
__aeabi_memset          0x08003b0d         Code  Gb  ABImemset.o [6]
__aeabi_ui2d            0x08003c09         Code  Gb  I32ToDbl.o [5]
__aeabi_ui2f            0x080080d1    0xe  Code  Gb  U32ToFlt.o [5]
__aeabi_ul2f            0x0800ead9         Code  Gb  I64ToFlt.o [5]
__aeabi_uldivmod        0x08003c69         Code  Gb  I64DivMod.o [6]
__cmain                 0x080100bd         Code  Gb  cmain.o [6]
__exit                  0x080100ed   0x14  Code  Gb  exit.o [7]
__iar_Dnorm             0x080057fd   0x42  Code  Gb  xdnorm.o [5]
__iar_Dscale            0x08005871  0x114  Code  Gb  xdscale.o [5]
__iar_Errno             0x20000088    0x4  Data  Gb  errno.o [3]
__iar_FDint             0x0800a97b   0x4e  Code  Gb  xfdint.o [5]
__iar_FQuad             0x0800a771   0xc2  Code  Gb  xfquad.o [5]
__iar_FSin              0x0800a0d5  0x12a  Code  Gb  xfsin.o [5]
__iar_Log               0x0800a241  0x25a  Code  Gb  xlog.o [5]
__iar_Memchr            0x080057a5         Code  Gb  memchr.o [6]
__iar_Memset            0x08003b0d         Code  Gb  ABImemset.o [6]
__iar_Memset4_word      0x0800ebf1         Code  Gb  ABImemset48.o [6]
__iar_Memset8_word      0x0800ebf1         Code  Gb  ABImemset48.o [6]
__iar_Memset_word       0x08003b15         Code  Gb  ABImemset.o [6]
__iar_Strchr            0x08005755         Code  Gb  strchr.o [6]
__iar_d2uiz             0x080059bd         Code  Gb  DblToI32.o [5]
__iar_dadd              0x08005f79         Code  Gb  DblAdd.o [5]
__iar_data_init3        0x0800fe4d   0x28  Code  Gb  data_init.o [6]
__iar_dlib_perthread_access
                        0x0800a979    0x2  Code  Gb  xtls.o [3]
__iar_dsub              0x080059f1         Code  Gb  DblSub.o [5]
__iar_dsubStart         0x08005a03         Code  Gb  DblSub.o [5]
__iar_edom              0x0800a529         Code  Gb  iarEdom.o [6]
__iar_init_vfp          0x0800fee1         Code  Gb  fpinit_M.o [5]
__iar_packbits_init_single3
                        0x0800fb99   0x38  Code  Gb  packbits_init_single.o [6]
__iar_program_start     0x08010401         Code  Gb  cstartup_M.o [6]
__iar_softfp_acosf      0x0800a6e5         Code  Gb  acosf.o [5]
__iar_softfp_cosf       0x080080f1   0x12  Code  Gb  cosf.o [5]
__iar_softfp_sinf       0x0800eaa9   0x12  Code  Gb  sinf.o [5]
__iar_softfp_sqrtf      0x080081b9         Code  Gb  sqrtf.o [5]
__iar_sqrt              0x08008205         Code  Gb  sqrt.o [5]
__iar_ui2d              0x08003c0d         Code  Gb  I32ToDbl.o [5]
__iar_ul2f              0x0800eae5         Code  Gb  I64ToFlt.o [5]
__iar_unaligned___aeabi_memcpy
                        0x08004365         Code  Gb  ABImemcpy_unaligned.o [6]
__iar_unaligned___aeabi_memcpy4
                        0x08004385         Code  Gb  ABImemcpy_unaligned.o [6]
__iar_unaligned___aeabi_memcpy8
                        0x08004385         Code  Gb  ABImemcpy_unaligned.o [6]
__iar_unaligned___aeabi_memmove
                        0x0800a901         Code  Gb  ABImemmove_unaligned.o [6]
__iar_unaligned___aeabi_memmove4
                        0x0800a901         Code  Gb  ABImemmove_unaligned.o [6]
__iar_unaligned___aeabi_memmove8
                        0x0800a901         Code  Gb  ABImemmove_unaligned.o [6]
__iar_unaligned_memcmp  0x08003d59         Code  Gb  memcmp_unaligned.o [6]
__iar_vfp_fmodf         0x0800a9c9         Code  Gb  fmodf.o [5]
__iar_xatanf            0x0800a85d         Code  Gb  xatanf.o [5]
__iar_zero_init3        0x0800fb59   0x40  Code  Gb  zero_init3.o [6]
__low_level_init        0x080100d7    0x4  Code  Gb  low_level_init.o [3]
__print_result_location
                        0x0800ca65   0x16  Code  Lc  mpl.o [1]
__print_result_location
                        0x0800dbf1    0x2  Code  Lc  fast_no_motion.o [4]
__vector_table          0x08000000         Data  Gb  startup_stm32f40x.o [1]
_call_main              0x080100c9         Code  Gb  cmain.o [6]
_exit                   0x080100e1         Code  Gb  cexit.o [6]
_main                   0x080100d3         Code  Gb  cmain.o [6]
abs                     0x0800ebdf    0x8  Code  Gb  abs.o [3]
accel_6500_self_test    0x0800162d  0x446  Code  Lc  inv_mpu.o [1]
accel_fusion            0x0800cb0d  0x1f2  Code  Lc  quaternion_supervisor.o [4]
acosf                   0x0800a6f5         Code  Gb  acosf.o [5]
android_orient_cb       0x0800ae2f   0x4e  Code  Lc  main.o [1]
atan2f                  0x0800a60d         Code  Gb  atan2f.o [5]
board_init              0x08003a5d   0x4c  Code  Gb  board-st_discovery.o [1]
cb                      0x20000838   0xe8  Data  Gb  compass_vec_cal.o [4]
cb_sim                  0x20000a08   0xe8  Data  Gb  compass_vec_cal.o [4]
cb_test                 0x20000920   0xe8  Data  Gb  compass_vec_cal.o [4]
compass_pdata           0x20000048    0xc  Data  Lc  main.o [1]
compass_self_test       0x080014d9  0x13e  Code  Lc  inv_mpu.o [1]
decode_gesture          0x0800c75d   0x58  Code  Lc  inv_mpu_dmp_motion_driver.o [1]
div                     0x08005f57    0xe  Code  Gb  div.o [3]
dmp                     0x2000180c   0x10  Data  Lc  inv_mpu_dmp_motion_driver.o [1]
dmp_enable_6x_lp_quat   0x0800c71b   0x42  Code  Gb  inv_mpu_dmp_motion_driver.o [1]
dmp_enable_feature      0x0800c467  0x230  Code  Gb  inv_mpu_dmp_motion_driver.o [1]
dmp_enable_gyro_cal     0x0800c697   0x42  Code  Gb  inv_mpu_dmp_motion_driver.o [1]
dmp_enable_lp_quat      0x0800c6d9   0x42  Code  Gb  inv_mpu_dmp_motion_driver.o [1]
dmp_get_fifo_rate       0x0800c0a3    0xc  Code  Gb  inv_mpu_dmp_motion_driver.o [1]
dmp_get_pedometer_step_count
                        0x0800c381   0x48  Code  Gb  inv_mpu_dmp_motion_driver.o [1]
dmp_get_pedometer_walk_time
                        0x0800c3ef   0x4c  Code  Gb  inv_mpu_dmp_motion_driver.o [1]
dmp_load_motion_driver_firmware
                        0x0800bec9   0x18  Code  Gb  inv_mpu_dmp_motion_driver.o [1]
dmp_memory              0x0800ec24  0xbf8  Data  Lc  inv_mpu_dmp_motion_driver.o [1]
dmp_read_fifo           0x0800c805  0x220  Code  Gb  inv_mpu_dmp_motion_driver.o [1]
dmp_register_android_orient_cb
                        0x0800ca2d    0x8  Code  Gb  inv_mpu_dmp_motion_driver.o [1]
dmp_register_tap_cb     0x0800ca25    0x8  Code  Gb  inv_mpu_dmp_motion_driver.o [1]
dmp_set_fifo_rate       0x0800c033   0x70  Code  Gb  inv_mpu_dmp_motion_driver.o [1]
dmp_set_interrupt_mode  0x0800c7b5   0x4a  Code  Gb  inv_mpu_dmp_motion_driver.o [1]
dmp_set_orientation     0x0800bee1  0x152  Code  Gb  inv_mpu_dmp_motion_driver.o [1]
dmp_set_pedometer_step_count
                        0x0800c3c9   0x26  Code  Gb  inv_mpu_dmp_motion_driver.o [1]
dmp_set_pedometer_walk_time
                        0x0800c43b   0x2c  Code  Gb  inv_mpu_dmp_motion_driver.o [1]
dmp_set_shake_reject_thresh
                        0x0800c303   0x32  Code  Gb  inv_mpu_dmp_motion_driver.o [1]
dmp_set_shake_reject_time
                        0x0800c335   0x26  Code  Gb  inv_mpu_dmp_motion_driver.o [1]
dmp_set_shake_reject_timeout
                        0x0800c35b   0x26  Code  Gb  inv_mpu_dmp_motion_driver.o [1]
dmp_set_tap_axes        0x0800c249   0x46  Code  Gb  inv_mpu_dmp_motion_driver.o [1]
dmp_set_tap_count       0x0800c28f   0x28  Code  Gb  inv_mpu_dmp_motion_driver.o [1]
dmp_set_tap_thresh      0x0800c0b1  0x184  Code  Gb  inv_mpu_dmp_motion_driver.o [1]
dmp_set_tap_time        0x0800c2b7   0x26  Code  Gb  inv_mpu_dmp_motion_driver.o [1]
dmp_set_tap_time_multi  0x0800c2dd   0x26  Code  Gb  inv_mpu_dmp_motion_driver.o [1]
ds                      0x200010ac  0x198  Data  Lc  storage_manager.o [1]
eMPL_out                0x200017c0   0x28  Data  Lc  eMPL_outputs.o [1]
eMPL_send_data          0x0800386f  0x194  Code  Gb  log_stm32.o [1]
eMPL_send_quat          0x080037b3   0xbc  Code  Gb  log_stm32.o [1]
exit                    0x080100db    0x4  Code  Gb  exit.o [3]
fmodf                   0x0800a9cd         Code  Gb  fmodf.o [5]
fnm                     0x20000af0  0x260  Data  Gb  fast_no_motion.o [4]
fnm_user                0x20001780   0x40  Data  Lc  fast_no_motion.o [4]
fputc                   0x0800433d   0x20  Code  Gb  uart.o [1]
g_ul_ms_ticks           0x2000181c    0x4  Data  Gb  board-st_discovery.o [1]
get_st_6500_biases      0x08001e7d  0x5e0  Code  Lc  inv_mpu.o [1]
get_tick_count          0x08003ab7    0xa  Code  Gb  board-st_discovery.o [1]
gyro_6500_self_test     0x08001a79  0x3f0  Code  Lc  inv_mpu.o [1]
gyro_data_ready_cb      0x0800b475    0xa  Code  Gb  main.o [1]
gyro_pdata              0x2000003c    0xc  Data  Lc  main.o [1]
hal                     0x200017e8   0x24  Data  Lc  main.o [1]
hal_out                 0x200014bc   0xc4  Data  Lc  hal_outputs.o [1]
handle_input            0x0800b021  0x454  Code  Lc  main.o [1]
hw                      0x080102fc   0x10  Data  Gb  inv_mpu.o [1]
inv_9x_fusion_enable_jitter_reduction
                        0x0800db77    0xa  Code  Gb  fusion_9axis.o [4]
inv_9x_fusion_use_timestamps
                        0x0800db81    0xa  Code  Gb  fusion_9axis.o [4]
inv_accel_was_turned_off
                        0x0800893f    0xa  Code  Gb  data_builder.o [1]
inv_add_compass_block_data
                        0x080074ff   0x90  Code  Gb  compass_vec_cal.o [4]
inv_apply_calibration   0x08008515   0x6a  Code  Gb  data_builder.o [1]
inv_bias_stability      0x0800767f  0x120  Code  Lc  compass_vec_cal.o [4]
inv_build_accel         0x080086ff   0xaa  Code  Gb  data_builder.o [1]
inv_build_compass       0x080087ed   0xd0  Code  Gb  data_builder.o [1]
inv_build_gyro          0x080087a9   0x44  Code  Gb  data_builder.o [1]
inv_build_quat          0x080088f5   0x4a  Code  Gb  data_builder.o [1]
inv_build_temp          0x080088bd   0x38  Code  Gb  data_builder.o [1]
inv_center_sum          0x08006e75  0x630  Code  Gb  compass_vec_cal.o [4]
inv_cheap_gaussian      0x080062d5   0x6c  Code  Gb  compass_vec_cal.o [4]
inv_cheap_rand          0x080062a7   0x2e  Code  Gb  compass_vec_cal.o [4]
inv_check_magnetic_disturbance
                        0x08009d3f  0x2f2  Code  Gb  mag_disturb.o [4]
inv_check_peaks         0x0800604d  0x1de  Code  Lc  compass_vec_cal.o [4]
inv_check_sample_balance
                        0x080098c5  0x18c  Code  Gb  accel_auto_cal.o [4]
inv_check_sim           0x080077a5  0x144  Code  Gb  compass_vec_cal.o [4]
inv_combine_compass_data
                        0x08006341  0x154  Code  Gb  compass_vec_cal.o [4]
inv_compass_angle       0x08008ddd   0xa6  Code  Gb  ml_math_func.o [1]
inv_compass_was_turned_off
                        0x08008949    0xc  Code  Gb  data_builder.o [1]
inv_compute_bias        0x0800675d  0x6fe  Code  Gb  compass_vec_cal.o [4]
inv_compute_quat_from_accel
                        0x0800ccff  0x142  Code  Lc  quaternion_supervisor.o [4]
inv_convert_to_body_with_scale
                        0x08009429   0x72  Code  Gb  ml_math_func.o [1]
inv_data_builder        0x20001244  0x140  Data  Lc  data_builder.o [1]
inv_db_load_func        0x080082f5   0x52  Code  Lc  data_builder.o [1]
inv_db_save_func        0x08008347   0x14  Code  Lc  data_builder.o [1]
inv_delta_time_ms       0x08009a89    0x4  Code  Lc  mag_disturb.o [4]
inv_detect_motion_by_gyro_accel
                        0x0800e179   0xa4  Code  Gb  fast_no_motion.o [4]
inv_disable_compass_soft_iron_matrix
                        0x08008d83    0xa  Code  Gb  data_builder.o [1]
inv_disable_dip_tracking
                        0x08009b17    0xc  Code  Gb  mag_disturb.o [4]
inv_enable_9x_sensor_fusion
                        0x0800db97   0x1c  Code  Gb  fusion_9axis.o [4]
inv_enable_eMPL_outputs
                        0x0800bdad   0x12  Code  Gb  eMPL_outputs.o [1]
inv_enable_fast_nomot   0x0800e589   0x40  Code  Gb  fast_no_motion.o [4]
inv_enable_gyro_tc      0x0800ea57   0x36  Code  Gb  gyro_tc.o [4]
inv_enable_magnetic_disturbance
                        0x08009af1   0x26  Code  Gb  mag_disturb.o [4]
inv_enable_quaternion   0x0800d4a9   0x18  Code  Gb  quaternion_supervisor.o [4]
inv_enable_results_holder
                        0x08009753   0x12  Code  Gb  results_holder.o [1]
inv_enable_vector_compass_cal
                        0x0800804b   0x16  Code  Gb  compass_vec_cal.o [4]
inv_execute_mpl_start_notification
                        0x0800a0a5   0x2a  Code  Gb  start_manager.o [1]
inv_execute_on_data     0x08008a57   0x8e  Code  Gb  data_builder.o [1]
inv_fast_nomot_get_time_elaps
                        0x0800e015    0xc  Code  Gb  fast_no_motion.o [4]
inv_fast_nomot_parameter
                        0x0800dc57  0x17a  Code  Gb  fast_no_motion.o [4]
inv_fast_nomot_parameter_compass
                        0x0800e021   0x16  Code  Gb  fast_no_motion.o [4]
inv_fast_nomot_reset_data_compass
                        0x0800dfed   0x28  Code  Gb  fast_no_motion.o [4]
inv_fast_nomot_set_gyro_bias
                        0x0800de03   0xfc  Code  Gb  fast_no_motion.o [4]
inv_fast_nomot_store_data
                        0x0800deff   0x8e  Code  Gb  fast_no_motion.o [4]
inv_fast_nomot_store_data_compass
                        0x0800df8d   0x60  Code  Gb  fast_no_motion.o [4]
inv_filter_correction_angle
                        0x0800d613  0x184  Code  Gb  fusion_9axis.o [4]
inv_find_synchronized_compass_angle
                        0x0800d555   0xbe  Code  Lc  fusion_9axis.o [4]
inv_generate_accel_gyro_quaternion
                        0x0800d1fd  0x234  Code  Gb  quaternion_supervisor.o [4]
inv_generate_eMPL_outputs
                        0x0800bc95   0xf6  Code  Lc  eMPL_outputs.o [1]
inv_generate_fast_nomot
                        0x0800e2a9  0x228  Code  Gb  fast_no_motion.o [4]
inv_generate_gyro_quaternion
                        0x0800cf1b  0x10e  Code  Gb  quaternion_supervisor.o [4]
inv_generate_quaternion
                        0x0800d431   0x58  Code  Lc  quaternion_supervisor.o [4]
inv_generate_results    0x080096ed    0xa  Code  Gb  results_holder.o [1]
inv_generate_vector_compass_cal
                        0x08007fab   0x3e  Code  Gb  compass_vec_cal.o [4]
inv_get_6axis_quaternion
                        0x08009661   0x12  Code  Gb  results_holder.o [1]
inv_get_acc_state       0x08009579    0x8  Code  Gb  results_holder.o [1]
inv_get_accel_accuracy  0x08008cb5    0x6  Code  Gb  data_builder.o [1]
inv_get_accel_on        0x08008479    0xe  Code  Gb  data_builder.o [1]
inv_get_accel_set       0x08008beb   0x2c  Code  Gb  data_builder.o [1]
inv_get_compass_bias    0x0800857f   0x16  Code  Gb  data_builder.o [1]
inv_get_compass_correction
                        0x08009555   0x1c  Code  Gb  results_holder.o [1]
inv_get_compass_on      0x0800845b   0x10  Code  Gb  data_builder.o [1]
inv_get_compass_set     0x08008c55   0x3c  Code  Gb  data_builder.o [1]
inv_get_compass_soft_iron_output_data
                        0x08008cc9   0x1a  Code  Gb  data_builder.o [1]
inv_get_compass_state   0x08009777    0x6  Code  Gb  results_holder.o [1]
inv_get_current_calibrated_compass
                        0x080074a5   0x5a  Code  Gb  compass_vec_cal.o [4]
inv_get_gravity         0x080095fb   0x66  Code  Gb  results_holder.o [1]
inv_get_gyro            0x08008c3f   0x10  Code  Gb  data_builder.o [1]
inv_get_gyro_accuracy   0x08008c99    0x6  Code  Gb  data_builder.o [1]
inv_get_gyro_bias       0x080086d9   0x26  Code  Gb  data_builder.o [1]
inv_get_gyro_bias_tc_set
                        0x080086bb   0x1e  Code  Gb  data_builder.o [1]
inv_get_gyro_on         0x0800846b    0xe  Code  Gb  data_builder.o [1]
inv_get_gyro_set        0x08008c17   0x28  Code  Gb  data_builder.o [1]
inv_get_gyro_sum_of_sqr
                        0x08008e83   0x1a  Code  Gb  ml_math_func.o [1]
inv_get_large_mag_field
                        0x08009571    0x8  Code  Gb  results_holder.o [1]
inv_get_last_timestamp  0x08008487   0x6e  Code  Gb  data_builder.o [1]
inv_get_linear_accel    0x0800978d   0x42  Code  Gb  results_holder.o [1]
inv_get_local_field     0x080095e9   0x12  Code  Gb  results_holder.o [1]
inv_get_mag_accuracy    0x08008c9f   0x16  Code  Gb  data_builder.o [1]
inv_get_magnetic_disturbance_state
                        0x0800a031    0x6  Code  Gb  mag_disturb.o [4]
inv_get_message_level_0
                        0x0800a5f5   0x12  Code  Gb  message_layer.o [1]
inv_get_motion_state    0x08009581   0x12  Code  Gb  results_holder.o [1]
inv_get_quaternion      0x08009673   0x34  Code  Gb  results_holder.o [1]
inv_get_quaternion_set  0x080096a7   0x46  Code  Gb  results_holder.o [1]
inv_get_sensor_type_accel
                        0x0800b8f1   0x18  Code  Gb  eMPL_outputs.o [1]
inv_get_sensor_type_compass
                        0x0800b921   0x18  Code  Gb  eMPL_outputs.o [1]
inv_get_sensor_type_euler
                        0x0800ba19  0x24e  Code  Gb  eMPL_outputs.o [1]
inv_get_sensor_type_gravity
                        0x0800be55   0x6a  Code  Gb  hal_outputs.o [1]
inv_get_sensor_type_gyro
                        0x0800b909   0x18  Code  Gb  eMPL_outputs.o [1]
inv_get_sensor_type_heading
                        0x0800b965   0xb2  Code  Gb  eMPL_outputs.o [1]
inv_get_sensor_type_linear_acceleration
                        0x0800bde1   0x72  Code  Gb  hal_outputs.o [1]
inv_get_sensor_type_quat
                        0x0800b939   0x2c  Code  Gb  eMPL_outputs.o [1]
inv_get_sensor_type_rot_mat
                        0x0800bc67   0x20  Code  Gb  eMPL_outputs.o [1]
inv_got_compass_bias    0x08009765    0x6  Code  Gb  results_holder.o [1]
inv_gtc                 0x20000d50  0x1c4  Data  Lc  gyro_tc.o [4]
inv_gtc_add_data        0x0800e77b   0xaa  Code  Lc  gyro_tc.o [4]
inv_gtc_compute_slope   0x0800e825  0x1fa  Code  Lc  gyro_tc.o [4]
inv_gtc_data_cb         0x0800e68d   0xc0  Code  Lc  gyro_tc.o [4]
inv_gtc_get_bin         0x0800e74d   0x2e  Code  Lc  gyro_tc.o [4]
inv_gtc_load            0x0800e635   0x2a  Code  Lc  gyro_tc.o [4]
inv_gtc_store           0x0800e65f   0x2e  Code  Lc  gyro_tc.o [4]
inv_gyro_was_turned_off
                        0x08008961    0xa  Code  Gb  data_builder.o [1]
inv_if_enough_data      0x0800ddd1   0x32  Code  Lc  fast_no_motion.o [4]
inv_ignore_compass_data
                        0x0800758f   0xf0  Code  Lc  compass_vec_cal.o [4]
inv_init_9x_fusion      0x0800db41   0x36  Code  Gb  fusion_9axis.o [4]
inv_init_check_sample_balance
                        0x08009881   0x22  Code  Gb  accel_auto_cal.o [4]
inv_init_check_sample_balance_parameter
                        0x080098a3   0x20  Code  Gb  accel_auto_cal.o [4]
inv_init_data_builder   0x0800835b   0x3a  Code  Gb  data_builder.o [1]
inv_init_eMPL_outputs   0x0800bd9b   0x12  Code  Lc  eMPL_outputs.o [1]
inv_init_fast_nomot     0x0800e501   0x52  Code  Gb  fast_no_motion.o [4]
inv_init_gyro_ts        0x0800ea1f   0x2e  Code  Gb  gyro_tc.o [4]
inv_init_magnetic_disturbance
                        0x08009aa3   0x40  Code  Gb  mag_disturb.o [4]
inv_init_maxmin         0x0800dbf3   0x64  Code  Gb  fast_no_motion.o [4]
inv_init_mpl            0x0800ca7b   0x5e  Code  Gb  mpl.o [1]
inv_init_peaks          0x08006291   0x16  Code  Lc  compass_vec_cal.o [4]
inv_init_quaternion     0x0800d489   0x20  Code  Gb  quaternion_supervisor.o [4]
inv_init_results_holder
                        0x08009709   0x4a  Code  Gb  results_holder.o [1]
inv_init_sensitivity_const
                        0x08007f49   0x62  Code  Lc  compass_vec_cal.o [4]
inv_init_start_manager  0x0800a06d   0x12  Code  Gb  start_manager.o [1]
inv_init_storage_manager
                        0x0800a535   0x18  Code  Gb  storage_manager.o [1]
inv_init_vector_compass_cal
                        0x08007ff5   0x56  Code  Gb  compass_vec_cal.o [4]
inv_magnetic_disturbance_process
                        0x08009d05   0x3a  Code  Gb  mag_disturb.o [4]
inv_max_change          0x0800e037   0x22  Code  Lc  fast_no_motion.o [4]
inv_normalize_quat      0x0800ce41   0xda  Code  Lc  quaternion_supervisor.o [4]
inv_orientation_matrix_to_scalar
                        0x08009403   0x26  Code  Gb  ml_math_func.o [1]
inv_perform_9x_fusion   0x0800d797  0x32c  Code  Gb  fusion_9axis.o [4]
inv_process_9x_sensor_fusion_cb
                        0x0800dac3   0x7e  Code  Gb  fusion_9axis.o [4]
inv_process_compass_only_cal
                        0x0800791d  0x62c  Code  Gb  compass_vec_cal.o [4]
inv_process_dmp_quaternion
                        0x0800d029  0x1d4  Code  Lc  quaternion_supervisor.o [4]
inv_q29_mult            0x08008e9d    0xe  Code  Gb  ml_math_func.o [1]
inv_q30_mult            0x08008eab    0xe  Code  Gb  ml_math_func.o [1]
inv_q30_to_float        0x08008dc9   0x12  Code  Lc  ml_math_func.o [1]
inv_q_add               0x08008f7f   0x26  Code  Gb  ml_math_func.o [1]
inv_q_addf              0x080090df   0x42  Code  Gb  ml_math_func.o [1]
inv_q_invert            0x08008fad   0x18  Code  Gb  ml_math_func.o [1]
inv_q_invertf           0x080092b1   0x2a  Code  Gb  ml_math_func.o [1]
inv_q_mult              0x08008eb9   0xc6  Code  Gb  ml_math_func.o [1]
inv_q_multf             0x0800900d   0xd2  Code  Gb  ml_math_func.o [1]
inv_q_norm4             0x08009229   0x88  Code  Gb  ml_math_func.o [1]
inv_q_normalizef        0x08009121  0x104  Code  Gb  ml_math_func.o [1]
inv_q_rotate            0x08008fcd   0x40  Code  Gb  ml_math_func.o [1]
inv_quat_data           0x200016c0   0x6c  Data  Lc  quaternion_supervisor.o [4]
inv_quaternion_sensor_was_turned_off
                        0x08008955    0xc  Code  Gb  data_builder.o [1]
inv_quaternion_to_rotation
                        0x080092db   0xda  Code  Gb  ml_math_func.o [1]
inv_record_max_moment_in_no_motion_accel
                        0x0800e0e9   0x30  Code  Gb  fast_no_motion.o [4]
inv_record_max_moment_in_no_motion_gyro
                        0x0800e0b9   0x30  Code  Gb  fast_no_motion.o [4]
inv_record_min_moment_in_motion_accel
                        0x0800e149   0x30  Code  Gb  fast_no_motion.o [4]
inv_record_min_moment_in_motion_gyro
                        0x0800e119   0x30  Code  Gb  fast_no_motion.o [4]
inv_register_data_cb    0x0800896b   0xec  Code  Gb  data_builder.o [1]
inv_register_load_store
                        0x0800a54d   0x86  Code  Gb  storage_manager.o [1]
inv_register_mpl_start_notification
                        0x0800a07f   0x26  Code  Gb  start_manager.o [1]
inv_reset_compass_soft_iron_matrix
                        0x08008d33   0x50  Code  Gb  data_builder.o [1]
inv_reset_data_collection
                        0x080078e9   0x2e  Code  Gb  compass_vec_cal.o [4]
inv_reset_min_max_gyro_accel_statistics
                        0x0800e059   0x3a  Code  Gb  fast_no_motion.o [4]
inv_reset_packet        0x0800e093   0x26  Code  Lc  fast_no_motion.o [4]
inv_row_2_scale         0x080093b5   0x4e  Code  Lc  ml_math_func.o [1]
inv_sensor_data_preprocess
                        0x0800e21d   0x8a  Code  Gb  fast_no_motion.o [4]
inv_set_accel_bias      0x080085eb   0x4e  Code  Gb  data_builder.o [1]
inv_set_accel_orientation_and_scale
                        0x080084f5   0x10  Code  Gb  data_builder.o [1]
inv_set_accel_sample_rate
                        0x080083d9   0x32  Code  Gb  data_builder.o [1]
inv_set_compass_bias    0x08008595   0x4c  Code  Gb  data_builder.o [1]
inv_set_compass_bias_error
                        0x0800977d   0x10  Code  Gb  results_holder.o [1]
inv_set_compass_bias_found
                        0x0800976b    0x6  Code  Gb  results_holder.o [1]
inv_set_compass_correction
                        0x0800952b   0x2a  Code  Gb  results_holder.o [1]
inv_set_compass_disturbance
                        0x080085e1    0xa  Code  Gb  data_builder.o [1]
inv_set_compass_orientation_and_scale
                        0x08008505   0x10  Code  Gb  data_builder.o [1]
inv_set_compass_sample_rate
                        0x0800840b   0x36  Code  Gb  data_builder.o [1]
inv_set_compass_soft_iron_input_data
                        0x08008ce9   0x4a  Code  Gb  data_builder.o [1]
inv_set_compass_state   0x08009771    0x6  Code  Gb  results_holder.o [1]
inv_set_contiguous      0x08008ae5  0x106  Code  Lc  data_builder.o [1]
inv_set_default_number_of_samples
                        0x0800e4d1   0x30  Code  Gb  fast_no_motion.o [4]
inv_set_gyro_bias       0x08008639   0x82  Code  Gb  data_builder.o [1]
inv_set_gyro_orientation_and_scale
                        0x0800839b   0x10  Code  Gb  data_builder.o [1]
inv_set_gyro_sample_rate
                        0x080083ab   0x2e  Code  Gb  data_builder.o [1]
inv_set_magnetic_disturbance
                        0x08009a8d   0x16  Code  Gb  mag_disturb.o [4]
inv_set_message         0x0800a5d9   0x1c  Code  Gb  message_layer.o [1]
inv_set_motion_state    0x08009593   0x56  Code  Gb  results_holder.o [1]
inv_set_peaks           0x0800622b   0x66  Code  Lc  compass_vec_cal.o [4]
inv_set_quat_sample_rate
                        0x08008441   0x1a  Code  Gb  data_builder.o [1]
inv_set_terms           0x08006495  0x2c8  Code  Gb  compass_vec_cal.o [4]
inv_sort_order_4_T      0x080097f1   0x90  Code  Gb  accel_auto_cal.o [4]
inv_start_9x_sensor_fusion
                        0x0800db8b    0xc  Code  Gb  fusion_9axis.o [4]
inv_start_cb            0x2000172c   0x54  Data  Lc  start_manager.o [1]
inv_start_eMPL_outputs  0x0800bd8b   0x10  Code  Lc  eMPL_outputs.o [1]
inv_start_fast_nomot    0x0800e553   0x36  Code  Gb  fast_no_motion.o [4]
inv_start_gyro_tc       0x0800ea4d    0xa  Code  Gb  gyro_tc.o [4]
inv_start_magnetic_disturbance
                        0x08009ae3    0xe  Code  Gb  mag_disturb.o [4]
inv_start_mpl           0x0800cad9   0x22  Code  Gb  mpl.o [1]
inv_start_quaternion    0x0800d4c5   0x26  Code  Gb  quaternion_supervisor.o [4]
inv_start_results_holder
                        0x080096f7   0x12  Code  Gb  results_holder.o [1]
inv_start_vector_compass_cal
                        0x08007fe9    0xc  Code  Gb  compass_vec_cal.o [4]
inv_store_gaming_quaternion
                        0x08009501   0x2a  Code  Gb  results_holder.o [1]
inv_track_dip_angle     0x08009b23   0x8e  Code  Gb  mag_disturb.o [4]
log                     0x08008121    0x6  Code  Gb  log.o [5]
mag_disturb             0x20001580   0xb8  Data  Gb  mag_disturb.o [4]
main                    0x0800b481  0x3d0  Code  Gb  main.o [1]
mdelay                  0x08003aa9    0xe  Code  Gb  board-st_discovery.o [1]
memchr                  0x080057a5         Code  Gb  memchr.o [6]
memcpy                  0x08009a59    0xc  Code  Gb  memcpy.o [3]
memmove                 0x0800a759    0xc  Code  Gb  memmove.o [6]
memset                  0x08009a73   0x14  Code  Gb  memset.o [3]
mh                      0x20001824    0x4  Data  Lc  message_layer.o [1]
mlMatrixVectorMult      0x0800949b   0x46  Code  Gb  ml_math_func.o [1]
mpl_key                 0x20000038    0x4  Data  Gb  main.o [1]
mpu_6500_st_tb          0x0800f81c  0x200  Data  Lc  inv_mpu.o [1]
mpu_configure_fifo      0x08000d03   0x7e  Code  Gb  inv_mpu.o [1]
mpu_get_accel_fsr       0x0800095f   0x46  Code  Gb  inv_mpu.o [1]
mpu_get_accel_reg       0x0800058f   0x72  Code  Gb  inv_mpu.o [1]
mpu_get_accel_sens      0x08000cad   0x4c  Code  Gb  inv_mpu.o [1]
mpu_get_compass_fsr     0x08002cdb    0xc  Code  Gb  inv_mpu.o [1]
mpu_get_compass_reg     0x08002c13   0xc8  Code  Gb  inv_mpu.o [1]
mpu_get_fifo_config     0x08000cf9    0xa  Code  Gb  inv_mpu.o [1]
mpu_get_gyro_fsr        0x08000893   0x3c  Code  Gb  inv_mpu.o [1]
mpu_get_gyro_sens       0x08000c71   0x3c  Code  Gb  inv_mpu.o [1]
mpu_get_lpf             0x08000a41   0x4a  Code  Gb  inv_mpu.o [1]
mpu_get_sample_rate     0x08000b27   0x1a  Code  Gb  inv_mpu.o [1]
mpu_get_temperature     0x08000605   0x98  Code  Gb  inv_mpu.o [1]
mpu_init                0x080002ad  0x192  Code  Gb  inv_mpu.o [1]
mpu_load_firmware       0x080027e5   0xe8  Code  Gb  inv_mpu.o [1]
mpu_lp_accel_mode       0x0800043f  0x150  Code  Gb  inv_mpu.o [1]
mpu_lp_motion_interrupt
                        0x08002cf1  0x28c  Code  Gb  inv_mpu.o [1]
mpu_read_fifo           0x08000f3b  0x296  Code  Gb  inv_mpu.o [1]
mpu_read_fifo_stream    0x080011d1   0xe4  Code  Gb  inv_mpu.o [1]
mpu_read_mem            0x08002759   0x88  Code  Gb  inv_mpu.o [1]
mpu_reg_dump            0x08000241   0x6c  Code  Gb  inv_mpu.o [1]
mpu_reset_fifo          0x080006a1  0x1f2  Code  Gb  inv_mpu.o [1]
mpu_run_6500_self_test  0x08002485  0x232  Code  Gb  inv_mpu.o [1]
mpu_set_accel_fsr       0x080009ad   0x94  Code  Gb  inv_mpu.o [1]
mpu_set_bypass          0x080012b5  0x196  Code  Gb  inv_mpu.o [1]
mpu_set_compass_sample_rate
                        0x08000c0d   0x64  Code  Gb  inv_mpu.o [1]
mpu_set_dmp_state       0x080028cd   0x94  Code  Gb  inv_mpu.o [1]
mpu_set_gyro_fsr        0x080008cf   0x90  Code  Gb  inv_mpu.o [1]
mpu_set_int_latched     0x08001451   0x88  Code  Gb  inv_mpu.o [1]
mpu_set_lpf             0x08000a91   0x96  Code  Gb  inv_mpu.o [1]
mpu_set_sample_rate     0x08000b41   0xc6  Code  Gb  inv_mpu.o [1]
mpu_set_sensors         0x08000d85  0x1b6  Code  Gb  inv_mpu.o [1]
mpu_write_mem           0x080026c9   0x88  Code  Gb  inv_mpu.o [1]
read_from_mpl           0x0800aab1  0x1f0  Code  Lc  main.o [1]
reg                     0x0800fd2c   0x2c  Data  Gb  inv_mpu.o [1]
rh                      0x20001638   0x88  Data  Lc  results_holder.o [1]
run_self_test           0x0800ae81  0x19a  Code  Lc  main.o [1]
s9axis                  0x20001384  0x138  Data  Gb  fusion_9axis.o [4]
sStartAddress           0x08003b72    0x2  Data  Lc  inv_mpu_dmp_motion_driver.o [1]
send_status_compass     0x0800aca1   0x94  Code  Gb  main.o [1]
sensors                 0x20000f14  0x198  Data  Lc  data_builder.o [1]
set_int_enable          0x08000189   0xb8  Code  Lc  inv_mpu.o [1]
set_sensor_orientation_and_scale
                        0x08008395    0x6  Code  Gb  data_builder.o [1]
setup_compass           0x0800297d  0x296  Code  Lc  inv_mpu.o [1]
setup_gyro              0x0800ad35   0x76  Code  Lc  main.o [1]
sqrt                    0x08008205         Code  Gb  sqrt.o [5]
sqrtf                   0x080081c9         Code  Gb  sqrtf.o [5]
sqrtl                   0x08008205         Code  Gb  sqrt.o [5]
st                      0x20000000   0x38  Data  Lc  inv_mpu.o [1]
strchr                  0x08005755         Code  Gb  strchr.o [6]
strlen                  0x0800576d         Code  Gb  strlen.o [6]
tap_cb                  0x0800adab   0x84  Code  Lc  main.o [1]
test                    0x0800fcd0   0x30  Data  Gb  inv_mpu.o [1]
vc                      0x20000690  0x1a8  Data  Gb  compass_vec_cal.o [4]
vsprintf                0x0800427d   0x2c  Code  Gb  vsprintf.o [3]


[1] = D:\Vlad\Projects\Stable\Libs\motion_driver_6.12\arm\STM32F4_MD6\Projects\eMD6\EWARM\Debug\Obj
[2] = command line
[3] = dl7M_tln.a
[4] = libmpllib.a
[5] = m7M_tls.a
[6] = rt7M_tl.a
[7] = shb_l.a

  61 222 bytes of readonly  code memory
   5 840 bytes of readonly  data memory
   6 190 bytes of readwrite data memory

Errors: none
Warnings: 11
