Component: ARM Compiler 5.05 update 1 (build 106) Tool: armlink [4d0efa]

==============================================================================

Section Cross References

    main.o(i.main) refers to main.o(i.RCC_Init) for RCC_Init
    main.o(i.main) refers to adxl345.o(i.ADXL345_Init) for ADXL345_Init
    main.o(i.main) refers to adxl345.o(i.ADXL345_Calibr) for ADXL345_Calibr
    main.o(i.main) refers to motors.o(i.Motors_Init) for Motors_Init
    main.o(i.main) refers to telemetry.o(i.USART_Init) for USART_Init
    main.o(i.main) refers to adxl345.o(i.Accel_EXTI_Init) for Accel_EXTI_Init
    main.o(i.main) refers to main.o(.data) for ENGRDY
    syssolve.o(i.system_solve) refers to h1_alloc.o(.text) for malloc
    syssolve.o(i.system_solve) refers to syssolve.o(i.transpose) for transpose
    syssolve.o(i.system_solve) refers to syssolve.o(i.mat_mul) for mat_mul
    syssolve.o(i.system_solve) refers to syssolve.o(i.det3) for det3
    syssolve.o(i.system_solve) refers to rt_memcpy_w.o(.text) for __aeabi_memcpy4
    syssolve.o(i.system_solve) refers to h1_free.o(.text) for free
    adxl345.o(i.ADXL345_AccelVCCInit) refers to adxl345.o(i.Delay) for Delay
    adxl345.o(i.ADXL345_AccelVCCInit) refers to adxl345.o(.data) for ACCEL_VCC
    adxl345.o(i.ADXL345_Calibr) refers to adxl345.o(i.ADXL345_GetAccel) for ADXL345_GetAccel
    adxl345.o(i.ADXL345_Calibr) refers to adxl345.o(.data) for ACCEL_INT1
    adxl345.o(i.ADXL345_Calibr) refers to main.o(.data) for az
    adxl345.o(i.ADXL345_DMA_Init) refers to adxl345.o(i.NVIC_SetPriority) for NVIC_SetPriority
    adxl345.o(i.ADXL345_DMA_Init) refers to adxl345.o(i.NVIC_EnableIRQ) for NVIC_EnableIRQ
    adxl345.o(i.ADXL345_DMA_Init) refers to adxl345.o(.bss) for accel
    adxl345.o(i.ADXL345_DMA_Init) refers to adxl345.o(.data) for accelRegisters
    adxl345.o(i.ADXL345_GetAccel) refers to adxl345.o(i.NSS_Low) for NSS_Low
    adxl345.o(i.ADXL345_GetAccel) refers to adxl345.o(i.ADXL345_Read) for ADXL345_Read
    adxl345.o(i.ADXL345_GetAccel) refers to adxl345.o(i.NSS_High) for NSS_High
    adxl345.o(i.ADXL345_Init) refers to adxl345.o(i.ADXL345_AccelVCCInit) for ADXL345_AccelVCCInit
    adxl345.o(i.ADXL345_Init) refers to adxl345.o(i.SPI2_Init) for SPI2_Init
    adxl345.o(i.ADXL345_Init) refers to adxl345.o(i.NSS_Low) for NSS_Low
    adxl345.o(i.ADXL345_Init) refers to adxl345.o(i.ADXL345_Read) for ADXL345_Read
    adxl345.o(i.ADXL345_Init) refers to adxl345.o(i.ADXL345_Write) for ADXL345_Write
    adxl345.o(i.ADXL345_Init) refers to adxl345.o(i.NSS_High) for NSS_High
    adxl345.o(i.ADXL345_Init) refers to adxl345.o(.data) for test
    adxl345.o(i.ADXL345_Read) refers to adxl345.o(i.SPI1_Transfer) for SPI1_Transfer
    adxl345.o(i.ADXL345_Write) refers to adxl345.o(i.SPI1_Transfer) for SPI1_Transfer
    adxl345.o(i.Accel_EXTI_Init) refers to adxl345.o(i.NVIC_SetPriority) for NVIC_SetPriority
    adxl345.o(i.Accel_EXTI_Init) refers to adxl345.o(i.NVIC_EnableIRQ) for NVIC_EnableIRQ
    adxl345.o(i.DMA1_Stream3_IRQHandler) refers to adxl345.o(i.ADXL345_DMA_Init) for ADXL345_DMA_Init
    adxl345.o(i.DMA1_Stream3_IRQHandler) refers to adxl345.o(i.NSS_High) for NSS_High
    adxl345.o(i.DMA1_Stream3_IRQHandler) refers to adxl345.o(i.updateFreq) for updateFreq
    adxl345.o(i.DMA1_Stream3_IRQHandler) refers to processing.o(i.process) for process
    adxl345.o(i.DMA1_Stream3_IRQHandler) refers to adxl345.o(.bss) for accel
    adxl345.o(i.DMA1_Stream3_IRQHandler) refers to main.o(.data) for ax
    adxl345.o(i.DMA1_Stream3_IRQHandler) refers to adxl345.o(.data) for xOffset
    adxl345.o(i.EXTI1_IRQHandler) refers to adxl345.o(i.NSS_Low) for NSS_Low
    adxl345.o(i.EXTI1_IRQHandler) refers to adxl345.o(i.ADXL345_DMA_Init) for ADXL345_DMA_Init
    adxl345.o(i.NSS_High) refers to adxl345.o(.data) for SPI2_NSS
    adxl345.o(i.NSS_Low) refers to adxl345.o(.data) for SPI2_NSS
    adxl345.o(i.SPI2_GPIO_Init) refers to adxl345.o(i.NSS_High) for NSS_High
    adxl345.o(i.SPI2_GPIO_Init) refers to adxl345.o(.data) for SPI2_SCK
    adxl345.o(i.SPI2_Init) refers to adxl345.o(i.SPI2_GPIO_Init) for SPI2_GPIO_Init
    adxl345.o(i.updateFreq) refers to adxl345.o(i.NSS_Low) for NSS_Low
    adxl345.o(i.updateFreq) refers to adxl345.o(i.ADXL345_Write) for ADXL345_Write
    adxl345.o(i.updateFreq) refers to adxl345.o(i.NSS_High) for NSS_High
    adxl345.o(i.updateFreq) refers to telemetry.o(.data) for freshFreq
    telemetry.o(i.DMA1_Stream6_IRQHandler) refers to telemetry.o(.data) for USART_DMA_transferComleted
    telemetry.o(i.SendTelemetry) refers to _printf_truncate.o(.text) for _printf_truncate_signed
    telemetry.o(i.SendTelemetry) refers to _printf_percent.o(.ARM.Collect$$_printf_percent$$00000000) for _printf_percent
    telemetry.o(i.SendTelemetry) refers to _printf_d.o(.ARM.Collect$$_printf_percent$$00000009) for _printf_d
    telemetry.o(i.SendTelemetry) refers to _printf_f.o(.ARM.Collect$$_printf_percent$$00000003) for _printf_f
[...]
    .ARM.Collect$$libinit$$0000001D          0x0800026a   Section        0  libinit2.o(.ARM.Collect$$libinit$$0000001D)
    .ARM.Collect$$libinit$$0000001F          0x0800026a   Section        0  libinit2.o(.ARM.Collect$$libinit$$0000001F)
    .ARM.Collect$$libinit$$00000021          0x0800026a   Section        0  libinit2.o(.ARM.Collect$$libinit$$00000021)
    .ARM.Collect$$libinit$$00000023          0x0800026a   Section        0  libinit2.o(.ARM.Collect$$libinit$$00000023)
    .ARM.Collect$$libinit$$00000025          0x0800026a   Section        0  libinit2.o(.ARM.Collect$$libinit$$00000025)
    .ARM.Collect$$libinit$$0000002C          0x0800026a   Section        0  libinit2.o(.ARM.Collect$$libinit$$0000002C)
    .ARM.Collect$$libinit$$0000002E          0x0800026a   Section        0  libinit2.o(.ARM.Collect$$libinit$$0000002E)
    .ARM.Collect$$libinit$$00000030          0x0800026a   Section        0  libinit2.o(.ARM.Collect$$libinit$$00000030)
    .ARM.Collect$$libinit$$00000032          0x0800026a   Section        0  libinit2.o(.ARM.Collect$$libinit$$00000032)
    .ARM.Collect$$libinit$$00000033          0x0800026a   Section        2  libinit2.o(.ARM.Collect$$libinit$$00000033)
    .ARM.Collect$$libshutdown$$00000000      0x0800026c   Section        2  libshutdown.o(.ARM.Collect$$libshutdown$$00000000)
    .ARM.Collect$$libshutdown$$00000003      0x0800026e   Section        0  libshutdown2.o(.ARM.Collect$$libshutdown$$00000003)
    .ARM.Collect$$libshutdown$$00000006      0x0800026e   Section        0  libshutdown2.o(.ARM.Collect$$libshutdown$$00000006)
    .ARM.Collect$$libshutdown$$00000009      0x0800026e   Section        0  libshutdown2.o(.ARM.Collect$$libshutdown$$00000009)
    .ARM.Collect$$libshutdown$$0000000B      0x0800026e   Section        0  libshutdown2.o(.ARM.Collect$$libshutdown$$0000000B)
    .ARM.Collect$$libshutdown$$0000000E      0x0800026e   Section        0  libshutdown2.o(.ARM.Collect$$libshutdown$$0000000E)
    .ARM.Collect$$libshutdown$$0000000F      0x0800026e   Section        2  libshutdown2.o(.ARM.Collect$$libshutdown$$0000000F)
    .ARM.Collect$$rtentry$$00000000          0x08000270   Section        0  __rtentry.o(.ARM.Collect$$rtentry$$00000000)
    .ARM.Collect$$rtentry$$00000002          0x08000270   Section        0  __rtentry2.o(.ARM.Collect$$rtentry$$00000002)
    .ARM.Collect$$rtentry$$00000004          0x08000270   Section        6  __rtentry4.o(.ARM.Collect$$rtentry$$00000004)
    .ARM.Collect$$rtentry$$00000009          0x08000276   Section        0  __rtentry2.o(.ARM.Collect$$rtentry$$00000009)
    .ARM.Collect$$rtentry$$0000000A          0x08000276   Section        4  __rtentry2.o(.ARM.Collect$$rtentry$$0000000A)
    .ARM.Collect$$rtentry$$0000000C          0x0800027a   Section        0  __rtentry2.o(.ARM.Collect$$rtentry$$0000000C)
    .ARM.Collect$$rtentry$$0000000D          0x0800027a   Section        8  __rtentry2.o(.ARM.Collect$$rtentry$$0000000D)
    .ARM.Collect$$rtexit$$00000000           0x08000282   Section        2  rtexit.o(.ARM.Collect$$rtexit$$00000000)
    .ARM.Collect$$rtexit$$00000002           0x08000284   Section        0  rtexit2.o(.ARM.Collect$$rtexit$$00000002)
    .ARM.Collect$$rtexit$$00000003           0x08000284   Section        4  rtexit2.o(.ARM.Collect$$rtexit$$00000003)
    .ARM.Collect$$rtexit$$00000004           0x08000288   Section        6  rtexit2.o(.ARM.Collect$$rtexit$$00000004)
    .emb_text                                0x08000290   Section        0  maybetermalloc1.o(.emb_text)
    .text                                    0x08000290   Section       64  startup_stm32f407xx.o(.text)
    $v0                                      0x08000290   Number         0  startup_stm32f407xx.o(.text)
    .text                                    0x080002d0   Section        0  h1_alloc.o(.text)
    .text                                    0x0800032e   Section        0  h1_free.o(.text)
    .text                                    0x0800037c   Section        0  noretval__2sprintf.o(.text)
    .text                                    0x080003a4   Section        0  _printf_truncate.o(.text)
    .text                                    0x080003c8   Section        0  _printf_dec.o(.text)
    .text                                    0x08000440   Section        0  __printf_ss_wp.o(.text)
    .text                                    0x080005a0   Section        0  strlen.o(.text)
    .text                                    0x080005de   Section      100  rt_memcpy_w.o(.text)
    .text                                    0x08000642   Section        0  heapauxi.o(.text)
    .text                                    0x08000648   Section        8  rt_heap_descriptor_intlibspace.o(.text)
    .text                                    0x08000650   Section        0  hguard.o(.text)
    .text                                    0x08000654   Section        0  init_alloc.o(.text)
    .text                                    0x080006de   Section        0  h1_init.o(.text)
    .text                                    0x080006ec   Section        0  _rserrno.o(.text)
    .text                                    0x08000702   Section        0  _printf_intcommon.o(.text)
    .text                                    0x080007b4   Section        0  _printf_fp_dec.o(.text)
    _fp_digits                               0x080007b7   Thumb Code   428  _printf_fp_dec.o(.text)
    .text                                    0x08000bd0   Section        0  _printf_char_common.o(.text)
    _printf_input_char                       0x08000bd1   Thumb Code    10  _printf_char_common.o(.text)
    .text                                    0x08000c00   Section        0  _sputc.o(.text)
    .text                                    0x08000c0c   Section        8  libspace.o(.text)
    .text                                    0x08000c14   Section        8  rt_locale_intlibspace.o(.text)
    .text                                    0x08000c1c   Section        8  rt_errno_addr_intlibspace.o(.text)
    .text                                    0x08000c24   Section        0  h1_extend.o(.text)
    .text                                    0x08000c58   Section      138  lludiv10.o(.text)
    .text                                    0x08000ce4   Section        0  _printf_fp_infnan.o(.text)
    .text                                    0x08000d64   Section        0  bigflt0.o(.text)
    .text                                    0x08000e40   Section        0  defsig_rtmem_outer.o(.text)
    .text                                    0x08000e4e   Section        2  use_no_semi.o(.text)
    .text                                    0x08000e50   Section       74  sys_stackheap_outer.o(.text)
    .text                                    0x08000e50   Section        0  indicate_semi.o(.text)
    .text                                    0x08000e9a   Section        0  exit.o(.text)
    .text                                    0x08000ea6   Section        0  defsig_exit.o(.text)
    .text                                    0x08000eb0   Section        0  defsig_rtmem_inner.o(.text)
    .text                                    0x08000f00   Section      128  strcmpv7m.o(.text)
    .text                                    0x08000f80   Section        0  sys_exit.o(.text)
    .text                                    0x08000f8c   Section        0  defsig_general.o(.text)
    .text                                    0x08000fbe   Section        0  sys_wrch.o(.text)
    CL$$btod_d2e                             0x08000fcc   Section       62  btod.o(CL$$btod_d2e)
    CL$$btod_d2e_denorm_low                  0x0800100a   Section       70  btod.o(CL$$btod_d2e_denorm_low)
    CL$$btod_d2e_norm_op1                    0x08001050   Section       96  btod.o(CL$$btod_d2e_norm_op1)
    CL$$btod_div_common                      0x080010b0   Section      824  btod.o(CL$$btod_div_common)
    CL$$btod_e2e                             0x080013e8   Section      198  btod.o(CL$$btod_e2e)
    CL$$btod_ediv                            0x080014ae   Section       40  btod.o(CL$$btod_ediv)
    CL$$btod_emul                            0x080014d6   Section       40  btod.o(CL$$btod_emul)
    CL$$btod_mult_common                     0x080014fe   Section      580  btod.o(CL$$btod_mult_common)
    i.ADXL345_AccelVCCInit                   0x08001744   Section        0  adxl345.o(i.ADXL345_AccelVCCInit)
    i.ADXL345_Calibr                         0x080017a8   Section        0  adxl345.o(i.ADXL345_Calibr)
    i.ADXL345_DMA_Init                       0x08001900   Section        0  adxl345.o(i.ADXL345_DMA_Init)
    i.ADXL345_GetAccel                       0x08001974   Section        0  adxl345.o(i.ADXL345_GetAccel)
    i.ADXL345_Init                           0x080019b8   Section        0  adxl345.o(i.ADXL345_Init)
    i.ADXL345_Read                           0x08001a34   Section        0  adxl345.o(i.ADXL345_Read)
    i.ADXL345_Write                          0x08001a4a   Section        0  adxl345.o(i.ADXL345_Write)
    i.Accel_EXTI_Init                        0x08001a60   Section        0  adxl345.o(i.Accel_EXTI_Init)
    i.DMA1_Stream3_IRQHandler                0x08001ab0   Section        0  adxl345.o(i.DMA1_Stream3_IRQHandler)
    i.DMA1_Stream4_IRQHandler                0x08001b88   Section        0  adxl345.o(i.DMA1_Stream4_IRQHandler)
    i.DMA1_Stream6_IRQHandler                0x08001bb0   Section        0  telemetry.o(i.DMA1_Stream6_IRQHandler)
    i.Delay                                  0x08001bd4   Section        0  adxl345.o(i.Delay)
    i.EXTI1_IRQHandler                       0x08001bf0   Section        0  adxl345.o(i.EXTI1_IRQHandler)
    i.EXTI2_IRQHandler                       0x08001c20   Section        0  motors.o(i.EXTI2_IRQHandler)
    i.EXTI4_IRQHandler                       0x08001c7c   Section        0  motors.o(i.EXTI4_IRQHandler)
    i.Motors_EXTI_Init                       0x08001ccc   Section        0  motors.o(i.Motors_EXTI_Init)
    i.Motors_GPIO_Init                       0x08001d48   Section        0  motors.o(i.Motors_GPIO_Init)
    i.Motors_Init                            0x08001e8c   Section        0  motors.o(i.Motors_Init)
    i.Motors_Stop                            0x08001e9c   Section        0  motors.o(i.Motors_Stop)
    i.Motors_TIM_Init                        0x08001ec8   Section        0  motors.o(i.Motors_TIM_Init)
    i.NSS_High                               0x08001f84   Section        0  adxl345.o(i.NSS_High)
    i.NSS_Low                                0x08001fa0   Section        0  adxl345.o(i.NSS_Low)
    i.NVIC_EnableIRQ                         0x08001fbc   Section        0  adxl345.o(i.NVIC_EnableIRQ)
    NVIC_EnableIRQ                           0x08001fbd   Thumb Code    22  adxl345.o(i.NVIC_EnableIRQ)
    i.NVIC_EnableIRQ                         0x08001fd2   Section        0  telemetry.o(i.NVIC_EnableIRQ)
    NVIC_EnableIRQ                           0x08001fd3   Thumb Code    22  telemetry.o(i.NVIC_EnableIRQ)
    i.NVIC_EnableIRQ                         0x08001fe8   Section        0  motors.o(i.NVIC_EnableIRQ)
    NVIC_EnableIRQ                           0x08001fe9   Thumb Code    22  motors.o(i.NVIC_EnableIRQ)
    i.NVIC_SetPriority                       0x08002000   Section        0  adxl345.o(i.NVIC_SetPriority)
    NVIC_SetPriority                         0x08002001   Thumb Code    32  adxl345.o(i.NVIC_SetPriority)
    i.NVIC_SetPriority                       0x08002028   Section        0  telemetry.o(i.NVIC_SetPriority)
    NVIC_SetPriority                         0x08002029   Thumb Code    32  telemetry.o(i.NVIC_SetPriority)
    i.NVIC_SetPriority                       0x08002050   Section        0  motors.o(i.NVIC_SetPriority)
    NVIC_SetPriority                         0x08002051   Thumb Code    32  motors.o(i.NVIC_SetPriority)
    i.RCC_Init                               0x08002078   Section        0  main.o(i.RCC_Init)
    i.SPI1_Transfer                          0x080020b4   Section        0  adxl345.o(i.SPI1_Transfer)
    i.SPI2_GPIO_Init                         0x080020e8   Section        0  adxl345.o(i.SPI2_GPIO_Init)
    i.SPI2_Init                              0x080021e0   Section        0  adxl345.o(i.SPI2_Init)
    i.SendTelemetry                          0x08002248   Section        0  telemetry.o(i.SendTelemetry)
    i.SystemInit                             0x08002460   Section        0  system_stm32f4xx.o(i.SystemInit)
    i.TIM3_IRQHandler                        0x080024fc   Section        0  motors.o(i.TIM3_IRQHandler)
    i.TIM7_IRQHandler                        0x0800265c   Section        0  telemetry.o(i.TIM7_IRQHandler)
    i.Telemetry_DMA_Init                     0x08002674   Section        0  telemetry.o(i.Telemetry_DMA_Init)
    i.USART2_IRQHandler                      0x080026d0   Section        0  telemetry.o(i.USART2_IRQHandler)
    i.USART_Init                             0x08002a50   Section        0  telemetry.o(i.USART_Init)
    i.__ARM_fpclassify                       0x08002b38   Section        0  fpclassify.o(i.__ARM_fpclassify)
    i.__hardfp_atan                          0x08002b68   Section        0  atan.o(i.__hardfp_atan)
    i.__hardfp_fabs                          0x08002e40   Section        0  fabs.o(i.__hardfp_fabs)
    i.__hardfp_sqrt                          0x08002e54   Section        0  sqrt.o(i.__hardfp_sqrt)
    i.__kernel_poly                          0x08002ece   Section        0  poly.o(i.__kernel_poly)
    i.__mathlib_dbl_infnan                   0x08002fc6   Section        0  dunder.o(i.__mathlib_dbl_infnan)
    i.__mathlib_dbl_underflow                0x08002fe0   Section        0  dunder.o(i.__mathlib_dbl_underflow)
    i._is_digit                              0x08003000   Section        0  __printf_wp.o(i._is_digit)
    i.averaging                              0x08003010   Section        0  processing.o(i.averaging)
    i.chooseRoot                             0x08003098   Section        0  processing.o(i.chooseRoot)
    i.control                                0x08003218   Section        0  processing.o(i.control)
    i.det3                                   0x0800360c   Section        0  syssolve.o(i.det3)
    i.fabs                                   0x080036f4   Section        0  fabs.o(i.fabs)
    i.initWaitingForFloat                    0x0800370c   Section        0  telemetry.o(i.initWaitingForFloat)
    i.initWaitingForInt                      0x08003750   Section        0  telemetry.o(i.initWaitingForInt)
    i.kalman                                 0x0800377c   Section        0  processing.o(i.kalman)
    i.main                                   0x0800390c   Section        0  main.o(i.main)
    i.mat_add                                0x08003970   Section        0  syssolve.o(i.mat_add)
    i.mat_mul                                0x080039b8   Section        0  syssolve.o(i.mat_mul)
    i.mat_sub                                0x08003a30   Section        0  syssolve.o(i.mat_sub)
    i.process                                0x08003a78   Section        0  processing.o(i.process)
    i.system_solve                           0x08003b2c   Section        0  syssolve.o(i.system_solve)
    i.transpose                              0x08003c6c   Section        0  syssolve.o(i.transpose)
    i.updateFreq                             0x08003ca0   Section        0  adxl345.o(i.updateFreq)
    locale$$code                             0x08003ccc   Section       44  lc_numeric_c.o(locale$$code)
    x$fpl$basic                              0x08003cf8   Section       24  basic.o(x$fpl$basic)
    $v0                                      0x08003cf8   Number         0  basic.o(x$fpl$basic)
    x$fpl$d2f                                0x08003d10   Section       98  d2f.o(x$fpl$d2f)
    $v0                                      0x08003d10   Number         0  d2f.o(x$fpl$d2f)
    x$fpl$dadd                               0x08003d74   Section      336  daddsub_clz.o(x$fpl$dadd)
    $v0                                      0x08003d74   Number         0  daddsub_clz.o(x$fpl$dadd)
    _dadd1                                   0x08003d85   Thumb Code     0  daddsub_clz.o(x$fpl$dadd)
    x$fpl$ddiv                               0x08003ec4   Section      688  ddiv.o(x$fpl$ddiv)
    $v0                                      0x08003ec4   Number         0  ddiv.o(x$fpl$ddiv)
    ddiv_entry                               0x08003ecb   Thumb Code     0  ddiv.o(x$fpl$ddiv)
    x$fpl$dmul                               0x08004174   Section      340  dmul.o(x$fpl$dmul)
    $v0                                      0x08004174   Number         0  dmul.o(x$fpl$dmul)
    x$fpl$dnaninf                            0x080042c8   Section      156  dnaninf.o(x$fpl$dnaninf)
    $v0                                      0x080042c8   Number         0  dnaninf.o(x$fpl$dnaninf)
    x$fpl$dretinf                            0x08004364   Section       12  dretinf.o(x$fpl$dretinf)
    $v0                                      0x08004364   Number         0  dretinf.o(x$fpl$dretinf)
    x$fpl$drsb                               0x08004370   Section       22  daddsub_clz.o(x$fpl$drsb)
    $v0                                      0x08004370   Number         0  daddsub_clz.o(x$fpl$drsb)
    x$fpl$dsqrt                              0x08004388   Section      408  dsqrt_umaal.o(x$fpl$dsqrt)
    $v0                                      0x08004388   Number         0  dsqrt_umaal.o(x$fpl$dsqrt)
    x$fpl$dsub                               0x08004520   Section      468  daddsub_clz.o(x$fpl$dsub)
    $v0                                      0x08004520   Number         0  daddsub_clz.o(x$fpl$dsub)
    _dsub1                                   0x08004531   Thumb Code     0  daddsub_clz.o(x$fpl$dsub)
    x$fpl$f2d                                0x080046f4   Section       86  f2d.o(x$fpl$f2d)
    $v0                                      0x080046f4   Number         0  f2d.o(x$fpl$f2d)
    x$fpl$fnaninf                            0x0800474a   Section      140  fnaninf.o(x$fpl$fnaninf)
    $v0                                      0x0800474a   Number         0  fnaninf.o(x$fpl$fnaninf)
    x$fpl$fpinit                             0x080047d6   Section       10  fpinit.o(x$fpl$fpinit)
    $v0                                      0x080047d6   Number         0  fpinit.o(x$fpl$fpinit)
    x$fpl$fretinf                            0x080047e0   Section       10  fretinf.o(x$fpl$fretinf)
    $v0                                      0x080047e0   Number         0  fretinf.o(x$fpl$fretinf)
    x$fpl$printf1                            0x080047ea   Section        4  printf1.o(x$fpl$printf1)
    $v0                                      0x080047ea   Number         0  printf1.o(x$fpl$printf1)
    x$fpl$usenofp                            0x080047ee   Section        0  usenofp.o(x$fpl$usenofp)
    .constdata                               0x080047f0   Section      152  atan.o(.constdata)
    atanhi                                   0x080047f0   Data          32  atan.o(.constdata)
    atanlo                                   0x08004810   Data          32  atan.o(.constdata)
    aTodd                                    0x08004830   Data          40  atan.o(.constdata)
    aTeven                                   0x08004858   Data          48  atan.o(.constdata)
    .constdata                               0x08004888   Section      148  bigflt0.o(.constdata)
    tenpwrs_x                                0x08004888   Data          60  bigflt0.o(.constdata)
    tenpwrs_i                                0x080048c4   Data          64  bigflt0.o(.constdata)
    locale$$data                             0x0800493c   Section       28  lc_numeric_c.o(locale$$data)
    __lcnum_c_name                           0x08004940   Data           2  lc_numeric_c.o(locale$$data)
    __lcnum_c_start                          0x08004948   Data           0  lc_numeric_c.o(locale$$data)
    __lcnum_c_point                          0x08004954   Data           0  lc_numeric_c.o(locale$$data)
    __lcnum_c_thousands                      0x08004956   Data           0  lc_numeric_c.o(locale$$data)
    __lcnum_c_grouping                       0x08004957   Data           0  lc_numeric_c.o(locale$$data)
    __lcnum_c_end                            0x08004958   Data           0  lc_numeric_c.o(locale$$data)
    .data                                    0x20000000   Section       44  main.o(.data)
    .data                                    0x2000002c   Section        2  syssolve.o(.data)
    .data                                    0x2000002e   Section       25  adxl345.o(.data)
    .data                                    0x20000048   Section       46  telemetry.o(.data)
    .data                                    0x20000078   Section      169  processing.o(.data)
    .data                                    0x20000124   Section       36  motors.o(.data)
    .bss                                     0x20000148   Section      196  syssolve.o(.bss)
    .bss                                     0x2000020c   Section       12  adxl345.o(.bss)
    .bss                                     0x20000218   Section      200  telemetry.o(.bss)
    .bss                                     0x200002e0   Section       48  processing.o(.bss)
    .bss                                     0x20000310   Section       96  libspace.o(.bss)
    HEAP                                     0x20000370   Section      512  startup_stm32f407xx.o(HEAP)
    Heap_Mem                                 0x20000370   Data         512  startup_stm32f407xx.o(HEAP)
    STACK                                    0x20000570   Section     1024  startup_stm32f407xx.o(STACK)
    Stack_Mem                                0x20000570   Data        1024  startup_stm32f407xx.o(STACK)
    __initial_sp                             0x20000970   Data           0  startup_stm32f407xx.o(STACK)

    Global Symbols

    Symbol Name                              Value     Ov Type        Size  Object(Section)

    BuildAttributes$$THM_ISAv4$E$P$D$K$B$S$7EM$VFPi3$EXTD16$VFPS$VFMA$PE$A:L22UL41UL21$X:L11$S22US41US21$IEEE1$IW$USESV6$~STKCKD$USESV7$~SHL$OTIME$ROPI$IEEEX$EBA8$UX$STANDARDLIB$REQ8$PRES8$EABIv2 0x00000000   Number         0  anon$$obj.o ABSOLUTE
    __ARM_use_no_argv                        0x00000000   Number         0  main.o ABSOLUTE
    _printf_flags                            0x00000000   Number         0  printf_stubs.o ABSOLUTE
    _printf_return_value                     0x00000000   Number         0  printf_stubs.o ABSOLUTE
    _printf_sizespec                         0x00000000   Number         0  printf_stubs.o ABSOLUTE
    _printf_widthprec                        0x00000000   Number         0  printf_stubs.o ABSOLUTE
    __ARM_exceptions_init                     - Undefined Weak Reference
    __alloca_initialize                       - Undefined Weak Reference
    __arm_preinit_                            - Undefined Weak Reference
    __cpp_initialize__aeabi_                  - Undefined Weak Reference
    __cxa_finalize                            - Undefined Weak Reference
    __sigvec_lookup                           - Undefined Weak Reference
    __user_heap_extent                        - Undefined Weak Reference
    _atexit_init                              - Undefined Weak Reference
    _call_atexit_fns                          - Undefined Weak Reference
    _clock_init                               - Undefined Weak Reference
    _fp_trap_init                             - Undefined Weak Reference
    _fp_trap_shutdown                         - Undefined Weak Reference
    _get_lc_collate                           - Undefined Weak Reference
    _get_lc_ctype                             - Undefined Weak Reference
    _get_lc_monetary                          - Undefined Weak Reference
    _get_lc_time                              - Undefined Weak Reference
    _getenv_init                              - Undefined Weak Reference
    _handle_redirection                       - Undefined Weak Reference
    _initio                                   - Undefined Weak Reference
    _mutex_acquire                            - Undefined Weak Reference
    _mutex_free                               - Undefined Weak Reference
    _mutex_release                            - Undefined Weak Reference
    _printf_post_padding                      - Undefined Weak Reference
    _printf_pre_padding                       - Undefined Weak Reference
    _rand_init                                - Undefined Weak Reference
    _signal_finish                            - Undefined Weak Reference
    _signal_init                              - Undefined Weak Reference
    _terminateio                              - Undefined Weak Reference
    __Vectors_Size                           0x00000188   Number         0  startup_stm32f407xx.o ABSOLUTE
    __Vectors                                0x08000000   Data           4  startup_stm32f407xx.o(RESET)
    __Vectors_End                            0x08000188   Data           0  startup_stm32f407xx.o(RESET)
    __main                                   0x08000189   Thumb Code     8  __main.o(!!!main)
    __scatterload                            0x08000191   Thumb Code     0  __scatter.o(!!!scatter)
    __scatterload_rt2                        0x08000191   Thumb Code    44  __scatter.o(!!!scatter)
    __scatterload_rt2_thumb_only             0x08000191   Thumb Code     0  __scatter.o(!!!scatter)
    __scatterload_null                       0x0800019f   Thumb Code     0  __scatter.o(!!!scatter)
    __decompress                             0x080001c5   Thumb Code    90  __dczerorl2.o(!!dczerorl2)
    __decompress1                            0x080001c5   Thumb Code     0  __dczerorl2.o(!!dczerorl2)
    __scatterload_zeroinit                   0x08000221   Thumb Code    28  __scatter_zi.o(!!handler_zi)
    _printf_f                                0x0800023d   Thumb Code     0  _printf_f.o(.ARM.Collect$$_printf_percent$$00000003)
    _printf_percent                          0x0800023d   Thumb Code     0  _printf_percent.o(.ARM.Collect$$_printf_percent$$00000000)
    _printf_d                                0x08000243   Thumb Code     0  _printf_d.o(.ARM.Collect$$_printf_percent$$00000009)
    _printf_percent_end                      0x08000249   Thumb Code     0  _printf_percent_end.o(.ARM.Collect$$_printf_percent$$00000017)
    __rt_lib_init                            0x0800024d   Thumb Code     0  libinit.o(.ARM.Collect$$libinit$$00000000)
    __rt_lib_init_fp_1                       0x0800024f   Thumb Code     0  libinit2.o(.ARM.Collect$$libinit$$00000001)
    __rt_lib_init_heap_2                     0x08000253   Thumb Code     0  libinit2.o(.ARM.Collect$$libinit$$00000005)
    __rt_lib_init_preinit_1                  0x08000253   Thumb Code     0  libinit2.o(.ARM.Collect$$libinit$$00000004)
    __rt_lib_init_heap_1                     0x0800025b   Thumb Code     0  libinit2.o(.ARM.Collect$$libinit$$0000000A)
    __rt_lib_init_lc_common                  0x0800025b   Thumb Code     0  libinit2.o(.ARM.Collect$$libinit$$0000000F)
    __rt_lib_init_rand_1                     0x0800025b   Thumb Code     0  libinit2.o(.ARM.Collect$$libinit$$0000000E)
    __rt_lib_init_user_alloc_1               0x0800025b   Thumb Code     0  libinit2.o(.ARM.Collect$$libinit$$0000000C)
    __rt_lib_init_lc_collate_1               0x08000261   Thumb Code     0  libinit2.o(.ARM.Collect$$libinit$$00000011)
    __rt_lib_init_lc_ctype_1                 0x08000261   Thumb Code     0  libinit2.o(.ARM.Collect$$libinit$$00000013)
    __rt_lib_init_lc_monetary_1              0x08000261   Thumb Code     0  libinit2.o(.ARM.Collect$$libinit$$00000015)
    __rt_lib_init_lc_numeric_2               0x08000261   Thumb Code     0  libinit2.o(.ARM.Collect$$libinit$$00000016)
    __rt_lib_init_alloca_1                   0x0800026b   Thumb Code     0  libinit2.o(.ARM.Collect$$libinit$$0000002E)
    __rt_lib_init_argv_1                     0x0800026b   Thumb Code     0  libinit2.o(.ARM.Collect$$libinit$$0000002C)
    __rt_lib_init_atexit_1                   0x0800026b   Thumb Code     0  libinit2.o(.ARM.Collect$$libinit$$0000001B)
    __rt_lib_init_clock_1                    0x0800026b   Thumb Code     0  libinit2.o(.ARM.Collect$$libinit$$00000021)
    __rt_lib_init_cpp_1                      0x0800026b   Thumb Code     0  libinit2.o(.ARM.Collect$$libinit$$00000032)
    __rt_lib_init_exceptions_1               0x0800026b   Thumb Code     0  libinit2.o(.ARM.Collect$$libinit$$00000030)
    __rt_lib_init_fp_trap_1                  0x0800026b   Thumb Code     0  libinit2.o(.ARM.Collect$$libinit$$0000001F)
    __rt_lib_init_getenv_1                   0x0800026b   Thumb Code     0  libinit2.o(.ARM.Collect$$libinit$$00000023)
    __rt_lib_init_lc_numeric_1               0x0800026b   Thumb Code     0  libinit2.o(.ARM.Collect$$libinit$$00000017)
    __rt_lib_init_lc_time_1                  0x0800026b   Thumb Code     0  libinit2.o(.ARM.Collect$$libinit$$00000019)
    __rt_lib_init_return                     0x0800026b   Thumb Code     0  libinit2.o(.ARM.Collect$$libinit$$00000033)
    __rt_lib_init_signal_1                   0x0800026b   Thumb Code     0  libinit2.o(.ARM.Collect$$libinit$$0000001D)
    __rt_lib_init_stdio_1                    0x0800026b   Thumb Code     0  libinit2.o(.ARM.Collect$$libinit$$00000025)
    __rt_lib_shutdown                        0x0800026d   Thumb Code     0  libshutdown.o(.ARM.Collect$$libshutdown$$00000000)
    __rt_lib_shutdown_fp_trap_1              0x0800026f   Thumb Code     0  libshutdown2.o(.ARM.Collect$$libshutdown$$00000006)
    __rt_lib_shutdown_heap_1                 0x0800026f   Thumb Code     0  libshutdown2.o(.ARM.Collect$$libshutdown$$0000000E)
    __rt_lib_shutdown_return                 0x0800026f   Thumb Code     0  libshutdown2.o(.ARM.Collect$$libshutdown$$0000000F)
    __rt_lib_shutdown_signal_1               0x0800026f   Thumb Code     0  libshutdown2.o(.ARM.Collect$$libshutdown$$00000009)
    __rt_lib_shutdown_stdio_1                0x0800026f   Thumb Code     0  libshutdown2.o(.ARM.Collect$$libshutdown$$00000003)
    __rt_lib_shutdown_user_alloc_1           0x0800026f   Thumb Code     0  libshutdown2.o(.ARM.Collect$$libshutdown$$0000000B)
    __rt_entry                               0x08000271   Thumb Code     0  __rtentry.o(.ARM.Collect$$rtentry$$00000000)
    __rt_entry_presh_1                       0x08000271   Thumb Code     0  __rtentry2.o(.ARM.Collect$$rtentry$$00000002)
    __rt_entry_sh                            0x08000271   Thumb Code     0  __rtentry4.o(.ARM.Collect$$rtentry$$00000004)
    __rt_entry_li                            0x08000277   Thumb Code     0  __rtentry2.o(.ARM.Collect$$rtentry$$0000000A)
    __rt_entry_postsh_1                      0x08000277   Thumb Code     0  __rtentry2.o(.ARM.Collect$$rtentry$$00000009)
    __rt_entry_main                          0x0800027b   Thumb Code     0  __rtentry2.o(.ARM.Collect$$rtentry$$0000000D)
    __rt_entry_postli_1                      0x0800027b   Thumb Code     0  __rtentry2.o(.ARM.Collect$$rtentry$$0000000C)
    __rt_exit                                0x08000283   Thumb Code     0  rtexit.o(.ARM.Collect$$rtexit$$00000000)
    __rt_exit_ls                             0x08000285   Thumb Code     0  rtexit2.o(.ARM.Collect$$rtexit$$00000003)
    __rt_exit_prels_1                        0x08000285   Thumb Code     0  rtexit2.o(.ARM.Collect$$rtexit$$00000002)
    __rt_exit_exit                           0x08000289   Thumb Code     0  rtexit2.o(.ARM.Collect$$rtexit$$00000004)
    Reset_Handler                            0x08000291   Thumb Code     8  startup_stm32f407xx.o(.text)
    _maybe_terminate_alloc                   0x08000291   Thumb Code     0  maybetermalloc1.o(.emb_text)
    NMI_Handler                              0x08000299   Thumb Code     2  startup_stm32f407xx.o(.text)
    HardFault_Handler                        0x0800029b   Thumb Code     2  startup_stm32f407xx.o(.text)
    MemManage_Handler                        0x0800029d   Thumb Code     2  startup_stm32f407xx.o(.text)
    BusFault_Handler                         0x0800029f   Thumb Code     2  startup_stm32f407xx.o(.text)
    UsageFault_Handler                       0x080002a1   Thumb Code     2  startup_stm32f407xx.o(.text)
    SVC_Handler                              0x080002a3   Thumb Code     2  startup_stm32f407xx.o(.text)
    DebugMon_Handler                         0x080002a5   Thumb Code     2  startup_stm32f407xx.o(.text)
    PendSV_Handler                           0x080002a7   Thumb Code     2  startup_stm32f407xx.o(.text)
    SysTick_Handler                          0x080002a9   Thumb Code     2  startup_stm32f407xx.o(.text)
    ADC_IRQHandler                           0x080002ab   Thumb Code     0  startup_stm32f407xx.o(.text)
    CAN1_RX0_IRQHandler                      0x080002ab   Thumb Code     0  startup_stm32f407xx.o(.text)
    CAN1_RX1_IRQHandler                      0x080002ab   Thumb Code     0  startup_stm32f407xx.o(.text)
    CAN1_SCE_IRQHandler                      0x080002ab   Thumb Code     0  startup_stm32f407xx.o(.text)
    CAN1_TX_IRQHandler                       0x080002ab   Thumb Code     0  startup_stm32f407xx.o(.text)
    CAN2_RX0_IRQHandler                      0x080002ab   Thumb Code     0  startup_stm32f407xx.o(.text)
    CAN2_RX1_IRQHandler                      0x080002ab   Thumb Code     0  startup_stm32f407xx.o(.text)
    CAN2_SCE_IRQHandler                      0x080002ab   Thumb Code     0  startup_stm32f407xx.o(.text)
    CAN2_TX_IRQHandler                       0x080002ab   Thumb Code     0  startup_stm32f407xx.o(.text)
    DCMI_IRQHandler                          0x080002ab   Thumb Code     0  startup_stm32f407xx.o(.text)
    DMA1_Stream0_IRQHandler                  0x080002ab   Thumb Code     0  startup_stm32f407xx.o(.text)
    DMA1_Stream1_IRQHandler                  0x080002ab   Thumb Code     0  startup_stm32f407xx.o(.text)
    DMA1_Stream2_IRQHandler                  0x080002ab   Thumb Code     0  startup_stm32f407xx.o(.text)
    DMA1_Stream5_IRQHandler                  0x080002ab   Thumb Code     0  startup_stm32f407xx.o(.text)
    DMA1_Stream7_IRQHandler                  0x080002ab   Thumb Code     0  startup_stm32f407xx.o(.text)
    DMA2_Stream0_IRQHandler                  0x080002ab   Thumb Code     0  startup_stm32f407xx.o(.text)
    DMA2_Stream1_IRQHandler                  0x080002ab   Thumb Code     0  startup_stm32f407xx.o(.text)
    DMA2_Stream2_IRQHandler                  0x080002ab   Thumb Code     0  startup_stm32f407xx.o(.text)
    DMA2_Stream3_IRQHandler                  0x080002ab   Thumb Code     0  startup_stm32f407xx.o(.text)
    DMA2_Stream4_IRQHandler                  0x080002ab   Thumb Code     0  startup_stm32f407xx.o(.text)
    DMA2_Stream5_IRQHandler                  0x080002ab   Thumb Code     0  startup_stm32f407xx.o(.text)
    DMA2_Stream6_IRQHandler                  0x080002ab   Thumb Code     0  startup_stm32f407xx.o(.text)
    DMA2_Stream7_IRQHandler                  0x080002ab   Thumb Code     0  startup_stm32f407xx.o(.text)
    ETH_IRQHandler                           0x080002ab   Thumb Code     0  startup_stm32f407xx.o(.text)
    ETH_WKUP_IRQHandler                      0x080002ab   Thumb Code     0  startup_stm32f407xx.o(.text)
    EXTI0_IRQHandler                         0x080002ab   Thumb Code     0  startup_stm32f407xx.o(.text)
    EXTI15_10_IRQHandler                     0x080002ab   Thumb Code     0  startup_stm32f407xx.o(.text)
    EXTI3_IRQHandler                         0x080002ab   Thumb Code     0  startup_stm32f407xx.o(.text)
    EXTI9_5_IRQHandler                       0x080002ab   Thumb Code     0  startup_stm32f407xx.o(.text)
    FLASH_IRQHandler                         0x080002ab   Thumb Code     0  startup_stm32f407xx.o(.text)
    FMC_IRQHandler                           0x080002ab   Thumb Code     0  startup_stm32f407xx.o(.text)
    FPU_IRQHandler                           0x080002ab   Thumb Code     0  startup_stm32f407xx.o(.text)
    HASH_RNG_IRQHandler                      0x080002ab   Thumb Code     0  startup_stm32f407xx.o(.text)
    I2C1_ER_IRQHandler                       0x080002ab   Thumb Code     0  startup_stm32f407xx.o(.text)
    I2C1_EV_IRQHandler                       0x080002ab   Thumb Code     0  startup_stm32f407xx.o(.text)
    I2C2_ER_IRQHandler                       0x080002ab   Thumb Code     0  startup_stm32f407xx.o(.text)
    I2C2_EV_IRQHandler                       0x080002ab   Thumb Code     0  startup_stm32f407xx.o(.text)
    I2C3_ER_IRQHandler                       0x080002ab   Thumb Code     0  startup_stm32f407xx.o(.text)
    I2C3_EV_IRQHandler                       0x080002ab   Thumb Code     0  startup_stm32f407xx.o(.text)
    OTG_FS_IRQHandler                        0x080002ab   Thumb Code     0  startup_stm32f407xx.o(.text)
    OTG_FS_WKUP_IRQHandler                   0x080002ab   Thumb Code     0  startup_stm32f407xx.o(.text)
    OTG_HS_EP1_IN_IRQHandler                 0x080002ab   Thumb Code     0  startup_stm32f407xx.o(.text)
    OTG_HS_EP1_OUT_IRQHandler                0x080002ab   Thumb Code     0  startup_stm32f407xx.o(.text)
    OTG_HS_IRQHandler                        0x080002ab   Thumb Code     0  startup_stm32f407xx.o(.text)
    OTG_HS_WKUP_IRQHandler                   0x080002ab   Thumb Code     0  startup_stm32f407xx.o(.text)
    PVD_IRQHandler                           0x080002ab   Thumb Code     0  startup_stm32f407xx.o(.text)
    RCC_IRQHandler                           0x080002ab   Thumb Code     0  startup_stm32f407xx.o(.text)
    RTC_Alarm_IRQHandler                     0x080002ab   Thumb Code     0  startup_stm32f407xx.o(.text)
    RTC_WKUP_IRQHandler                      0x080002ab   Thumb Code     0  startup_stm32f407xx.o(.text)
    SDIO_IRQHandler                          0x080002ab   Thumb Code     0  startup_stm32f407xx.o(.text)
    SPI1_IRQHandler                          0x080002ab   Thumb Code     0  startup_stm32f407xx.o(.text)
    SPI2_IRQHandler                          0x080002ab   Thumb Code     0  startup_stm32f407xx.o(.text)
    SPI3_IRQHandler                          0x080002ab   Thumb Code     0  startup_stm32f407xx.o(.text)
    TAMP_STAMP_IRQHandler                    0x080002ab   Thumb Code     0  startup_stm32f407xx.o(.text)
    TIM1_BRK_TIM9_IRQHandler                 0x080002ab   Thumb Code     0  startup_stm32f407xx.o(.text)
    TIM1_CC_IRQHandler                       0x080002ab   Thumb Code     0  startup_stm32f407xx.o(.text)
    TIM1_TRG_COM_TIM11_IRQHandler            0x080002ab   Thumb Code     0  startup_stm32f407xx.o(.text)
    TIM1_UP_TIM10_IRQHandler                 0x080002ab   Thumb Code     0  startup_stm32f407xx.o(.text)
    TIM2_IRQHandler                          0x080002ab   Thumb Code     0  startup_stm32f407xx.o(.text)
    TIM4_IRQHandler                          0x080002ab   Thumb Code     0  startup_stm32f407xx.o(.text)
    TIM5_IRQHandler                          0x080002ab   Thumb Code     0  startup_stm32f407xx.o(.text)
    TIM6_DAC_IRQHandler                      0x080002ab   Thumb Code     0  startup_stm32f407xx.o(.text)
    TIM8_BRK_TIM12_IRQHandler                0x080002ab   Thumb Code     0  startup_stm32f407xx.o(.text)
    TIM8_CC_IRQHandler                       0x080002ab   Thumb Code     0  startup_stm32f407xx.o(.text)
    TIM8_TRG_COM_TIM14_IRQHandler            0x080002ab   Thumb Code     0  startup_stm32f407xx.o(.text)
    TIM8_UP_TIM13_IRQHandler                 0x080002ab   Thumb Code     0  startup_stm32f407xx.o(.text)
    UART4_IRQHandler                         0x080002ab   Thumb Code     0  startup_stm32f407xx.o(.text)
    UART5_IRQHandler                         0x080002ab   Thumb Code     0  startup_stm32f407xx.o(.text)
    USART1_IRQHandler                        0x080002ab   Thumb Code     0  startup_stm32f407xx.o(.text)
    USART3_IRQHandler                        0x080002ab   Thumb Code     0  startup_stm32f407xx.o(.text)
    USART6_IRQHandler                        0x080002ab   Thumb Code     0  startup_stm32f407xx.o(.text)
    WWDG_IRQHandler                          0x080002ab   Thumb Code     0  startup_stm32f407xx.o(.text)
    __user_initial_stackheap                 0x080002ad   Thumb Code     0  startup_stm32f407xx.o(.text)
    malloc                                   0x080002d1   Thumb Code    94  h1_alloc.o(.text)
    free                                     0x0800032f   Thumb Code    78  h1_free.o(.text)
    __2sprintf                               0x0800037d   Thumb Code    34  noretval__2sprintf.o(.text)
    _printf_truncate_signed                  0x080003a5   Thumb Code    18  _printf_truncate.o(.text)
    _printf_truncate_unsigned                0x080003b7   Thumb Code    18  _printf_truncate.o(.text)
    _printf_int_dec                          0x080003c9   Thumb Code   104  _printf_dec.o(.text)
    __printf                                 0x08000441   Thumb Code   352  __printf_ss_wp.o(.text)
    strlen                                   0x080005a1   Thumb Code    62  strlen.o(.text)
    __aeabi_memcpy4                          0x080005df   Thumb Code     0  rt_memcpy_w.o(.text)
    __aeabi_memcpy8                          0x080005df   Thumb Code     0  rt_memcpy_w.o(.text)
    __rt_memcpy_w                            0x080005df   Thumb Code   100  rt_memcpy_w.o(.text)
    _memcpy_lastbytes_aligned                0x08000627   Thumb Code     0  rt_memcpy_w.o(.text)
    __use_two_region_memory                  0x08000643   Thumb Code     2  heapauxi.o(.text)
    __rt_heap_escrow                         0x08000645   Thumb Code     2  heapauxi.o(.text)
    __rt_heap_expand                         0x08000647   Thumb Code     2  heapauxi.o(.text)
    __rt_heap_descriptor                     0x08000649   Thumb Code     8  rt_heap_descriptor_intlibspace.o(.text)
    __use_no_heap                            0x08000651   Thumb Code     2  hguard.o(.text)
    __heap$guard                             0x08000653   Thumb Code     2  hguard.o(.text)
    _terminate_user_alloc                    0x08000655   Thumb Code     2  init_alloc.o(.text)
    _init_user_alloc                         0x08000657   Thumb Code     2  init_alloc.o(.text)
    __Heap_Full                              0x08000659   Thumb Code    34  init_alloc.o(.text)
    __Heap_Broken                            0x0800067b   Thumb Code     6  init_alloc.o(.text)
    _init_alloc                              0x08000681   Thumb Code    94  init_alloc.o(.text)
    __Heap_Initialize                        0x080006df   Thumb Code    10  h1_init.o(.text)
    __Heap_DescSize                          0x080006e9   Thumb Code     4  h1_init.o(.text)
    __read_errno                             0x080006ed   Thumb Code    10  _rserrno.o(.text)
    __set_errno                              0x080006f7   Thumb Code    12  _rserrno.o(.text)
    _printf_int_common                       0x08000703   Thumb Code   178  _printf_intcommon.o(.text)
    __lib_sel_fp_printf                      0x080007b5   Thumb Code     2  _printf_fp_dec.o(.text)
    _printf_fp_dec_real                      0x08000963   Thumb Code   620  _printf_fp_dec.o(.text)
    _printf_char_common                      0x08000bdb   Thumb Code    32  _printf_char_common.o(.text)
    _sputc                                   0x08000c01   Thumb Code    10  _sputc.o(.text)
    __user_libspace                          0x08000c0d   Thumb Code     8  libspace.o(.text)
    __user_perproc_libspace                  0x08000c0d   Thumb Code     0  libspace.o(.text)
    __user_perthread_libspace                0x08000c0d   Thumb Code     0  libspace.o(.text)
    __rt_locale                              0x08000c15   Thumb Code     8  rt_locale_intlibspace.o(.text)
    __aeabi_errno_addr                       0x08000c1d   Thumb Code     8  rt_errno_addr_intlibspace.o(.text)
    __errno$intlibspace                      0x08000c1d   Thumb Code     0  rt_errno_addr_intlibspace.o(.text)
    __rt_errno_addr$intlibspace              0x08000c1d   Thumb Code     0  rt_errno_addr_intlibspace.o(.text)
    __Heap_ProvideMemory                     0x08000c25   Thumb Code    52  h1_extend.o(.text)
    _ll_udiv10                               0x08000c59   Thumb Code   138  lludiv10.o(.text)
    _printf_fp_infnan                        0x08000ce5   Thumb Code   112  _printf_fp_infnan.o(.text)
    _btod_etento                             0x08000d65   Thumb Code   216  bigflt0.o(.text)
    __rt_SIGRTMEM                            0x08000e41   Thumb Code    14  defsig_rtmem_outer.o(.text)
    __I$use$semihosting                      0x08000e4f   Thumb Code     0  use_no_semi.o(.text)
    __use_no_semihosting_swi                 0x08000e4f   Thumb Code     2  use_no_semi.o(.text)
    __semihosting_library_function           0x08000e51   Thumb Code     0  indicate_semi.o(.text)
    __user_setup_stackheap                   0x08000e51   Thumb Code    74  sys_stackheap_outer.o(.text)
    exit                                     0x08000e9b   Thumb Code    12  exit.o(.text)
    __sig_exit                               0x08000ea7   Thumb Code    10  defsig_exit.o(.text)
    __rt_SIGRTMEM_inner                      0x08000eb1   Thumb Code    22  defsig_rtmem_inner.o(.text)
    strcmp                                   0x08000f01   Thumb Code   128  strcmpv7m.o(.text)
    _sys_exit                                0x08000f81   Thumb Code     8  sys_exit.o(.text)
    __default_signal_display                 0x08000f8d   Thumb Code    50  defsig_general.o(.text)
    _ttywrch                                 0x08000fbf   Thumb Code    14  sys_wrch.o(.text)
    _btod_d2e                                0x08000fcd   Thumb Code    62  btod.o(CL$$btod_d2e)
    _d2e_denorm_low                          0x0800100b   Thumb Code    70  btod.o(CL$$btod_d2e_denorm_low)
    _d2e_norm_op1                            0x08001051   Thumb Code    96  btod.o(CL$$btod_d2e_norm_op1)
    __btod_div_common                        0x080010b1   Thumb Code   696  btod.o(CL$$btod_div_common)
    _e2e                                     0x080013e9   Thumb Code   198  btod.o(CL$$btod_e2e)
    _btod_ediv                               0x080014af   Thumb Code    40  btod.o(CL$$btod_ediv)
    _btod_emul                               0x080014d7   Thumb Code    40  btod.o(CL$$btod_emul)
    __btod_mult_common                       0x080014ff   Thumb Code   580  btod.o(CL$$btod_mult_common)
    ADXL345_AccelVCCInit                     0x08001745   Thumb Code    92  adxl345.o(i.ADXL345_AccelVCCInit)
    ADXL345_Calibr                           0x080017a9   Thumb Code   302  adxl345.o(i.ADXL345_Calibr)
    ADXL345_DMA_Init                         0x08001901   Thumb Code    96  adxl345.o(i.ADXL345_DMA_Init)
    ADXL345_GetAccel                         0x08001975   Thumb Code    66  adxl345.o(i.ADXL345_GetAccel)
    ADXL345_Init                             0x080019b9   Thumb Code   120  adxl345.o(i.ADXL345_Init)
    ADXL345_Read                             0x08001a35   Thumb Code    22  adxl345.o(i.ADXL345_Read)
    ADXL345_Write                            0x08001a4b   Thumb Code    20  adxl345.o(i.ADXL345_Write)
    Accel_EXTI_Init                          0x08001a61   Thumb Code    66  adxl345.o(i.Accel_EXTI_Init)
    DMA1_Stream3_IRQHandler                  0x08001ab1   Thumb Code   174  adxl345.o(i.DMA1_Stream3_IRQHandler)
    DMA1_Stream4_IRQHandler                  0x08001b89   Thumb Code    34  adxl345.o(i.DMA1_Stream4_IRQHandler)
    DMA1_Stream6_IRQHandler                  0x08001bb1   Thumb Code    26  telemetry.o(i.DMA1_Stream6_IRQHandler)
    Delay                                    0x08001bd5   Thumb Code    28  adxl345.o(i.Delay)
    EXTI1_IRQHandler                         0x08001bf1   Thumb Code    40  adxl345.o(i.EXTI1_IRQHandler)
    EXTI2_IRQHandler                         0x08001c21   Thumb Code    78  motors.o(i.EXTI2_IRQHandler)
    EXTI4_IRQHandler                         0x08001c7d   Thumb Code    68  motors.o(i.EXTI4_IRQHandler)
    Motors_EXTI_Init                         0x08001ccd   Thumb Code   116  motors.o(i.Motors_EXTI_Init)
    Motors_GPIO_Init                         0x08001d49   Thumb Code   298  motors.o(i.Motors_GPIO_Init)
    Motors_Init                              0x08001e8d   Thumb Code    16  motors.o(i.Motors_Init)
    Motors_Stop                              0x08001e9d   Thumb Code    32  motors.o(i.Motors_Stop)
    Motors_TIM_Init                          0x08001ec9   Thumb Code   166  motors.o(i.Motors_TIM_Init)
    NSS_High                                 0x08001f85   Thumb Code    20  adxl345.o(i.NSS_High)
    NSS_Low                                  0x08001fa1   Thumb Code    20  adxl345.o(i.NSS_Low)
    RCC_Init                                 0x08002079   Thumb Code    46  main.o(i.RCC_Init)
    SPI1_Transfer                            0x080020b5   Thumb Code    46  adxl345.o(i.SPI1_Transfer)
    SPI2_GPIO_Init                           0x080020e9   Thumb Code   226  adxl345.o(i.SPI2_GPIO_Init)
    SPI2_Init                                0x080021e1   Thumb Code    98  adxl345.o(i.SPI2_Init)
    SendTelemetry                            0x08002249   Thumb Code   370  telemetry.o(i.SendTelemetry)
    SystemInit                               0x08002461   Thumb Code   140  system_stm32f4xx.o(i.SystemInit)
    TIM3_IRQHandler                          0x080024fd   Thumb Code   308  motors.o(i.TIM3_IRQHandler)
    TIM7_IRQHandler                          0x0800265d   Thumb Code    20  telemetry.o(i.TIM7_IRQHandler)
    Telemetry_DMA_Init                       0x08002675   Thumb Code    68  telemetry.o(i.Telemetry_DMA_Init)
    USART2_IRQHandler                        0x080026d1   Thumb Code   786  telemetry.o(i.USART2_IRQHandler)
    USART_Init                               0x08002a51   Thumb Code   214  telemetry.o(i.USART_Init)
    __ARM_fpclassify                         0x08002b39   Thumb Code    48  fpclassify.o(i.__ARM_fpclassify)
    __hardfp_atan                            0x08002b69   Thumb Code   622  atan.o(i.__hardfp_atan)
    __hardfp_fabs                            0x08002e41   Thumb Code    20  fabs.o(i.__hardfp_fabs)
    __hardfp_sqrt                            0x08002e55   Thumb Code   122  sqrt.o(i.__hardfp_sqrt)
    __kernel_poly                            0x08002ecf   Thumb Code   248  poly.o(i.__kernel_poly)
    __mathlib_dbl_infnan                     0x08002fc7   Thumb Code    20  dunder.o(i.__mathlib_dbl_infnan)
    __mathlib_dbl_underflow                  0x08002fe1   Thumb Code    24  dunder.o(i.__mathlib_dbl_underflow)
    _is_digit                                0x08003001   Thumb Code    14  __printf_wp.o(i._is_digit)
    averaging                                0x08003011   Thumb Code   118  processing.o(i.averaging)
    chooseRoot                               0x08003099   Thumb Code   354  processing.o(i.chooseRoot)
    control                                  0x08003219   Thumb Code   916  processing.o(i.control)
    det3                                     0x0800360d   Thumb Code   226  syssolve.o(i.det3)
    fabs                                     0x080036f5   Thumb Code    24  fabs.o(i.fabs)
    initWaitingForFloat                      0x0800370d   Thumb Code    44  telemetry.o(i.initWaitingForFloat)
    initWaitingForInt                        0x08003751   Thumb Code    26  telemetry.o(i.initWaitingForInt)
    kalman                                   0x0800377d   Thumb Code   346  processing.o(i.kalman)
    main                                     0x0800390d   Thumb Code    86  main.o(i.main)
    mat_add                                  0x08003971   Thumb Code    70  syssolve.o(i.mat_add)
    mat_mul                                  0x080039b9   Thumb Code   116  syssolve.o(i.mat_mul)
    mat_sub                                  0x08003a31   Thumb Code    70  syssolve.o(i.mat_sub)
    process                                  0x08003a79   Thumb Code   146  processing.o(i.process)
    system_solve                             0x08003b2d   Thumb Code   314  syssolve.o(i.system_solve)
    transpose                                0x08003c6d   Thumb Code    52  syssolve.o(i.transpose)
    updateFreq                               0x08003ca1   Thumb Code    34  adxl345.o(i.updateFreq)
    _get_lc_numeric                          0x08003ccd   Thumb Code    44  lc_numeric_c.o(locale$$code)
    __aeabi_dneg                             0x08003cf9   Thumb Code     0  basic.o(x$fpl$basic)
    _dneg                                    0x08003cf9   Thumb Code     6  basic.o(x$fpl$basic)
    __aeabi_fneg                             0x08003cff   Thumb Code     0  basic.o(x$fpl$basic)
    _fneg                                    0x08003cff   Thumb Code     6  basic.o(x$fpl$basic)
    _dabs                                    0x08003d05   Thumb Code     6  basic.o(x$fpl$basic)
    _fabs                                    0x08003d0b   Thumb Code     6  basic.o(x$fpl$basic)
    __aeabi_d2f                              0x08003d11   Thumb Code     0  d2f.o(x$fpl$d2f)
    _d2f                                     0x08003d11   Thumb Code    98  d2f.o(x$fpl$d2f)
    __aeabi_dadd                             0x08003d75   Thumb Code     0  daddsub_clz.o(x$fpl$dadd)
    _dadd                                    0x08003d75   Thumb Code   332  daddsub_clz.o(x$fpl$dadd)
    __aeabi_ddiv                             0x08003ec5   Thumb Code     0  ddiv.o(x$fpl$ddiv)
    _ddiv                                    0x08003ec5   Thumb Code   552  ddiv.o(x$fpl$ddiv)
    __aeabi_dmul                             0x08004175   Thumb Code     0  dmul.o(x$fpl$dmul)
    _dmul                                    0x08004175   Thumb Code   332  dmul.o(x$fpl$dmul)
    __fpl_dnaninf                            0x080042c9   Thumb Code   156  dnaninf.o(x$fpl$dnaninf)
    __fpl_dretinf                            0x08004365   Thumb Code    12  dretinf.o(x$fpl$dretinf)
    __aeabi_drsub                            0x08004371   Thumb Code     0  daddsub_clz.o(x$fpl$drsb)
    _drsb                                    0x08004371   Thumb Code    22  daddsub_clz.o(x$fpl$drsb)
    _dsqrt                                   0x08004389   Thumb Code   404  dsqrt_umaal.o(x$fpl$dsqrt)
    __aeabi_dsub                             0x08004521   Thumb Code     0  daddsub_clz.o(x$fpl$dsub)
    _dsub                                    0x08004521   Thumb Code   464  daddsub_clz.o(x$fpl$dsub)
    __aeabi_f2d                              0x080046f5   Thumb Code     0  f2d.o(x$fpl$f2d)
    _f2d                                     0x080046f5   Thumb Code    86  f2d.o(x$fpl$f2d)
    __fpl_fnaninf                            0x0800474b   Thumb Code   140  fnaninf.o(x$fpl$fnaninf)
    _fp_init                                 0x080047d7   Thumb Code    10  fpinit.o(x$fpl$fpinit)
    __fplib_config_fpu_vfp                   0x080047df   Thumb Code     0  fpinit.o(x$fpl$fpinit)
    __fplib_config_pureend_doubles           0x080047df   Thumb Code     0  fpinit.o(x$fpl$fpinit)
    __fpl_fretinf                            0x080047e1   Thumb Code    10  fretinf.o(x$fpl$fretinf)
    _printf_fp_dec                           0x080047eb   Thumb Code     4  printf1.o(x$fpl$printf1)
    __I$use$fp                               0x080047ee   Number         0  usenofp.o(x$fpl$usenofp)
    Region$$Table$$Base                      0x0800491c   Number         0  anon$$obj.o(Region$$Table)
    Region$$Table$$Limit                     0x0800493c   Number         0  anon$$obj.o(Region$$Table)
    ax                                       0x20000000   Data           2  main.o(.data)
    ay                                       0x20000002   Data           2  main.o(.data)
    az                                       0x20000004   Data           2  main.o(.data)
    ENGRDY                                   0x20000006   Data           1  main.o(.data)
    STABRDY                                  0x20000007   Data           1  main.o(.data)
    pwm1                                     0x20000008   Data           4  main.o(.data)
    pwm2                                     0x2000000c   Data           4  main.o(.data)
    COUNT1                                   0x20000010   Data           4  main.o(.data)
    COUNT2                                   0x20000014   Data           4  main.o(.data)
    F                                        0x20000018   Data           4  main.o(.data)
    k1                                       0x2000001c   Data           4  main.o(.data)
    k2                                       0x20000020   Data           4  main.o(.data)
    angle                                    0x20000024   Data           4  main.o(.data)
    angularVelocity                          0x20000028   Data           4  main.o(.data)
    anglesAccumulated                        0x2000002c   Data           1  syssolve.o(.data)
    row                                      0x2000002d   Data           1  syssolve.o(.data)
    SPI2_SCK                                 0x2000002e   Data           1  adxl345.o(.data)
    SPI2_MISO                                0x2000002f   Data           1  adxl345.o(.data)
    SPI2_MOSI                                0x20000030   Data           1  adxl345.o(.data)
    SPI2_NSS                                 0x20000031   Data           1  adxl345.o(.data)
    ACCEL_INT1                               0x20000032   Data           1  adxl345.o(.data)
    ACCEL_VCC                                0x20000033   Data           1  adxl345.o(.data)
    accelRegisters                           0x20000034   Data          12  adxl345.o(.data)
    xOffset                                  0x20000040   Data           2  adxl345.o(.data)
    yOffset                                  0x20000042   Data           2  adxl345.o(.data)
    zOffset                                  0x20000044   Data           2  adxl345.o(.data)
    test                                     0x20000046   Data           1  adxl345.o(.data)
    UART2_TX                                 0x20000048   Data           1  telemetry.o(.data)
    UART2_RX                                 0x20000049   Data           1  telemetry.o(.data)
    received                                 0x2000004a   Data           1  telemetry.o(.data)
    i                                        0x2000004c   Data           4  telemetry.o(.data)
    st                                       0x20000050   Data           4  telemetry.o(.data)
    intValue                                 0x20000054   Data           4  telemetry.o(.data)
    k                                        0x20000058   Data           4  telemetry.o(.data)
    my_pow                                   0x2000005c   Data           4  telemetry.o(.data)
    d_st                                     0x20000060   Data           4  telemetry.o(.data)
    floatValue                               0x20000064   Data           4  telemetry.o(.data)
    curWaiting                               0x20000068   Data           1  telemetry.o(.data)
    curWaitingForInt                         0x20000069   Data           1  telemetry.o(.data)
    curWaitingForFloat                       0x2000006a   Data           1  telemetry.o(.data)
    telemetryOn                              0x2000006b   Data           1  telemetry.o(.data)
    curTelemetryMode                         0x2000006c   Data           1  telemetry.o(.data)
    curFreq                                  0x2000006d   Data           1  telemetry.o(.data)
    freshFreq                                0x2000006e   Data           1  telemetry.o(.data)
    displayAngle                             0x2000006f   Data           1  telemetry.o(.data)
    displayAngularVelocity                   0x20000070   Data           1  telemetry.o(.data)
    displayF                                 0x20000071   Data           1  telemetry.o(.data)
    displayPwm                               0x20000072   Data           1  telemetry.o(.data)
    len                                      0x20000073   Data           1  telemetry.o(.data)
    j                                        0x20000074   Data           1  telemetry.o(.data)
    USART_DMA_transferComleted               0x20000075   Data           1  telemetry.o(.data)
    Ax                                       0x20000078   Data           4  processing.o(.data)
    Ay                                       0x2000007c   Data           4  processing.o(.data)
    Az                                       0x20000080   Data           4  processing.o(.data)
    prevAngle                                0x20000084   Data           4  processing.o(.data)
    stabilizationOn                          0x20000088   Data           1  processing.o(.data)
    kalmanOn                                 0x20000089   Data           1  processing.o(.data)
    averagingOn                              0x2000008a   Data           1  processing.o(.data)
    impulseOn                                0x2000008b   Data           1  processing.o(.data)
    A                                        0x2000008c   Data          16  processing.o(.data)
    At                                       0x2000009c   Data          16  processing.o(.data)
    H                                        0x200000ac   Data           8  processing.o(.data)
    Ht                                       0x200000b4   Data           8  processing.o(.data)
    Xaposteriori                             0x200000bc   Data           8  processing.o(.data)
    Paposteriori                             0x200000c4   Data          16  processing.o(.data)
    R                                        0x200000d4   Data           4  processing.o(.data)
    Q                                        0x200000d8   Data          16  processing.o(.data)
    I                                        0x200000e8   Data          16  processing.o(.data)
    Xapriori                                 0x200000f8   Data           8  processing.o(.data)
    Aappr                                    0x20000100   Data           4  processing.o(.data)
    Bappr                                    0x20000104   Data           4  processing.o(.data)
    Cappr                                    0x20000108   Data           4  processing.o(.data)
    D                                        0x2000010c   Data           4  processing.o(.data)
    x1                                       0x20000110   Data           4  processing.o(.data)
    x2                                       0x20000114   Data           4  processing.o(.data)
    angleCount                               0x20000118   Data           1  processing.o(.data)
    angleSum                                 0x2000011c   Data           4  processing.o(.data)
    averaged                                 0x20000120   Data           1  processing.o(.data)
    MOT_PWM1                                 0x20000124   Data           1  motors.o(.data)
    MOT_PWM2                                 0x20000125   Data           1  motors.o(.data)
    MOT_FREQ1                                0x20000126   Data           1  motors.o(.data)
    MOT_FREQ2                                0x20000127   Data           1  motors.o(.data)
    minPwm                                   0x20000128   Data           4  motors.o(.data)
    tim3_status                              0x2000012c   Data           1  motors.o(.data)
    pwm                                      0x20000130   Data           4  motors.o(.data)
    timer                                    0x20000134   Data           4  motors.o(.data)
    timer_1000                               0x20000138   Data           4  motors.o(.data)
    timer_2000                               0x2000013c   Data           4  motors.o(.data)
    pwm_step                                 0x20000140   Data           4  motors.o(.data)
    pwmstartmax                              0x20000144   Data           4  motors.o(.data)
    y                                        0x20000148   Data          12  syssolve.o(.bss)
    u                                        0x20000154   Data          12  syssolve.o(.bss)
    w                                        0x20000160   Data          12  syssolve.o(.bss)
    Afull                                    0x2000016c   Data         120  syssolve.o(.bss)
    Bfull                                    0x200001e4   Data          40  syssolve.o(.bss)
    accel                                    0x2000020c   Data          12  adxl345.o(.bss)
    str                                      0x20000218   Data         100  telemetry.o(.bss)
    tele                                     0x2000027c   Data         100  telemetry.o(.bss)
    Papriori                                 0x200002e0   Data          16  processing.o(.bss)
    angles                                   0x200002f0   Data          32  processing.o(.bss)
    __libspace_start                         0x20000310   Data          96  libspace.o(.bss)
    __temporary_stack_top$libspace           0x20000370   Data           0  libspace.o(.bss)



==============================================================================

Memory Map of the image

  Image Entry point : 0x08000291

  Load Region LR_1 (Base: 0x08000000, Size: 0x00004aa0, Max: 0xffffffff, ABSOLUTE, COMPRESSED[0x000049d4])

    Execution Region ER_RO (Base: 0x08000000, Size: 0x00004958, Max: 0xffffffff, ABSOLUTE)

    Base Addr    Size         Type   Attr      Idx    E Section Name        Object

    0x08000000   0x00000188   Data   RO          552    RESET               startup_stm32f407xx.o
    0x08000188   0x00000008   Code   RO          696  * !!!main             c_w.l(__main.o)
    0x08000190   0x00000034   Code   RO         1042    !!!scatter          c_w.l(__scatter.o)
    0x080001c4   0x0000005a   Code   RO         1040    !!dczerorl2         c_w.l(__dczerorl2.o)
    0x0800021e   0x00000002   PAD
    0x08000220   0x0000001c   Code   RO         1044    !!handler_zi        c_w.l(__scatter_zi.o)
    0x0800023c   0x00000000   Code   RO          689    .ARM.Collect$$_printf_percent$$00000000  c_w.l(_printf_percent.o)
    0x0800023c   0x00000006   Code   RO          688    .ARM.Collect$$_printf_percent$$00000003  c_w.l(_printf_f.o)
    0x08000242   0x00000006   Code   RO          687    .ARM.Collect$$_printf_percent$$00000009  c_w.l(_printf_d.o)
    0x08000248   0x00000004   Code   RO          786    .ARM.Collect$$_printf_percent$$00000017  c_w.l(_printf_percent_end.o)
    0x0800024c   0x00000002   Code   RO          980    .ARM.Collect$$libinit$$00000000  c_w.l(libinit.o)
    0x0800024e   0x00000004   Code   RO          789    .ARM.Collect$$libinit$$00000001  c_w.l(libinit2.o)
    0x08000252   0x00000000   Code   RO          792    .ARM.Collect$$libinit$$00000004  c_w.l(libinit2.o)
    0x08000252   0x00000008   Code   RO          793    .ARM.Collect$$libinit$$00000005  c_w.l(libinit2.o)
    0x0800025a   0x00000000   Code   RO          795    .ARM.Collect$$libinit$$0000000A  c_w.l(libinit2.o)
    0x0800025a   0x00000000   Code   RO          797    .ARM.Collect$$libinit$$0000000C  c_w.l(libinit2.o)
    0x0800025a   0x00000000   Code   RO          799    .ARM.Collect$$libinit$$0000000E  c_w.l(libinit2.o)
    0x0800025a   0x00000006   Code   RO          800    .ARM.Collect$$libinit$$0000000F  c_w.l(libinit2.o)
    0x08000260   0x00000000   Code   RO          802    .ARM.Collect$$libinit$$00000011  c_w.l(libinit2.o)
    0x08000260   0x00000000   Code   RO          804    .ARM.Collect$$libinit$$00000013  c_w.l(libinit2.o)
    0x08000260   0x00000000   Code   RO          806    .ARM.Collect$$libinit$$00000015  c_w.l(libinit2.o)
    0x08000260   0x0000000a   Code   RO          807    .ARM.Collect$$libinit$$00000016  c_w.l(libinit2.o)
    0x0800026a   0x00000000   Code   RO          808    .ARM.Collect$$libinit$$00000017  c_w.l(libinit2.o)
    0x0800026a   0x00000000   Code   RO          810    .ARM.Collect$$libinit$$00000019  c_w.l(libinit2.o)
    0x0800026a   0x00000000   Code   RO          812    .ARM.Collect$$libinit$$0000001B  c_w.l(libinit2.o)
    0x0800026a   0x00000000   Code   RO          814    .ARM.Collect$$libinit$$0000001D  c_w.l(libinit2.o)
    0x0800026a   0x00000000   Code   RO          816    .ARM.Collect$$libinit$$0000001F  c_w.l(libinit2.o)
    0x0800026a   0x00000000   Code   RO          818    .ARM.Collect$$libinit$$00000021  c_w.l(libinit2.o)
    0x0800026a   0x00000000   Code   RO          820    .ARM.Collect$$libinit$$00000023  c_w.l(libinit2.o)
    0x0800026a   0x00000000   Code   RO          822    .ARM.Collect$$libinit$$00000025  c_w.l(libinit2.o)
    0x0800026a   0x00000000   Code   RO          826    .ARM.Collect$$libinit$$0000002C  c_w.l(libinit2.o)
    0x0800026a   0x00000000   Code   RO          828    .ARM.Collect$$libinit$$0000002E  c_w.l(libinit2.o)
    0x0800026a   0x00000000   Code   RO          830    .ARM.Collect$$libinit$$00000030  c_w.l(libinit2.o)
    0x0800026a   0x00000000   Code   RO          832    .ARM.Collect$$libinit$$00000032  c_w.l(libinit2.o)
    0x0800026a   0x00000002   Code   RO          833    .ARM.Collect$$libinit$$00000033  c_w.l(libinit2.o)
    0x0800026c   0x00000002   Code   RO         1037    .ARM.Collect$$libshutdown$$00000000  c_w.l(libshutdown.o)
    0x0800026e   0x00000000   Code   RO          995    .ARM.Collect$$libshutdown$$00000003  c_w.l(libshutdown2.o)
    0x0800026e   0x00000000   Code   RO          998    .ARM.Collect$$libshutdown$$00000006  c_w.l(libshutdown2.o)
    0x0800026e   0x00000000   Code   RO         1001    .ARM.Collect$$libshutdown$$00000009  c_w.l(libshutdown2.o)
    0x0800026e   0x00000000   Code   RO         1003    .ARM.Collect$$libshutdown$$0000000B  c_w.l(libshutdown2.o)
    0x0800026e   0x00000000   Code   RO         1006    .ARM.Collect$$libshutdown$$0000000E  c_w.l(libshutdown2.o)
    0x0800026e   0x00000002   Code   RO         1007    .ARM.Collect$$libshutdown$$0000000F  c_w.l(libshutdown2.o)
    0x08000270   0x00000000   Code   RO          750    .ARM.Collect$$rtentry$$00000000  c_w.l(__rtentry.o)
    0x08000270   0x00000000   Code   RO          873    .ARM.Collect$$rtentry$$00000002  c_w.l(__rtentry2.o)
    0x08000270   0x00000006   Code   RO          885    .ARM.Collect$$rtentry$$00000004  c_w.l(__rtentry4.o)
    0x08000276   0x00000000   Code   RO          875    .ARM.Collect$$rtentry$$00000009  c_w.l(__rtentry2.o)
    0x08000276   0x00000004   Code   RO          876    .ARM.Collect$$rtentry$$0000000A  c_w.l(__rtentry2.o)
    0x0800027a   0x00000000   Code   RO          878    .ARM.Collect$$rtentry$$0000000C  c_w.l(__rtentry2.o)
    0x0800027a   0x00000008   Code   RO          879    .ARM.Collect$$rtentry$$0000000D  c_w.l(__rtentry2.o)
    0x08000282   0x00000002   Code   RO          983    .ARM.Collect$$rtexit$$00000000  c_w.l(rtexit.o)
    0x08000284   0x00000000   Code   RO         1011    .ARM.Collect$$rtexit$$00000002  c_w.l(rtexit2.o)
    0x08000284   0x00000004   Code   RO         1012    .ARM.Collect$$rtexit$$00000003  c_w.l(rtexit2.o)
    0x08000288   0x00000006   Code   RO         1013    .ARM.Collect$$rtexit$$00000004  c_w.l(rtexit2.o)
    0x0800028e   0x00000002   PAD
    0x08000290   0x00000000   Code   RO          899    .emb_text           c_w.l(maybetermalloc1.o)
    0x08000290   0x00000040   Code   RO          553  * .text               startup_stm32f407xx.o
    0x080002d0   0x0000005e   Code   RO          599    .text               c_w.l(h1_alloc.o)
    0x0800032e   0x0000004e   Code   RO          601    .text               c_w.l(h1_free.o)
    0x0800037c   0x00000028   Code   RO          659    .text               c_w.l(noretval__2sprintf.o)
    0x080003a4   0x00000024   Code   RO          663    .text               c_w.l(_printf_truncate.o)
    0x080003c8   0x00000078   Code   RO          665    .text               c_w.l(_printf_dec.o)
    0x08000440   0x00000160   Code   RO          682    .text               c_w.l(__printf_ss_wp.o)
    0x080005a0   0x0000003e   Code   RO          690    .text               c_w.l(strlen.o)
    0x080005de   0x00000064   Code   RO          692    .text               c_w.l(rt_memcpy_w.o)
    0x08000642   0x00000006   Code   RO          694    .text               c_w.l(heapauxi.o)
    0x08000648   0x00000008   Code   RO          754    .text               c_w.l(rt_heap_descriptor_intlibspace.o)
    0x08000650   0x00000004   Code   RO          756    .text               c_w.l(hguard.o)
    0x08000654   0x0000008a   Code   RO          758    .text               c_w.l(init_alloc.o)
    0x080006de   0x0000000e   Code   RO          762    .text               c_w.l(h1_init.o)
    0x080006ec   0x00000016   Code   RO          776    .text               c_w.l(_rserrno.o)
    0x08000702   0x000000b2   Code   RO          778    .text               c_w.l(_printf_intcommon.o)
    0x080007b4   0x0000041a   Code   RO          780    .text               c_w.l(_printf_fp_dec.o)
    0x08000bce   0x00000002   PAD
    0x08000bd0   0x00000030   Code   RO          782    .text               c_w.l(_printf_char_common.o)
    0x08000c00   0x0000000a   Code   RO          784    .text               c_w.l(_sputc.o)
    0x08000c0a   0x00000002   PAD
    0x08000c0c   0x00000008   Code   RO          869    .text               c_w.l(libspace.o)
    0x08000c14   0x00000008   Code   RO          890    .text               c_w.l(rt_locale_intlibspace.o)
    0x08000c1c   0x00000008   Code   RO          895    .text               c_w.l(rt_errno_addr_intlibspace.o)
    0x08000c24   0x00000034   Code   RO          901    .text               c_w.l(h1_extend.o)
    0x08000c58   0x0000008a   Code   RO          905    .text               c_w.l(lludiv10.o)
    0x08000ce2   0x00000002   PAD
    0x08000ce4   0x00000080   Code   RO          907    .text               c_w.l(_printf_fp_infnan.o)
    0x08000d64   0x000000dc   Code   RO          911    .text               c_w.l(bigflt0.o)
    0x08000e40   0x0000000e   Code   RO          939    .text               c_w.l(defsig_rtmem_outer.o)
    0x08000e4e   0x00000002   Code   RO          954    .text               c_w.l(use_no_semi.o)
    0x08000e50   0x00000000   Code   RO          956    .text               c_w.l(indicate_semi.o)
    0x08000e50   0x0000004a   Code   RO          957    .text               c_w.l(sys_stackheap_outer.o)
    0x08000e9a   0x0000000c   Code   RO          963    .text               c_w.l(exit.o)
    0x08000ea6   0x0000000a   Code   RO          965    .text               c_w.l(defsig_exit.o)
    0x08000eb0   0x00000050   Code   RO          967    .text               c_w.l(defsig_rtmem_inner.o)
    0x08000f00   0x00000080   Code   RO          969    .text               c_w.l(strcmpv7m.o)
    0x08000f80   0x0000000c   Code   RO          981    .text               c_w.l(sys_exit.o)
    0x08000f8c   0x00000032   Code   RO          991    .text               c_w.l(defsig_general.o)
    0x08000fbe   0x0000000e   Code   RO         1008    .text               c_w.l(sys_wrch.o)
    0x08000fcc   0x0000003e   Code   RO          914    CL$$btod_d2e        c_w.l(btod.o)
    0x0800100a   0x00000046   Code   RO          916    CL$$btod_d2e_denorm_low  c_w.l(btod.o)
    0x08001050   0x00000060   Code   RO          915    CL$$btod_d2e_norm_op1  c_w.l(btod.o)
    0x080010b0   0x00000338   Code   RO          924    CL$$btod_div_common  c_w.l(btod.o)
    0x080013e8   0x000000c6   Code   RO          921    CL$$btod_e2e        c_w.l(btod.o)
    0x080014ae   0x00000028   Code   RO          918    CL$$btod_ediv       c_w.l(btod.o)
    0x080014d6   0x00000028   Code   RO          917    CL$$btod_emul       c_w.l(btod.o)
    0x080014fe   0x00000244   Code   RO          923    CL$$btod_mult_common  c_w.l(btod.o)
    0x08001742   0x00000002   PAD
    0x08001744   0x00000064   Code   RO          144    i.ADXL345_AccelVCCInit  adxl345.o
    0x080017a8   0x00000158   Code   RO          145    i.ADXL345_Calibr    adxl345.o
    0x08001900   0x00000074   Code   RO          146    i.ADXL345_DMA_Init  adxl345.o
    0x08001974   0x00000042   Code   RO          147    i.ADXL345_GetAccel  adxl345.o
    0x080019b6   0x00000002   PAD
    0x080019b8   0x0000007c   Code   RO          148    i.ADXL345_Init      adxl345.o
    0x08001a34   0x00000016   Code   RO          149    i.ADXL345_Read      adxl345.o
    0x08001a4a   0x00000014   Code   RO          150    i.ADXL345_Write     adxl345.o
    0x08001a5e   0x00000002   PAD
    0x08001a60   0x00000050   Code   RO          151    i.Accel_EXTI_Init   adxl345.o
    0x08001ab0   0x000000d8   Code   RO          152    i.DMA1_Stream3_IRQHandler  adxl345.o
    0x08001b88   0x00000028   Code   RO          153    i.DMA1_Stream4_IRQHandler  adxl345.o
    0x08001bb0   0x00000024   Code   RO          296    i.DMA1_Stream6_IRQHandler  telemetry.o
    0x08001bd4   0x0000001c   Code   RO          154    i.Delay             adxl345.o
    0x08001bf0   0x00000030   Code   RO          155    i.EXTI1_IRQHandler  adxl345.o
    0x08001c20   0x0000005c   Code   RO          463    i.EXTI2_IRQHandler  motors.o
    0x08001c7c   0x00000050   Code   RO          464    i.EXTI4_IRQHandler  motors.o
    0x08001ccc   0x0000007c   Code   RO          465    i.Motors_EXTI_Init  motors.o
    0x08001d48   0x00000144   Code   RO          466    i.Motors_GPIO_Init  motors.o
    0x08001e8c   0x00000010   Code   RO          467    i.Motors_Init       motors.o
    0x08001e9c   0x0000002c   Code   RO          469    i.Motors_Stop       motors.o
    0x08001ec8   0x000000bc   Code   RO          470    i.Motors_TIM_Init   motors.o
    0x08001f84   0x0000001c   Code   RO          156    i.NSS_High          adxl345.o
    0x08001fa0   0x0000001c   Code   RO          157    i.NSS_Low           adxl345.o
    0x08001fbc   0x00000016   Code   RO          158    i.NVIC_EnableIRQ    adxl345.o
    0x08001fd2   0x00000016   Code   RO          297    i.NVIC_EnableIRQ    telemetry.o
    0x08001fe8   0x00000016   Code   RO          471    i.NVIC_EnableIRQ    motors.o
    0x08001ffe   0x00000002   PAD
    0x08002000   0x00000028   Code   RO          159    i.NVIC_SetPriority  adxl345.o
    0x08002028   0x00000028   Code   RO          298    i.NVIC_SetPriority  telemetry.o
    0x08002050   0x00000028   Code   RO          472    i.NVIC_SetPriority  motors.o
    0x08002078   0x0000003c   Code   RO            4    i.RCC_Init          main.o
    0x080020b4   0x00000034   Code   RO          160    i.SPI1_Transfer     adxl345.o
    0x080020e8   0x000000f8   Code   RO          161    i.SPI2_GPIO_Init    adxl345.o
    0x080021e0   0x00000068   Code   RO          162    i.SPI2_Init         adxl345.o
    0x08002248   0x00000218   Code   RO          299    i.SendTelemetry     telemetry.o
    0x08002460   0x0000009c   Code   RO          561    i.SystemInit        system_stm32f4xx.o
    0x080024fc   0x00000160   Code   RO          473    i.TIM3_IRQHandler   motors.o
    0x0800265c   0x00000018   Code   RO          300    i.TIM7_IRQHandler   telemetry.o
    0x08002674   0x0000005c   Code   RO          301    i.Telemetry_DMA_Init  telemetry.o
    0x080026d0   0x00000380   Code   RO          303    i.USART2_IRQHandler  telemetry.o
    0x08002a50   0x000000e8   Code   RO          304    i.USART_Init        telemetry.o
    0x08002b38   0x00000030   Code   RO          863    i.__ARM_fpclassify  m_wm.l(fpclassify.o)
    0x08002b68   0x000002d8   Code   RO          716    i.__hardfp_atan     m_wm.l(atan.o)
    0x08002e40   0x00000014   Code   RO          730    i.__hardfp_fabs     m_wm.l(fabs.o)
    0x08002e54   0x0000007a   Code   RO          736    i.__hardfp_sqrt     m_wm.l(sqrt.o)
    0x08002ece   0x000000f8   Code   RO          865    i.__kernel_poly     m_wm.l(poly.o)
    0x08002fc6   0x00000014   Code   RO          850    i.__mathlib_dbl_infnan  m_wm.l(dunder.o)
    0x08002fda   0x00000006   PAD
    0x08002fe0   0x00000020   Code   RO          855    i.__mathlib_dbl_underflow  m_wm.l(dunder.o)
    0x08003000   0x0000000e   Code   RO          677    i._is_digit         c_w.l(__printf_wp.o)
    0x0800300e   0x00000002   PAD
    0x08003010   0x00000088   Code   RO          399    i.averaging         processing.o
    0x08003098   0x00000180   Code   RO          400    i.chooseRoot        processing.o
    0x08003218   0x000003f4   Code   RO          401    i.control           processing.o
    0x0800360c   0x000000e8   Code   RO           77    i.det3              syssolve.o
    0x080036f4   0x00000018   Code   RO          732    i.fabs              m_wm.l(fabs.o)
    0x0800370c   0x00000044   Code   RO          305    i.initWaitingForFloat  telemetry.o
    0x08003750   0x0000002c   Code   RO          306    i.initWaitingForInt  telemetry.o
    0x0800377c   0x00000190   Code   RO          402    i.kalman            processing.o
    0x0800390c   0x00000064   Code   RO            5    i.main              main.o
    0x08003970   0x00000046   Code   RO           78    i.mat_add           syssolve.o
    0x080039b6   0x00000002   PAD
    0x080039b8   0x00000078   Code   RO           79    i.mat_mul           syssolve.o
    0x08003a30   0x00000046   Code   RO           80    i.mat_sub           syssolve.o
    0x08003a76   0x00000002   PAD
    0x08003a78   0x000000b4   Code   RO          403    i.process           processing.o
    0x08003b2c   0x00000140   Code   RO           81    i.system_solve      syssolve.o
    0x08003c6c   0x00000034   Code   RO           82    i.transpose         syssolve.o
    0x08003ca0   0x0000002c   Code   RO          163    i.updateFreq        adxl345.o
    0x08003ccc   0x0000002c   Code   RO          937    locale$$code        c_w.l(lc_numeric_c.o)
    0x08003cf8   0x00000018   Code   RO          834    x$fpl$basic         fz_wm.l(basic.o)
    0x08003d10   0x00000062   Code   RO          698    x$fpl$d2f           fz_wm.l(d2f.o)
    0x08003d72   0x00000002   PAD
    0x08003d74   0x00000150   Code   RO          700    x$fpl$dadd          fz_wm.l(daddsub_clz.o)
    0x08003ec4   0x000002b0   Code   RO          707    x$fpl$ddiv          fz_wm.l(ddiv.o)
    0x08004174   0x00000154   Code   RO          710    x$fpl$dmul          fz_wm.l(dmul.o)
    0x080042c8   0x0000009c   Code   RO          838    x$fpl$dnaninf       fz_wm.l(dnaninf.o)
    0x08004364   0x0000000c   Code   RO          840    x$fpl$dretinf       fz_wm.l(dretinf.o)
    0x08004370   0x00000016   Code   RO          701    x$fpl$drsb          fz_wm.l(daddsub_clz.o)
    0x08004386   0x00000002   PAD
    0x08004388   0x00000198   Code   RO          842    x$fpl$dsqrt         fz_wm.l(dsqrt_umaal.o)
    0x08004520   0x000001d4   Code   RO          702    x$fpl$dsub          fz_wm.l(daddsub_clz.o)
    0x080046f4   0x00000056   Code   RO          712    x$fpl$f2d           fz_wm.l(f2d.o)
    0x0800474a   0x0000008c   Code   RO          844    x$fpl$fnaninf       fz_wm.l(fnaninf.o)
    0x080047d6   0x0000000a   Code   RO          950    x$fpl$fpinit        fz_wm.l(fpinit.o)
    0x080047e0   0x0000000a   Code   RO          846    x$fpl$fretinf       fz_wm.l(fretinf.o)
    0x080047ea   0x00000004   Code   RO          714    x$fpl$printf1       fz_wm.l(printf1.o)
    0x080047ee   0x00000000   Code   RO          848    x$fpl$usenofp       fz_wm.l(usenofp.o)
    0x080047ee   0x00000002   PAD
    0x080047f0   0x00000098   Data   RO          719    .constdata          m_wm.l(atan.o)
    0x08004888   0x00000094   Data   RO          912    .constdata          c_w.l(bigflt0.o)
    0x0800491c   0x00000020   Data   RO         1038    Region$$Table       anon$$obj.o
    0x0800493c   0x0000001c   Data   RO          936    locale$$data        c_w.l(lc_numeric_c.o)


    Execution Region ER_RW (Base: 0x20000000, Size: 0x00000148, Max: 0xffffffff, ABSOLUTE, COMPRESSED[0x0000007c])

    Base Addr    Size         Type   Attr      Idx    E Section Name        Object

    0x20000000   0x0000002c   Data   RW            6    .data               main.o
    0x2000002c   0x00000002   Data   RW           84    .data               syssolve.o
    0x2000002e   0x00000019   Data   RW          165    .data               adxl345.o
    0x20000047   0x00000001   PAD
    0x20000048   0x0000002e   Data   RW          309    .data               telemetry.o
    0x20000076   0x00000002   PAD
    0x20000078   0x000000a9   Data   RW          405    .data               processing.o
    0x20000121   0x00000003   PAD
    0x20000124   0x00000024   Data   RW          474    .data               motors.o


    Execution Region ER_ZI (Base: 0x20000148, Size: 0x00000828, Max: 0xffffffff, ABSOLUTE)

    Base Addr    Size         Type   Attr      Idx    E Section Name        Object

    0x20000148   0x000000c4   Zero   RW           83    .bss                syssolve.o
    0x2000020c   0x0000000c   Zero   RW          164    .bss                adxl345.o
    0x20000218   0x000000c8   Zero   RW          308    .bss                telemetry.o
    0x200002e0   0x00000030   Zero   RW          404    .bss                processing.o
    0x20000310   0x00000060   Zero   RW          870    .bss                c_w.l(libspace.o)
    0x20000370   0x00000200   Zero   RW          551    HEAP                startup_stm32f407xx.o
    0x20000570   0x00000400   Zero   RW          550    STACK               startup_stm32f407xx.o


==============================================================================

Image component sizes


      Code (inc. data)   RO Data    RW Data    ZI Data      Debug   Object Name

      1770        212          0         25         12      37438   adxl345.o
       160         28          0         44          0     245906   main.o
      1282        146          0         36          0       5516   motors.o
      2112        232          0        169         48       4820   processing.o
        64         26        392          0       1536        864   startup_stm32f407xx.o
       864         16          0          2        196       5450   syssolve.o
       156         16          0          0          0        553   system_stm32f4xx.o
      1990        396          0         46        200       7268   telemetry.o

    ----------------------------------------------------------------------
      8408       1072        424        328       1992     307815   Object Totals
         0          0         32          0          0          0   (incl. Generated)
        10          0          0          6          0          0   (incl. Padding)

    ----------------------------------------------------------------------

      Code (inc. data)   RO Data    RW Data    ZI Data      Debug   Library Member Name

        90          0          0          0          0          0   __dczerorl2.o
         8          0          0          0          0         68   __main.o
       352          0          0          0          0         88   __printf_ss_wp.o
        14          0          0          0          0         68   __printf_wp.o
         0          0          0          0          0          0   __rtentry.o
        12          0          0          0          0          0   __rtentry2.o
         6          0          0          0          0          0   __rtentry4.o
        52          8          0          0          0          0   __scatter.o
        28          0          0          0          0          0   __scatter_zi.o
        48          6          0          0          0         96   _printf_char_common.o
         6          0          0          0          0          0   _printf_d.o
       120         16          0          0          0         92   _printf_dec.o
         6          0          0          0          0          0   _printf_f.o
      1050          0          0          0          0        216   _printf_fp_dec.o
       128         16          0          0          0         84   _printf_fp_infnan.o
       178          0          0          0          0         88   _printf_intcommon.o
         0          0          0          0          0          0   _printf_percent.o
         4          0          0          0          0          0   _printf_percent_end.o
        36          0          0          0          0         84   _printf_truncate.o
        22          0          0          0          0        100   _rserrno.o
        10          0          0          0          0         68   _sputc.o
       220          4        148          0          0         96   bigflt0.o
      1910        128          0          0          0        672   btod.o
        10          0          0          0          0         68   defsig_exit.o
        50          0          0          0          0         88   defsig_general.o
        80         58          0          0          0         76   defsig_rtmem_inner.o
        14          0          0          0          0         80   defsig_rtmem_outer.o
        12          0          0          0          0         72   exit.o
        94          0          0          0          0         80   h1_alloc.o
        52          0          0          0          0         68   h1_extend.o
        78          0          0          0          0         80   h1_free.o
        14          0          0          0          0         84   h1_init.o
         6          0          0          0          0        152   heapauxi.o
         4          0          0          0          0        136   hguard.o
         0          0          0          0          0          0   indicate_semi.o
       138          0          0          0          0        168   init_alloc.o
        44         10         28          0          0         76   lc_numeric_c.o
         2          0          0          0          0          0   libinit.o
        30          0          0          0          0          0   libinit2.o
         2          0          0          0          0          0   libshutdown.o
         2          0          0          0          0          0   libshutdown2.o
         8          4          0          0         96         68   libspace.o
       138          0          0          0          0         80   lludiv10.o
         0          0          0          0          0          0   maybetermalloc1.o
        40          6          0          0          0         84   noretval__2sprintf.o
         8          4          0          0          0         68   rt_errno_addr_intlibspace.o
         8          4          0          0          0         68   rt_heap_descriptor_intlibspace.o
         8          4          0          0          0         68   rt_locale_intlibspace.o
       100          0          0          0          0         80   rt_memcpy_w.o
         2          0          0          0          0          0   rtexit.o
        10          0          0          0          0          0   rtexit2.o
       128          0          0          0          0         68   strcmpv7m.o
        62          0          0          0          0         76   strlen.o
        12          4          0          0          0         68   sys_exit.o
        74          0          0          0          0         80   sys_stackheap_outer.o
        14          0          0          0          0         76   sys_wrch.o
         2          0          0          0          0         68   use_no_semi.o
        24          0          0          0          0        164   basic.o
        98          4          0          0          0        140   d2f.o
       826         16          0          0          0        492   daddsub_clz.o
       688        140          0          0          0        256   ddiv.o
       340         12          0          0          0        152   dmul.o
       156          4          0          0          0        140   dnaninf.o
        12          0          0          0          0        116   dretinf.o
       408         56          0          0          0        168   dsqrt_umaal.o
        86          4          0          0          0        132   f2d.o
       140          4          0          0          0        132   fnaninf.o
        10          0          0          0          0        116   fpinit.o
        10          0          0          0          0        116   fretinf.o
         4          0          0          0          0        116   printf1.o
         0          0          0          0          0          0   usenofp.o
       728        106        152          0          0        228   atan.o
        52          8          0          0          0        248   dunder.o
        44          0          0          0          0        248   fabs.o
        48          0          0          0          0        124   fpclassify.o
       248          0          0          0          0        152   poly.o
       122          0          0          0          0        148   sqrt.o

    ----------------------------------------------------------------------
      9616        626        328          0         96       7388   Library Totals
        26          0          0          0          0          0   (incl. Padding)

    ----------------------------------------------------------------------

      Code (inc. data)   RO Data    RW Data    ZI Data      Debug   Library Name

      5546        272        176          0         96       4000   c_w.l
      2802        240          0          0          0       2240   fz_wm.l
      1242        114        152          0          0       1148   m_wm.l

    ----------------------------------------------------------------------
      9616        626        328          0         96       7388   Library Totals

    ----------------------------------------------------------------------

==============================================================================


      Code (inc. data)   RO Data    RW Data    ZI Data      Debug   

     18024       1698        752        328       2088     306415   Grand Totals
     18024       1698        752        124       2088     306415   ELF Image Totals (compressed)
     18024       1698        752        124          0          0   ROM Totals

==============================================================================

    Total RO  Size (Code + RO Data)                18776 (  18.34kB)
    Total RW  Size (RW Data + ZI Data)              2416 (   2.36kB)
    Total ROM Size (Code + RO Data + RW Data)      18900 (  18.46kB)

==============================================================================

