Component: ARM Compiler 5.05 update 1 (build 106) Tool: armlink [4d0efa]

==============================================================================

Section Cross References

    main.o(i.ADXL345_DMA_Init) refers to main.o(.data) for SPI1_NSS
    main.o(i.ADXL345_DMA_Init) refers to main.o(.bss) for accel
    main.o(i.ADXL345_ProcessData) refers to dflt_clz.o(x$fpl$dflt) for __aeabi_i2d
    main.o(i.ADXL345_ProcessData) refers to ddiv.o(x$fpl$ddiv) for __aeabi_ddiv
    main.o(i.ADXL345_ProcessData) refers to atan.o(i.__hardfp_atan) for __hardfp_atan
    main.o(i.ADXL345_ProcessData) refers to daddsub_clz.o(x$fpl$dadd) for __aeabi_dadd
    main.o(i.ADXL345_ProcessData) refers to dflt_clz.o(x$fpl$dfltu) for __aeabi_ui2d
    main.o(i.ADXL345_ProcessData) refers to daddsub_clz.o(x$fpl$dsub) for __aeabi_dsub
    main.o(i.ADXL345_ProcessData) refers to dmul.o(x$fpl$dmul) for __aeabi_dmul
    main.o(i.ADXL345_ProcessData) refers to drleqf.o(x$fpl$drleqf) for __aeabi_cdrcmple
    main.o(i.ADXL345_ProcessData) refers to fabs.o(i.__hardfp_fabs) for __hardfp_fabs
    main.o(i.ADXL345_ProcessData) refers to daddsub_clz.o(x$fpl$drsb) for __aeabi_drsub
    main.o(i.ADXL345_ProcessData) refers to main.o(i.chooseRoot) for chooseRoot
    main.o(i.ADXL345_ProcessData) refers to dfix.o(x$fpl$dfix) for __aeabi_d2iz
    main.o(i.ADXL345_ProcessData) refers to dleqf.o(x$fpl$dleqf) for __aeabi_cdcmple
    main.o(i.ADXL345_ProcessData) refers to basic.o(x$fpl$basic) for __aeabi_dneg
    main.o(i.ADXL345_ProcessData) refers to main.o(.bss) for accel
    main.o(i.ADXL345_ProcessData) refers to main.o(.data) for ax
    main.o(i.ADXL345_ProcessData) refers to main.o(i.system_solve) for system_solve
    main.o(i.Accel_Init) refers to main.o(i.SPI1_Init) for SPI1_Init
    main.o(i.Accel_Init) refers to main.o(i.LSDH_write) for LSDH_write
    main.o(i.Accel_Init) refers to main.o(i.LSDH_Calibr) for LSDH_Calibr
    main.o(i.DMA2_Stream0_IRQHandler) refers to main.o(i.ADXL345_DMA_Init) for ADXL345_DMA_Init
    main.o(i.DMA2_Stream0_IRQHandler) refers to main.o(i.ADXL345_ProcessData) for ADXL345_ProcessData
    main.o(i.DMA2_Stream0_IRQHandler) refers to main.o(.data) for SPI1_NSS
    main.o(i.EXTI0_IRQHandler) refers to main.o(i.ADXL345_DMA_Init) for ADXL345_DMA_Init
    main.o(i.EXTI2_IRQHandler) refers to main.o(.data) for COUNT1
    main.o(i.EXTI4_IRQHandler) refers to main.o(.data) for COUNT2
    main.o(i.EXTI_Init) refers to main.o(i.NVIC_EnableIRQ) for NVIC_EnableIRQ
    main.o(i.GPIO_init) refers to main.o(.data) for MOT_PWM1
    main.o(i.LSDH_Calibr) refers to main.o(i.LSDH_read) for LSDH_read
    main.o(i.LSDH_Calibr) refers to dflt_clz.o(x$fpl$dflt) for __aeabi_i2d
    main.o(i.LSDH_Calibr) refers to daddsub_clz.o(x$fpl$dadd) for __aeabi_dadd
    main.o(i.LSDH_Calibr) refers to ddiv.o(x$fpl$ddiv) for __aeabi_ddiv
    main.o(i.LSDH_Calibr) refers to dfix.o(x$fpl$dfix) for __aeabi_d2iz
    main.o(i.LSDH_Calibr) refers to daddsub_clz.o(x$fpl$dsub) for __aeabi_dsub
    main.o(i.LSDH_Calibr) refers to main.o(.data) for ax
    main.o(i.LSDH_read) refers to main.o(i.SPI1_Transfer) for SPI1_Transfer
    main.o(i.LSDH_write) refers to main.o(i.SPI1_Transfer) for SPI1_Transfer
    main.o(i.SPI1_GPIO_Init) refers to main.o(.data) for SPI1_SCK
    main.o(i.SPI1_Init) refers to main.o(i.SPI1_GPIO_Init) for SPI1_GPIO_Init
    main.o(i.SPI1_Transfer) refers to main.o(.data) for SPI1_NSS
    main.o(i.SPI_FIRST_INIT) refers to main.o(i.NVIC_EnableIRQ) for NVIC_EnableIRQ
    main.o(i.SPI_FIRST_INIT) refers to main.o(.data) for accelRegisters
    main.o(i.SendTelemetry) refers to _printf_pad.o(.text) for _printf_pre_padding
    main.o(i.SendTelemetry) refers to _printf_percent.o(.ARM.Collect$$_printf_percent$$00000000) for _printf_percent
    main.o(i.SendTelemetry) refers to _printf_d.o(.ARM.Collect$$_printf_percent$$00000009) for _printf_d
    main.o(i.SendTelemetry) refers to _printf_f.o(.ARM.Collect$$_printf_percent$$00000003) for _printf_f
    main.o(i.SendTelemetry) refers to _printf_dec.o(.text) for _printf_int_dec
    main.o(i.SendTelemetry) refers to printf1.o(x$fpl$printf1) for _printf_fp_dec
    main.o(i.SendTelemetry) refers to noretval__2sprintf.o(.text) for __2sprintf
    main.o(i.SendTelemetry) refers to strlen.o(.text) for strlen
    main.o(i.SendTelemetry) refers to main.o(i.send_to_uart) for send_to_uart
    main.o(i.SendTelemetry) refers to main.o(.data) for pwm2
    main.o(i.TIM3_IRQHandler) refers to main.o(.data) for status
    main.o(i.TIMERS_init) refers to main.o(i.NVIC_EnableIRQ) for NVIC_EnableIRQ
    main.o(i.TIMERS_init) refers to main.o(.data) for pwm
    main.o(i.USART2_IRQHandler) refers to main.o(i.LSDH_Calibr) for LSDH_Calibr
    main.o(i.USART2_IRQHandler) refers to dflt_clz.o(x$fpl$dflt) for __aeabi_i2d
    main.o(i.USART2_IRQHandler) refers to dmul.o(x$fpl$dmul) for __aeabi_dmul
    main.o(i.USART2_IRQHandler) refers to daddsub_clz.o(x$fpl$dadd) for __aeabi_dadd
[...]
    ../clib/libinit.s                        0x00000000   Number         0  libinit.o ABSOLUTE
    ../clib/locale.s                         0x00000000   Number         0  lc_numeric_c.o ABSOLUTE
    ../clib/longlong.s                       0x00000000   Number         0  lludiv10.o ABSOLUTE
    ../clib/memcpset.s                       0x00000000   Number         0  rt_memcpy_w.o ABSOLUTE
    ../clib/memcpset.s                       0x00000000   Number         0  strcmpv7m.o ABSOLUTE
    ../clib/misc.s                           0x00000000   Number         0  printf_stubs.o ABSOLUTE
    ../clib/printf.c                         0x00000000   Number         0  __printf_flags_ss.o ABSOLUTE
    ../clib/printf.c                         0x00000000   Number         0  __printf_wp.o ABSOLUTE
    ../clib/printf.c                         0x00000000   Number         0  _printf_char_common.o ABSOLUTE
    ../clib/printf.c                         0x00000000   Number         0  _printf_fp_dec.o ABSOLUTE
    ../clib/printf.c                         0x00000000   Number         0  _sputc.o ABSOLUTE
    ../clib/printf.c                         0x00000000   Number         0  __printf_flags_wp.o ABSOLUTE
    ../clib/printf.c                         0x00000000   Number         0  __printf_ss_wp.o ABSOLUTE
    ../clib/printf.c                         0x00000000   Number         0  __printf_flags_ss_wp.o ABSOLUTE
    ../clib/printf.c                         0x00000000   Number         0  noretval__2sprintf.o ABSOLUTE
    ../clib/printf.c                         0x00000000   Number         0  __printf_ss.o ABSOLUTE
    ../clib/printf.c                         0x00000000   Number         0  __printf_flags.o ABSOLUTE
    ../clib/printf.c                         0x00000000   Number         0  _printf_dec.o ABSOLUTE
    ../clib/printf.c                         0x00000000   Number         0  _printf_pad.o ABSOLUTE
    ../clib/printf.c                         0x00000000   Number         0  __printf.o ABSOLUTE
    ../clib/printf.c                         0x00000000   Number         0  _printf_intcommon.o ABSOLUTE
    ../clib/printf.c                         0x00000000   Number         0  __2sprintf.o ABSOLUTE
    ../clib/printf.c                         0x00000000   Number         0  _printf_fp_infnan.o ABSOLUTE
    ../clib/printf.c                         0x00000000   Number         0  __printf_nopercent.o ABSOLUTE
    ../clib/printf_percent.s                 0x00000000   Number         0  _printf_d.o ABSOLUTE
    ../clib/printf_percent.s                 0x00000000   Number         0  _printf_f.o ABSOLUTE
    ../clib/printf_percent.s                 0x00000000   Number         0  _printf_percent.o ABSOLUTE
    ../clib/printf_percent.s                 0x00000000   Number         0  _printf_percent_end.o ABSOLUTE
    ../clib/signal.c                         0x00000000   Number         0  defsig_segv_inner.o ABSOLUTE
    ../clib/signal.c                         0x00000000   Number         0  defsig_pvfn_inner.o ABSOLUTE
    ../clib/signal.c                         0x00000000   Number         0  __raise.o ABSOLUTE
    ../clib/signal.c                         0x00000000   Number         0  defsig_cppl_inner.o ABSOLUTE
    ../clib/signal.c                         0x00000000   Number         0  defsig_rtmem_formal.o ABSOLUTE
    ../clib/signal.c                         0x00000000   Number         0  defsig_abrt_inner.o ABSOLUTE
    ../clib/signal.c                         0x00000000   Number         0  defsig_rtmem_outer.o ABSOLUTE
    ../clib/signal.c                         0x00000000   Number         0  defsig_other.o ABSOLUTE
    ../clib/signal.c                         0x00000000   Number         0  defsig_general.o ABSOLUTE
    ../clib/signal.c                         0x00000000   Number         0  defsig_rtmem_inner.o ABSOLUTE
    ../clib/signal.c                         0x00000000   Number         0  defsig_exit.o ABSOLUTE
    ../clib/signal.c                         0x00000000   Number         0  defsig_fpe_inner.o ABSOLUTE
    ../clib/signal.c                         0x00000000   Number         0  defsig_rtred_inner.o ABSOLUTE
    ../clib/signal.c                         0x00000000   Number         0  defsig_stak_inner.o ABSOLUTE
    ../clib/signal.s                         0x00000000   Number         0  defsig.o ABSOLUTE
    ../clib/stdlib.c                         0x00000000   Number         0  exit.o ABSOLUTE
    ../clib/string.c                         0x00000000   Number         0  strlen.o ABSOLUTE
    ../fplib/basic.s                         0x00000000   Number         0  basic.o ABSOLUTE
    ../fplib/daddsub.s                       0x00000000   Number         0  daddsub_clz.o ABSOLUTE
    ../fplib/dcmpi.s                         0x00000000   Number         0  dcmpi.o ABSOLUTE
    ../fplib/ddiv.s                          0x00000000   Number         0  ddiv.o ABSOLUTE
    ../fplib/dfix.s                          0x00000000   Number         0  dfix.o ABSOLUTE
    ../fplib/dflt.s                          0x00000000   Number         0  dflt_clz.o ABSOLUTE
    ../fplib/dleqf.s                         0x00000000   Number         0  dleqf.o ABSOLUTE
    ../fplib/dmul.s                          0x00000000   Number         0  dmul.o ABSOLUTE
    ../fplib/dnaninf.s                       0x00000000   Number         0  dnaninf.o ABSOLUTE
    ../fplib/dretinf.s                       0x00000000   Number         0  dretinf.o ABSOLUTE
    ../fplib/drleqf.s                        0x00000000   Number         0  drleqf.o ABSOLUTE
    ../fplib/dsqrt.s                         0x00000000   Number         0  dsqrt_umaal.o ABSOLUTE
    ../fplib/fpinit.s                        0x00000000   Number         0  fpinit.o ABSOLUTE
    ../fplib/istatus.s                       0x00000000   Number         0  istatus.o ABSOLUTE
    ../fplib/printf1.s                       0x00000000   Number         0  printf1.o ABSOLUTE
    ../fplib/usenofp.s                       0x00000000   Number         0  usenofp.o ABSOLUTE
    ../mathlib/atan.c                        0x00000000   Number         0  atan.o ABSOLUTE
    ../mathlib/atan.c                        0x00000000   Number         0  atan_x.o ABSOLUTE
    ../mathlib/dunder.c                      0x00000000   Number         0  dunder.o ABSOLUTE
    ../mathlib/fabs.c                        0x00000000   Number         0  fabs.o ABSOLUTE
    ../mathlib/fpclassify.c                  0x00000000   Number         0  fpclassify.o ABSOLUTE
    ../mathlib/poly.c                        0x00000000   Number         0  poly.o ABSOLUTE
    ../mathlib/sqrt.c                        0x00000000   Number         0  sqrt.o ABSOLUTE
    ../mathlib/sqrt.c                        0x00000000   Number         0  sqrt_x.o ABSOLUTE
    RTE\Device\STM32F407VGTx\startup_stm32f407xx.s 0x00000000   Number         0  startup_stm32f407xx.o ABSOLUTE
    RTE\Device\STM32F407VGTx\system_stm32f4xx.c 0x00000000   Number         0  system_stm32f4xx.o ABSOLUTE
    RTE\\Device\\STM32F407VGTx\\system_stm32f4xx.c 0x00000000   Number         0  system_stm32f4xx.o ABSOLUTE
    dc.s                                     0x00000000   Number         0  dc.o ABSOLUTE
    main.c                                   0x00000000   Number         0  main.o ABSOLUTE
    main.c                                   0x00000000   Number         0  main.o ABSOLUTE
    RESET                                    0x08000000   Section      392  startup_stm32f407xx.o(RESET)
    !!!main                                  0x08000188   Section        8  __main.o(!!!main)
    !!!scatter                               0x08000190   Section       52  __scatter.o(!!!scatter)
    !!handler_copy                           0x080001c4   Section       26  __scatter_copy.o(!!handler_copy)
    !!handler_zi                             0x080001e0   Section       28  __scatter_zi.o(!!handler_zi)
    .ARM.Collect$$_printf_percent$$00000000  0x080001fc   Section        0  _printf_percent.o(.ARM.Collect$$_printf_percent$$00000000)
    .ARM.Collect$$_printf_percent$$00000003  0x080001fc   Section        6  _printf_f.o(.ARM.Collect$$_printf_percent$$00000003)
    .ARM.Collect$$_printf_percent$$00000009  0x08000202   Section        6  _printf_d.o(.ARM.Collect$$_printf_percent$$00000009)
    .ARM.Collect$$_printf_percent$$00000017  0x08000208   Section        4  _printf_percent_end.o(.ARM.Collect$$_printf_percent$$00000017)
    .ARM.Collect$$libinit$$00000000          0x0800020c   Section        2  libinit.o(.ARM.Collect$$libinit$$00000000)
    .ARM.Collect$$libinit$$00000001          0x0800020e   Section        4  libinit2.o(.ARM.Collect$$libinit$$00000001)
    .ARM.Collect$$libinit$$00000004          0x08000212   Section        0  libinit2.o(.ARM.Collect$$libinit$$00000004)
    .ARM.Collect$$libinit$$00000005          0x08000212   Section        8  libinit2.o(.ARM.Collect$$libinit$$00000005)
    .ARM.Collect$$libinit$$0000000A          0x0800021a   Section        0  libinit2.o(.ARM.Collect$$libinit$$0000000A)
    .ARM.Collect$$libinit$$0000000C          0x0800021a   Section        0  libinit2.o(.ARM.Collect$$libinit$$0000000C)
    .ARM.Collect$$libinit$$0000000E          0x0800021a   Section        0  libinit2.o(.ARM.Collect$$libinit$$0000000E)
    .ARM.Collect$$libinit$$0000000F          0x0800021a   Section        6  libinit2.o(.ARM.Collect$$libinit$$0000000F)
    .ARM.Collect$$libinit$$00000011          0x08000220   Section        0  libinit2.o(.ARM.Collect$$libinit$$00000011)
    .ARM.Collect$$libinit$$00000013          0x08000220   Section        0  libinit2.o(.ARM.Collect$$libinit$$00000013)
    .ARM.Collect$$libinit$$00000015          0x08000220   Section        0  libinit2.o(.ARM.Collect$$libinit$$00000015)
    .ARM.Collect$$libinit$$00000016          0x08000220   Section       10  libinit2.o(.ARM.Collect$$libinit$$00000016)
    .ARM.Collect$$libinit$$00000017          0x0800022a   Section        0  libinit2.o(.ARM.Collect$$libinit$$00000017)
    .ARM.Collect$$libinit$$00000019          0x0800022a   Section        0  libinit2.o(.ARM.Collect$$libinit$$00000019)
    .ARM.Collect$$libinit$$0000001B          0x0800022a   Section        0  libinit2.o(.ARM.Collect$$libinit$$0000001B)
    .ARM.Collect$$libinit$$0000001D          0x0800022a   Section        0  libinit2.o(.ARM.Collect$$libinit$$0000001D)
    .ARM.Collect$$libinit$$0000001F          0x0800022a   Section        0  libinit2.o(.ARM.Collect$$libinit$$0000001F)
    .ARM.Collect$$libinit$$00000021          0x0800022a   Section        0  libinit2.o(.ARM.Collect$$libinit$$00000021)
    .ARM.Collect$$libinit$$00000023          0x0800022a   Section        0  libinit2.o(.ARM.Collect$$libinit$$00000023)
    .ARM.Collect$$libinit$$00000025          0x0800022a   Section        0  libinit2.o(.ARM.Collect$$libinit$$00000025)
    .ARM.Collect$$libinit$$0000002C          0x0800022a   Section        0  libinit2.o(.ARM.Collect$$libinit$$0000002C)
    .ARM.Collect$$libinit$$0000002E          0x0800022a   Section        0  libinit2.o(.ARM.Collect$$libinit$$0000002E)
    .ARM.Collect$$libinit$$00000030          0x0800022a   Section        0  libinit2.o(.ARM.Collect$$libinit$$00000030)
    .ARM.Collect$$libinit$$00000032          0x0800022a   Section        0  libinit2.o(.ARM.Collect$$libinit$$00000032)
    .ARM.Collect$$libinit$$00000033          0x0800022a   Section        2  libinit2.o(.ARM.Collect$$libinit$$00000033)
    .ARM.Collect$$libshutdown$$00000000      0x0800022c   Section        2  libshutdown.o(.ARM.Collect$$libshutdown$$00000000)
    .ARM.Collect$$libshutdown$$00000003      0x0800022e   Section        0  libshutdown2.o(.ARM.Collect$$libshutdown$$00000003)
    .ARM.Collect$$libshutdown$$00000006      0x0800022e   Section        0  libshutdown2.o(.ARM.Collect$$libshutdown$$00000006)
    .ARM.Collect$$libshutdown$$00000009      0x0800022e   Section        0  libshutdown2.o(.ARM.Collect$$libshutdown$$00000009)
    .ARM.Collect$$libshutdown$$0000000B      0x0800022e   Section        0  libshutdown2.o(.ARM.Collect$$libshutdown$$0000000B)
    .ARM.Collect$$libshutdown$$0000000E      0x0800022e   Section        0  libshutdown2.o(.ARM.Collect$$libshutdown$$0000000E)
    .ARM.Collect$$libshutdown$$0000000F      0x0800022e   Section        2  libshutdown2.o(.ARM.Collect$$libshutdown$$0000000F)
    .ARM.Collect$$rtentry$$00000000          0x08000230   Section        0  __rtentry.o(.ARM.Collect$$rtentry$$00000000)
    .ARM.Collect$$rtentry$$00000002          0x08000230   Section        0  __rtentry2.o(.ARM.Collect$$rtentry$$00000002)
    .ARM.Collect$$rtentry$$00000004          0x08000230   Section        6  __rtentry4.o(.ARM.Collect$$rtentry$$00000004)
    .ARM.Collect$$rtentry$$00000009          0x08000236   Section        0  __rtentry2.o(.ARM.Collect$$rtentry$$00000009)
    .ARM.Collect$$rtentry$$0000000A          0x08000236   Section        4  __rtentry2.o(.ARM.Collect$$rtentry$$0000000A)
    .ARM.Collect$$rtentry$$0000000C          0x0800023a   Section        0  __rtentry2.o(.ARM.Collect$$rtentry$$0000000C)
    .ARM.Collect$$rtentry$$0000000D          0x0800023a   Section        8  __rtentry2.o(.ARM.Collect$$rtentry$$0000000D)
    .ARM.Collect$$rtexit$$00000000           0x08000242   Section        2  rtexit.o(.ARM.Collect$$rtexit$$00000000)
    .ARM.Collect$$rtexit$$00000002           0x08000244   Section        0  rtexit2.o(.ARM.Collect$$rtexit$$00000002)
    .ARM.Collect$$rtexit$$00000003           0x08000244   Section        4  rtexit2.o(.ARM.Collect$$rtexit$$00000003)
    .ARM.Collect$$rtexit$$00000004           0x08000248   Section        6  rtexit2.o(.ARM.Collect$$rtexit$$00000004)
    .emb_text                                0x08000250   Section        0  maybetermalloc1.o(.emb_text)
    .text                                    0x08000250   Section       64  startup_stm32f407xx.o(.text)
    $v0                                      0x08000250   Number         0  startup_stm32f407xx.o(.text)
    .text                                    0x08000290   Section        0  h1_alloc.o(.text)
    .text                                    0x080002ee   Section        0  h1_free.o(.text)
    .text                                    0x0800033c   Section        0  noretval__2sprintf.o(.text)
    .text                                    0x08000364   Section        0  _printf_pad.o(.text)
    .text                                    0x080003b4   Section        0  _printf_dec.o(.text)
    .text                                    0x0800042c   Section        0  __printf_wp.o(.text)
    .text                                    0x0800053a   Section        0  strlen.o(.text)
    .text                                    0x08000578   Section      100  rt_memcpy_w.o(.text)
    .text                                    0x080005dc   Section        0  heapauxi.o(.text)
    .text                                    0x080005e4   Section        8  rt_heap_descriptor_intlibspace.o(.text)
    .text                                    0x080005ec   Section        0  hguard.o(.text)
    .text                                    0x080005f0   Section        0  init_alloc.o(.text)
    .text                                    0x0800067a   Section        0  h1_init.o(.text)
    .text                                    0x08000688   Section        0  _rserrno.o(.text)
    .text                                    0x0800069e   Section        0  _printf_intcommon.o(.text)
    .text                                    0x08000750   Section        0  _printf_fp_dec.o(.text)
    _fp_digits                               0x08000753   Thumb Code   428  _printf_fp_dec.o(.text)
    .text                                    0x08000b6c   Section        0  _printf_char_common.o(.text)
    _printf_input_char                       0x08000b6d   Thumb Code    10  _printf_char_common.o(.text)
    .text                                    0x08000b9c   Section        0  _sputc.o(.text)
    .text                                    0x08000ba8   Section        8  libspace.o(.text)
    .text                                    0x08000bb0   Section        8  rt_locale_intlibspace.o(.text)
    .text                                    0x08000bb8   Section        8  rt_errno_addr_intlibspace.o(.text)
    .text                                    0x08000bc0   Section        0  h1_extend.o(.text)
    .text                                    0x08000bf4   Section      138  lludiv10.o(.text)
    .text                                    0x08000c80   Section        0  _printf_fp_infnan.o(.text)
    .text                                    0x08000d00   Section        0  bigflt0.o(.text)
    .text                                    0x08000ddc   Section        0  defsig_rtmem_outer.o(.text)
    .text                                    0x08000dea   Section        2  use_no_semi.o(.text)
    .text                                    0x08000dec   Section       74  sys_stackheap_outer.o(.text)
    .text                                    0x08000dec   Section        0  indicate_semi.o(.text)
    .text                                    0x08000e36   Section        0  exit.o(.text)
    .text                                    0x08000e42   Section        0  defsig_exit.o(.text)
    .text                                    0x08000e4c   Section        0  defsig_rtmem_inner.o(.text)
    .text                                    0x08000e9c   Section      128  strcmpv7m.o(.text)
    .text                                    0x08000f1c   Section        0  sys_exit.o(.text)
    .text                                    0x08000f28   Section        0  defsig_general.o(.text)
    .text                                    0x08000f5a   Section        0  sys_wrch.o(.text)
    CL$$btod_d2e                             0x08000f68   Section       62  btod.o(CL$$btod_d2e)
    CL$$btod_d2e_denorm_low                  0x08000fa6   Section       70  btod.o(CL$$btod_d2e_denorm_low)
    CL$$btod_d2e_norm_op1                    0x08000fec   Section       96  btod.o(CL$$btod_d2e_norm_op1)
    CL$$btod_div_common                      0x0800104c   Section      824  btod.o(CL$$btod_div_common)
    CL$$btod_e2e                             0x08001384   Section      198  btod.o(CL$$btod_e2e)
    CL$$btod_ediv                            0x0800144a   Section       40  btod.o(CL$$btod_ediv)
    CL$$btod_emul                            0x08001472   Section       40  btod.o(CL$$btod_emul)
    CL$$btod_mult_common                     0x0800149a   Section      580  btod.o(CL$$btod_mult_common)
    i.ADXL345_DMA_Init                       0x080016e0   Section        0  main.o(i.ADXL345_DMA_Init)
    i.ADXL345_ProcessData                    0x08001760   Section        0  main.o(i.ADXL345_ProcessData)
    i.Accel_Init                             0x08001ccc   Section        0  main.o(i.Accel_Init)
    i.DMA2_Stream0_IRQHandler                0x08001ce8   Section        0  main.o(i.DMA2_Stream0_IRQHandler)
    i.DMA2_Stream5_IRQHandler                0x08001d34   Section        0  main.o(i.DMA2_Stream5_IRQHandler)
    i.EXTI0_IRQHandler                       0x08001d64   Section        0  main.o(i.EXTI0_IRQHandler)
    i.EXTI2_IRQHandler                       0x08001d80   Section        0  main.o(i.EXTI2_IRQHandler)
    i.EXTI4_IRQHandler                       0x08001de0   Section        0  main.o(i.EXTI4_IRQHandler)
    i.EXTI_Init                              0x08001e38   Section        0  main.o(i.EXTI_Init)
    i.GPIO_init                              0x08001efc   Section        0  main.o(i.GPIO_init)
    i.LSDH_Calibr                            0x08002170   Section        0  main.o(i.LSDH_Calibr)
    i.LSDH_read                              0x080022dc   Section        0  main.o(i.LSDH_read)
    i.LSDH_write                             0x080022f2   Section        0  main.o(i.LSDH_write)
    i.NVIC_EnableIRQ                         0x08002306   Section        0  main.o(i.NVIC_EnableIRQ)
    NVIC_EnableIRQ                           0x08002307   Thumb Code    22  main.o(i.NVIC_EnableIRQ)
    i.RCC_Init                               0x0800231c   Section        0  main.o(i.RCC_Init)
    i.SPI1_GPIO_Init                         0x08002358   Section        0  main.o(i.SPI1_GPIO_Init)
    i.SPI1_Init                              0x0800247c   Section        0  main.o(i.SPI1_Init)
    i.SPI1_Transfer                          0x080024f4   Section        0  main.o(i.SPI1_Transfer)
    i.SPI_FIRST_INIT                         0x08002550   Section        0  main.o(i.SPI_FIRST_INIT)
    i.SendTelemetry                          0x0800258c   Section        0  main.o(i.SendTelemetry)
    i.SystemInit                             0x08002610   Section        0  system_stm32f4xx.o(i.SystemInit)
    i.TIM2_IRQHandler                        0x080026ac   Section        0  main.o(i.TIM2_IRQHandler)
    i.TIM3_IRQHandler                        0x08002740   Section        0  main.o(i.TIM3_IRQHandler)
    i.TIM7_IRQHandler                        0x0800284c   Section        0  main.o(i.TIM7_IRQHandler)
    i.TIMERS_init                            0x08002860   Section        0  main.o(i.TIMERS_init)
    i.USART2_IRQHandler                      0x080029c8   Section        0  main.o(i.USART2_IRQHandler)
    i.USART_init                             0x08002dbc   Section        0  main.o(i.USART_init)
    i.__ARM_fpclassify                       0x08002e8c   Section        0  fpclassify.o(i.__ARM_fpclassify)
    i.__hardfp_atan                          0x08002ec0   Section        0  atan.o(i.__hardfp_atan)
    i.__hardfp_fabs                          0x08003198   Section        0  fabs.o(i.__hardfp_fabs)
    i.__hardfp_sqrt                          0x080031ac   Section        0  sqrt.o(i.__hardfp_sqrt)
    i.__kernel_poly                          0x08003226   Section        0  poly.o(i.__kernel_poly)
    i.__mathlib_dbl_infnan                   0x0800331e   Section        0  dunder.o(i.__mathlib_dbl_infnan)
    i.__mathlib_dbl_underflow                0x08003338   Section        0  dunder.o(i.__mathlib_dbl_underflow)
    i._is_digit                              0x08003358   Section        0  __printf_wp.o(i._is_digit)
    i.chooseRoot                             0x08003368   Section        0  main.o(i.chooseRoot)
    i.det3                                   0x080034e8   Section        0  main.o(i.det3)
    i.fabs                                   0x0800366a   Section        0  fabs.o(i.fabs)
    i.main                                   0x08003684   Section        0  main.o(i.main)
    i.mat_mul                                0x080036e0   Section        0  main.o(i.mat_mul)
    i.send_to_uart                           0x08003798   Section        0  main.o(i.send_to_uart)
    i.system_solve                           0x080037b4   Section        0  main.o(i.system_solve)
    i.transpose                              0x080038a6   Section        0  main.o(i.transpose)
    locale$$code                             0x080038dc   Section       44  lc_numeric_c.o(locale$$code)
    x$fpl$basic                              0x08003908   Section       24  basic.o(x$fpl$basic)
    $v0                                      0x08003908   Number         0  basic.o(x$fpl$basic)
    x$fpl$dadd                               0x08003920   Section      336  daddsub_clz.o(x$fpl$dadd)
    $v0                                      0x08003920   Number         0  daddsub_clz.o(x$fpl$dadd)
    _dadd1                                   0x08003931   Thumb Code     0  daddsub_clz.o(x$fpl$dadd)
    x$fpl$dcmpinf                            0x08003a70   Section       24  dcmpi.o(x$fpl$dcmpinf)
    $v0                                      0x08003a70   Number         0  dcmpi.o(x$fpl$dcmpinf)
    x$fpl$ddiv                               0x08003a88   Section      688  ddiv.o(x$fpl$ddiv)
    $v0                                      0x08003a88   Number         0  ddiv.o(x$fpl$ddiv)
    ddiv_entry                               0x08003a8f   Thumb Code     0  ddiv.o(x$fpl$ddiv)
    x$fpl$dfix                               0x08003d38   Section       94  dfix.o(x$fpl$dfix)
    $v0                                      0x08003d38   Number         0  dfix.o(x$fpl$dfix)
    x$fpl$dflt                               0x08003d96   Section       46  dflt_clz.o(x$fpl$dflt)
    $v0                                      0x08003d96   Number         0  dflt_clz.o(x$fpl$dflt)
    x$fpl$dfltu                              0x08003dc4   Section       38  dflt_clz.o(x$fpl$dfltu)
    $v0                                      0x08003dc4   Number         0  dflt_clz.o(x$fpl$dfltu)
    x$fpl$dleqf                              0x08003dec   Section      120  dleqf.o(x$fpl$dleqf)
    $v0                                      0x08003dec   Number         0  dleqf.o(x$fpl$dleqf)
    x$fpl$dmul                               0x08003e64   Section      340  dmul.o(x$fpl$dmul)
    $v0                                      0x08003e64   Number         0  dmul.o(x$fpl$dmul)
    x$fpl$dnaninf                            0x08003fb8   Section      156  dnaninf.o(x$fpl$dnaninf)
    $v0                                      0x08003fb8   Number         0  dnaninf.o(x$fpl$dnaninf)
    x$fpl$dretinf                            0x08004054   Section       12  dretinf.o(x$fpl$dretinf)
    $v0                                      0x08004054   Number         0  dretinf.o(x$fpl$dretinf)
    x$fpl$drleqf                             0x08004060   Section      108  drleqf.o(x$fpl$drleqf)
    $v0                                      0x08004060   Number         0  drleqf.o(x$fpl$drleqf)
    x$fpl$drsb                               0x080040cc   Section       22  daddsub_clz.o(x$fpl$drsb)
    $v0                                      0x080040cc   Number         0  daddsub_clz.o(x$fpl$drsb)
    x$fpl$dsqrt                              0x080040e4   Section      408  dsqrt_umaal.o(x$fpl$dsqrt)
    $v0                                      0x080040e4   Number         0  dsqrt_umaal.o(x$fpl$dsqrt)
    x$fpl$dsub                               0x0800427c   Section      468  daddsub_clz.o(x$fpl$dsub)
    $v0                                      0x0800427c   Number         0  daddsub_clz.o(x$fpl$dsub)
    _dsub1                                   0x0800428d   Thumb Code     0  daddsub_clz.o(x$fpl$dsub)
    x$fpl$fpinit                             0x08004450   Section       10  fpinit.o(x$fpl$fpinit)
    $v0                                      0x08004450   Number         0  fpinit.o(x$fpl$fpinit)
    x$fpl$printf1                            0x0800445a   Section        4  printf1.o(x$fpl$printf1)
    $v0                                      0x0800445a   Number         0  printf1.o(x$fpl$printf1)
    x$fpl$usenofp                            0x0800445e   Section        0  usenofp.o(x$fpl$usenofp)
    .constdata                               0x08004460   Section      152  atan.o(.constdata)
    atanhi                                   0x08004460   Data          32  atan.o(.constdata)
    atanlo                                   0x08004480   Data          32  atan.o(.constdata)
    aTodd                                    0x080044a0   Data          40  atan.o(.constdata)
    aTeven                                   0x080044c8   Data          48  atan.o(.constdata)
    .constdata                               0x080044f8   Section      148  bigflt0.o(.constdata)
    tenpwrs_x                                0x080044f8   Data          60  bigflt0.o(.constdata)
    tenpwrs_i                                0x08004534   Data          64  bigflt0.o(.constdata)
    locale$$data                             0x080045ac   Section       28  lc_numeric_c.o(locale$$data)
    __lcnum_c_name                           0x080045b0   Data           2  lc_numeric_c.o(locale$$data)
    __lcnum_c_start                          0x080045b8   Data           0  lc_numeric_c.o(locale$$data)
    __lcnum_c_point                          0x080045c4   Data           0  lc_numeric_c.o(locale$$data)
    __lcnum_c_thousands                      0x080045c6   Data           0  lc_numeric_c.o(locale$$data)
    __lcnum_c_grouping                       0x080045c7   Data           0  lc_numeric_c.o(locale$$data)
    __lcnum_c_end                            0x080045c8   Data           0  lc_numeric_c.o(locale$$data)
    .data                                    0x20000000   Section      260  main.o(.data)
    .bss                                     0x20000108   Section      504  main.o(.bss)
    .bss                                     0x20000300   Section       96  libspace.o(.bss)
    HEAP                                     0x20000360   Section      512  startup_stm32f407xx.o(HEAP)
    Heap_Mem                                 0x20000360   Data         512  startup_stm32f407xx.o(HEAP)
    STACK                                    0x20000560   Section     1024  startup_stm32f407xx.o(STACK)
    Stack_Mem                                0x20000560   Data        1024  startup_stm32f407xx.o(STACK)
    __initial_sp                             0x20000960   Data           0  startup_stm32f407xx.o(STACK)

    Global Symbols

    Symbol Name                              Value     Ov Type        Size  Object(Section)

    BuildAttributes$$THM_ISAv4$E$P$D$K$B$S$7EM$VFPi3$EXTD16$VFPS$VFMA$PE$A:L22UL41UL21$X:L11$S22US41US21$IEEE1$IW$USESV6$~STKCKD$USESV7$~SHL$OTIME$ROPI$IEEEX$EBA8$UX$STANDARDLIB$REQ8$PRES8$EABIv2 0x00000000   Number         0  anon$$obj.o ABSOLUTE
    __ARM_use_no_argv                        0x00000000   Number         0  main.o ABSOLUTE
    _printf_flags                            0x00000000   Number         0  printf_stubs.o ABSOLUTE
    _printf_return_value                     0x00000000   Number         0  printf_stubs.o ABSOLUTE
    _printf_sizespec                         0x00000000   Number         0  printf_stubs.o ABSOLUTE
    _printf_widthprec                        0x00000000   Number         0  printf_stubs.o ABSOLUTE
    __ARM_exceptions_init                     - Undefined Weak Reference
    __alloca_initialize                       - Undefined Weak Reference
    __arm_preinit_                            - Undefined Weak Reference
    __cpp_initialize__aeabi_                  - Undefined Weak Reference
    __cxa_finalize                            - Undefined Weak Reference
    __sigvec_lookup                           - Undefined Weak Reference
    __user_heap_extent                        - Undefined Weak Reference
    _atexit_init                              - Undefined Weak Reference
    _call_atexit_fns                          - Undefined Weak Reference
    _clock_init                               - Undefined Weak Reference
    _fp_trap_init                             - Undefined Weak Reference
    _fp_trap_shutdown                         - Undefined Weak Reference
    _get_lc_collate                           - Undefined Weak Reference
    _get_lc_ctype                             - Undefined Weak Reference
    _get_lc_monetary                          - Undefined Weak Reference
    _get_lc_time                              - Undefined Weak Reference
    _getenv_init                              - Undefined Weak Reference
    _handle_redirection                       - Undefined Weak Reference
    _initio                                   - Undefined Weak Reference
    _mutex_acquire                            - Undefined Weak Reference
    _mutex_free                               - Undefined Weak Reference
    _mutex_release                            - Undefined Weak Reference
    _printf_truncate_signed                   - Undefined Weak Reference
    _printf_truncate_unsigned                 - Undefined Weak Reference
    _rand_init                                - Undefined Weak Reference
    _signal_finish                            - Undefined Weak Reference
    _signal_init                              - Undefined Weak Reference
    _terminateio                              - Undefined Weak Reference
    __Vectors_Size                           0x00000188   Number         0  startup_stm32f407xx.o ABSOLUTE
    __Vectors                                0x08000000   Data           4  startup_stm32f407xx.o(RESET)
    __Vectors_End                            0x08000188   Data           0  startup_stm32f407xx.o(RESET)
    __main                                   0x08000189   Thumb Code     8  __main.o(!!!main)
    __scatterload                            0x08000191   Thumb Code     0  __scatter.o(!!!scatter)
    __scatterload_rt2                        0x08000191   Thumb Code    44  __scatter.o(!!!scatter)
    __scatterload_rt2_thumb_only             0x08000191   Thumb Code     0  __scatter.o(!!!scatter)
    __scatterload_null                       0x0800019f   Thumb Code     0  __scatter.o(!!!scatter)
    __scatterload_copy                       0x080001c5   Thumb Code    26  __scatter_copy.o(!!handler_copy)
    __scatterload_zeroinit                   0x080001e1   Thumb Code    28  __scatter_zi.o(!!handler_zi)
    _printf_f                                0x080001fd   Thumb Code     0  _printf_f.o(.ARM.Collect$$_printf_percent$$00000003)
    _printf_percent                          0x080001fd   Thumb Code     0  _printf_percent.o(.ARM.Collect$$_printf_percent$$00000000)
    _printf_d                                0x08000203   Thumb Code     0  _printf_d.o(.ARM.Collect$$_printf_percent$$00000009)
    _printf_percent_end                      0x08000209   Thumb Code     0  _printf_percent_end.o(.ARM.Collect$$_printf_percent$$00000017)
    __rt_lib_init                            0x0800020d   Thumb Code     0  libinit.o(.ARM.Collect$$libinit$$00000000)
    __rt_lib_init_fp_1                       0x0800020f   Thumb Code     0  libinit2.o(.ARM.Collect$$libinit$$00000001)
    __rt_lib_init_heap_2                     0x08000213   Thumb Code     0  libinit2.o(.ARM.Collect$$libinit$$00000005)
    __rt_lib_init_preinit_1                  0x08000213   Thumb Code     0  libinit2.o(.ARM.Collect$$libinit$$00000004)
    __rt_lib_init_heap_1                     0x0800021b   Thumb Code     0  libinit2.o(.ARM.Collect$$libinit$$0000000A)
    __rt_lib_init_lc_common                  0x0800021b   Thumb Code     0  libinit2.o(.ARM.Collect$$libinit$$0000000F)
    __rt_lib_init_rand_1                     0x0800021b   Thumb Code     0  libinit2.o(.ARM.Collect$$libinit$$0000000E)
    __rt_lib_init_user_alloc_1               0x0800021b   Thumb Code     0  libinit2.o(.ARM.Collect$$libinit$$0000000C)
    __rt_lib_init_lc_collate_1               0x08000221   Thumb Code     0  libinit2.o(.ARM.Collect$$libinit$$00000011)
    __rt_lib_init_lc_ctype_1                 0x08000221   Thumb Code     0  libinit2.o(.ARM.Collect$$libinit$$00000013)
    __rt_lib_init_lc_monetary_1              0x08000221   Thumb Code     0  libinit2.o(.ARM.Collect$$libinit$$00000015)
    __rt_lib_init_lc_numeric_2               0x08000221   Thumb Code     0  libinit2.o(.ARM.Collect$$libinit$$00000016)
    __rt_lib_init_alloca_1                   0x0800022b   Thumb Code     0  libinit2.o(.ARM.Collect$$libinit$$0000002E)
    __rt_lib_init_argv_1                     0x0800022b   Thumb Code     0  libinit2.o(.ARM.Collect$$libinit$$0000002C)
    __rt_lib_init_atexit_1                   0x0800022b   Thumb Code     0  libinit2.o(.ARM.Collect$$libinit$$0000001B)
    __rt_lib_init_clock_1                    0x0800022b   Thumb Code     0  libinit2.o(.ARM.Collect$$libinit$$00000021)
    __rt_lib_init_cpp_1                      0x0800022b   Thumb Code     0  libinit2.o(.ARM.Collect$$libinit$$00000032)
    __rt_lib_init_exceptions_1               0x0800022b   Thumb Code     0  libinit2.o(.ARM.Collect$$libinit$$00000030)
    __rt_lib_init_fp_trap_1                  0x0800022b   Thumb Code     0  libinit2.o(.ARM.Collect$$libinit$$0000001F)
    __rt_lib_init_getenv_1                   0x0800022b   Thumb Code     0  libinit2.o(.ARM.Collect$$libinit$$00000023)
    __rt_lib_init_lc_numeric_1               0x0800022b   Thumb Code     0  libinit2.o(.ARM.Collect$$libinit$$00000017)
    __rt_lib_init_lc_time_1                  0x0800022b   Thumb Code     0  libinit2.o(.ARM.Collect$$libinit$$00000019)
    __rt_lib_init_return                     0x0800022b   Thumb Code     0  libinit2.o(.ARM.Collect$$libinit$$00000033)
    __rt_lib_init_signal_1                   0x0800022b   Thumb Code     0  libinit2.o(.ARM.Collect$$libinit$$0000001D)
    __rt_lib_init_stdio_1                    0x0800022b   Thumb Code     0  libinit2.o(.ARM.Collect$$libinit$$00000025)
    __rt_lib_shutdown                        0x0800022d   Thumb Code     0  libshutdown.o(.ARM.Collect$$libshutdown$$00000000)
    __rt_lib_shutdown_fp_trap_1              0x0800022f   Thumb Code     0  libshutdown2.o(.ARM.Collect$$libshutdown$$00000006)
    __rt_lib_shutdown_heap_1                 0x0800022f   Thumb Code     0  libshutdown2.o(.ARM.Collect$$libshutdown$$0000000E)
    __rt_lib_shutdown_return                 0x0800022f   Thumb Code     0  libshutdown2.o(.ARM.Collect$$libshutdown$$0000000F)
    __rt_lib_shutdown_signal_1               0x0800022f   Thumb Code     0  libshutdown2.o(.ARM.Collect$$libshutdown$$00000009)
    __rt_lib_shutdown_stdio_1                0x0800022f   Thumb Code     0  libshutdown2.o(.ARM.Collect$$libshutdown$$00000003)
    __rt_lib_shutdown_user_alloc_1           0x0800022f   Thumb Code     0  libshutdown2.o(.ARM.Collect$$libshutdown$$0000000B)
    __rt_entry                               0x08000231   Thumb Code     0  __rtentry.o(.ARM.Collect$$rtentry$$00000000)
    __rt_entry_presh_1                       0x08000231   Thumb Code     0  __rtentry2.o(.ARM.Collect$$rtentry$$00000002)
    __rt_entry_sh                            0x08000231   Thumb Code     0  __rtentry4.o(.ARM.Collect$$rtentry$$00000004)
    __rt_entry_li                            0x08000237   Thumb Code     0  __rtentry2.o(.ARM.Collect$$rtentry$$0000000A)
    __rt_entry_postsh_1                      0x08000237   Thumb Code     0  __rtentry2.o(.ARM.Collect$$rtentry$$00000009)
    __rt_entry_main                          0x0800023b   Thumb Code     0  __rtentry2.o(.ARM.Collect$$rtentry$$0000000D)
    __rt_entry_postli_1                      0x0800023b   Thumb Code     0  __rtentry2.o(.ARM.Collect$$rtentry$$0000000C)
    __rt_exit                                0x08000243   Thumb Code     0  rtexit.o(.ARM.Collect$$rtexit$$00000000)
    __rt_exit_ls                             0x08000245   Thumb Code     0  rtexit2.o(.ARM.Collect$$rtexit$$00000003)
    __rt_exit_prels_1                        0x08000245   Thumb Code     0  rtexit2.o(.ARM.Collect$$rtexit$$00000002)
    __rt_exit_exit                           0x08000249   Thumb Code     0  rtexit2.o(.ARM.Collect$$rtexit$$00000004)
    Reset_Handler                            0x08000251   Thumb Code     8  startup_stm32f407xx.o(.text)
    _maybe_terminate_alloc                   0x08000251   Thumb Code     0  maybetermalloc1.o(.emb_text)
    NMI_Handler                              0x08000259   Thumb Code     2  startup_stm32f407xx.o(.text)
    HardFault_Handler                        0x0800025b   Thumb Code     2  startup_stm32f407xx.o(.text)
    MemManage_Handler                        0x0800025d   Thumb Code     2  startup_stm32f407xx.o(.text)
    BusFault_Handler                         0x0800025f   Thumb Code     2  startup_stm32f407xx.o(.text)
    UsageFault_Handler                       0x08000261   Thumb Code     2  startup_stm32f407xx.o(.text)
    SVC_Handler                              0x08000263   Thumb Code     2  startup_stm32f407xx.o(.text)
    DebugMon_Handler                         0x08000265   Thumb Code     2  startup_stm32f407xx.o(.text)
    PendSV_Handler                           0x08000267   Thumb Code     2  startup_stm32f407xx.o(.text)
    SysTick_Handler                          0x08000269   Thumb Code     2  startup_stm32f407xx.o(.text)
    ADC_IRQHandler                           0x0800026b   Thumb Code     0  startup_stm32f407xx.o(.text)
    CAN1_RX0_IRQHandler                      0x0800026b   Thumb Code     0  startup_stm32f407xx.o(.text)
    CAN1_RX1_IRQHandler                      0x0800026b   Thumb Code     0  startup_stm32f407xx.o(.text)
    CAN1_SCE_IRQHandler                      0x0800026b   Thumb Code     0  startup_stm32f407xx.o(.text)
    CAN1_TX_IRQHandler                       0x0800026b   Thumb Code     0  startup_stm32f407xx.o(.text)
    CAN2_RX0_IRQHandler                      0x0800026b   Thumb Code     0  startup_stm32f407xx.o(.text)
    CAN2_RX1_IRQHandler                      0x0800026b   Thumb Code     0  startup_stm32f407xx.o(.text)
    CAN2_SCE_IRQHandler                      0x0800026b   Thumb Code     0  startup_stm32f407xx.o(.text)
    CAN2_TX_IRQHandler                       0x0800026b   Thumb Code     0  startup_stm32f407xx.o(.text)
    DCMI_IRQHandler                          0x0800026b   Thumb Code     0  startup_stm32f407xx.o(.text)
    DMA1_Stream0_IRQHandler                  0x0800026b   Thumb Code     0  startup_stm32f407xx.o(.text)
    DMA1_Stream1_IRQHandler                  0x0800026b   Thumb Code     0  startup_stm32f407xx.o(.text)
    DMA1_Stream2_IRQHandler                  0x0800026b   Thumb Code     0  startup_stm32f407xx.o(.text)
    DMA1_Stream3_IRQHandler                  0x0800026b   Thumb Code     0  startup_stm32f407xx.o(.text)
    DMA1_Stream4_IRQHandler                  0x0800026b   Thumb Code     0  startup_stm32f407xx.o(.text)
    DMA1_Stream5_IRQHandler                  0x0800026b   Thumb Code     0  startup_stm32f407xx.o(.text)
    DMA1_Stream6_IRQHandler                  0x0800026b   Thumb Code     0  startup_stm32f407xx.o(.text)
    DMA1_Stream7_IRQHandler                  0x0800026b   Thumb Code     0  startup_stm32f407xx.o(.text)
    DMA2_Stream1_IRQHandler                  0x0800026b   Thumb Code     0  startup_stm32f407xx.o(.text)
    DMA2_Stream2_IRQHandler                  0x0800026b   Thumb Code     0  startup_stm32f407xx.o(.text)
    DMA2_Stream3_IRQHandler                  0x0800026b   Thumb Code     0  startup_stm32f407xx.o(.text)
    DMA2_Stream4_IRQHandler                  0x0800026b   Thumb Code     0  startup_stm32f407xx.o(.text)
    DMA2_Stream6_IRQHandler                  0x0800026b   Thumb Code     0  startup_stm32f407xx.o(.text)
    DMA2_Stream7_IRQHandler                  0x0800026b   Thumb Code     0  startup_stm32f407xx.o(.text)
    ETH_IRQHandler                           0x0800026b   Thumb Code     0  startup_stm32f407xx.o(.text)
    ETH_WKUP_IRQHandler                      0x0800026b   Thumb Code     0  startup_stm32f407xx.o(.text)
    EXTI15_10_IRQHandler                     0x0800026b   Thumb Code     0  startup_stm32f407xx.o(.text)
    EXTI1_IRQHandler                         0x0800026b   Thumb Code     0  startup_stm32f407xx.o(.text)
    EXTI3_IRQHandler                         0x0800026b   Thumb Code     0  startup_stm32f407xx.o(.text)
    EXTI9_5_IRQHandler                       0x0800026b   Thumb Code     0  startup_stm32f407xx.o(.text)
    FLASH_IRQHandler                         0x0800026b   Thumb Code     0  startup_stm32f407xx.o(.text)
    FMC_IRQHandler                           0x0800026b   Thumb Code     0  startup_stm32f407xx.o(.text)
    FPU_IRQHandler                           0x0800026b   Thumb Code     0  startup_stm32f407xx.o(.text)
    HASH_RNG_IRQHandler                      0x0800026b   Thumb Code     0  startup_stm32f407xx.o(.text)
    I2C1_ER_IRQHandler                       0x0800026b   Thumb Code     0  startup_stm32f407xx.o(.text)
    I2C1_EV_IRQHandler                       0x0800026b   Thumb Code     0  startup_stm32f407xx.o(.text)
    I2C2_ER_IRQHandler                       0x0800026b   Thumb Code     0  startup_stm32f407xx.o(.text)
    I2C2_EV_IRQHandler                       0x0800026b   Thumb Code     0  startup_stm32f407xx.o(.text)
    I2C3_ER_IRQHandler                       0x0800026b   Thumb Code     0  startup_stm32f407xx.o(.text)
    I2C3_EV_IRQHandler                       0x0800026b   Thumb Code     0  startup_stm32f407xx.o(.text)
    OTG_FS_IRQHandler                        0x0800026b   Thumb Code     0  startup_stm32f407xx.o(.text)
    OTG_FS_WKUP_IRQHandler                   0x0800026b   Thumb Code     0  startup_stm32f407xx.o(.text)
    OTG_HS_EP1_IN_IRQHandler                 0x0800026b   Thumb Code     0  startup_stm32f407xx.o(.text)
    OTG_HS_EP1_OUT_IRQHandler                0x0800026b   Thumb Code     0  startup_stm32f407xx.o(.text)
    OTG_HS_IRQHandler                        0x0800026b   Thumb Code     0  startup_stm32f407xx.o(.text)
    OTG_HS_WKUP_IRQHandler                   0x0800026b   Thumb Code     0  startup_stm32f407xx.o(.text)
    PVD_IRQHandler                           0x0800026b   Thumb Code     0  startup_stm32f407xx.o(.text)
    RCC_IRQHandler                           0x0800026b   Thumb Code     0  startup_stm32f407xx.o(.text)
    RTC_Alarm_IRQHandler                     0x0800026b   Thumb Code     0  startup_stm32f407xx.o(.text)
    RTC_WKUP_IRQHandler                      0x0800026b   Thumb Code     0  startup_stm32f407xx.o(.text)
    SDIO_IRQHandler                          0x0800026b   Thumb Code     0  startup_stm32f407xx.o(.text)
    SPI1_IRQHandler                          0x0800026b   Thumb Code     0  startup_stm32f407xx.o(.text)
    SPI2_IRQHandler                          0x0800026b   Thumb Code     0  startup_stm32f407xx.o(.text)
    SPI3_IRQHandler                          0x0800026b   Thumb Code     0  startup_stm32f407xx.o(.text)
    TAMP_STAMP_IRQHandler                    0x0800026b   Thumb Code     0  startup_stm32f407xx.o(.text)
    TIM1_BRK_TIM9_IRQHandler                 0x0800026b   Thumb Code     0  startup_stm32f407xx.o(.text)
    TIM1_CC_IRQHandler                       0x0800026b   Thumb Code     0  startup_stm32f407xx.o(.text)
    TIM1_TRG_COM_TIM11_IRQHandler            0x0800026b   Thumb Code     0  startup_stm32f407xx.o(.text)
    TIM1_UP_TIM10_IRQHandler                 0x0800026b   Thumb Code     0  startup_stm32f407xx.o(.text)
    TIM4_IRQHandler                          0x0800026b   Thumb Code     0  startup_stm32f407xx.o(.text)
    TIM5_IRQHandler                          0x0800026b   Thumb Code     0  startup_stm32f407xx.o(.text)
    TIM6_DAC_IRQHandler                      0x0800026b   Thumb Code     0  startup_stm32f407xx.o(.text)
    TIM8_BRK_TIM12_IRQHandler                0x0800026b   Thumb Code     0  startup_stm32f407xx.o(.text)
    TIM8_CC_IRQHandler                       0x0800026b   Thumb Code     0  startup_stm32f407xx.o(.text)
    TIM8_TRG_COM_TIM14_IRQHandler            0x0800026b   Thumb Code     0  startup_stm32f407xx.o(.text)
    TIM8_UP_TIM13_IRQHandler                 0x0800026b   Thumb Code     0  startup_stm32f407xx.o(.text)
    UART4_IRQHandler                         0x0800026b   Thumb Code     0  startup_stm32f407xx.o(.text)
    UART5_IRQHandler                         0x0800026b   Thumb Code     0  startup_stm32f407xx.o(.text)
    USART1_IRQHandler                        0x0800026b   Thumb Code     0  startup_stm32f407xx.o(.text)
    USART3_IRQHandler                        0x0800026b   Thumb Code     0  startup_stm32f407xx.o(.text)
    USART6_IRQHandler                        0x0800026b   Thumb Code     0  startup_stm32f407xx.o(.text)
    WWDG_IRQHandler                          0x0800026b   Thumb Code     0  startup_stm32f407xx.o(.text)
    __user_initial_stackheap                 0x0800026d   Thumb Code     0  startup_stm32f407xx.o(.text)
    malloc                                   0x08000291   Thumb Code    94  h1_alloc.o(.text)
    free                                     0x080002ef   Thumb Code    78  h1_free.o(.text)
    __2sprintf                               0x0800033d   Thumb Code    34  noretval__2sprintf.o(.text)
    _printf_pre_padding                      0x08000365   Thumb Code    44  _printf_pad.o(.text)
    _printf_post_padding                     0x08000391   Thumb Code    34  _printf_pad.o(.text)
    _printf_int_dec                          0x080003b5   Thumb Code   104  _printf_dec.o(.text)
    __printf                                 0x0800042d   Thumb Code   270  __printf_wp.o(.text)
    strlen                                   0x0800053b   Thumb Code    62  strlen.o(.text)
    __aeabi_memcpy4                          0x08000579   Thumb Code     0  rt_memcpy_w.o(.text)
    __aeabi_memcpy8                          0x08000579   Thumb Code     0  rt_memcpy_w.o(.text)
    __rt_memcpy_w                            0x08000579   Thumb Code   100  rt_memcpy_w.o(.text)
    _memcpy_lastbytes_aligned                0x080005c1   Thumb Code     0  rt_memcpy_w.o(.text)
    __use_two_region_memory                  0x080005dd   Thumb Code     2  heapauxi.o(.text)
    __rt_heap_escrow                         0x080005df   Thumb Code     2  heapauxi.o(.text)
    __rt_heap_expand                         0x080005e1   Thumb Code     2  heapauxi.o(.text)
    __rt_heap_descriptor                     0x080005e5   Thumb Code     8  rt_heap_descriptor_intlibspace.o(.text)
    __use_no_heap                            0x080005ed   Thumb Code     2  hguard.o(.text)
    __heap$guard                             0x080005ef   Thumb Code     2  hguard.o(.text)
    _terminate_user_alloc                    0x080005f1   Thumb Code     2  init_alloc.o(.text)
    _init_user_alloc                         0x080005f3   Thumb Code     2  init_alloc.o(.text)
    __Heap_Full                              0x080005f5   Thumb Code    34  init_alloc.o(.text)
    __Heap_Broken                            0x08000617   Thumb Code     6  init_alloc.o(.text)
    _init_alloc                              0x0800061d   Thumb Code    94  init_alloc.o(.text)
    __Heap_Initialize                        0x0800067b   Thumb Code    10  h1_init.o(.text)
    __Heap_DescSize                          0x08000685   Thumb Code     4  h1_init.o(.text)
    __read_errno                             0x08000689   Thumb Code    10  _rserrno.o(.text)
    __set_errno                              0x08000693   Thumb Code    12  _rserrno.o(.text)
    _printf_int_common                       0x0800069f   Thumb Code   178  _printf_intcommon.o(.text)
    __lib_sel_fp_printf                      0x08000751   Thumb Code     2  _printf_fp_dec.o(.text)
    _printf_fp_dec_real                      0x080008ff   Thumb Code   620  _printf_fp_dec.o(.text)
    _printf_char_common                      0x08000b77   Thumb Code    32  _printf_char_common.o(.text)
    _sputc                                   0x08000b9d   Thumb Code    10  _sputc.o(.text)
    __user_libspace                          0x08000ba9   Thumb Code     8  libspace.o(.text)
    __user_perproc_libspace                  0x08000ba9   Thumb Code     0  libspace.o(.text)
    __user_perthread_libspace                0x08000ba9   Thumb Code     0  libspace.o(.text)
    __rt_locale                              0x08000bb1   Thumb Code     8  rt_locale_intlibspace.o(.text)
    __aeabi_errno_addr                       0x08000bb9   Thumb Code     8  rt_errno_addr_intlibspace.o(.text)
    __errno$intlibspace                      0x08000bb9   Thumb Code     0  rt_errno_addr_intlibspace.o(.text)
    __rt_errno_addr$intlibspace              0x08000bb9   Thumb Code     0  rt_errno_addr_intlibspace.o(.text)
    __Heap_ProvideMemory                     0x08000bc1   Thumb Code    52  h1_extend.o(.text)
    _ll_udiv10                               0x08000bf5   Thumb Code   138  lludiv10.o(.text)
    _printf_fp_infnan                        0x08000c81   Thumb Code   112  _printf_fp_infnan.o(.text)
    _btod_etento                             0x08000d01   Thumb Code   216  bigflt0.o(.text)
    __rt_SIGRTMEM                            0x08000ddd   Thumb Code    14  defsig_rtmem_outer.o(.text)
    __I$use$semihosting                      0x08000deb   Thumb Code     0  use_no_semi.o(.text)
    __use_no_semihosting_swi                 0x08000deb   Thumb Code     2  use_no_semi.o(.text)
    __semihosting_library_function           0x08000ded   Thumb Code     0  indicate_semi.o(.text)
    __user_setup_stackheap                   0x08000ded   Thumb Code    74  sys_stackheap_outer.o(.text)
    exit                                     0x08000e37   Thumb Code    12  exit.o(.text)
    __sig_exit                               0x08000e43   Thumb Code    10  defsig_exit.o(.text)
    __rt_SIGRTMEM_inner                      0x08000e4d   Thumb Code    22  defsig_rtmem_inner.o(.text)
    strcmp                                   0x08000e9d   Thumb Code   128  strcmpv7m.o(.text)
    _sys_exit                                0x08000f1d   Thumb Code     8  sys_exit.o(.text)
    __default_signal_display                 0x08000f29   Thumb Code    50  defsig_general.o(.text)
    _ttywrch                                 0x08000f5b   Thumb Code    14  sys_wrch.o(.text)
    _btod_d2e                                0x08000f69   Thumb Code    62  btod.o(CL$$btod_d2e)
    _d2e_denorm_low                          0x08000fa7   Thumb Code    70  btod.o(CL$$btod_d2e_denorm_low)
    _d2e_norm_op1                            0x08000fed   Thumb Code    96  btod.o(CL$$btod_d2e_norm_op1)
    __btod_div_common                        0x0800104d   Thumb Code   696  btod.o(CL$$btod_div_common)
    _e2e                                     0x08001385   Thumb Code   198  btod.o(CL$$btod_e2e)
    _btod_ediv                               0x0800144b   Thumb Code    40  btod.o(CL$$btod_ediv)
    _btod_emul                               0x08001473   Thumb Code    40  btod.o(CL$$btod_emul)
    __btod_mult_common                       0x0800149b   Thumb Code   580  btod.o(CL$$btod_mult_common)
    ADXL345_DMA_Init                         0x080016e1   Thumb Code    98  main.o(i.ADXL345_DMA_Init)
    ADXL345_ProcessData                      0x08001761   Thumb Code  1358  main.o(i.ADXL345_ProcessData)
    Accel_Init                               0x08001ccd   Thumb Code    28  main.o(i.Accel_Init)
    DMA2_Stream0_IRQHandler                  0x08001ce9   Thumb Code    60  main.o(i.DMA2_Stream0_IRQHandler)
    DMA2_Stream5_IRQHandler                  0x08001d35   Thumb Code    42  main.o(i.DMA2_Stream5_IRQHandler)
    EXTI0_IRQHandler                         0x08001d65   Thumb Code    24  main.o(i.EXTI0_IRQHandler)
    EXTI2_IRQHandler                         0x08001d81   Thumb Code    84  main.o(i.EXTI2_IRQHandler)
    EXTI4_IRQHandler                         0x08001de1   Thumb Code    74  main.o(i.EXTI4_IRQHandler)
    EXTI_Init                                0x08001e39   Thumb Code   188  main.o(i.EXTI_Init)
    GPIO_init                                0x08001efd   Thumb Code   588  main.o(i.GPIO_init)
    LSDH_Calibr                              0x08002171   Thumb Code   312  main.o(i.LSDH_Calibr)
    LSDH_read                                0x080022dd   Thumb Code    22  main.o(i.LSDH_read)
    LSDH_write                               0x080022f3   Thumb Code    20  main.o(i.LSDH_write)
    RCC_Init                                 0x0800231d   Thumb Code    46  main.o(i.RCC_Init)
    SPI1_GPIO_Init                           0x08002359   Thumb Code   266  main.o(i.SPI1_GPIO_Init)
    SPI1_Init                                0x0800247d   Thumb Code   114  main.o(i.SPI1_Init)
    SPI1_Transfer                            0x080024f5   Thumb Code    80  main.o(i.SPI1_Transfer)
    SPI_FIRST_INIT                           0x08002551   Thumb Code    44  main.o(i.SPI_FIRST_INIT)
    SendTelemetry                            0x0800258d   Thumb Code    88  main.o(i.SendTelemetry)
    SystemInit                               0x08002611   Thumb Code   140  system_stm32f4xx.o(i.SystemInit)
    TIM2_IRQHandler                          0x080026ad   Thumb Code   144  main.o(i.TIM2_IRQHandler)
    TIM3_IRQHandler                          0x08002741   Thumb Code   232  main.o(i.TIM3_IRQHandler)
    TIM7_IRQHandler                          0x0800284d   Thumb Code    14  main.o(i.TIM7_IRQHandler)
    TIMERS_init                              0x08002861   Thumb Code   332  main.o(i.TIMERS_init)
    USART2_IRQHandler                        0x080029c9   Thumb Code   912  main.o(i.USART2_IRQHandler)
    USART_init                               0x08002dbd   Thumb Code   190  main.o(i.USART_init)
    __ARM_fpclassify                         0x08002e8d   Thumb Code    48  fpclassify.o(i.__ARM_fpclassify)
    __hardfp_atan                            0x08002ec1   Thumb Code   622  atan.o(i.__hardfp_atan)
    __hardfp_fabs                            0x08003199   Thumb Code    20  fabs.o(i.__hardfp_fabs)
    __hardfp_sqrt                            0x080031ad   Thumb Code   122  sqrt.o(i.__hardfp_sqrt)
    __kernel_poly                            0x08003227   Thumb Code   248  poly.o(i.__kernel_poly)
    __mathlib_dbl_infnan                     0x0800331f   Thumb Code    20  dunder.o(i.__mathlib_dbl_infnan)
    __mathlib_dbl_underflow                  0x08003339   Thumb Code    24  dunder.o(i.__mathlib_dbl_underflow)
    _is_digit                                0x08003359   Thumb Code    14  __printf_wp.o(i._is_digit)
    chooseRoot                               0x08003369   Thumb Code   330  main.o(i.chooseRoot)
    det3                                     0x080034e9   Thumb Code   386  main.o(i.det3)
    fabs                                     0x0800366b   Thumb Code    24  fabs.o(i.fabs)
    main                                     0x08003685   Thumb Code    76  main.o(i.main)
    mat_mul                                  0x080036e1   Thumb Code   176  main.o(i.mat_mul)
    send_to_uart                             0x08003799   Thumb Code    22  main.o(i.send_to_uart)
    system_solve                             0x080037b5   Thumb Code   242  main.o(i.system_solve)
    transpose                                0x080038a7   Thumb Code    52  main.o(i.transpose)
    _get_lc_numeric                          0x080038dd   Thumb Code    44  lc_numeric_c.o(locale$$code)
    __aeabi_dneg                             0x08003909   Thumb Code     0  basic.o(x$fpl$basic)
    _dneg                                    0x08003909   Thumb Code     6  basic.o(x$fpl$basic)
    __aeabi_fneg                             0x0800390f   Thumb Code     0  basic.o(x$fpl$basic)
    _fneg                                    0x0800390f   Thumb Code     6  basic.o(x$fpl$basic)
    _dabs                                    0x08003915   Thumb Code     6  basic.o(x$fpl$basic)
    _fabs                                    0x0800391b   Thumb Code     6  basic.o(x$fpl$basic)
    __aeabi_dadd                             0x08003921   Thumb Code     0  daddsub_clz.o(x$fpl$dadd)
    _dadd                                    0x08003921   Thumb Code   332  daddsub_clz.o(x$fpl$dadd)
    __fpl_dcmp_Inf                           0x08003a71   Thumb Code    24  dcmpi.o(x$fpl$dcmpinf)
    __aeabi_ddiv                             0x08003a89   Thumb Code     0  ddiv.o(x$fpl$ddiv)
    _ddiv                                    0x08003a89   Thumb Code   552  ddiv.o(x$fpl$ddiv)
    __aeabi_d2iz                             0x08003d39   Thumb Code     0  dfix.o(x$fpl$dfix)
    _dfix                                    0x08003d39   Thumb Code    94  dfix.o(x$fpl$dfix)
    __aeabi_i2d                              0x08003d97   Thumb Code     0  dflt_clz.o(x$fpl$dflt)
    _dflt                                    0x08003d97   Thumb Code    46  dflt_clz.o(x$fpl$dflt)
    __aeabi_ui2d                             0x08003dc5   Thumb Code     0  dflt_clz.o(x$fpl$dfltu)
    _dfltu                                   0x08003dc5   Thumb Code    38  dflt_clz.o(x$fpl$dfltu)
    __aeabi_cdcmple                          0x08003ded   Thumb Code     0  dleqf.o(x$fpl$dleqf)
    _dcmple                                  0x08003ded   Thumb Code   120  dleqf.o(x$fpl$dleqf)
    __fpl_dcmple_InfNaN                      0x08003e4f   Thumb Code     0  dleqf.o(x$fpl$dleqf)
    __aeabi_dmul                             0x08003e65   Thumb Code     0  dmul.o(x$fpl$dmul)
    _dmul                                    0x08003e65   Thumb Code   332  dmul.o(x$fpl$dmul)
    __fpl_dnaninf                            0x08003fb9   Thumb Code   156  dnaninf.o(x$fpl$dnaninf)
    __fpl_dretinf                            0x08004055   Thumb Code    12  dretinf.o(x$fpl$dretinf)
    __aeabi_cdrcmple                         0x08004061   Thumb Code     0  drleqf.o(x$fpl$drleqf)
    _drcmple                                 0x08004061   Thumb Code   108  drleqf.o(x$fpl$drleqf)
    __aeabi_drsub                            0x080040cd   Thumb Code     0  daddsub_clz.o(x$fpl$drsb)
    _drsb                                    0x080040cd   Thumb Code    22  daddsub_clz.o(x$fpl$drsb)
    _dsqrt                                   0x080040e5   Thumb Code   404  dsqrt_umaal.o(x$fpl$dsqrt)
    __aeabi_dsub                             0x0800427d   Thumb Code     0  daddsub_clz.o(x$fpl$dsub)
    _dsub                                    0x0800427d   Thumb Code   464  daddsub_clz.o(x$fpl$dsub)
    _fp_init                                 0x08004451   Thumb Code    10  fpinit.o(x$fpl$fpinit)
    __fplib_config_fpu_vfp                   0x08004459   Thumb Code     0  fpinit.o(x$fpl$fpinit)
    __fplib_config_pureend_doubles           0x08004459   Thumb Code     0  fpinit.o(x$fpl$fpinit)
    _printf_fp_dec                           0x0800445b   Thumb Code     4  printf1.o(x$fpl$printf1)
    __I$use$fp                               0x0800445e   Number         0  usenofp.o(x$fpl$usenofp)
    Region$$Table$$Base                      0x0800458c   Number         0  anon$$obj.o(Region$$Table)
    Region$$Table$$Limit                     0x080045ac   Number         0  anon$$obj.o(Region$$Table)
    SPI1_SCK                                 0x20000000   Data           1  main.o(.data)
    SPI1_MISO                                0x20000001   Data           1  main.o(.data)
    SPI1_MOSI                                0x20000002   Data           1  main.o(.data)
    SPI1_NSS                                 0x20000003   Data           1  main.o(.data)
    ACCEL_INT1                               0x20000004   Data           1  main.o(.data)
    MOT_PWM1                                 0x20000005   Data           1  main.o(.data)
    MOT_PWM2                                 0x20000006   Data           1  main.o(.data)
    MOT_FREQ1                                0x20000007   Data           1  main.o(.data)
    MOT_FREQ2                                0x20000008   Data           1  main.o(.data)
    BUTTON                                   0x20000009   Data           1  main.o(.data)
    UART2_TX                                 0x2000000a   Data           1  main.o(.data)
    UART2_RX                                 0x2000000b   Data           1  main.o(.data)
    SERV_PWM                                 0x2000000c   Data           1  main.o(.data)
    ax                                       0x2000000e   Data           2  main.o(.data)
    ay                                       0x20000010   Data           2  main.o(.data)
    az                                       0x20000012   Data           2  main.o(.data)
    param                                    0x20000014   Data           4  main.o(.data)
    xoff                                     0x20000018   Data           4  main.o(.data)
    yoff                                     0x2000001c   Data           4  main.o(.data)
    zoff                                     0x20000020   Data           4  main.o(.data)
    ENGRDY                                   0x20000024   Data           4  main.o(.data)
    COUNT1                                   0x20000028   Data           4  main.o(.data)
    COUNT2                                   0x2000002c   Data           4  main.o(.data)
    NEW_PWM_RV                               0x20000030   Data           1  main.o(.data)
    accelRegisters                           0x20000032   Data          12  main.o(.data)
    firstAngleMeasurement                    0x2000003e   Data           1  main.o(.data)
    angle                                    0x20000040   Data           8  main.o(.data)
    prevAngle                                0x20000048   Data           8  main.o(.data)
    angularVelocity                          0x20000050   Data           8  main.o(.data)
    pwm1                                     0x20000058   Data           4  main.o(.data)
    pwm2                                     0x2000005c   Data           4  main.o(.data)
    F                                        0x20000060   Data           8  main.o(.data)
    k1                                       0x20000068   Data           8  main.o(.data)
    k2                                       0x20000070   Data           8  main.o(.data)
    update                                   0x20000078   Data           1  main.o(.data)
    received                                 0x20000079   Data           1  main.o(.data)
    PWM_RX                                   0x2000007c   Data           4  main.o(.data)
    pwm                                      0x20000080   Data           4  main.o(.data)
    i                                        0x20000084   Data           4  main.o(.data)
    st                                       0x20000088   Data           4  main.o(.data)
    SEND_TELEMETRY_FLAG                      0x2000008c   Data           1  main.o(.data)
    anglesAccumulated                        0x2000008d   Data           1  main.o(.data)
    row                                      0x2000008e   Data           1  main.o(.data)
    Aappr                                    0x20000090   Data           8  main.o(.data)
    Bappr                                    0x20000098   Data           8  main.o(.data)
    Cappr                                    0x200000a0   Data           8  main.o(.data)
    D                                        0x200000a8   Data           8  main.o(.data)
    x1                                       0x200000b0   Data           8  main.o(.data)
    x2                                       0x200000b8   Data           8  main.o(.data)
    angleCount                               0x200000c0   Data           1  main.o(.data)
    angleSum                                 0x200000c8   Data           8  main.o(.data)
    status                                   0x200000d0   Data           1  main.o(.data)
    timer                                    0x200000d4   Data           4  main.o(.data)
    timer_1000                               0x200000d8   Data           4  main.o(.data)
    timer_2000                               0x200000dc   Data           4  main.o(.data)
    pwm_step                                 0x200000e0   Data           4  main.o(.data)
    serv_count                               0x200000e4   Data           1  main.o(.data)
    KOEFF_RX                                 0x200000e5   Data           1  main.o(.data)
    KOEFF2_RX                                0x200000e6   Data           1  main.o(.data)
    koeff                                    0x200000e8   Data           8  main.o(.data)
    my_pow                                   0x200000f0   Data           8  main.o(.data)
    d_st                                     0x200000f8   Data           8  main.o(.data)
    k                                        0x20000100   Data           4  main.o(.data)
    accel                                    0x20000108   Data          12  main.o(.bss)
    str                                      0x20000114   Data         100  main.o(.bss)
    y                                        0x20000178   Data          24  main.o(.bss)
    u                                        0x20000190   Data          24  main.o(.bss)
    w                                        0x200001a8   Data          24  main.o(.bss)
    Afull                                    0x200001c0   Data         240  main.o(.bss)
    Bfull                                    0x200002b0   Data          80  main.o(.bss)
    __libspace_start                         0x20000300   Data          96  libspace.o(.bss)
    __temporary_stack_top$libspace           0x20000360   Data           0  libspace.o(.bss)



==============================================================================

Memory Map of the image

  Image Entry point : 0x08000251

  Load Region LR_1 (Base: 0x08000000, Size: 0x000046cc, Max: 0xffffffff, ABSOLUTE)

    Execution Region ER_RO (Base: 0x08000000, Size: 0x000045c8, Max: 0xffffffff, ABSOLUTE)

    Base Addr    Size         Type   Attr      Idx    E Section Name        Object

    0x08000000   0x00000188   Data   RO          271    RESET               startup_stm32f407xx.o
    0x08000188   0x00000008   Code   RO          419  * !!!main             c_w.l(__main.o)
    0x08000190   0x00000034   Code   RO          767    !!!scatter          c_w.l(__scatter.o)
    0x080001c4   0x0000001a   Code   RO          769    !!handler_copy      c_w.l(__scatter_copy.o)
    0x080001de   0x00000002   PAD
    0x080001e0   0x0000001c   Code   RO          771    !!handler_zi        c_w.l(__scatter_zi.o)
    0x080001fc   0x00000000   Code   RO          412    .ARM.Collect$$_printf_percent$$00000000  c_w.l(_printf_percent.o)
    0x080001fc   0x00000006   Code   RO          411    .ARM.Collect$$_printf_percent$$00000003  c_w.l(_printf_f.o)
    0x08000202   0x00000006   Code   RO          410    .ARM.Collect$$_printf_percent$$00000009  c_w.l(_printf_d.o)
    0x08000208   0x00000004   Code   RO          521    .ARM.Collect$$_printf_percent$$00000017  c_w.l(_printf_percent_end.o)
    0x0800020c   0x00000002   Code   RO          707    .ARM.Collect$$libinit$$00000000  c_w.l(libinit.o)
    0x0800020e   0x00000004   Code   RO          524    .ARM.Collect$$libinit$$00000001  c_w.l(libinit2.o)
    0x08000212   0x00000000   Code   RO          527    .ARM.Collect$$libinit$$00000004  c_w.l(libinit2.o)
    0x08000212   0x00000008   Code   RO          528    .ARM.Collect$$libinit$$00000005  c_w.l(libinit2.o)
    0x0800021a   0x00000000   Code   RO          530    .ARM.Collect$$libinit$$0000000A  c_w.l(libinit2.o)
    0x0800021a   0x00000000   Code   RO          532    .ARM.Collect$$libinit$$0000000C  c_w.l(libinit2.o)
    0x0800021a   0x00000000   Code   RO          534    .ARM.Collect$$libinit$$0000000E  c_w.l(libinit2.o)
    0x0800021a   0x00000006   Code   RO          535    .ARM.Collect$$libinit$$0000000F  c_w.l(libinit2.o)
    0x08000220   0x00000000   Code   RO          537    .ARM.Collect$$libinit$$00000011  c_w.l(libinit2.o)
    0x08000220   0x00000000   Code   RO          539    .ARM.Collect$$libinit$$00000013  c_w.l(libinit2.o)
    0x08000220   0x00000000   Code   RO          541    .ARM.Collect$$libinit$$00000015  c_w.l(libinit2.o)
    0x08000220   0x0000000a   Code   RO          542    .ARM.Collect$$libinit$$00000016  c_w.l(libinit2.o)
    0x0800022a   0x00000000   Code   RO          543    .ARM.Collect$$libinit$$00000017  c_w.l(libinit2.o)
    0x0800022a   0x00000000   Code   RO          545    .ARM.Collect$$libinit$$00000019  c_w.l(libinit2.o)
    0x0800022a   0x00000000   Code   RO          547    .ARM.Collect$$libinit$$0000001B  c_w.l(libinit2.o)
    0x0800022a   0x00000000   Code   RO          549    .ARM.Collect$$libinit$$0000001D  c_w.l(libinit2.o)
    0x0800022a   0x00000000   Code   RO          551    .ARM.Collect$$libinit$$0000001F  c_w.l(libinit2.o)
    0x0800022a   0x00000000   Code   RO          553    .ARM.Collect$$libinit$$00000021  c_w.l(libinit2.o)
    0x0800022a   0x00000000   Code   RO          555    .ARM.Collect$$libinit$$00000023  c_w.l(libinit2.o)
    0x0800022a   0x00000000   Code   RO          557    .ARM.Collect$$libinit$$00000025  c_w.l(libinit2.o)
    0x0800022a   0x00000000   Code   RO          561    .ARM.Collect$$libinit$$0000002C  c_w.l(libinit2.o)
    0x0800022a   0x00000000   Code   RO          563    .ARM.Collect$$libinit$$0000002E  c_w.l(libinit2.o)
    0x0800022a   0x00000000   Code   RO          565    .ARM.Collect$$libinit$$00000030  c_w.l(libinit2.o)
    0x0800022a   0x00000000   Code   RO          567    .ARM.Collect$$libinit$$00000032  c_w.l(libinit2.o)
    0x0800022a   0x00000002   Code   RO          568    .ARM.Collect$$libinit$$00000033  c_w.l(libinit2.o)
    0x0800022c   0x00000002   Code   RO          764    .ARM.Collect$$libshutdown$$00000000  c_w.l(libshutdown.o)
    0x0800022e   0x00000000   Code   RO          722    .ARM.Collect$$libshutdown$$00000003  c_w.l(libshutdown2.o)
    0x0800022e   0x00000000   Code   RO          725    .ARM.Collect$$libshutdown$$00000006  c_w.l(libshutdown2.o)
    0x0800022e   0x00000000   Code   RO          728    .ARM.Collect$$libshutdown$$00000009  c_w.l(libshutdown2.o)
    0x0800022e   0x00000000   Code   RO          730    .ARM.Collect$$libshutdown$$0000000B  c_w.l(libshutdown2.o)
    0x0800022e   0x00000000   Code   RO          733    .ARM.Collect$$libshutdown$$0000000E  c_w.l(libshutdown2.o)
    0x0800022e   0x00000002   Code   RO          734    .ARM.Collect$$libshutdown$$0000000F  c_w.l(libshutdown2.o)
    0x08000230   0x00000000   Code   RO          485    .ARM.Collect$$rtentry$$00000000  c_w.l(__rtentry.o)
    0x08000230   0x00000000   Code   RO          602    .ARM.Collect$$rtentry$$00000002  c_w.l(__rtentry2.o)
    0x08000230   0x00000006   Code   RO          614    .ARM.Collect$$rtentry$$00000004  c_w.l(__rtentry4.o)
    0x08000236   0x00000000   Code   RO          604    .ARM.Collect$$rtentry$$00000009  c_w.l(__rtentry2.o)
    0x08000236   0x00000004   Code   RO          605    .ARM.Collect$$rtentry$$0000000A  c_w.l(__rtentry2.o)
    0x0800023a   0x00000000   Code   RO          607    .ARM.Collect$$rtentry$$0000000C  c_w.l(__rtentry2.o)
    0x0800023a   0x00000008   Code   RO          608    .ARM.Collect$$rtentry$$0000000D  c_w.l(__rtentry2.o)
    0x08000242   0x00000002   Code   RO          710    .ARM.Collect$$rtexit$$00000000  c_w.l(rtexit.o)
    0x08000244   0x00000000   Code   RO          738    .ARM.Collect$$rtexit$$00000002  c_w.l(rtexit2.o)
    0x08000244   0x00000004   Code   RO          739    .ARM.Collect$$rtexit$$00000003  c_w.l(rtexit2.o)
    0x08000248   0x00000006   Code   RO          740    .ARM.Collect$$rtexit$$00000004  c_w.l(rtexit2.o)
    0x0800024e   0x00000002   PAD
    0x08000250   0x00000000   Code   RO          628    .emb_text           c_w.l(maybetermalloc1.o)
    0x08000250   0x00000040   Code   RO          272  * .text               startup_stm32f407xx.o
    0x08000290   0x0000005e   Code   RO          322    .text               c_w.l(h1_alloc.o)
    0x080002ee   0x0000004e   Code   RO          324    .text               c_w.l(h1_free.o)
    0x0800033c   0x00000028   Code   RO          382    .text               c_w.l(noretval__2sprintf.o)
    0x08000364   0x0000004e   Code   RO          386    .text               c_w.l(_printf_pad.o)
    0x080003b2   0x00000002   PAD
    0x080003b4   0x00000078   Code   RO          388    .text               c_w.l(_printf_dec.o)
    0x0800042c   0x0000010e   Code   RO          398    .text               c_w.l(__printf_wp.o)
    0x0800053a   0x0000003e   Code   RO          413    .text               c_w.l(strlen.o)
    0x08000578   0x00000064   Code   RO          415    .text               c_w.l(rt_memcpy_w.o)
    0x080005dc   0x00000006   Code   RO          417    .text               c_w.l(heapauxi.o)
    0x080005e2   0x00000002   PAD
    0x080005e4   0x00000008   Code   RO          489    .text               c_w.l(rt_heap_descriptor_intlibspace.o)
    0x080005ec   0x00000004   Code   RO          491    .text               c_w.l(hguard.o)
    0x080005f0   0x0000008a   Code   RO          493    .text               c_w.l(init_alloc.o)
    0x0800067a   0x0000000e   Code   RO          497    .text               c_w.l(h1_init.o)
    0x08000688   0x00000016   Code   RO          511    .text               c_w.l(_rserrno.o)
    0x0800069e   0x000000b2   Code   RO          513    .text               c_w.l(_printf_intcommon.o)
    0x08000750   0x0000041a   Code   RO          515    .text               c_w.l(_printf_fp_dec.o)
    0x08000b6a   0x00000002   PAD
    0x08000b6c   0x00000030   Code   RO          517    .text               c_w.l(_printf_char_common.o)
    0x08000b9c   0x0000000a   Code   RO          519    .text               c_w.l(_sputc.o)
    0x08000ba6   0x00000002   PAD
    0x08000ba8   0x00000008   Code   RO          598    .text               c_w.l(libspace.o)
    0x08000bb0   0x00000008   Code   RO          619    .text               c_w.l(rt_locale_intlibspace.o)
    0x08000bb8   0x00000008   Code   RO          624    .text               c_w.l(rt_errno_addr_intlibspace.o)
    0x08000bc0   0x00000034   Code   RO          630    .text               c_w.l(h1_extend.o)
    0x08000bf4   0x0000008a   Code   RO          634    .text               c_w.l(lludiv10.o)
    0x08000c7e   0x00000002   PAD
    0x08000c80   0x00000080   Code   RO          636    .text               c_w.l(_printf_fp_infnan.o)
    0x08000d00   0x000000dc   Code   RO          640    .text               c_w.l(bigflt0.o)
    0x08000ddc   0x0000000e   Code   RO          668    .text               c_w.l(defsig_rtmem_outer.o)
    0x08000dea   0x00000002   Code   RO          681    .text               c_w.l(use_no_semi.o)
    0x08000dec   0x00000000   Code   RO          683    .text               c_w.l(indicate_semi.o)
    0x08000dec   0x0000004a   Code   RO          684    .text               c_w.l(sys_stackheap_outer.o)
    0x08000e36   0x0000000c   Code   RO          690    .text               c_w.l(exit.o)
    0x08000e42   0x0000000a   Code   RO          692    .text               c_w.l(defsig_exit.o)
    0x08000e4c   0x00000050   Code   RO          694    .text               c_w.l(defsig_rtmem_inner.o)
    0x08000e9c   0x00000080   Code   RO          696    .text               c_w.l(strcmpv7m.o)
    0x08000f1c   0x0000000c   Code   RO          708    .text               c_w.l(sys_exit.o)
    0x08000f28   0x00000032   Code   RO          718    .text               c_w.l(defsig_general.o)
    0x08000f5a   0x0000000e   Code   RO          735    .text               c_w.l(sys_wrch.o)
    0x08000f68   0x0000003e   Code   RO          643    CL$$btod_d2e        c_w.l(btod.o)
    0x08000fa6   0x00000046   Code   RO          645    CL$$btod_d2e_denorm_low  c_w.l(btod.o)
    0x08000fec   0x00000060   Code   RO          644    CL$$btod_d2e_norm_op1  c_w.l(btod.o)
    0x0800104c   0x00000338   Code   RO          653    CL$$btod_div_common  c_w.l(btod.o)
    0x08001384   0x000000c6   Code   RO          650    CL$$btod_e2e        c_w.l(btod.o)
    0x0800144a   0x00000028   Code   RO          647    CL$$btod_ediv       c_w.l(btod.o)
    0x08001472   0x00000028   Code   RO          646    CL$$btod_emul       c_w.l(btod.o)
    0x0800149a   0x00000244   Code   RO          652    CL$$btod_mult_common  c_w.l(btod.o)
    0x080016de   0x00000002   PAD
    0x080016e0   0x00000080   Code   RO            4    i.ADXL345_DMA_Init  main.o
    0x08001760   0x0000056c   Code   RO            5    i.ADXL345_ProcessData  main.o
    0x08001ccc   0x0000001c   Code   RO            6    i.Accel_Init        main.o
    0x08001ce8   0x0000004c   Code   RO            7    i.DMA2_Stream0_IRQHandler  main.o
    0x08001d34   0x00000030   Code   RO            8    i.DMA2_Stream5_IRQHandler  main.o
    0x08001d64   0x0000001c   Code   RO           10    i.EXTI0_IRQHandler  main.o
    0x08001d80   0x00000060   Code   RO           11    i.EXTI2_IRQHandler  main.o
    0x08001de0   0x00000058   Code   RO           12    i.EXTI4_IRQHandler  main.o
    0x08001e38   0x000000c4   Code   RO           13    i.EXTI_Init         main.o
    0x08001efc   0x00000274   Code   RO           14    i.GPIO_init         main.o
    0x08002170   0x0000016c   Code   RO           15    i.LSDH_Calibr       main.o
    0x080022dc   0x00000016   Code   RO           16    i.LSDH_read         main.o
    0x080022f2   0x00000014   Code   RO           17    i.LSDH_write        main.o
    0x08002306   0x00000016   Code   RO           18    i.NVIC_EnableIRQ    main.o
    0x0800231c   0x0000003c   Code   RO           19    i.RCC_Init          main.o
    0x08002358   0x00000124   Code   RO           20    i.SPI1_GPIO_Init    main.o
    0x0800247c   0x00000078   Code   RO           21    i.SPI1_Init         main.o
    0x080024f4   0x0000005c   Code   RO           22    i.SPI1_Transfer     main.o
    0x08002550   0x0000003c   Code   RO           23    i.SPI_FIRST_INIT    main.o
    0x0800258c   0x00000084   Code   RO           24    i.SendTelemetry     main.o
    0x08002610   0x0000009c   Code   RO          280    i.SystemInit        system_stm32f4xx.o
    0x080026ac   0x00000094   Code   RO           25    i.TIM2_IRQHandler   main.o
    0x08002740   0x0000010c   Code   RO           26    i.TIM3_IRQHandler   main.o
    0x0800284c   0x00000014   Code   RO           27    i.TIM7_IRQHandler   main.o
    0x08002860   0x00000168   Code   RO           28    i.TIMERS_init       main.o
    0x080029c8   0x000003f4   Code   RO           29    i.USART2_IRQHandler  main.o
    0x08002dbc   0x000000d0   Code   RO           30    i.USART_init        main.o
    0x08002e8c   0x00000030   Code   RO          592    i.__ARM_fpclassify  m_wm.l(fpclassify.o)
    0x08002ebc   0x00000004   PAD
    0x08002ec0   0x000002d8   Code   RO          451    i.__hardfp_atan     m_wm.l(atan.o)
    0x08003198   0x00000014   Code   RO          465    i.__hardfp_fabs     m_wm.l(fabs.o)
    0x080031ac   0x0000007a   Code   RO          471    i.__hardfp_sqrt     m_wm.l(sqrt.o)
    0x08003226   0x000000f8   Code   RO          594    i.__kernel_poly     m_wm.l(poly.o)
    0x0800331e   0x00000014   Code   RO          579    i.__mathlib_dbl_infnan  m_wm.l(dunder.o)
    0x08003332   0x00000006   PAD
    0x08003338   0x00000020   Code   RO          584    i.__mathlib_dbl_underflow  m_wm.l(dunder.o)
    0x08003358   0x0000000e   Code   RO          400    i._is_digit         c_w.l(__printf_wp.o)
    0x08003366   0x00000002   PAD
    0x08003368   0x00000180   Code   RO           31    i.chooseRoot        main.o
    0x080034e8   0x00000182   Code   RO           32    i.det3              main.o
    0x0800366a   0x00000018   Code   RO          467    i.fabs              m_wm.l(fabs.o)
    0x08003682   0x00000002   PAD
    0x08003684   0x0000005c   Code   RO           33    i.main              main.o
    0x080036e0   0x000000b8   Code   RO           34    i.mat_mul           main.o
    0x08003798   0x0000001c   Code   RO           35    i.send_to_uart      main.o
    0x080037b4   0x000000f2   Code   RO           36    i.system_solve      main.o
    0x080038a6   0x00000034   Code   RO           37    i.transpose         main.o
    0x080038da   0x00000002   PAD
    0x080038dc   0x0000002c   Code   RO          666    locale$$code        c_w.l(lc_numeric_c.o)
    0x08003908   0x00000018   Code   RO          421    x$fpl$basic         fz_wm.l(basic.o)
    0x08003920   0x00000150   Code   RO          423    x$fpl$dadd          fz_wm.l(daddsub_clz.o)
    0x08003a70   0x00000018   Code   RO          569    x$fpl$dcmpinf       fz_wm.l(dcmpi.o)
    0x08003a88   0x000002b0   Code   RO          430    x$fpl$ddiv          fz_wm.l(ddiv.o)
    0x08003d38   0x0000005e   Code   RO          433    x$fpl$dfix          fz_wm.l(dfix.o)
    0x08003d96   0x0000002e   Code   RO          438    x$fpl$dflt          fz_wm.l(dflt_clz.o)
    0x08003dc4   0x00000026   Code   RO          437    x$fpl$dfltu         fz_wm.l(dflt_clz.o)
    0x08003dea   0x00000002   PAD
    0x08003dec   0x00000078   Code   RO          443    x$fpl$dleqf         fz_wm.l(dleqf.o)
    0x08003e64   0x00000154   Code   RO          445    x$fpl$dmul          fz_wm.l(dmul.o)
    0x08003fb8   0x0000009c   Code   RO          571    x$fpl$dnaninf       fz_wm.l(dnaninf.o)
    0x08004054   0x0000000c   Code   RO          573    x$fpl$dretinf       fz_wm.l(dretinf.o)
    0x08004060   0x0000006c   Code   RO          447    x$fpl$drleqf        fz_wm.l(drleqf.o)
    0x080040cc   0x00000016   Code   RO          424    x$fpl$drsb          fz_wm.l(daddsub_clz.o)
    0x080040e2   0x00000002   PAD
    0x080040e4   0x00000198   Code   RO          575    x$fpl$dsqrt         fz_wm.l(dsqrt_umaal.o)
    0x0800427c   0x000001d4   Code   RO          425    x$fpl$dsub          fz_wm.l(daddsub_clz.o)
    0x08004450   0x0000000a   Code   RO          677    x$fpl$fpinit        fz_wm.l(fpinit.o)
    0x0800445a   0x00000004   Code   RO          449    x$fpl$printf1       fz_wm.l(printf1.o)
    0x0800445e   0x00000000   Code   RO          577    x$fpl$usenofp       fz_wm.l(usenofp.o)
    0x0800445e   0x00000002   PAD
    0x08004460   0x00000098   Data   RO          454    .constdata          m_wm.l(atan.o)
    0x080044f8   0x00000094   Data   RO          641    .constdata          c_w.l(bigflt0.o)
    0x0800458c   0x00000020   Data   RO          765    Region$$Table       anon$$obj.o
    0x080045ac   0x0000001c   Data   RO          665    locale$$data        c_w.l(lc_numeric_c.o)


    Execution Region ER_RW (Base: 0x20000000, Size: 0x00000104, Max: 0xffffffff, ABSOLUTE)

    Base Addr    Size         Type   Attr      Idx    E Section Name        Object

    0x20000000   0x00000104   Data   RW           39    .data               main.o


    Execution Region ER_ZI (Base: 0x20000104, Size: 0x0000085c, Max: 0xffffffff, ABSOLUTE)

    Base Addr    Size         Type   Attr      Idx    E Section Name        Object

    0x20000104   0x00000004   PAD
    0x20000108   0x000001f8   Zero   RW           38    .bss                main.o
    0x20000300   0x00000060   Zero   RW          599    .bss                c_w.l(libspace.o)
    0x20000360   0x00000200   Zero   RW          270    HEAP                startup_stm32f407xx.o
    0x20000560   0x00000400   Zero   RW          269    STACK               startup_stm32f407xx.o


==============================================================================

Image component sizes


      Code (inc. data)   RO Data    RW Data    ZI Data      Debug   Object Name

      7272        758          0        260        504     291772   main.o
        64         26        392          0       1536        856   startup_stm32f407xx.o
       156         16          0          0          0        541   system_stm32f4xx.o

    ----------------------------------------------------------------------
      7494        800        424        260       2044     293169   Object Totals
         0          0         32          0          0          0   (incl. Generated)
         2          0          0          0          4          0   (incl. Padding)

    ----------------------------------------------------------------------

      Code (inc. data)   RO Data    RW Data    ZI Data      Debug   Library Member Name

         8          0          0          0          0         68   __main.o
       284          0          0          0          0        156   __printf_wp.o
         0          0          0          0          0          0   __rtentry.o
        12          0          0          0          0          0   __rtentry2.o
         6          0          0          0          0          0   __rtentry4.o
        52          8          0          0          0          0   __scatter.o
        26          0          0          0          0          0   __scatter_copy.o
        28          0          0          0          0          0   __scatter_zi.o
        48          6          0          0          0         96   _printf_char_common.o
         6          0          0          0          0          0   _printf_d.o
       120         16          0          0          0         92   _printf_dec.o
         6          0          0          0          0          0   _printf_f.o
      1050          0          0          0          0        216   _printf_fp_dec.o
       128         16          0          0          0         84   _printf_fp_infnan.o
       178          0          0          0          0         88   _printf_intcommon.o
        78          0          0          0          0        108   _printf_pad.o
         0          0          0          0          0          0   _printf_percent.o
         4          0          0          0          0          0   _printf_percent_end.o
        22          0          0          0          0        100   _rserrno.o
        10          0          0          0          0         68   _sputc.o
       220          4        148          0          0         96   bigflt0.o
      1910        128          0          0          0        672   btod.o
        10          0          0          0          0         68   defsig_exit.o
        50          0          0          0          0         88   defsig_general.o
        80         58          0          0          0         76   defsig_rtmem_inner.o
        14          0          0          0          0         80   defsig_rtmem_outer.o
        12          0          0          0          0         72   exit.o
        94          0          0          0          0         80   h1_alloc.o
        52          0          0          0          0         68   h1_extend.o
        78          0          0          0          0         80   h1_free.o
        14          0          0          0          0         84   h1_init.o
         6          0          0          0          0        152   heapauxi.o
         4          0          0          0          0        136   hguard.o
         0          0          0          0          0          0   indicate_semi.o
       138          0          0          0          0        168   init_alloc.o
        44         10         28          0          0         76   lc_numeric_c.o
         2          0          0          0          0          0   libinit.o
        30          0          0          0          0          0   libinit2.o
         2          0          0          0          0          0   libshutdown.o
         2          0          0          0          0          0   libshutdown2.o
         8          4          0          0         96         68   libspace.o
       138          0          0          0          0         80   lludiv10.o
         0          0          0          0          0          0   maybetermalloc1.o
        40          6          0          0          0         84   noretval__2sprintf.o
         8          4          0          0          0         68   rt_errno_addr_intlibspace.o
         8          4          0          0          0         68   rt_heap_descriptor_intlibspace.o
         8          4          0          0          0         68   rt_locale_intlibspace.o
       100          0          0          0          0         80   rt_memcpy_w.o
         2          0          0          0          0          0   rtexit.o
        10          0          0          0          0          0   rtexit2.o
       128          0          0          0          0         68   strcmpv7m.o
        62          0          0          0          0         76   strlen.o
        12          4          0          0          0         68   sys_exit.o
        74          0          0          0          0         80   sys_stackheap_outer.o
        14          0          0          0          0         76   sys_wrch.o
         2          0          0          0          0         68   use_no_semi.o
        24          0          0          0          0        164   basic.o
       826         16          0          0          0        492   daddsub_clz.o
        24          0          0          0          0        116   dcmpi.o
       688        140          0          0          0        256   ddiv.o
        94          4          0          0          0        140   dfix.o
        84          0          0          0          0        232   dflt_clz.o
       120          4          0          0          0        140   dleqf.o
       340         12          0          0          0        152   dmul.o
       156          4          0          0          0        140   dnaninf.o
        12          0          0          0          0        116   dretinf.o
       108          0          0          0          0        128   drleqf.o
       408         56          0          0          0        168   dsqrt_umaal.o
        10          0          0          0          0        116   fpinit.o
         4          0          0          0          0        116   printf1.o
         0          0          0          0          0          0   usenofp.o
       728        106        152          0          0        228   atan.o
        52          8          0          0          0        248   dunder.o
        44          0          0          0          0        248   fabs.o
        48          0          0          0          0        124   fpclassify.o
       248          0          0          0          0        152   poly.o
       122          0          0          0          0        148   sqrt.o

    ----------------------------------------------------------------------
      9618        622        328          0         96       7648   Library Totals
        36          0          0          0          0          0   (incl. Padding)

    ----------------------------------------------------------------------

      Code (inc. data)   RO Data    RW Data    ZI Data      Debug   Library Name

      5442        272        176          0         96       4024   c_w.l
      2898        236          0          0          0       2476   fz_wm.l
      1242        114        152          0          0       1148   m_wm.l

    ----------------------------------------------------------------------
      9618        622        328          0         96       7648   Library Totals

    ----------------------------------------------------------------------

==============================================================================


      Code (inc. data)   RO Data    RW Data    ZI Data      Debug   

     17112       1422        752        260       2140     293229   Grand Totals
     17112       1422        752        260       2140     293229   ELF Image Totals
     17112       1422        752        260          0          0   ROM Totals

==============================================================================

    Total RO  Size (Code + RO Data)                17864 (  17.45kB)
    Total RW  Size (RW Data + ZI Data)              2400 (   2.34kB)
    Total ROM Size (Code + RO Data + RW Data)      18124 (  17.70kB)

==============================================================================

