Component: ARM Compiler 5.05 update 1 (build 106) Tool: armlink [4d0efa]

==============================================================================

Section Cross References

    main.o(i.main) refers to main.o(i.RCC_Init) for RCC_Init
    main.o(i.main) refers to adxl345.o(i.Accel_VDD_Init) for Accel_VDD_Init
    main.o(i.main) refers to adxl345.o(i.Accel_NSS_Init) for Accel_NSS_Init
    main.o(i.main) refers to adxl345.o(i.Accel_NSS_High) for Accel_NSS_High
    main.o(i.main) refers to adxrs290.o(i.ARS1_VDD_Init) for ARS1_VDD_Init
    main.o(i.main) refers to adxrs290.o(i.ARS1_NSS_Init) for ARS1_NSS_Init
    main.o(i.main) refers to adxrs290.o(i.ARS1_NSS_High) for ARS1_NSS_High
    main.o(i.main) refers to adxrs290.o(i.ARS2_VDD_Init) for ARS2_VDD_Init
    main.o(i.main) refers to adxrs290.o(i.ARS2_NSS_Init) for ARS2_NSS_Init
    main.o(i.main) refers to adxrs290.o(i.ARS2_NSS_High) for ARS2_NSS_High
    main.o(i.main) refers to adxl345.o(i.SPI2_Init) for SPI2_Init
    main.o(i.main) refers to adxrs290.o(i.ARS1_Init) for ARS1_Init
    main.o(i.main) refers to adxrs290.o(i.ARS1_NSS_Low) for ARS1_NSS_Low
    main.o(i.main) refers to adxl345.o(i.SPI2_Read) for SPI2_Read
    syssolve.o(i.system_solve) refers to h1_alloc.o(.text) for malloc
    syssolve.o(i.system_solve) refers to syssolve.o(i.transpose) for transpose
    syssolve.o(i.system_solve) refers to syssolve.o(i.mat_mul) for mat_mul
    syssolve.o(i.system_solve) refers to syssolve.o(i.det3) for det3
    syssolve.o(i.system_solve) refers to h1_free.o(.text) for free
    syssolve.o(i.system_solve) refers to rt_memcpy_w.o(.text) for __aeabi_memcpy4
    adxl345.o(i.ADXL345_Calibr) refers to f2d.o(x$fpl$f2d) for __aeabi_f2d
    adxl345.o(i.ADXL345_Calibr) refers to ddiv.o(x$fpl$ddiv) for __aeabi_ddiv
    adxl345.o(i.ADXL345_Calibr) refers to dfix.o(x$fpl$dfix) for __aeabi_d2iz
    adxl345.o(i.ADXL345_Calibr) refers to adxl345.o(.data) for accel_xSum
    adxl345.o(i.ADXL345_DMA_Init) refers to adxl345.o(i.NVIC_SetPriority) for NVIC_SetPriority
    adxl345.o(i.ADXL345_DMA_Init) refers to adxl345.o(i.NVIC_EnableIRQ) for NVIC_EnableIRQ
    adxl345.o(i.ADXL345_DMA_Init) refers to adxl345.o(i.Accel_NSS_Low) for Accel_NSS_Low
    adxl345.o(i.ADXL345_DMA_Init) refers to adxl345.o(.bss) for accel
    adxl345.o(i.ADXL345_DMA_Init) refers to adxl345.o(.data) for accelRegisters
    adxl345.o(i.ADXL345_GetAccel) refers to adxl345.o(i.Accel_NSS_Low) for Accel_NSS_Low
    adxl345.o(i.ADXL345_GetAccel) refers to adxl345.o(i.SPI2_Read) for SPI2_Read
    adxl345.o(i.ADXL345_GetAccel) refers to adxl345.o(i.Accel_NSS_High) for Accel_NSS_High
    adxl345.o(i.ADXL345_Init) refers to adxl345.o(i.Accel_VDD_Init) for Accel_VDD_Init
    adxl345.o(i.ADXL345_Init) refers to adxl345.o(i.Accel_NSS_Init) for Accel_NSS_Init
    adxl345.o(i.ADXL345_Init) refers to adxl345.o(i.Delay) for Delay
    adxl345.o(i.ADXL345_Init) refers to adxl345.o(i.Accel_NSS_Low) for Accel_NSS_Low
    adxl345.o(i.ADXL345_Init) refers to adxl345.o(i.SPI2_Read) for SPI2_Read
    adxl345.o(i.ADXL345_Init) refers to adxl345.o(i.SPI2_Write) for SPI2_Write
    adxl345.o(i.ADXL345_Init) refers to adxl345.o(i.Accel_NSS_High) for Accel_NSS_High
    adxl345.o(i.ADXL345_Init) refers to adxl345.o(.data) for curFreq
    adxl345.o(i.Accel_EXTI_Init) refers to adxl345.o(i.NVIC_SetPriority) for NVIC_SetPriority
    adxl345.o(i.Accel_EXTI_Init) refers to adxl345.o(i.NVIC_EnableIRQ) for NVIC_EnableIRQ
    adxl345.o(i.Accel_GetData) refers to adxl345.o(i.ADXL345_DMA_Init) for ADXL345_DMA_Init
    adxl345.o(i.Accel_GetData) refers to adxrs290.o(.data) for SPI2_Busy
    adxl345.o(i.Accel_NSS_High) refers to adxl345.o(.data) for ACCEL_NSS
    adxl345.o(i.Accel_NSS_Init) refers to adxl345.o(.data) for ACCEL_NSS
    adxl345.o(i.Accel_NSS_Low) refers to adxl345.o(.data) for ACCEL_NSS
    adxl345.o(i.Accel_UpdateFreq) refers to adxl345.o(i.Accel_NSS_Low) for Accel_NSS_Low
    adxl345.o(i.Accel_UpdateFreq) refers to adxl345.o(i.SPI2_Write) for SPI2_Write
    adxl345.o(i.Accel_UpdateFreq) refers to adxl345.o(i.Accel_NSS_High) for Accel_NSS_High
    adxl345.o(i.Accel_UpdateFreq) refers to adxl345.o(.data) for freshFreq
    adxl345.o(i.Accel_VDD_Init) refers to adxl345.o(.data) for ACCEL_VDD
    adxl345.o(i.DMA1_Stream3_IRQHandler) refers to adxrs290.o(i.All_NSS_High) for All_NSS_High
    adxl345.o(i.DMA1_Stream3_IRQHandler) refers to adxl345.o(i.Accel_UpdateFreq) for Accel_UpdateFreq
    adxl345.o(i.DMA1_Stream3_IRQHandler) refers to adxrs290.o(i.SPI2_SensorsPoll) for SPI2_SensorsPoll
    adxl345.o(i.DMA1_Stream3_IRQHandler) refers to adxrs290.o(.data) for curUsingSPI2
    adxl345.o(i.DMA1_Stream3_IRQHandler) refers to adxl345.o(.bss) for accel
    adxl345.o(i.DMA1_Stream3_IRQHandler) refers to main.o(.data) for ax
    adxl345.o(i.DMA1_Stream3_IRQHandler) refers to adxl345.o(.data) for accelCalibrationOn
    adxl345.o(i.DMA1_Stream3_IRQHandler) refers to processing.o(.bss) for axHistory
[...]
    i.__kernel_cos                           0x08003f18   Section        0  cos_i.o(i.__kernel_cos)
    i.__kernel_poly                          0x08004088   Section        0  poly.o(i.__kernel_poly)
    i.__kernel_sin                           0x08004180   Section        0  sin_i.o(i.__kernel_sin)
    i.__mathlib_dbl_infnan                   0x080042b0   Section        0  dunder.o(i.__mathlib_dbl_infnan)
    i.__mathlib_dbl_invalid                  0x080042c8   Section        0  dunder.o(i.__mathlib_dbl_invalid)
    i.__mathlib_dbl_overflow                 0x080042e8   Section        0  dunder.o(i.__mathlib_dbl_overflow)
    i.__mathlib_dbl_underflow                0x08004308   Section        0  dunder.o(i.__mathlib_dbl_underflow)
    i._is_digit                              0x08004328   Section        0  __printf_wp.o(i._is_digit)
    i.adjustControl                          0x08004338   Section        0  processing.o(i.adjustControl)
    i.calcAngAccel                           0x080044ec   Section        0  processing.o(i.calcAngAccel)
    i.calcAngVel                             0x08004550   Section        0  processing.o(i.calcAngVel)
    i.calcAngle                              0x080045f8   Section        0  processing.o(i.calcAngle)
    i.calcPwms                               0x0800476c   Section        0  processing.o(i.calcPwms)
    i.control                                0x080048c8   Section        0  processing.o(i.control)
    i.delay                                  0x08004920   Section        0  gyro.o(i.delay)
    i.fabs                                   0x08004936   Section        0  fabs.o(i.fabs)
    i.gCheck                                 0x08004950   Section        0  processing.o(i.gCheck)
    i.getFinalData                           0x08004a44   Section        0  processing.o(i.getFinalData)
    i.initWaitingForFloat                    0x08004ad0   Section        0  telemetry.o(i.initWaitingForFloat)
    i.initWaitingForInt                      0x08004b14   Section        0  telemetry.o(i.initWaitingForInt)
    i.main                                   0x08004b40   Section        0  main.o(i.main)
    i.simplestControl                        0x08004bb0   Section        0  processing.o(i.simplestControl)
    i.turnOffUselessMotor                    0x08004cd8   Section        0  processing.o(i.turnOffUselessMotor)
    locale$$code                             0x08004d98   Section       44  lc_numeric_c.o(locale$$code)
    x$fpl$basic                              0x08004dc4   Section       24  basic.o(x$fpl$basic)
    $v0                                      0x08004dc4   Number         0  basic.o(x$fpl$basic)
    x$fpl$d2f                                0x08004ddc   Section       98  d2f.o(x$fpl$d2f)
    $v0                                      0x08004ddc   Number         0  d2f.o(x$fpl$d2f)
    x$fpl$dadd                               0x08004e40   Section      336  daddsub_clz.o(x$fpl$dadd)
    $v0                                      0x08004e40   Number         0  daddsub_clz.o(x$fpl$dadd)
    _dadd1                                   0x08004e51   Thumb Code     0  daddsub_clz.o(x$fpl$dadd)
    x$fpl$dcmpinf                            0x08004f90   Section       24  dcmpi.o(x$fpl$dcmpinf)
    $v0                                      0x08004f90   Number         0  dcmpi.o(x$fpl$dcmpinf)
    x$fpl$ddiv                               0x08004fa8   Section      688  ddiv.o(x$fpl$ddiv)
    $v0                                      0x08004fa8   Number         0  ddiv.o(x$fpl$ddiv)
    ddiv_entry                               0x08004faf   Thumb Code     0  ddiv.o(x$fpl$ddiv)
    x$fpl$dfix                               0x08005258   Section       94  dfix.o(x$fpl$dfix)
    $v0                                      0x08005258   Number         0  dfix.o(x$fpl$dfix)
    x$fpl$dflt                               0x080052b6   Section       46  dflt_clz.o(x$fpl$dflt)
    $v0                                      0x080052b6   Number         0  dflt_clz.o(x$fpl$dflt)
    x$fpl$dfltu                              0x080052e4   Section       38  dflt_clz.o(x$fpl$dfltu)
    $v0                                      0x080052e4   Number         0  dflt_clz.o(x$fpl$dfltu)
    x$fpl$dleqf                              0x0800530c   Section      120  dleqf.o(x$fpl$dleqf)
    $v0                                      0x0800530c   Number         0  dleqf.o(x$fpl$dleqf)
    x$fpl$dmul                               0x08005384   Section      340  dmul.o(x$fpl$dmul)
    $v0                                      0x08005384   Number         0  dmul.o(x$fpl$dmul)
    x$fpl$dnaninf                            0x080054d8   Section      156  dnaninf.o(x$fpl$dnaninf)
    $v0                                      0x080054d8   Number         0  dnaninf.o(x$fpl$dnaninf)
    x$fpl$dretinf                            0x08005574   Section       12  dretinf.o(x$fpl$dretinf)
    $v0                                      0x08005574   Number         0  dretinf.o(x$fpl$dretinf)
    x$fpl$drleqf                             0x08005580   Section      108  drleqf.o(x$fpl$drleqf)
    $v0                                      0x08005580   Number         0  drleqf.o(x$fpl$drleqf)
    x$fpl$drsb                               0x080055ec   Section       22  daddsub_clz.o(x$fpl$drsb)
    $v0                                      0x080055ec   Number         0  daddsub_clz.o(x$fpl$drsb)
    x$fpl$dsub                               0x08005604   Section      468  daddsub_clz.o(x$fpl$dsub)
    $v0                                      0x08005604   Number         0  daddsub_clz.o(x$fpl$dsub)
    _dsub1                                   0x08005615   Thumb Code     0  daddsub_clz.o(x$fpl$dsub)
    x$fpl$f2d                                0x080057d8   Section       86  f2d.o(x$fpl$f2d)
    $v0                                      0x080057d8   Number         0  f2d.o(x$fpl$f2d)
    x$fpl$fnaninf                            0x0800582e   Section      140  fnaninf.o(x$fpl$fnaninf)
    $v0                                      0x0800582e   Number         0  fnaninf.o(x$fpl$fnaninf)
    x$fpl$fpinit                             0x080058ba   Section       10  fpinit.o(x$fpl$fpinit)
    $v0                                      0x080058ba   Number         0  fpinit.o(x$fpl$fpinit)
    x$fpl$fretinf                            0x080058c4   Section       10  fretinf.o(x$fpl$fretinf)
    $v0                                      0x080058c4   Number         0  fretinf.o(x$fpl$fretinf)
    x$fpl$printf1                            0x080058ce   Section        4  printf1.o(x$fpl$printf1)
    $v0                                      0x080058ce   Number         0  printf1.o(x$fpl$printf1)
    x$fpl$usenofp                            0x080058d2   Section        0  usenofp.o(x$fpl$usenofp)
    .constdata                               0x080058d8   Section      152  atan.o(.constdata)
    atanhi                                   0x080058d8   Data          32  atan.o(.constdata)
    atanlo                                   0x080058f8   Data          32  atan.o(.constdata)
    aTodd                                    0x08005918   Data          40  atan.o(.constdata)
    aTeven                                   0x08005940   Data          48  atan.o(.constdata)
    .constdata                               0x08005970   Section       88  exp.o(.constdata)
    halF                                     0x08005970   Data          16  exp.o(.constdata)
    ln2HI                                    0x08005980   Data          16  exp.o(.constdata)
    ln2LO                                    0x08005990   Data          16  exp.o(.constdata)
    P                                        0x080059a0   Data          40  exp.o(.constdata)
    .constdata                               0x080059c8   Section       48  cos_i.o(.constdata)
    C                                        0x080059c8   Data          48  cos_i.o(.constdata)
    .constdata                               0x080059f8   Section      200  rred.o(.constdata)
    pio2s                                    0x080059f8   Data          48  rred.o(.constdata)
    twooverpi                                0x08005a28   Data         152  rred.o(.constdata)
    .constdata                               0x08005ac0   Section       40  sin_i.o(.constdata)
    S                                        0x08005ac0   Data          40  sin_i.o(.constdata)
    .constdata                               0x08005ae8   Section      148  bigflt0.o(.constdata)
    tenpwrs_x                                0x08005ae8   Data          60  bigflt0.o(.constdata)
    tenpwrs_i                                0x08005b24   Data          64  bigflt0.o(.constdata)
    locale$$data                             0x08005b9c   Section       28  lc_numeric_c.o(locale$$data)
    __lcnum_c_name                           0x08005ba0   Data           2  lc_numeric_c.o(locale$$data)
    __lcnum_c_start                          0x08005ba8   Data           0  lc_numeric_c.o(locale$$data)
    __lcnum_c_point                          0x08005bb4   Data           0  lc_numeric_c.o(locale$$data)
    __lcnum_c_thousands                      0x08005bb6   Data           0  lc_numeric_c.o(locale$$data)
    __lcnum_c_grouping                       0x08005bb7   Data           0  lc_numeric_c.o(locale$$data)
    __lcnum_c_end                            0x08005bb8   Data           0  lc_numeric_c.o(locale$$data)
    .data                                    0x20000000   Section       64  main.o(.data)
    .data                                    0x20000040   Section       52  adxl345.o(.data)
    .data                                    0x20000074   Section       49  telemetry.o(.data)
    .data                                    0x200000a8   Section     1269  processing.o(.data)
    .data                                    0x200005a0   Section       42  motors.o(.data)
    .data                                    0x200005cc   Section       65  gyro.o(.data)
    .data                                    0x20000610   Section       34  adxrs453.o(.data)
    .data                                    0x20000632   Section       41  adxrs290.o(.data)
    .bss                                     0x2000065c   Section       12  adxl345.o(.bss)
    .bss                                     0x20000668   Section      200  telemetry.o(.bss)
    .bss                                     0x20000730   Section     2068  processing.o(.bss)
    .bss                                     0x20000f44   Section       96  libspace.o(.bss)
    HEAP                                     0x20000fa8   Section      512  startup_stm32f407xx.o(HEAP)
    Heap_Mem                                 0x20000fa8   Data         512  startup_stm32f407xx.o(HEAP)
    STACK                                    0x200011a8   Section     1024  startup_stm32f407xx.o(STACK)
    Stack_Mem                                0x200011a8   Data        1024  startup_stm32f407xx.o(STACK)
    __initial_sp                             0x200015a8   Data           0  startup_stm32f407xx.o(STACK)

    Global Symbols

    Symbol Name                              Value     Ov Type        Size  Object(Section)

    BuildAttributes$$THM_ISAv4$E$P$D$K$B$S$7EM$VFPi3$EXTD16$VFPS$VFMA$PE$A:L22UL41UL21$X:L11$S22US41US21$IEEE1$IW$USESV6$~STKCKD$USESV7$~SHL$OTIME$ROPI$IEEEX$EBA8$UX$STANDARDLIB$REQ8$PRES8$EABIv2 0x00000000   Number         0  anon$$obj.o ABSOLUTE
    __ARM_use_no_argv                        0x00000000   Number         0  main.o ABSOLUTE
    _printf_flags                            0x00000000   Number         0  printf_stubs.o ABSOLUTE
    _printf_return_value                     0x00000000   Number         0  printf_stubs.o ABSOLUTE
    _printf_sizespec                         0x00000000   Number         0  printf_stubs.o ABSOLUTE
    _printf_widthprec                        0x00000000   Number         0  printf_stubs.o ABSOLUTE
    __ARM_exceptions_init                     - Undefined Weak Reference
    __alloca_initialize                       - Undefined Weak Reference
    __arm_preinit_                            - Undefined Weak Reference
    __cpp_initialize__aeabi_                  - Undefined Weak Reference
    __cxa_finalize                            - Undefined Weak Reference
    __sigvec_lookup                           - Undefined Weak Reference
    __user_heap_extent                        - Undefined Weak Reference
    _atexit_init                              - Undefined Weak Reference
    _call_atexit_fns                          - Undefined Weak Reference
    _clock_init                               - Undefined Weak Reference
    _fp_trap_init                             - Undefined Weak Reference
    _fp_trap_shutdown                         - Undefined Weak Reference
    _get_lc_collate                           - Undefined Weak Reference
    _get_lc_ctype                             - Undefined Weak Reference
    _get_lc_monetary                          - Undefined Weak Reference
    _get_lc_time                              - Undefined Weak Reference
    _getenv_init                              - Undefined Weak Reference
    _handle_redirection                       - Undefined Weak Reference
    _initio                                   - Undefined Weak Reference
    _mutex_acquire                            - Undefined Weak Reference
    _mutex_free                               - Undefined Weak Reference
    _mutex_release                            - Undefined Weak Reference
    _printf_post_padding                      - Undefined Weak Reference
    _printf_pre_padding                       - Undefined Weak Reference
    _rand_init                                - Undefined Weak Reference
    _signal_finish                            - Undefined Weak Reference
    _signal_init                              - Undefined Weak Reference
    _terminateio                              - Undefined Weak Reference
    __Vectors_Size                           0x00000188   Number         0  startup_stm32f407xx.o ABSOLUTE
    __Vectors                                0x08000000   Data           4  startup_stm32f407xx.o(RESET)
    __Vectors_End                            0x08000188   Data           0  startup_stm32f407xx.o(RESET)
    __main                                   0x08000189   Thumb Code     8  __main.o(!!!main)
    __scatterload                            0x08000191   Thumb Code     0  __scatter.o(!!!scatter)
    __scatterload_rt2                        0x08000191   Thumb Code    44  __scatter.o(!!!scatter)
    __scatterload_rt2_thumb_only             0x08000191   Thumb Code     0  __scatter.o(!!!scatter)
    __scatterload_null                       0x0800019f   Thumb Code     0  __scatter.o(!!!scatter)
    __decompress                             0x080001c5   Thumb Code   100  __dclz77c.o(!!dclz77c)
    __decompress2                            0x080001c5   Thumb Code     0  __dclz77c.o(!!dclz77c)
    __scatterload_zeroinit                   0x08000229   Thumb Code    28  __scatter_zi.o(!!handler_zi)
    _printf_f                                0x08000245   Thumb Code     0  _printf_f.o(.ARM.Collect$$_printf_percent$$00000003)
    _printf_percent                          0x08000245   Thumb Code     0  _printf_percent.o(.ARM.Collect$$_printf_percent$$00000000)
    _printf_d                                0x0800024b   Thumb Code     0  _printf_d.o(.ARM.Collect$$_printf_percent$$00000009)
    _printf_percent_end                      0x08000251   Thumb Code     0  _printf_percent_end.o(.ARM.Collect$$_printf_percent$$00000017)
    __rt_lib_init                            0x08000255   Thumb Code     0  libinit.o(.ARM.Collect$$libinit$$00000000)
    __rt_lib_init_fp_1                       0x08000257   Thumb Code     0  libinit2.o(.ARM.Collect$$libinit$$00000001)
    __rt_lib_init_heap_1                     0x0800025b   Thumb Code     0  libinit2.o(.ARM.Collect$$libinit$$0000000A)
    __rt_lib_init_lc_common                  0x0800025b   Thumb Code     0  libinit2.o(.ARM.Collect$$libinit$$0000000F)
    __rt_lib_init_preinit_1                  0x0800025b   Thumb Code     0  libinit2.o(.ARM.Collect$$libinit$$00000004)
    __rt_lib_init_rand_1                     0x0800025b   Thumb Code     0  libinit2.o(.ARM.Collect$$libinit$$0000000E)
    __rt_lib_init_user_alloc_1               0x0800025b   Thumb Code     0  libinit2.o(.ARM.Collect$$libinit$$0000000C)
    __rt_lib_init_lc_collate_1               0x08000261   Thumb Code     0  libinit2.o(.ARM.Collect$$libinit$$00000011)
    __rt_lib_init_lc_ctype_1                 0x08000261   Thumb Code     0  libinit2.o(.ARM.Collect$$libinit$$00000013)
    __rt_lib_init_lc_monetary_1              0x08000261   Thumb Code     0  libinit2.o(.ARM.Collect$$libinit$$00000015)
    __rt_lib_init_lc_numeric_2               0x08000261   Thumb Code     0  libinit2.o(.ARM.Collect$$libinit$$00000016)
    __rt_lib_init_alloca_1                   0x0800026b   Thumb Code     0  libinit2.o(.ARM.Collect$$libinit$$0000002E)
    __rt_lib_init_argv_1                     0x0800026b   Thumb Code     0  libinit2.o(.ARM.Collect$$libinit$$0000002C)
    __rt_lib_init_atexit_1                   0x0800026b   Thumb Code     0  libinit2.o(.ARM.Collect$$libinit$$0000001B)
    __rt_lib_init_clock_1                    0x0800026b   Thumb Code     0  libinit2.o(.ARM.Collect$$libinit$$00000021)
    __rt_lib_init_cpp_1                      0x0800026b   Thumb Code     0  libinit2.o(.ARM.Collect$$libinit$$00000032)
    __rt_lib_init_exceptions_1               0x0800026b   Thumb Code     0  libinit2.o(.ARM.Collect$$libinit$$00000030)
    __rt_lib_init_fp_trap_1                  0x0800026b   Thumb Code     0  libinit2.o(.ARM.Collect$$libinit$$0000001F)
    __rt_lib_init_getenv_1                   0x0800026b   Thumb Code     0  libinit2.o(.ARM.Collect$$libinit$$00000023)
    __rt_lib_init_lc_numeric_1               0x0800026b   Thumb Code     0  libinit2.o(.ARM.Collect$$libinit$$00000017)
    __rt_lib_init_lc_time_1                  0x0800026b   Thumb Code     0  libinit2.o(.ARM.Collect$$libinit$$00000019)
    __rt_lib_init_return                     0x0800026b   Thumb Code     0  libinit2.o(.ARM.Collect$$libinit$$00000033)
    __rt_lib_init_signal_1                   0x0800026b   Thumb Code     0  libinit2.o(.ARM.Collect$$libinit$$0000001D)
    __rt_lib_init_stdio_1                    0x0800026b   Thumb Code     0  libinit2.o(.ARM.Collect$$libinit$$00000025)
    __rt_lib_shutdown                        0x0800026d   Thumb Code     0  libshutdown.o(.ARM.Collect$$libshutdown$$00000000)
    __rt_lib_shutdown_fp_trap_1              0x0800026f   Thumb Code     0  libshutdown2.o(.ARM.Collect$$libshutdown$$00000006)
    __rt_lib_shutdown_heap_1                 0x0800026f   Thumb Code     0  libshutdown2.o(.ARM.Collect$$libshutdown$$0000000E)
    __rt_lib_shutdown_return                 0x0800026f   Thumb Code     0  libshutdown2.o(.ARM.Collect$$libshutdown$$0000000F)
    __rt_lib_shutdown_signal_1               0x0800026f   Thumb Code     0  libshutdown2.o(.ARM.Collect$$libshutdown$$00000009)
    __rt_lib_shutdown_stdio_1                0x0800026f   Thumb Code     0  libshutdown2.o(.ARM.Collect$$libshutdown$$00000003)
    __rt_lib_shutdown_user_alloc_1           0x0800026f   Thumb Code     0  libshutdown2.o(.ARM.Collect$$libshutdown$$0000000B)
    __rt_entry                               0x08000271   Thumb Code     0  __rtentry.o(.ARM.Collect$$rtentry$$00000000)
    __rt_entry_presh_1                       0x08000271   Thumb Code     0  __rtentry2.o(.ARM.Collect$$rtentry$$00000002)
    __rt_entry_sh                            0x08000271   Thumb Code     0  __rtentry4.o(.ARM.Collect$$rtentry$$00000004)
    __rt_entry_li                            0x08000277   Thumb Code     0  __rtentry2.o(.ARM.Collect$$rtentry$$0000000A)
    __rt_entry_postsh_1                      0x08000277   Thumb Code     0  __rtentry2.o(.ARM.Collect$$rtentry$$00000009)
    __rt_entry_main                          0x0800027b   Thumb Code     0  __rtentry2.o(.ARM.Collect$$rtentry$$0000000D)
    __rt_entry_postli_1                      0x0800027b   Thumb Code     0  __rtentry2.o(.ARM.Collect$$rtentry$$0000000C)
    __rt_exit                                0x08000283   Thumb Code     0  rtexit.o(.ARM.Collect$$rtexit$$00000000)
    __rt_exit_ls                             0x08000285   Thumb Code     0  rtexit2.o(.ARM.Collect$$rtexit$$00000003)
    __rt_exit_prels_1                        0x08000285   Thumb Code     0  rtexit2.o(.ARM.Collect$$rtexit$$00000002)
    __rt_exit_exit                           0x08000289   Thumb Code     0  rtexit2.o(.ARM.Collect$$rtexit$$00000004)
    Reset_Handler                            0x08000291   Thumb Code     8  startup_stm32f407xx.o(.text)
    NMI_Handler                              0x08000299   Thumb Code     2  startup_stm32f407xx.o(.text)
    HardFault_Handler                        0x0800029b   Thumb Code     2  startup_stm32f407xx.o(.text)
    MemManage_Handler                        0x0800029d   Thumb Code     2  startup_stm32f407xx.o(.text)
    BusFault_Handler                         0x0800029f   Thumb Code     2  startup_stm32f407xx.o(.text)
    UsageFault_Handler                       0x080002a1   Thumb Code     2  startup_stm32f407xx.o(.text)
    SVC_Handler                              0x080002a3   Thumb Code     2  startup_stm32f407xx.o(.text)
    DebugMon_Handler                         0x080002a5   Thumb Code     2  startup_stm32f407xx.o(.text)
    PendSV_Handler                           0x080002a7   Thumb Code     2  startup_stm32f407xx.o(.text)
    SysTick_Handler                          0x080002a9   Thumb Code     2  startup_stm32f407xx.o(.text)
    ADC_IRQHandler                           0x080002ab   Thumb Code     0  startup_stm32f407xx.o(.text)
    CAN1_RX0_IRQHandler                      0x080002ab   Thumb Code     0  startup_stm32f407xx.o(.text)
    CAN1_RX1_IRQHandler                      0x080002ab   Thumb Code     0  startup_stm32f407xx.o(.text)
    CAN1_SCE_IRQHandler                      0x080002ab   Thumb Code     0  startup_stm32f407xx.o(.text)
    CAN1_TX_IRQHandler                       0x080002ab   Thumb Code     0  startup_stm32f407xx.o(.text)
    CAN2_RX0_IRQHandler                      0x080002ab   Thumb Code     0  startup_stm32f407xx.o(.text)
    CAN2_RX1_IRQHandler                      0x080002ab   Thumb Code     0  startup_stm32f407xx.o(.text)
    CAN2_SCE_IRQHandler                      0x080002ab   Thumb Code     0  startup_stm32f407xx.o(.text)
    CAN2_TX_IRQHandler                       0x080002ab   Thumb Code     0  startup_stm32f407xx.o(.text)
    DCMI_IRQHandler                          0x080002ab   Thumb Code     0  startup_stm32f407xx.o(.text)
    DMA1_Stream1_IRQHandler                  0x080002ab   Thumb Code     0  startup_stm32f407xx.o(.text)
    DMA1_Stream6_IRQHandler                  0x080002ab   Thumb Code     0  startup_stm32f407xx.o(.text)
    DMA1_Stream7_IRQHandler                  0x080002ab   Thumb Code     0  startup_stm32f407xx.o(.text)
    DMA2_Stream0_IRQHandler                  0x080002ab   Thumb Code     0  startup_stm32f407xx.o(.text)
    DMA2_Stream1_IRQHandler                  0x080002ab   Thumb Code     0  startup_stm32f407xx.o(.text)
    DMA2_Stream2_IRQHandler                  0x080002ab   Thumb Code     0  startup_stm32f407xx.o(.text)
    DMA2_Stream3_IRQHandler                  0x080002ab   Thumb Code     0  startup_stm32f407xx.o(.text)
    DMA2_Stream4_IRQHandler                  0x080002ab   Thumb Code     0  startup_stm32f407xx.o(.text)
    DMA2_Stream5_IRQHandler                  0x080002ab   Thumb Code     0  startup_stm32f407xx.o(.text)
    DMA2_Stream6_IRQHandler                  0x080002ab   Thumb Code     0  startup_stm32f407xx.o(.text)
    ETH_IRQHandler                           0x080002ab   Thumb Code     0  startup_stm32f407xx.o(.text)
    ETH_WKUP_IRQHandler                      0x080002ab   Thumb Code     0  startup_stm32f407xx.o(.text)
    EXTI0_IRQHandler                         0x080002ab   Thumb Code     0  startup_stm32f407xx.o(.text)
    EXTI9_5_IRQHandler                       0x080002ab   Thumb Code     0  startup_stm32f407xx.o(.text)
    FLASH_IRQHandler                         0x080002ab   Thumb Code     0  startup_stm32f407xx.o(.text)
    FMC_IRQHandler                           0x080002ab   Thumb Code     0  startup_stm32f407xx.o(.text)
    FPU_IRQHandler                           0x080002ab   Thumb Code     0  startup_stm32f407xx.o(.text)
    HASH_RNG_IRQHandler                      0x080002ab   Thumb Code     0  startup_stm32f407xx.o(.text)
    I2C1_ER_IRQHandler                       0x080002ab   Thumb Code     0  startup_stm32f407xx.o(.text)
    I2C2_ER_IRQHandler                       0x080002ab   Thumb Code     0  startup_stm32f407xx.o(.text)
    I2C2_EV_IRQHandler                       0x080002ab   Thumb Code     0  startup_stm32f407xx.o(.text)
    I2C3_ER_IRQHandler                       0x080002ab   Thumb Code     0  startup_stm32f407xx.o(.text)
    I2C3_EV_IRQHandler                       0x080002ab   Thumb Code     0  startup_stm32f407xx.o(.text)
    OTG_FS_IRQHandler                        0x080002ab   Thumb Code     0  startup_stm32f407xx.o(.text)
    OTG_FS_WKUP_IRQHandler                   0x080002ab   Thumb Code     0  startup_stm32f407xx.o(.text)
    OTG_HS_EP1_IN_IRQHandler                 0x080002ab   Thumb Code     0  startup_stm32f407xx.o(.text)
    OTG_HS_EP1_OUT_IRQHandler                0x080002ab   Thumb Code     0  startup_stm32f407xx.o(.text)
    OTG_HS_IRQHandler                        0x080002ab   Thumb Code     0  startup_stm32f407xx.o(.text)
    OTG_HS_WKUP_IRQHandler                   0x080002ab   Thumb Code     0  startup_stm32f407xx.o(.text)
    PVD_IRQHandler                           0x080002ab   Thumb Code     0  startup_stm32f407xx.o(.text)
    RCC_IRQHandler                           0x080002ab   Thumb Code     0  startup_stm32f407xx.o(.text)
    RTC_Alarm_IRQHandler                     0x080002ab   Thumb Code     0  startup_stm32f407xx.o(.text)
    RTC_WKUP_IRQHandler                      0x080002ab   Thumb Code     0  startup_stm32f407xx.o(.text)
    SDIO_IRQHandler                          0x080002ab   Thumb Code     0  startup_stm32f407xx.o(.text)
    SPI1_IRQHandler                          0x080002ab   Thumb Code     0  startup_stm32f407xx.o(.text)
    SPI2_IRQHandler                          0x080002ab   Thumb Code     0  startup_stm32f407xx.o(.text)
    SPI3_IRQHandler                          0x080002ab   Thumb Code     0  startup_stm32f407xx.o(.text)
    TAMP_STAMP_IRQHandler                    0x080002ab   Thumb Code     0  startup_stm32f407xx.o(.text)
    TIM1_CC_IRQHandler                       0x080002ab   Thumb Code     0  startup_stm32f407xx.o(.text)
    TIM1_TRG_COM_TIM11_IRQHandler            0x080002ab   Thumb Code     0  startup_stm32f407xx.o(.text)
    TIM1_UP_TIM10_IRQHandler                 0x080002ab   Thumb Code     0  startup_stm32f407xx.o(.text)
    TIM4_IRQHandler                          0x080002ab   Thumb Code     0  startup_stm32f407xx.o(.text)
    TIM6_DAC_IRQHandler                      0x080002ab   Thumb Code     0  startup_stm32f407xx.o(.text)
    TIM8_BRK_TIM12_IRQHandler                0x080002ab   Thumb Code     0  startup_stm32f407xx.o(.text)
    TIM8_CC_IRQHandler                       0x080002ab   Thumb Code     0  startup_stm32f407xx.o(.text)
    TIM8_TRG_COM_TIM14_IRQHandler            0x080002ab   Thumb Code     0  startup_stm32f407xx.o(.text)
    TIM8_UP_TIM13_IRQHandler                 0x080002ab   Thumb Code     0  startup_stm32f407xx.o(.text)
    UART4_IRQHandler                         0x080002ab   Thumb Code     0  startup_stm32f407xx.o(.text)
    UART5_IRQHandler                         0x080002ab   Thumb Code     0  startup_stm32f407xx.o(.text)
    USART2_IRQHandler                        0x080002ab   Thumb Code     0  startup_stm32f407xx.o(.text)
    USART3_IRQHandler                        0x080002ab   Thumb Code     0  startup_stm32f407xx.o(.text)
    USART6_IRQHandler                        0x080002ab   Thumb Code     0  startup_stm32f407xx.o(.text)
    WWDG_IRQHandler                          0x080002ab   Thumb Code     0  startup_stm32f407xx.o(.text)
    __user_initial_stackheap                 0x080002ad   Thumb Code     0  startup_stm32f407xx.o(.text)
    __2sprintf                               0x080002d1   Thumb Code    34  noretval__2sprintf.o(.text)
    _printf_truncate_signed                  0x080002f9   Thumb Code    18  _printf_truncate.o(.text)
    _printf_truncate_unsigned                0x0800030b   Thumb Code    18  _printf_truncate.o(.text)
    _printf_int_dec                          0x0800031d   Thumb Code   104  _printf_dec.o(.text)
    __printf                                 0x08000395   Thumb Code   352  __printf_ss_wp.o(.text)
    strlen                                   0x080004f5   Thumb Code    62  strlen.o(.text)
    __use_two_region_memory                  0x08000533   Thumb Code     2  heapauxi.o(.text)
    __rt_heap_escrow                         0x08000535   Thumb Code     2  heapauxi.o(.text)
    __rt_heap_expand                         0x08000537   Thumb Code     2  heapauxi.o(.text)
    __read_errno                             0x08000539   Thumb Code    10  _rserrno.o(.text)
    __set_errno                              0x08000543   Thumb Code    12  _rserrno.o(.text)
    _printf_int_common                       0x0800054f   Thumb Code   178  _printf_intcommon.o(.text)
    __lib_sel_fp_printf                      0x08000601   Thumb Code     2  _printf_fp_dec.o(.text)
    _printf_fp_dec_real                      0x080007af   Thumb Code   620  _printf_fp_dec.o(.text)
    _printf_char_common                      0x08000a27   Thumb Code    32  _printf_char_common.o(.text)
    _sputc                                   0x08000a4d   Thumb Code    10  _sputc.o(.text)
    __user_libspace                          0x08000a59   Thumb Code     8  libspace.o(.text)
    __user_perproc_libspace                  0x08000a59   Thumb Code     0  libspace.o(.text)
    __user_perthread_libspace                0x08000a59   Thumb Code     0  libspace.o(.text)
    __rt_locale                              0x08000a61   Thumb Code     8  rt_locale_intlibspace.o(.text)
    __aeabi_errno_addr                       0x08000a69   Thumb Code     8  rt_errno_addr_intlibspace.o(.text)
    __errno$intlibspace                      0x08000a69   Thumb Code     0  rt_errno_addr_intlibspace.o(.text)
    __rt_errno_addr$intlibspace              0x08000a69   Thumb Code     0  rt_errno_addr_intlibspace.o(.text)
    _ll_udiv10                               0x08000a71   Thumb Code   138  lludiv10.o(.text)
    _printf_fp_infnan                        0x08000afd   Thumb Code   112  _printf_fp_infnan.o(.text)
    _btod_etento                             0x08000b7d   Thumb Code   216  bigflt0.o(.text)
    __I$use$semihosting                      0x08000c59   Thumb Code     0  use_no_semi.o(.text)
    __use_no_semihosting_swi                 0x08000c59   Thumb Code     2  use_no_semi.o(.text)
    __semihosting_library_function           0x08000c5b   Thumb Code     0  indicate_semi.o(.text)
    __user_setup_stackheap                   0x08000c5b   Thumb Code    74  sys_stackheap_outer.o(.text)
    exit                                     0x08000ca5   Thumb Code    12  exit.o(.text)
    strcmp                                   0x08000cb1   Thumb Code   128  strcmpv7m.o(.text)
    _sys_exit                                0x08000d31   Thumb Code     8  sys_exit.o(.text)
    _btod_d2e                                0x08000d3d   Thumb Code    62  btod.o(CL$$btod_d2e)
    _d2e_denorm_low                          0x08000d7b   Thumb Code    70  btod.o(CL$$btod_d2e_denorm_low)
    _d2e_norm_op1                            0x08000dc1   Thumb Code    96  btod.o(CL$$btod_d2e_norm_op1)
    __btod_div_common                        0x08000e21   Thumb Code   696  btod.o(CL$$btod_div_common)
    _e2e                                     0x08001159   Thumb Code   198  btod.o(CL$$btod_e2e)
    _btod_ediv                               0x0800121f   Thumb Code    40  btod.o(CL$$btod_ediv)
    _btod_emul                               0x08001247   Thumb Code    40  btod.o(CL$$btod_emul)
    __btod_mult_common                       0x0800126f   Thumb Code   580  btod.o(CL$$btod_mult_common)
    ADXL345_Calibr                           0x080014b5   Thumb Code    94  adxl345.o(i.ADXL345_Calibr)
    ADXL345_DMA_Init                         0x0800153d   Thumb Code    88  adxl345.o(i.ADXL345_DMA_Init)
    ADXRS_Calibr                             0x080015a9   Thumb Code    32  adxrs453.o(i.ADXRS_Calibr)
    ADXRS_DMA_Read                           0x080015dd   Thumb Code   104  adxrs453.o(i.ADXRS_DMA_Read)
    ARS1_GetData                             0x0800165d   Thumb Code   202  adxrs290.o(i.ARS1_GetData)
    ARS1_Init                                0x0800173d   Thumb Code    82  adxrs290.o(i.ARS1_Init)
    ARS1_NSS_High                            0x08001791   Thumb Code    20  adxrs290.o(i.ARS1_NSS_High)
    ARS1_NSS_Init                            0x080017ad   Thumb Code    46  adxrs290.o(i.ARS1_NSS_Init)
    ARS1_NSS_Low                             0x080017e5   Thumb Code    20  adxrs290.o(i.ARS1_NSS_Low)
    ARS1_VDD_Init                            0x08001801   Thumb Code    44  adxrs290.o(i.ARS1_VDD_Init)
    ARS2_GetData                             0x08001835   Thumb Code   202  adxrs290.o(i.ARS2_GetData)
    ARS2_NSS_High                            0x08001915   Thumb Code    20  adxrs290.o(i.ARS2_NSS_High)
    ARS2_NSS_Init                            0x08001931   Thumb Code    46  adxrs290.o(i.ARS2_NSS_Init)
    ARS2_NSS_Low                             0x08001969   Thumb Code    20  adxrs290.o(i.ARS2_NSS_Low)
    ARS2_VDD_Init                            0x08001985   Thumb Code    40  adxrs290.o(i.ARS2_VDD_Init)
    Accel_GetData                            0x080019b5   Thumb Code    24  adxl345.o(i.Accel_GetData)
    Accel_NSS_High                           0x080019d5   Thumb Code    20  adxl345.o(i.Accel_NSS_High)
    Accel_NSS_Init                           0x080019f1   Thumb Code    66  adxl345.o(i.Accel_NSS_Init)
    Accel_NSS_Low                            0x08001a3d   Thumb Code    20  adxl345.o(i.Accel_NSS_Low)
    Accel_UpdateFreq                         0x08001a59   Thumb Code    34  adxl345.o(i.Accel_UpdateFreq)
    Accel_VDD_Init                           0x08001a85   Thumb Code    86  adxl345.o(i.Accel_VDD_Init)
    All_NSS_High                             0x08001ae5   Thumb Code    16  adxrs290.o(i.All_NSS_High)
    DMA1_Stream0_IRQHandler                  0x08001af5   Thumb Code   204  gyro.o(i.DMA1_Stream0_IRQHandler)
    DMA1_Stream2_IRQHandler                  0x08001bf5   Thumb Code   202  adxrs453.o(i.DMA1_Stream2_IRQHandler)
    DMA1_Stream3_IRQHandler                  0x08001cf1   Thumb Code   562  adxl345.o(i.DMA1_Stream3_IRQHandler)
    DMA1_Stream4_IRQHandler                  0x08001f89   Thumb Code    34  adxl345.o(i.DMA1_Stream4_IRQHandler)
    DMA1_Stream5_IRQHandler                  0x08001fb1   Thumb Code     6  adxrs453.o(i.DMA1_Stream5_IRQHandler)
    DMA2_Stream7_IRQHandler                  0x08001fbd   Thumb Code    28  telemetry.o(i.DMA2_Stream7_IRQHandler)
    EXTI15_10_IRQHandler                     0x08001fe1   Thumb Code    50  adxrs290.o(i.EXTI15_10_IRQHandler)
    EXTI1_IRQHandler                         0x08002019   Thumb Code    24  adxl345.o(i.EXTI1_IRQHandler)
    EXTI2_IRQHandler                         0x08002035   Thumb Code    44  motors.o(i.EXTI2_IRQHandler)
    EXTI3_IRQHandler                         0x0800206d   Thumb Code    24  gyro.o(i.EXTI3_IRQHandler)
    EXTI4_IRQHandler                         0x08002089   Thumb Code    40  motors.o(i.EXTI4_IRQHandler)
    Gyro_DMA_Init                            0x080020bd   Thumb Code    48  gyro.o(i.Gyro_DMA_Init)
    Gyro_ReadWithInterrupt                   0x080020fd   Thumb Code    64  gyro.o(i.Gyro_ReadWithInterrupt)
    Gyro_SingleByteWrite                     0x0800214d   Thumb Code   186  gyro.o(i.Gyro_SingleByteWrite)
    I2C1_EV_IRQHandler                       0x0800220d   Thumb Code   124  gyro.o(i.I2C1_EV_IRQHandler)
    Motors_Run                               0x08002299   Thumb Code    20  motors.o(i.Motors_Run)
    Motors_SetPwm                            0x080022b9   Thumb Code   126  motors.o(i.Motors_SetPwm)
    Motors_Stop                              0x0800234d   Thumb Code    26  motors.o(i.Motors_Stop)
    RCC_Init                                 0x0800241d   Thumb Code    46  main.o(i.RCC_Init)
    SPI2_GPIO_Init                           0x0800245d   Thumb Code   216  adxl345.o(i.SPI2_GPIO_Init)
    SPI2_Init                                0x08002545   Thumb Code   108  adxl345.o(i.SPI2_Init)
    SPI2_Read                                0x080025b5   Thumb Code    22  adxl345.o(i.SPI2_Read)
    SPI2_SensorsPoll                         0x080025cd   Thumb Code    74  adxrs290.o(i.SPI2_SensorsPoll)
    SPI2_Transfer                            0x08002635   Thumb Code    46  adxl345.o(i.SPI2_Transfer)
    SPI2_Write                               0x08002669   Thumb Code    20  adxl345.o(i.SPI2_Write)
    SPI3_NSS_High                            0x0800267d   Thumb Code    20  adxrs453.o(i.SPI3_NSS_High)
    SPI3_NSS_Low                             0x08002699   Thumb Code    20  adxrs453.o(i.SPI3_NSS_Low)
    SendTelemetry                            0x080026b5   Thumb Code   196  telemetry.o(i.SendTelemetry)
    SystemInit                               0x080027f9   Thumb Code   208  system_stm32f4xx.o(i.SystemInit)
    TIM1_BRK_TIM9_IRQHandler                 0x080028e1   Thumb Code    38  motors.o(i.TIM1_BRK_TIM9_IRQHandler)
    TIM2_IRQHandler                          0x08002915   Thumb Code    36  adxrs453.o(i.TIM2_IRQHandler)
    TIM3_IRQHandler                          0x08002939   Thumb Code   302  motors.o(i.TIM3_IRQHandler)
    TIM5_IRQHandler                          0x08002a91   Thumb Code    38  motors.o(i.TIM5_IRQHandler)
    TIM7_IRQHandler                          0x08002ac5   Thumb Code   416  processing.o(i.TIM7_IRQHandler)
    Telemetry_DMA_Init                       0x08002c85   Thumb Code    64  telemetry.o(i.Telemetry_DMA_Init)
    USART1_IRQHandler                        0x08002cdd   Thumb Code  1634  telemetry.o(i.USART1_IRQHandler)
    __ARM_fpclassify                         0x080033a1   Thumb Code    48  fpclassify.o(i.__ARM_fpclassify)
    __hardfp_atan                            0x080033d1   Thumb Code   622  atan.o(i.__hardfp_atan)
    __hardfp_exp                             0x080036a9   Thumb Code   714  exp.o(i.__hardfp_exp)
    __hardfp_fabs                            0x08003a01   Thumb Code    20  fabs.o(i.__hardfp_fabs)
    __hardfp_sin                             0x08003a19   Thumb Code   180  sin.o(i.__hardfp_sin)
    __ieee754_rem_pio2                       0x08003ae1   Thumb Code   938  rred.o(i.__ieee754_rem_pio2)
    __kernel_cos                             0x08003f19   Thumb Code   322  cos_i.o(i.__kernel_cos)
    __kernel_poly                            0x08004089   Thumb Code   248  poly.o(i.__kernel_poly)
    __kernel_sin                             0x08004181   Thumb Code   280  sin_i.o(i.__kernel_sin)
    __mathlib_dbl_infnan                     0x080042b1   Thumb Code    20  dunder.o(i.__mathlib_dbl_infnan)
    __mathlib_dbl_invalid                    0x080042c9   Thumb Code    24  dunder.o(i.__mathlib_dbl_invalid)
    __mathlib_dbl_overflow                   0x080042e9   Thumb Code    24  dunder.o(i.__mathlib_dbl_overflow)
    __mathlib_dbl_underflow                  0x08004309   Thumb Code    24  dunder.o(i.__mathlib_dbl_underflow)
    _is_digit                                0x08004329   Thumb Code    14  __printf_wp.o(i._is_digit)
    adjustControl                            0x08004339   Thumb Code   390  processing.o(i.adjustControl)
    calcAngAccel                             0x080044ed   Thumb Code    78  processing.o(i.calcAngAccel)
    calcAngVel                               0x08004551   Thumb Code   130  processing.o(i.calcAngVel)
    calcAngle                                0x080045f9   Thumb Code   326  processing.o(i.calcAngle)
    calcPwms                                 0x0800476d   Thumb Code   278  processing.o(i.calcPwms)
    control                                  0x080048c9   Thumb Code    64  processing.o(i.control)
    delay                                    0x08004921   Thumb Code    22  gyro.o(i.delay)
    fabs                                     0x08004937   Thumb Code    24  fabs.o(i.fabs)
    gCheck                                   0x08004951   Thumb Code   204  processing.o(i.gCheck)
    getFinalData                             0x08004a45   Thumb Code    92  processing.o(i.getFinalData)
    initWaitingForFloat                      0x08004ad1   Thumb Code    44  telemetry.o(i.initWaitingForFloat)
    initWaitingForInt                        0x08004b15   Thumb Code    26  telemetry.o(i.initWaitingForInt)
    main                                     0x08004b41   Thumb Code   102  main.o(i.main)
    simplestControl                          0x08004bb1   Thumb Code   270  processing.o(i.simplestControl)
    turnOffUselessMotor                      0x08004cd9   Thumb Code   168  processing.o(i.turnOffUselessMotor)
    _get_lc_numeric                          0x08004d99   Thumb Code    44  lc_numeric_c.o(locale$$code)
    __aeabi_dneg                             0x08004dc5   Thumb Code     0  basic.o(x$fpl$basic)
    _dneg                                    0x08004dc5   Thumb Code     6  basic.o(x$fpl$basic)
    __aeabi_fneg                             0x08004dcb   Thumb Code     0  basic.o(x$fpl$basic)
    _fneg                                    0x08004dcb   Thumb Code     6  basic.o(x$fpl$basic)
    _dabs                                    0x08004dd1   Thumb Code     6  basic.o(x$fpl$basic)
    _fabs                                    0x08004dd7   Thumb Code     6  basic.o(x$fpl$basic)
    __aeabi_d2f                              0x08004ddd   Thumb Code     0  d2f.o(x$fpl$d2f)
    _d2f                                     0x08004ddd   Thumb Code    98  d2f.o(x$fpl$d2f)
    __aeabi_dadd                             0x08004e41   Thumb Code     0  daddsub_clz.o(x$fpl$dadd)
    _dadd                                    0x08004e41   Thumb Code   332  daddsub_clz.o(x$fpl$dadd)
    __fpl_dcmp_Inf                           0x08004f91   Thumb Code    24  dcmpi.o(x$fpl$dcmpinf)
    __aeabi_ddiv                             0x08004fa9   Thumb Code     0  ddiv.o(x$fpl$ddiv)
    _ddiv                                    0x08004fa9   Thumb Code   552  ddiv.o(x$fpl$ddiv)
    __aeabi_d2iz                             0x08005259   Thumb Code     0  dfix.o(x$fpl$dfix)
    _dfix                                    0x08005259   Thumb Code    94  dfix.o(x$fpl$dfix)
    __aeabi_i2d                              0x080052b7   Thumb Code     0  dflt_clz.o(x$fpl$dflt)
    _dflt                                    0x080052b7   Thumb Code    46  dflt_clz.o(x$fpl$dflt)
    __aeabi_ui2d                             0x080052e5   Thumb Code     0  dflt_clz.o(x$fpl$dfltu)
    _dfltu                                   0x080052e5   Thumb Code    38  dflt_clz.o(x$fpl$dfltu)
    __aeabi_cdcmple                          0x0800530d   Thumb Code     0  dleqf.o(x$fpl$dleqf)
    _dcmple                                  0x0800530d   Thumb Code   120  dleqf.o(x$fpl$dleqf)
    __fpl_dcmple_InfNaN                      0x0800536f   Thumb Code     0  dleqf.o(x$fpl$dleqf)
    __aeabi_dmul                             0x08005385   Thumb Code     0  dmul.o(x$fpl$dmul)
    _dmul                                    0x08005385   Thumb Code   332  dmul.o(x$fpl$dmul)
    __fpl_dnaninf                            0x080054d9   Thumb Code   156  dnaninf.o(x$fpl$dnaninf)
    __fpl_dretinf                            0x08005575   Thumb Code    12  dretinf.o(x$fpl$dretinf)
    __aeabi_cdrcmple                         0x08005581   Thumb Code     0  drleqf.o(x$fpl$drleqf)
    _drcmple                                 0x08005581   Thumb Code   108  drleqf.o(x$fpl$drleqf)
    __aeabi_drsub                            0x080055ed   Thumb Code     0  daddsub_clz.o(x$fpl$drsb)
    _drsb                                    0x080055ed   Thumb Code    22  daddsub_clz.o(x$fpl$drsb)
    __aeabi_dsub                             0x08005605   Thumb Code     0  daddsub_clz.o(x$fpl$dsub)
    _dsub                                    0x08005605   Thumb Code   464  daddsub_clz.o(x$fpl$dsub)
    __aeabi_f2d                              0x080057d9   Thumb Code     0  f2d.o(x$fpl$f2d)
    _f2d                                     0x080057d9   Thumb Code    86  f2d.o(x$fpl$f2d)
    __fpl_fnaninf                            0x0800582f   Thumb Code   140  fnaninf.o(x$fpl$fnaninf)
    _fp_init                                 0x080058bb   Thumb Code    10  fpinit.o(x$fpl$fpinit)
    __fplib_config_fpu_vfp                   0x080058c3   Thumb Code     0  fpinit.o(x$fpl$fpinit)
    __fplib_config_pureend_doubles           0x080058c3   Thumb Code     0  fpinit.o(x$fpl$fpinit)
    __fpl_fretinf                            0x080058c5   Thumb Code    10  fretinf.o(x$fpl$fretinf)
    _printf_fp_dec                           0x080058cf   Thumb Code     4  printf1.o(x$fpl$printf1)
    __I$use$fp                               0x080058d2   Number         0  usenofp.o(x$fpl$usenofp)
    Region$$Table$$Base                      0x08005b7c   Number         0  anon$$obj.o(Region$$Table)
    Region$$Table$$Limit                     0x08005b9c   Number         0  anon$$obj.o(Region$$Table)
    ax                                       0x20000000   Data           2  main.o(.data)
    ay                                       0x20000002   Data           2  main.o(.data)
    az                                       0x20000004   Data           2  main.o(.data)
    gx                                       0x20000006   Data           2  main.o(.data)
    gy                                       0x20000008   Data           2  main.o(.data)
    gz                                       0x2000000a   Data           2  main.o(.data)
    ENGRDY                                   0x2000000c   Data           1  main.o(.data)
    pwm                                      0x20000010   Data           4  main.o(.data)
    pwm1                                     0x20000014   Data           4  main.o(.data)
    pwm2                                     0x20000018   Data           4  main.o(.data)
    COUNT1                                   0x2000001c   Data           4  main.o(.data)
    COUNT2                                   0x20000020   Data           4  main.o(.data)
    F                                        0x20000024   Data           4  main.o(.data)
    Kp                                       0x20000028   Data           4  main.o(.data)
    Kd                                       0x2000002c   Data           4  main.o(.data)
    Ki                                       0x20000030   Data           4  main.o(.data)
    angle                                    0x20000034   Data           4  main.o(.data)
    angularVelocity                          0x20000038   Data           4  main.o(.data)
    filterScale                              0x2000003c   Data           4  main.o(.data)
    SPI2_SCK                                 0x20000040   Data           1  adxl345.o(.data)
    SPI2_MISO                                0x20000041   Data           1  adxl345.o(.data)
    SPI2_MOSI                                0x20000042   Data           1  adxl345.o(.data)
    ACCEL_NSS                                0x20000043   Data           1  adxl345.o(.data)
    ACCEL_INT1                               0x20000044   Data           1  adxl345.o(.data)
    ACCEL_VDD                                0x20000045   Data           1  adxl345.o(.data)
    accelRegisters                           0x20000046   Data          12  adxl345.o(.data)
    accelCalibrationOn                       0x20000052   Data           1  adxl345.o(.data)
    accelCalibrIndex                         0x20000054   Data           4  adxl345.o(.data)
    accelCalibrNumber                        0x20000058   Data           4  adxl345.o(.data)
    accel_xSum                               0x2000005c   Data           4  adxl345.o(.data)
    accel_ySum                               0x20000060   Data           4  adxl345.o(.data)
    accel_zSum                               0x20000064   Data           4  adxl345.o(.data)
    xOffset                                  0x20000068   Data           2  adxl345.o(.data)
    yOffset                                  0x2000006a   Data           2  adxl345.o(.data)
    zOffset                                  0x2000006c   Data           2  adxl345.o(.data)
    freshFreq                                0x2000006e   Data           1  adxl345.o(.data)
    curFreq                                  0x2000006f   Data           1  adxl345.o(.data)
    curDT                                    0x20000070   Data           4  adxl345.o(.data)
    UART1_TX                                 0x20000074   Data           1  telemetry.o(.data)
    UART1_RX                                 0x20000075   Data           1  telemetry.o(.data)
    received                                 0x20000076   Data           1  telemetry.o(.data)
    i                                        0x20000078   Data           4  telemetry.o(.data)
    st                                       0x2000007c   Data           4  telemetry.o(.data)
    intValue                                 0x20000080   Data           4  telemetry.o(.data)
    k                                        0x20000084   Data           4  telemetry.o(.data)
    my_pow                                   0x20000088   Data           4  telemetry.o(.data)
    d_st                                     0x2000008c   Data           4  telemetry.o(.data)
    floatValue                               0x20000090   Data           4  telemetry.o(.data)
    curWaiting                               0x20000094   Data           1  telemetry.o(.data)
    curWaitingForInt                         0x20000095   Data           1  telemetry.o(.data)
    curWaitingForFloat                       0x20000096   Data           1  telemetry.o(.data)
    telemetryOn                              0x20000097   Data           1  telemetry.o(.data)
    recalibrate                              0x20000098   Data           1  telemetry.o(.data)
    turnUselessOn                            0x20000099   Data           1  telemetry.o(.data)
    gyroRecalibrationOn                      0x2000009a   Data           1  telemetry.o(.data)
    len                                      0x2000009b   Data           1  telemetry.o(.data)
    j                                        0x2000009c   Data           1  telemetry.o(.data)
    rst                                      0x200000a0   Data           4  telemetry.o(.data)
    USART_DMA_transferComleted               0x200000a4   Data           1  telemetry.o(.data)
    maxAngle                                 0x200000a8   Data           4  processing.o(.data)
    accelDeviation                           0x200000ac   Data           4  processing.o(.data)
    angleFromAccel                           0x200000b0   Data           1  processing.o(.data)
    maxAngVel                                0x200000b4   Data           4  processing.o(.data)
    research                                 0x200000b8   Data           1  processing.o(.data)
    researchIndex                            0x200000bc   Data           4  processing.o(.data)
    researchAmplitude                        0x200000c0   Data           4  processing.o(.data)
    researchFrequency                        0x200000c4   Data           4  processing.o(.data)
    processCounter                           0x200000c8   Data           1  processing.o(.data)
    adxrs_b                                  0x200000cc   Data         360  processing.o(.data)
    adxrsHistoryIndex                        0x20000234   Data           1  processing.o(.data)
    adxrsCurHistoryIndex                     0x20000235   Data           1  processing.o(.data)
    filteredVel                              0x20000238   Data           4  processing.o(.data)
    gyro_b                                   0x2000023c   Data         336  processing.o(.data)
    gxHistoryIndex                           0x2000038c   Data           1  processing.o(.data)
    gxCurHistoryIndex                        0x2000038d   Data           1  processing.o(.data)
    filteredGX                               0x20000390   Data           4  processing.o(.data)
    finalGX                                  0x20000394   Data           4  processing.o(.data)
    accel_b                                  0x20000398   Data         428  processing.o(.data)
    azHistoryIndex                           0x20000544   Data           1  processing.o(.data)
    azCurHistoryIndex                        0x20000545   Data           1  processing.o(.data)
    filteredAZ                               0x20000546   Data           2  processing.o(.data)
    finalAZ                                  0x20000548   Data           2  processing.o(.data)
    axHistoryIndex                           0x2000054a   Data           1  processing.o(.data)
    axCurHistoryIndex                        0x2000054b   Data           1  processing.o(.data)
    filteredAX                               0x2000054c   Data           2  processing.o(.data)
    finalAX                                  0x2000054e   Data           2  processing.o(.data)
    finalAY                                  0x20000550   Data           2  processing.o(.data)
    doAccelProcess                           0x20000552   Data           1  processing.o(.data)
    doGyroProcess                            0x20000553   Data           1  processing.o(.data)
    doAdxrsProcess                           0x20000554   Data           1  processing.o(.data)
    lowpassOn                                0x20000555   Data           1  processing.o(.data)
    accelLowpassReady                        0x20000556   Data           1  processing.o(.data)
    gyroLowpassReady                         0x20000557   Data           1  processing.o(.data)
    angleIntegral                            0x20000558   Data           4  processing.o(.data)
    angleIntegralMax                         0x2000055c   Data           4  processing.o(.data)
    angleAcceleration                        0x20000560   Data           4  processing.o(.data)
    prevAngularVelocity                      0x20000564   Data           4  processing.o(.data)
    Aappr                                    0x20000568   Data           4  processing.o(.data)
    Bappr                                    0x2000056c   Data           4  processing.o(.data)
    Cappr                                    0x20000570   Data           4  processing.o(.data)
    D                                        0x20000574   Data           4  processing.o(.data)
    x1                                       0x20000578   Data           4  processing.o(.data)
    x2                                       0x2000057c   Data           4  processing.o(.data)
    minF                                     0x20000580   Data           4  processing.o(.data)
    identificationReady                      0x20000584   Data           1  processing.o(.data)
    boundaryAngle                            0x20000588   Data           4  processing.o(.data)
    angularVelocityHistoryIndex              0x2000058c   Data           1  processing.o(.data)
    tranquilityTime                          0x2000058d   Data           1  processing.o(.data)
    tranquilityCount                         0x2000058e   Data           1  processing.o(.data)
    angVelSmall                              0x20000590   Data           4  processing.o(.data)
    Edes                                     0x20000594   Data           4  processing.o(.data)
    pwmStep                                  0x20000598   Data           4  processing.o(.data)
    everyN                                   0x2000059c   Data           1  processing.o(.data)
    MOT_PWM1                                 0x200005a0   Data           1  motors.o(.data)
    MOT_PWM2                                 0x200005a1   Data           1  motors.o(.data)
    MOT_FREQ1                                0x200005a2   Data           1  motors.o(.data)
    MOT_FREQ2                                0x200005a3   Data           1  motors.o(.data)
    minPwm                                   0x200005a4   Data           4  motors.o(.data)
    maxPwm                                   0x200005a8   Data           4  motors.o(.data)
    tim3_status                              0x200005ac   Data           1  motors.o(.data)
    start_pwm                                0x200005b0   Data           4  motors.o(.data)
    timer                                    0x200005b4   Data           4  motors.o(.data)
    timer_1000                               0x200005b8   Data           4  motors.o(.data)
    timer_2000                               0x200005bc   Data           4  motors.o(.data)
    pwm_step                                 0x200005c0   Data           4  motors.o(.data)
    pwmstartmax                              0x200005c4   Data           4  motors.o(.data)
    Motor1Off                                0x200005c8   Data           1  motors.o(.data)
    Motor2Off                                0x200005c9   Data           1  motors.o(.data)
    I2C1_SCL                                 0x200005cc   Data           1  gyro.o(.data)
    I2C1_SDA                                 0x200005cd   Data           1  gyro.o(.data)
    gyroFreshFreq                            0x200005ce   Data           1  gyro.o(.data)
    gyroCurFreq                              0x200005cf   Data           1  gyro.o(.data)
    gyroCurDT                                0x200005d0   Data           4  gyro.o(.data)
    gyroAngle                                0x200005d4   Data           4  gyro.o(.data)
    gyro                                     0x200005d8   Data           6  gyro.o(.data)
    gyroRegisters                            0x200005de   Data           6  gyro.o(.data)
    GYRO_ADDR                                0x200005e4   Data           1  gyro.o(.data)
    read                                     0x200005e5   Data           1  gyro.o(.data)
    addr                                     0x200005e6   Data           1  gyro.o(.data)
    gyro_val                                 0x200005e7   Data           1  gyro.o(.data)
    gyroIndex                                0x200005e8   Data           1  gyro.o(.data)
    gyroCalibrationOn                        0x200005e9   Data           1  gyro.o(.data)
    calibrIndex                              0x200005ec   Data           4  gyro.o(.data)
    calibrNumber                             0x200005f0   Data           4  gyro.o(.data)
    xSum                                     0x200005f4   Data           4  gyro.o(.data)
    ySum                                     0x200005f8   Data           4  gyro.o(.data)
    zSum                                     0x200005fc   Data           4  gyro.o(.data)
    gyro_xOffset                             0x20000600   Data           4  gyro.o(.data)
    gyro_yOffset                             0x20000604   Data           4  gyro.o(.data)
    gyro_zOffset                             0x20000608   Data           4  gyro.o(.data)
    gyroProcessCounter                       0x2000060c   Data           1  gyro.o(.data)
    SPI3_SCK                                 0x20000610   Data           1  adxrs453.o(.data)
    SPI3_MISO                                0x20000611   Data           1  adxrs453.o(.data)
    SPI3_MOSI                                0x20000612   Data           1  adxrs453.o(.data)
    SPI3_NSS                                 0x20000613   Data           1  adxrs453.o(.data)
    adxrs_Sum                                0x20000614   Data           4  adxrs453.o(.data)
    adxrs_CalibrIndex                        0x20000618   Data           2  adxrs453.o(.data)
    adxrs_CalibrNumber                       0x2000061a   Data           2  adxrs453.o(.data)
    adxrs_CalibrationOn                      0x2000061c   Data           1  adxrs453.o(.data)
    adxrs_Offset                             0x20000620   Data           4  adxrs453.o(.data)
    adxrsCommands                            0x20000624   Data           4  adxrs453.o(.data)
    adxrsResponses                           0x20000628   Data           4  adxrs453.o(.data)
    transferFinished                         0x2000062c   Data           1  adxrs453.o(.data)
    adxrs_data                               0x2000062e   Data           2  adxrs453.o(.data)
    adxrsProcessCounter                      0x20000630   Data           1  adxrs453.o(.data)
    adxrsLowpassReady                        0x20000631   Data           1  adxrs453.o(.data)
    SPI2_Busy                                0x20000632   Data           1  adxrs290.o(.data)
    adxrs290_regs                            0x20000633   Data           6  adxrs290.o(.data)
    curUsingSPI2                             0x20000639   Data           1  adxrs290.o(.data)
    ARS1_NSS                                 0x2000063a   Data           1  adxrs290.o(.data)
    ARS1_VDD                                 0x2000063b   Data           1  adxrs290.o(.data)
    ARS1_EXTI                                0x2000063c   Data           1  adxrs290.o(.data)
    ars1_rawData                             0x2000063d   Data           6  adxrs290.o(.data)
    ars1_data                                0x20000644   Data           6  adxrs290.o(.data)
    ARS2_NSS                                 0x2000064a   Data           1  adxrs290.o(.data)
    ARS2_VDD                                 0x2000064b   Data           1  adxrs290.o(.data)
    ARS2_EXTI                                0x2000064c   Data           1  adxrs290.o(.data)
    ars2_rawData                             0x2000064d   Data           6  adxrs290.o(.data)
    ars2_data                                0x20000654   Data           6  adxrs290.o(.data)
    ars2_dma_status                          0x2000065a   Data           1  adxrs290.o(.data)
    accel                                    0x2000065c   Data          12  adxl345.o(.bss)
    str                                      0x20000668   Data         100  telemetry.o(.bss)
    tele                                     0x200006cc   Data         100  telemetry.o(.bss)
    adxrsHistory                             0x20000730   Data         512  processing.o(.bss)
    gxHistory                                0x20000930   Data         512  processing.o(.bss)
    azHistory                                0x20000b30   Data         512  processing.o(.bss)
    axHistory                                0x20000d30   Data         512  processing.o(.bss)
    angularVelocityHistory                   0x20000f30   Data          20  processing.o(.bss)
    __libspace_start                         0x20000f44   Data          96  libspace.o(.bss)
    __temporary_stack_top$libspace           0x20000fa4   Data           0  libspace.o(.bss)



==============================================================================

Memory Map of the image

  Image Entry point : 0x08000291

  Load Region LR_1 (Base: 0x08000000, Size: 0x00006214, Max: 0xffffffff, ABSOLUTE, COMPRESSED[0x00005fd8])

    Execution Region ER_RO (Base: 0x08000000, Size: 0x00005bb8, Max: 0xffffffff, ABSOLUTE)

    Base Addr    Size         Type   Attr      Idx    E Section Name        Object

    0x08000000   0x00000188   Data   RO         1042    RESET               startup_stm32f407xx.o
    0x08000188   0x00000008   Code   RO         1186  * !!!main             c_w.l(__main.o)
    0x08000190   0x00000034   Code   RO         1585    !!!scatter          c_w.l(__scatter.o)
    0x080001c4   0x00000064   Code   RO         1583    !!dclz77c           c_w.l(__dclz77c.o)
    0x08000228   0x0000001c   Code   RO         1587    !!handler_zi        c_w.l(__scatter_zi.o)
    0x08000244   0x00000000   Code   RO         1179    .ARM.Collect$$_printf_percent$$00000000  c_w.l(_printf_percent.o)
    0x08000244   0x00000006   Code   RO         1178    .ARM.Collect$$_printf_percent$$00000003  c_w.l(_printf_f.o)
    0x0800024a   0x00000006   Code   RO         1177    .ARM.Collect$$_printf_percent$$00000009  c_w.l(_printf_d.o)
    0x08000250   0x00000004   Code   RO         1314    .ARM.Collect$$_printf_percent$$00000017  c_w.l(_printf_percent_end.o)
    0x08000254   0x00000002   Code   RO         1523    .ARM.Collect$$libinit$$00000000  c_w.l(libinit.o)
    0x08000256   0x00000004   Code   RO         1317    .ARM.Collect$$libinit$$00000001  c_w.l(libinit2.o)
    0x0800025a   0x00000000   Code   RO         1320    .ARM.Collect$$libinit$$00000004  c_w.l(libinit2.o)
    0x0800025a   0x00000000   Code   RO         1323    .ARM.Collect$$libinit$$0000000A  c_w.l(libinit2.o)
    0x0800025a   0x00000000   Code   RO         1325    .ARM.Collect$$libinit$$0000000C  c_w.l(libinit2.o)
    0x0800025a   0x00000000   Code   RO         1327    .ARM.Collect$$libinit$$0000000E  c_w.l(libinit2.o)
    0x0800025a   0x00000006   Code   RO         1328    .ARM.Collect$$libinit$$0000000F  c_w.l(libinit2.o)
    0x08000260   0x00000000   Code   RO         1330    .ARM.Collect$$libinit$$00000011  c_w.l(libinit2.o)
    0x08000260   0x00000000   Code   RO         1332    .ARM.Collect$$libinit$$00000013  c_w.l(libinit2.o)
    0x08000260   0x00000000   Code   RO         1334    .ARM.Collect$$libinit$$00000015  c_w.l(libinit2.o)
    0x08000260   0x0000000a   Code   RO         1335    .ARM.Collect$$libinit$$00000016  c_w.l(libinit2.o)
    0x0800026a   0x00000000   Code   RO         1336    .ARM.Collect$$libinit$$00000017  c_w.l(libinit2.o)
    0x0800026a   0x00000000   Code   RO         1338    .ARM.Collect$$libinit$$00000019  c_w.l(libinit2.o)
    0x0800026a   0x00000000   Code   RO         1340    .ARM.Collect$$libinit$$0000001B  c_w.l(libinit2.o)
    0x0800026a   0x00000000   Code   RO         1342    .ARM.Collect$$libinit$$0000001D  c_w.l(libinit2.o)
    0x0800026a   0x00000000   Code   RO         1344    .ARM.Collect$$libinit$$0000001F  c_w.l(libinit2.o)
    0x0800026a   0x00000000   Code   RO         1346    .ARM.Collect$$libinit$$00000021  c_w.l(libinit2.o)
    0x0800026a   0x00000000   Code   RO         1348    .ARM.Collect$$libinit$$00000023  c_w.l(libinit2.o)
    0x0800026a   0x00000000   Code   RO         1350    .ARM.Collect$$libinit$$00000025  c_w.l(libinit2.o)
    0x0800026a   0x00000000   Code   RO         1354    .ARM.Collect$$libinit$$0000002C  c_w.l(libinit2.o)
    0x0800026a   0x00000000   Code   RO         1356    .ARM.Collect$$libinit$$0000002E  c_w.l(libinit2.o)
    0x0800026a   0x00000000   Code   RO         1358    .ARM.Collect$$libinit$$00000030  c_w.l(libinit2.o)
    0x0800026a   0x00000000   Code   RO         1360    .ARM.Collect$$libinit$$00000032  c_w.l(libinit2.o)
    0x0800026a   0x00000002   Code   RO         1361    .ARM.Collect$$libinit$$00000033  c_w.l(libinit2.o)
    0x0800026c   0x00000002   Code   RO         1580    .ARM.Collect$$libshutdown$$00000000  c_w.l(libshutdown.o)
    0x0800026e   0x00000000   Code   RO         1538    .ARM.Collect$$libshutdown$$00000003  c_w.l(libshutdown2.o)
    0x0800026e   0x00000000   Code   RO         1541    .ARM.Collect$$libshutdown$$00000006  c_w.l(libshutdown2.o)
    0x0800026e   0x00000000   Code   RO         1544    .ARM.Collect$$libshutdown$$00000009  c_w.l(libshutdown2.o)
    0x0800026e   0x00000000   Code   RO         1546    .ARM.Collect$$libshutdown$$0000000B  c_w.l(libshutdown2.o)
    0x0800026e   0x00000000   Code   RO         1549    .ARM.Collect$$libshutdown$$0000000E  c_w.l(libshutdown2.o)
    0x0800026e   0x00000002   Code   RO         1550    .ARM.Collect$$libshutdown$$0000000F  c_w.l(libshutdown2.o)
    0x08000270   0x00000000   Code   RO         1278    .ARM.Collect$$rtentry$$00000000  c_w.l(__rtentry.o)
    0x08000270   0x00000000   Code   RO         1418    .ARM.Collect$$rtentry$$00000002  c_w.l(__rtentry2.o)
    0x08000270   0x00000006   Code   RO         1430    .ARM.Collect$$rtentry$$00000004  c_w.l(__rtentry4.o)
    0x08000276   0x00000000   Code   RO         1420    .ARM.Collect$$rtentry$$00000009  c_w.l(__rtentry2.o)
    0x08000276   0x00000004   Code   RO         1421    .ARM.Collect$$rtentry$$0000000A  c_w.l(__rtentry2.o)
    0x0800027a   0x00000000   Code   RO         1423    .ARM.Collect$$rtentry$$0000000C  c_w.l(__rtentry2.o)
    0x0800027a   0x00000008   Code   RO         1424    .ARM.Collect$$rtentry$$0000000D  c_w.l(__rtentry2.o)
    0x08000282   0x00000002   Code   RO         1526    .ARM.Collect$$rtexit$$00000000  c_w.l(rtexit.o)
    0x08000284   0x00000000   Code   RO         1554    .ARM.Collect$$rtexit$$00000002  c_w.l(rtexit2.o)
    0x08000284   0x00000004   Code   RO         1555    .ARM.Collect$$rtexit$$00000003  c_w.l(rtexit2.o)
    0x08000288   0x00000006   Code   RO         1556    .ARM.Collect$$rtexit$$00000004  c_w.l(rtexit2.o)
    0x0800028e   0x00000002   PAD
    0x08000290   0x00000040   Code   RO         1043  * .text               startup_stm32f407xx.o
    0x080002d0   0x00000028   Code   RO         1149    .text               c_w.l(noretval__2sprintf.o)
    0x080002f8   0x00000024   Code   RO         1153    .text               c_w.l(_printf_truncate.o)
    0x0800031c   0x00000078   Code   RO         1155    .text               c_w.l(_printf_dec.o)
    0x08000394   0x00000160   Code   RO         1172    .text               c_w.l(__printf_ss_wp.o)
    0x080004f4   0x0000003e   Code   RO         1180    .text               c_w.l(strlen.o)
    0x08000532   0x00000006   Code   RO         1184    .text               c_w.l(heapauxi.o)
    0x08000538   0x00000016   Code   RO         1304    .text               c_w.l(_rserrno.o)
    0x0800054e   0x000000b2   Code   RO         1306    .text               c_w.l(_printf_intcommon.o)
    0x08000600   0x0000041a   Code   RO         1308    .text               c_w.l(_printf_fp_dec.o)
    0x08000a1a   0x00000002   PAD
    0x08000a1c   0x00000030   Code   RO         1310    .text               c_w.l(_printf_char_common.o)
    0x08000a4c   0x0000000a   Code   RO         1312    .text               c_w.l(_sputc.o)
    0x08000a56   0x00000002   PAD
    0x08000a58   0x00000008   Code   RO         1414    .text               c_w.l(libspace.o)
    0x08000a60   0x00000008   Code   RO         1435    .text               c_w.l(rt_locale_intlibspace.o)
    0x08000a68   0x00000008   Code   RO         1440    .text               c_w.l(rt_errno_addr_intlibspace.o)
    0x08000a70   0x0000008a   Code   RO         1450    .text               c_w.l(lludiv10.o)
    0x08000afa   0x00000002   PAD
    0x08000afc   0x00000080   Code   RO         1452    .text               c_w.l(_printf_fp_infnan.o)
    0x08000b7c   0x000000dc   Code   RO         1456    .text               c_w.l(bigflt0.o)
    0x08000c58   0x00000002   Code   RO         1497    .text               c_w.l(use_no_semi.o)
    0x08000c5a   0x00000000   Code   RO         1499    .text               c_w.l(indicate_semi.o)
    0x08000c5a   0x0000004a   Code   RO         1500    .text               c_w.l(sys_stackheap_outer.o)
    0x08000ca4   0x0000000c   Code   RO         1506    .text               c_w.l(exit.o)
    0x08000cb0   0x00000080   Code   RO         1512    .text               c_w.l(strcmpv7m.o)
    0x08000d30   0x0000000c   Code   RO         1524    .text               c_w.l(sys_exit.o)
    0x08000d3c   0x0000003e   Code   RO         1459    CL$$btod_d2e        c_w.l(btod.o)
    0x08000d7a   0x00000046   Code   RO         1461    CL$$btod_d2e_denorm_low  c_w.l(btod.o)
    0x08000dc0   0x00000060   Code   RO         1460    CL$$btod_d2e_norm_op1  c_w.l(btod.o)
    0x08000e20   0x00000338   Code   RO         1469    CL$$btod_div_common  c_w.l(btod.o)
    0x08001158   0x000000c6   Code   RO         1466    CL$$btod_e2e        c_w.l(btod.o)
    0x0800121e   0x00000028   Code   RO         1463    CL$$btod_ediv       c_w.l(btod.o)
    0x08001246   0x00000028   Code   RO         1462    CL$$btod_emul       c_w.l(btod.o)
    0x0800126e   0x00000244   Code   RO         1468    CL$$btod_mult_common  c_w.l(btod.o)
    0x080014b2   0x00000002   PAD
    0x080014b4   0x00000088   Code   RO          161    i.ADXL345_Calibr    adxl345.o
    0x0800153c   0x0000006c   Code   RO          162    i.ADXL345_DMA_Init  adxl345.o
    0x080015a8   0x00000034   Code   RO          801    i.ADXRS_Calibr      adxrs453.o
    0x080015dc   0x00000080   Code   RO          802    i.ADXRS_DMA_Read    adxrs453.o
    0x0800165c   0x000000e0   Code   RO          902    i.ARS1_GetData      adxrs290.o
    0x0800173c   0x00000052   Code   RO          903    i.ARS1_Init         adxrs290.o
    0x0800178e   0x00000002   PAD
    0x08001790   0x0000001c   Code   RO          904    i.ARS1_NSS_High     adxrs290.o
    0x080017ac   0x00000038   Code   RO          905    i.ARS1_NSS_Init     adxrs290.o
    0x080017e4   0x0000001c   Code   RO          906    i.ARS1_NSS_Low      adxrs290.o
    0x08001800   0x00000034   Code   RO          907    i.ARS1_VDD_Init     adxrs290.o
    0x08001834   0x000000e0   Code   RO          910    i.ARS2_GetData      adxrs290.o
    0x08001914   0x0000001c   Code   RO          912    i.ARS2_NSS_High     adxrs290.o
    0x08001930   0x00000038   Code   RO          913    i.ARS2_NSS_Init     adxrs290.o
    0x08001968   0x0000001c   Code   RO          914    i.ARS2_NSS_Low      adxrs290.o
    0x08001984   0x00000030   Code   RO          915    i.ARS2_VDD_Init     adxrs290.o
    0x080019b4   0x00000020   Code   RO          166    i.Accel_GetData     adxl345.o
    0x080019d4   0x0000001c   Code   RO          167    i.Accel_NSS_High    adxl345.o
    0x080019f0   0x0000004c   Code   RO          168    i.Accel_NSS_Init    adxl345.o
    0x08001a3c   0x0000001c   Code   RO          169    i.Accel_NSS_Low     adxl345.o
    0x08001a58   0x0000002c   Code   RO          170    i.Accel_UpdateFreq  adxl345.o
    0x08001a84   0x00000060   Code   RO          171    i.Accel_VDD_Init    adxl345.o
    0x08001ae4   0x00000010   Code   RO          916    i.All_NSS_High      adxrs290.o
    0x08001af4   0x00000100   Code   RO          687    i.DMA1_Stream0_IRQHandler  gyro.o
    0x08001bf4   0x000000fc   Code   RO          804    i.DMA1_Stream2_IRQHandler  adxrs453.o
    0x08001cf0   0x00000298   Code   RO          172    i.DMA1_Stream3_IRQHandler  adxl345.o
    0x08001f88   0x00000028   Code   RO          173    i.DMA1_Stream4_IRQHandler  adxl345.o
    0x08001fb0   0x0000000c   Code   RO          805    i.DMA1_Stream5_IRQHandler  adxrs453.o
    0x08001fbc   0x00000024   Code   RO          325    i.DMA2_Stream7_IRQHandler  telemetry.o
    0x08001fe0   0x00000038   Code   RO          917    i.EXTI15_10_IRQHandler  adxrs290.o
    0x08002018   0x0000001c   Code   RO          175    i.EXTI1_IRQHandler  adxl345.o
    0x08002034   0x00000038   Code   RO          579    i.EXTI2_IRQHandler  motors.o
    0x0800206c   0x0000001c   Code   RO          688    i.EXTI3_IRQHandler  gyro.o
    0x08002088   0x00000034   Code   RO          580    i.EXTI4_IRQHandler  motors.o
    0x080020bc   0x00000040   Code   RO          690    i.Gyro_DMA_Init     gyro.o
    0x080020fc   0x00000050   Code   RO          693    i.Gyro_ReadWithInterrupt  gyro.o
    0x0800214c   0x000000c0   Code   RO          695    i.Gyro_SingleByteWrite  gyro.o
    0x0800220c   0x0000008c   Code   RO          696    i.I2C1_EV_IRQHandler  gyro.o
    0x08002298   0x00000020   Code   RO          584    i.Motors_Run        motors.o
    0x080022b8   0x00000094   Code   RO          585    i.Motors_SetPwm     motors.o
    0x0800234c   0x00000028   Code   RO          586    i.Motors_Stop       motors.o
    0x08002374   0x00000016   Code   RO          176    i.NVIC_EnableIRQ    adxl345.o
    0x0800238a   0x00000016   Code   RO          326    i.NVIC_EnableIRQ    telemetry.o
    0x080023a0   0x00000016   Code   RO          699    i.NVIC_EnableIRQ    gyro.o
    0x080023b6   0x00000016   Code   RO          806    i.NVIC_EnableIRQ    adxrs453.o
    0x080023cc   0x00000028   Code   RO          177    i.NVIC_SetPriority  adxl345.o
    0x080023f4   0x00000028   Code   RO          700    i.NVIC_SetPriority  gyro.o
    0x0800241c   0x00000040   Code   RO            4    i.RCC_Init          main.o
    0x0800245c   0x000000e8   Code   RO          178    i.SPI2_GPIO_Init    adxl345.o
    0x08002544   0x00000070   Code   RO          179    i.SPI2_Init         adxl345.o
    0x080025b4   0x00000016   Code   RO          180    i.SPI2_Read         adxl345.o
    0x080025ca   0x00000002   PAD
    0x080025cc   0x00000068   Code   RO          920    i.SPI2_SensorsPoll  adxrs290.o
    0x08002634   0x00000034   Code   RO          181    i.SPI2_Transfer     adxl345.o
    0x08002668   0x00000014   Code   RO          182    i.SPI2_Write        adxl345.o
    0x0800267c   0x0000001c   Code   RO          809    i.SPI3_NSS_High     adxrs453.o
    0x08002698   0x0000001c   Code   RO          810    i.SPI3_NSS_Low      adxrs453.o
    0x080026b4   0x00000144   Code   RO          329    i.SendTelemetry     telemetry.o
    0x080027f8   0x000000e8   Code   RO         1051    i.SystemInit        system_stm32f4xx.o
    0x080028e0   0x00000034   Code   RO          590    i.TIM1_BRK_TIM9_IRQHandler  motors.o
    0x08002914   0x00000024   Code   RO          812    i.TIM2_IRQHandler   adxrs453.o
    0x08002938   0x00000158   Code   RO          591    i.TIM3_IRQHandler   motors.o
    0x08002a90   0x00000034   Code   RO          592    i.TIM5_IRQHandler   motors.o
    0x08002ac4   0x000001c0   Code   RO          440    i.TIM7_IRQHandler   processing.o
    0x08002c84   0x00000058   Code   RO          330    i.Telemetry_DMA_Init  telemetry.o
    0x08002cdc   0x000006c4   Code   RO          331    i.USART1_IRQHandler  telemetry.o
    0x080033a0   0x00000030   Code   RO         1396    i.__ARM_fpclassify  m_wm.l(fpclassify.o)
    0x080033d0   0x000002d8   Code   RO         1218    i.__hardfp_atan     m_wm.l(atan.o)
    0x080036a8   0x00000358   Code   RO         1232    i.__hardfp_exp      m_wm.l(exp.o)
    0x08003a00   0x00000014   Code   RO         1246    i.__hardfp_fabs     m_wm.l(fabs.o)
    0x08003a14   0x00000004   PAD
    0x08003a18   0x000000c8   Code   RO         1252    i.__hardfp_sin      m_wm.l(sin.o)
    0x08003ae0   0x00000438   Code   RO         1401    i.__ieee754_rem_pio2  m_wm.l(rred.o)
    0x08003f18   0x00000170   Code   RO         1379    i.__kernel_cos      m_wm.l(cos_i.o)
    0x08004088   0x000000f8   Code   RO         1398    i.__kernel_poly     m_wm.l(poly.o)
    0x08004180   0x00000130   Code   RO         1406    i.__kernel_sin      m_wm.l(sin_i.o)
    0x080042b0   0x00000014   Code   RO         1383    i.__mathlib_dbl_infnan  m_wm.l(dunder.o)
    0x080042c4   0x00000004   PAD
    0x080042c8   0x00000020   Code   RO         1385    i.__mathlib_dbl_invalid  m_wm.l(dunder.o)
    0x080042e8   0x00000020   Code   RO         1386    i.__mathlib_dbl_overflow  m_wm.l(dunder.o)
    0x08004308   0x00000020   Code   RO         1388    i.__mathlib_dbl_underflow  m_wm.l(dunder.o)
    0x08004328   0x0000000e   Code   RO         1167    i._is_digit         c_w.l(__printf_wp.o)
    0x08004336   0x00000002   PAD
    0x08004338   0x000001b4   Code   RO          441    i.adjustControl     processing.o
    0x080044ec   0x00000064   Code   RO          442    i.calcAngAccel      processing.o
    0x08004550   0x000000a8   Code   RO          443    i.calcAngVel        processing.o
    0x080045f8   0x00000174   Code   RO          444    i.calcAngle         processing.o
    0x0800476c   0x0000015c   Code   RO          445    i.calcPwms          processing.o
    0x080048c8   0x00000058   Code   RO          447    i.control           processing.o
    0x08004920   0x00000016   Code   RO          701    i.delay             gyro.o
    0x08004936   0x00000018   Code   RO         1248    i.fabs              m_wm.l(fabs.o)
    0x0800494e   0x00000002   PAD
    0x08004950   0x000000f4   Code   RO          448    i.gCheck            processing.o
    0x08004a44   0x0000008c   Code   RO          449    i.getFinalData      processing.o
    0x08004ad0   0x00000044   Code   RO          333    i.initWaitingForFloat  telemetry.o
    0x08004b14   0x0000002c   Code   RO          334    i.initWaitingForInt  telemetry.o
    0x08004b40   0x00000070   Code   RO            5    i.main              main.o
    0x08004bb0   0x00000128   Code   RO          453    i.simplestControl   processing.o
    0x08004cd8   0x000000c0   Code   RO          454    i.turnOffUselessMotor  processing.o
    0x08004d98   0x0000002c   Code   RO         1482    locale$$code        c_w.l(lc_numeric_c.o)
    0x08004dc4   0x00000018   Code   RO         1362    x$fpl$basic         fz_wm.l(basic.o)
    0x08004ddc   0x00000062   Code   RO         1188    x$fpl$d2f           fz_wm.l(d2f.o)
    0x08004e3e   0x00000002   PAD
    0x08004e40   0x00000150   Code   RO         1190    x$fpl$dadd          fz_wm.l(daddsub_clz.o)
    0x08004f90   0x00000018   Code   RO         1364    x$fpl$dcmpinf       fz_wm.l(dcmpi.o)
    0x08004fa8   0x000002b0   Code   RO         1197    x$fpl$ddiv          fz_wm.l(ddiv.o)
    0x08005258   0x0000005e   Code   RO         1200    x$fpl$dfix          fz_wm.l(dfix.o)
    0x080052b6   0x0000002e   Code   RO         1205    x$fpl$dflt          fz_wm.l(dflt_clz.o)
    0x080052e4   0x00000026   Code   RO         1204    x$fpl$dfltu         fz_wm.l(dflt_clz.o)
    0x0800530a   0x00000002   PAD
    0x0800530c   0x00000078   Code   RO         1210    x$fpl$dleqf         fz_wm.l(dleqf.o)
    0x08005384   0x00000154   Code   RO         1212    x$fpl$dmul          fz_wm.l(dmul.o)
    0x080054d8   0x0000009c   Code   RO         1366    x$fpl$dnaninf       fz_wm.l(dnaninf.o)
    0x08005574   0x0000000c   Code   RO         1368    x$fpl$dretinf       fz_wm.l(dretinf.o)
    0x08005580   0x0000006c   Code   RO         1370    x$fpl$drleqf        fz_wm.l(drleqf.o)
    0x080055ec   0x00000016   Code   RO         1191    x$fpl$drsb          fz_wm.l(daddsub_clz.o)
    0x08005602   0x00000002   PAD
    0x08005604   0x000001d4   Code   RO         1192    x$fpl$dsub          fz_wm.l(daddsub_clz.o)
    0x080057d8   0x00000056   Code   RO         1214    x$fpl$f2d           fz_wm.l(f2d.o)
    0x0800582e   0x0000008c   Code   RO         1374    x$fpl$fnaninf       fz_wm.l(fnaninf.o)
    0x080058ba   0x0000000a   Code   RO         1493    x$fpl$fpinit        fz_wm.l(fpinit.o)
    0x080058c4   0x0000000a   Code   RO         1376    x$fpl$fretinf       fz_wm.l(fretinf.o)
    0x080058ce   0x00000004   Code   RO         1216    x$fpl$printf1       fz_wm.l(printf1.o)
    0x080058d2   0x00000000   Code   RO         1378    x$fpl$usenofp       fz_wm.l(usenofp.o)
    0x080058d2   0x00000006   PAD
    0x080058d8   0x00000098   Data   RO         1221    .constdata          m_wm.l(atan.o)
    0x08005970   0x00000058   Data   RO         1235    .constdata          m_wm.l(exp.o)
    0x080059c8   0x00000030   Data   RO         1380    .constdata          m_wm.l(cos_i.o)
    0x080059f8   0x000000c8   Data   RO         1403    .constdata          m_wm.l(rred.o)
    0x08005ac0   0x00000028   Data   RO         1407    .constdata          m_wm.l(sin_i.o)
    0x08005ae8   0x00000094   Data   RO         1457    .constdata          c_w.l(bigflt0.o)
    0x08005b7c   0x00000020   Data   RO         1581    Region$$Table       anon$$obj.o
    0x08005b9c   0x0000001c   Data   RO         1481    locale$$data        c_w.l(lc_numeric_c.o)


    Execution Region ER_RW (Base: 0x20000000, Size: 0x0000065c, Max: 0xffffffff, ABSOLUTE, COMPRESSED[0x00000420])

    Base Addr    Size         Type   Attr      Idx    E Section Name        Object

    0x20000000   0x00000040   Data   RW            6    .data               main.o
    0x20000040   0x00000034   Data   RW          184    .data               adxl345.o
    0x20000074   0x00000031   Data   RW          337    .data               telemetry.o
    0x200000a5   0x00000003   PAD
    0x200000a8   0x000004f5   Data   RW          456    .data               processing.o
    0x2000059d   0x00000003   PAD
    0x200005a0   0x0000002a   Data   RW          593    .data               motors.o
    0x200005ca   0x00000002   PAD
    0x200005cc   0x00000041   Data   RW          702    .data               gyro.o
    0x2000060d   0x00000003   PAD
    0x20000610   0x00000022   Data   RW          813    .data               adxrs453.o
    0x20000632   0x00000029   Data   RW          921    .data               adxrs290.o


    Execution Region ER_ZI (Base: 0x2000065c, Size: 0x00000f4c, Max: 0xffffffff, ABSOLUTE)

    Base Addr    Size         Type   Attr      Idx    E Section Name        Object

    0x2000065c   0x0000000c   Zero   RW          183    .bss                adxl345.o
    0x20000668   0x000000c8   Zero   RW          336    .bss                telemetry.o
    0x20000730   0x00000814   Zero   RW          455    .bss                processing.o
    0x20000f44   0x00000060   Zero   RW         1415    .bss                c_w.l(libspace.o)
    0x20000fa4   0x00000004   PAD
    0x20000fa8   0x00000200   Zero   RW         1041    HEAP                startup_stm32f407xx.o
    0x200011a8   0x00000400   Zero   RW         1040    STACK               startup_stm32f407xx.o


==============================================================================

Image component sizes


      Code (inc. data)   RO Data    RW Data    ZI Data      Debug   Object Name

      1780        262          0         52         12      36676   adxl345.o
      1030        148          0         41          0       8002   adxrs290.o
       558        116          0         34          0       5096   adxrs453.o
       844        118          0         65          0       6046   gyro.o
       176         28          0         64          0     246054   main.o
       776        142          0         42          0       4489   motors.o
      2832        426          0       1269       2068      10987   processing.o
        64         26        392          0       1536        864   startup_stm32f407xx.o
       232         24          0          0          0        581   system_stm32f4xx.o
      2314        526          0         49        200      32647   telemetry.o

    ----------------------------------------------------------------------
     10610       1816        424       1628       3816     351442   Object Totals
         0          0         32          0          0          0   (incl. Generated)
         4          0          0         12          0          0   (incl. Padding)

    ----------------------------------------------------------------------

      Code (inc. data)   RO Data    RW Data    ZI Data      Debug   Library Member Name

       100          0          0          0          0          0   __dclz77c.o
         8          0          0          0          0         68   __main.o
       352          0          0          0          0         88   __printf_ss_wp.o
        14          0          0          0          0         68   __printf_wp.o
         0          0          0          0          0          0   __rtentry.o
        12          0          0          0          0          0   __rtentry2.o
         6          0          0          0          0          0   __rtentry4.o
        52          8          0          0          0          0   __scatter.o
        28          0          0          0          0          0   __scatter_zi.o
        48          6          0          0          0         96   _printf_char_common.o
         6          0          0          0          0          0   _printf_d.o
       120         16          0          0          0         92   _printf_dec.o
         6          0          0          0          0          0   _printf_f.o
      1050          0          0          0          0        216   _printf_fp_dec.o
       128         16          0          0          0         84   _printf_fp_infnan.o
       178          0          0          0          0         88   _printf_intcommon.o
         0          0          0          0          0          0   _printf_percent.o
         4          0          0          0          0          0   _printf_percent_end.o
        36          0          0          0          0         84   _printf_truncate.o
        22          0          0          0          0        100   _rserrno.o
        10          0          0          0          0         68   _sputc.o
       220          4        148          0          0         96   bigflt0.o
      1910        128          0          0          0        672   btod.o
        12          0          0          0          0         72   exit.o
         6          0          0          0          0        152   heapauxi.o
         0          0          0          0          0          0   indicate_semi.o
        44         10         28          0          0         76   lc_numeric_c.o
         2          0          0          0          0          0   libinit.o
        22          0          0          0          0          0   libinit2.o
         2          0          0          0          0          0   libshutdown.o
         2          0          0          0          0          0   libshutdown2.o
         8          4          0          0         96         68   libspace.o
       138          0          0          0          0         80   lludiv10.o
        40          6          0          0          0         84   noretval__2sprintf.o
         8          4          0          0          0         68   rt_errno_addr_intlibspace.o
         8          4          0          0          0         68   rt_locale_intlibspace.o
         2          0          0          0          0          0   rtexit.o
        10          0          0          0          0          0   rtexit2.o
       128          0          0          0          0         68   strcmpv7m.o
        62          0          0          0          0         76   strlen.o
        12          4          0          0          0         68   sys_exit.o
        74          0          0          0          0         80   sys_stackheap_outer.o
         2          0          0          0          0         68   use_no_semi.o
        24          0          0          0          0        164   basic.o
        98          4          0          0          0        140   d2f.o
       826         16          0          0          0        492   daddsub_clz.o
        24          0          0          0          0        116   dcmpi.o
       688        140          0          0          0        256   ddiv.o
        94          4          0          0          0        140   dfix.o
        84          0          0          0          0        232   dflt_clz.o
       120          4          0          0          0        140   dleqf.o
       340         12          0          0          0        152   dmul.o
       156          4          0          0          0        140   dnaninf.o
        12          0          0          0          0        116   dretinf.o
       108          0          0          0          0        128   drleqf.o
        86          4          0          0          0        132   f2d.o
       140          4          0          0          0        132   fnaninf.o
        10          0          0          0          0        116   fpinit.o
        10          0          0          0          0        116   fretinf.o
         4          0          0          0          0        116   printf1.o
         0          0          0          0          0          0   usenofp.o
       728        106        152          0          0        228   atan.o
       368         46         48          0          0        200   cos_i.o
       116         24          0          0          0        496   dunder.o
       856        142         88          0          0        288   exp.o
        44          0          0          0          0        248   fabs.o
        48          0          0          0          0        124   fpclassify.o
       248          0          0          0          0        152   poly.o
      1080        142        200          0          0        188   rred.o
       200         20          0          0          0        164   sin.o
       304         24         40          0          0        208   sin_i.o

    ----------------------------------------------------------------------
     11742        906        704          0        100       7972   Library Totals
        34          0          0          0          4          0   (incl. Padding)

    ----------------------------------------------------------------------

      Code (inc. data)   RO Data    RW Data    ZI Data      Debug   Library Name

      4892        210        176          0         96       2848   c_w.l
      2824        192          0          0          0       2828   fz_wm.l
      3992        504        528          0          0       2296   m_wm.l

    ----------------------------------------------------------------------
     11742        906        704          0        100       7972   Library Totals

    ----------------------------------------------------------------------

==============================================================================


      Code (inc. data)   RO Data    RW Data    ZI Data      Debug   

     22352       2722       1128       1628       3916     347654   Grand Totals
     22352       2722       1128       1056       3916     347654   ELF Image Totals (compressed)
     22352       2722       1128       1056          0          0   ROM Totals

==============================================================================

    Total RO  Size (Code + RO Data)                23480 (  22.93kB)
    Total RW  Size (RW Data + ZI Data)              5544 (   5.41kB)
    Total ROM Size (Code + RO Data + RW Data)      24536 (  23.96kB)

==============================================================================

