Component: ARM Compiler 5.05 update 1 (build 106) Tool: armlink [4d0efa]

==============================================================================

Section Cross References

    main.o(i.main) refers to main.o(i.RCC_Init) for RCC_Init
    main.o(i.main) refers to adxl345.o(i.ADXL345_Init) for ADXL345_Init
    main.o(i.main) refers to adxl345.o(i.ADXL345_Calibr) for ADXL345_Calibr
    main.o(i.main) refers to adxl345.o(i.Accel_EXTI_Init) for Accel_EXTI_Init
    main.o(i.main) refers to motors.o(i.Motors_Init) for Motors_Init
    main.o(i.main) refers to telemetry.o(i.USART_Init) for USART_Init
    main.o(i.main) refers to telemetry.o(i.Telemetry_TIM_Init) for Telemetry_TIM_Init
    main.o(i.main) refers to main.o(.data) for ENGRDY
    syssolve.o(i.det3) refers to dmul.o(x$fpl$dmul) for __aeabi_dmul
    syssolve.o(i.det3) refers to daddsub_clz.o(x$fpl$dsub) for __aeabi_dsub
    syssolve.o(i.det3) refers to daddsub_clz.o(x$fpl$dadd) for __aeabi_dadd
    syssolve.o(i.mat_add) refers to daddsub_clz.o(x$fpl$dadd) for __aeabi_dadd
    syssolve.o(i.mat_mul) refers to dmul.o(x$fpl$dmul) for __aeabi_dmul
    syssolve.o(i.mat_mul) refers to daddsub_clz.o(x$fpl$dadd) for __aeabi_dadd
    syssolve.o(i.mat_sub) refers to daddsub_clz.o(x$fpl$dsub) for __aeabi_dsub
    syssolve.o(i.system_solve) refers to h1_alloc.o(.text) for malloc
    syssolve.o(i.system_solve) refers to syssolve.o(i.transpose) for transpose
    syssolve.o(i.system_solve) refers to syssolve.o(i.mat_mul) for mat_mul
    syssolve.o(i.system_solve) refers to syssolve.o(i.det3) for det3
    syssolve.o(i.system_solve) refers to rt_memcpy_w.o(.text) for __aeabi_memcpy4
    syssolve.o(i.system_solve) refers to ddiv.o(x$fpl$ddiv) for __aeabi_ddiv
    syssolve.o(i.system_solve) refers to h1_free.o(.text) for free
    adxl345.o(i.ADXL345_AccelVCCInit) refers to adxl345.o(i.Delay) for Delay
    adxl345.o(i.ADXL345_AccelVCCInit) refers to adxl345.o(.data) for ACCEL_VCC
    adxl345.o(i.ADXL345_Calibr) refers to adxl345.o(i.ADXL345_GetAccel) for ADXL345_GetAccel
    adxl345.o(i.ADXL345_Calibr) refers to dflt_clz.o(x$fpl$dflt) for __aeabi_i2d
    adxl345.o(i.ADXL345_Calibr) refers to daddsub_clz.o(x$fpl$dadd) for __aeabi_dadd
    adxl345.o(i.ADXL345_Calibr) refers to ddiv.o(x$fpl$ddiv) for __aeabi_ddiv
    adxl345.o(i.ADXL345_Calibr) refers to dfix.o(x$fpl$dfix) for __aeabi_d2iz
    adxl345.o(i.ADXL345_Calibr) refers to adxl345.o(.data) for ACCEL_INT1
    adxl345.o(i.ADXL345_Calibr) refers to main.o(.data) for az
    adxl345.o(i.ADXL345_DMA_Init) refers to adxl345.o(i.NVIC_EnableIRQ) for NVIC_EnableIRQ
    adxl345.o(i.ADXL345_DMA_Init) refers to adxl345.o(.bss) for accel
    adxl345.o(i.ADXL345_DMA_Init) refers to adxl345.o(.data) for accelRegisters
    adxl345.o(i.ADXL345_GetAccel) refers to adxl345.o(i.NSS_Low) for NSS_Low
    adxl345.o(i.ADXL345_GetAccel) refers to adxl345.o(i.ADXL345_Read) for ADXL345_Read
    adxl345.o(i.ADXL345_GetAccel) refers to adxl345.o(i.NSS_High) for NSS_High
    adxl345.o(i.ADXL345_Init) refers to adxl345.o(i.ADXL345_AccelVCCInit) for ADXL345_AccelVCCInit
    adxl345.o(i.ADXL345_Init) refers to adxl345.o(i.SPI2_Init) for SPI2_Init
    adxl345.o(i.ADXL345_Init) refers to adxl345.o(i.NSS_Low) for NSS_Low
    adxl345.o(i.ADXL345_Init) refers to adxl345.o(i.ADXL345_Read) for ADXL345_Read
    adxl345.o(i.ADXL345_Init) refers to adxl345.o(i.ADXL345_Write) for ADXL345_Write
    adxl345.o(i.ADXL345_Init) refers to adxl345.o(i.NSS_High) for NSS_High
    adxl345.o(i.ADXL345_Init) refers to adxl345.o(.data) for test
    adxl345.o(i.ADXL345_Read) refers to adxl345.o(i.SPI1_Transfer) for SPI1_Transfer
    adxl345.o(i.ADXL345_Write) refers to adxl345.o(i.SPI1_Transfer) for SPI1_Transfer
    adxl345.o(i.Accel_EXTI_Init) refers to adxl345.o(i.NVIC_EnableIRQ) for NVIC_EnableIRQ
    adxl345.o(i.DMA1_Stream3_IRQHandler) refers to adxl345.o(i.ADXL345_DMA_Init) for ADXL345_DMA_Init
    adxl345.o(i.DMA1_Stream3_IRQHandler) refers to adxl345.o(i.NSS_High) for NSS_High
    adxl345.o(i.DMA1_Stream3_IRQHandler) refers to adxl345.o(i.updateFreq) for updateFreq
    adxl345.o(i.DMA1_Stream3_IRQHandler) refers to processing.o(i.process) for process
    adxl345.o(i.DMA1_Stream3_IRQHandler) refers to adxl345.o(.bss) for accel
    adxl345.o(i.DMA1_Stream3_IRQHandler) refers to main.o(.data) for ax
    adxl345.o(i.DMA1_Stream3_IRQHandler) refers to adxl345.o(.data) for xOffset
    adxl345.o(i.EXTI1_IRQHandler) refers to adxl345.o(i.NSS_Low) for NSS_Low
    adxl345.o(i.EXTI1_IRQHandler) refers to adxl345.o(i.ADXL345_DMA_Init) for ADXL345_DMA_Init
    adxl345.o(i.NSS_High) refers to adxl345.o(.data) for SPI2_NSS
    adxl345.o(i.NSS_Low) refers to adxl345.o(.data) for SPI2_NSS
    adxl345.o(i.SPI2_GPIO_Init) refers to adxl345.o(i.NSS_High) for NSS_High
    adxl345.o(i.SPI2_GPIO_Init) refers to adxl345.o(.data) for SPI2_SCK
    adxl345.o(i.SPI2_Init) refers to adxl345.o(i.SPI2_GPIO_Init) for SPI2_GPIO_Init
[...]
    ../clib/string.c                         0x00000000   Number         0  strlen.o ABSOLUTE
    ../fplib/basic.s                         0x00000000   Number         0  basic.o ABSOLUTE
    ../fplib/daddsub.s                       0x00000000   Number         0  daddsub_clz.o ABSOLUTE
    ../fplib/dcmpi.s                         0x00000000   Number         0  dcmpi.o ABSOLUTE
    ../fplib/ddiv.s                          0x00000000   Number         0  ddiv.o ABSOLUTE
    ../fplib/dfix.s                          0x00000000   Number         0  dfix.o ABSOLUTE
    ../fplib/dflt.s                          0x00000000   Number         0  dflt_clz.o ABSOLUTE
    ../fplib/dleqf.s                         0x00000000   Number         0  dleqf.o ABSOLUTE
    ../fplib/dmul.s                          0x00000000   Number         0  dmul.o ABSOLUTE
    ../fplib/dnaninf.s                       0x00000000   Number         0  dnaninf.o ABSOLUTE
    ../fplib/dretinf.s                       0x00000000   Number         0  dretinf.o ABSOLUTE
    ../fplib/drleqf.s                        0x00000000   Number         0  drleqf.o ABSOLUTE
    ../fplib/dsqrt.s                         0x00000000   Number         0  dsqrt_umaal.o ABSOLUTE
    ../fplib/fpinit.s                        0x00000000   Number         0  fpinit.o ABSOLUTE
    ../fplib/istatus.s                       0x00000000   Number         0  istatus.o ABSOLUTE
    ../fplib/printf1.s                       0x00000000   Number         0  printf1.o ABSOLUTE
    ../fplib/usenofp.s                       0x00000000   Number         0  usenofp.o ABSOLUTE
    ../mathlib/atan.c                        0x00000000   Number         0  atan_x.o ABSOLUTE
    ../mathlib/atan.c                        0x00000000   Number         0  atan.o ABSOLUTE
    ../mathlib/dunder.c                      0x00000000   Number         0  dunder.o ABSOLUTE
    ../mathlib/fabs.c                        0x00000000   Number         0  fabs.o ABSOLUTE
    ../mathlib/fpclassify.c                  0x00000000   Number         0  fpclassify.o ABSOLUTE
    ../mathlib/poly.c                        0x00000000   Number         0  poly.o ABSOLUTE
    ../mathlib/sqrt.c                        0x00000000   Number         0  sqrt.o ABSOLUTE
    ../mathlib/sqrt.c                        0x00000000   Number         0  sqrt_x.o ABSOLUTE
    RTE\Device\STM32F407VGTx\startup_stm32f407xx.s 0x00000000   Number         0  startup_stm32f407xx.o ABSOLUTE
    RTE\Device\STM32F407VGTx\system_stm32f4xx.c 0x00000000   Number         0  system_stm32f4xx.o ABSOLUTE
    RTE\\Device\\STM32F407VGTx\\system_stm32f4xx.c 0x00000000   Number         0  system_stm32f4xx.o ABSOLUTE
    adxl345.c                                0x00000000   Number         0  adxl345.o ABSOLUTE
    adxl345.c                                0x00000000   Number         0  adxl345.o ABSOLUTE
    dc.s                                     0x00000000   Number         0  dc.o ABSOLUTE
    main.c                                   0x00000000   Number         0  main.o ABSOLUTE
    main.c                                   0x00000000   Number         0  main.o ABSOLUTE
    motors.c                                 0x00000000   Number         0  motors.o ABSOLUTE
    motors.c                                 0x00000000   Number         0  motors.o ABSOLUTE
    processing.c                             0x00000000   Number         0  processing.o ABSOLUTE
    processing.c                             0x00000000   Number         0  processing.o ABSOLUTE
    syssolve.c                               0x00000000   Number         0  syssolve.o ABSOLUTE
    telemetry.c                              0x00000000   Number         0  telemetry.o ABSOLUTE
    telemetry.c                              0x00000000   Number         0  telemetry.o ABSOLUTE
    RESET                                    0x08000000   Section      392  startup_stm32f407xx.o(RESET)
    !!!main                                  0x08000188   Section        8  __main.o(!!!main)
    !!!scatter                               0x08000190   Section       52  __scatter.o(!!!scatter)
    !!dczerorl2                              0x080001c4   Section       90  __dczerorl2.o(!!dczerorl2)
    !!handler_zi                             0x08000220   Section       28  __scatter_zi.o(!!handler_zi)
    .ARM.Collect$$_printf_percent$$00000000  0x0800023c   Section        0  _printf_percent.o(.ARM.Collect$$_printf_percent$$00000000)
    .ARM.Collect$$_printf_percent$$00000003  0x0800023c   Section        6  _printf_f.o(.ARM.Collect$$_printf_percent$$00000003)
    .ARM.Collect$$_printf_percent$$00000009  0x08000242   Section        6  _printf_d.o(.ARM.Collect$$_printf_percent$$00000009)
    .ARM.Collect$$_printf_percent$$00000017  0x08000248   Section        4  _printf_percent_end.o(.ARM.Collect$$_printf_percent$$00000017)
    .ARM.Collect$$libinit$$00000000          0x0800024c   Section        2  libinit.o(.ARM.Collect$$libinit$$00000000)
    .ARM.Collect$$libinit$$00000001          0x0800024e   Section        4  libinit2.o(.ARM.Collect$$libinit$$00000001)
    .ARM.Collect$$libinit$$00000004          0x08000252   Section        0  libinit2.o(.ARM.Collect$$libinit$$00000004)
    .ARM.Collect$$libinit$$0000000A          0x08000252   Section        0  libinit2.o(.ARM.Collect$$libinit$$0000000A)
    .ARM.Collect$$libinit$$0000000C          0x08000252   Section        0  libinit2.o(.ARM.Collect$$libinit$$0000000C)
    .ARM.Collect$$libinit$$0000000E          0x08000252   Section        0  libinit2.o(.ARM.Collect$$libinit$$0000000E)
    .ARM.Collect$$libinit$$0000000F          0x08000252   Section        6  libinit2.o(.ARM.Collect$$libinit$$0000000F)
    .ARM.Collect$$libinit$$00000011          0x08000258   Section        0  libinit2.o(.ARM.Collect$$libinit$$00000011)
    .ARM.Collect$$libinit$$00000013          0x08000258   Section        0  libinit2.o(.ARM.Collect$$libinit$$00000013)
    .ARM.Collect$$libinit$$00000015          0x08000258   Section        0  libinit2.o(.ARM.Collect$$libinit$$00000015)
    .ARM.Collect$$libinit$$00000016          0x08000258   Section       10  libinit2.o(.ARM.Collect$$libinit$$00000016)
    .ARM.Collect$$libinit$$00000017          0x08000262   Section        0  libinit2.o(.ARM.Collect$$libinit$$00000017)
    .ARM.Collect$$libinit$$00000019          0x08000262   Section        0  libinit2.o(.ARM.Collect$$libinit$$00000019)
    .ARM.Collect$$libinit$$0000001B          0x08000262   Section        0  libinit2.o(.ARM.Collect$$libinit$$0000001B)
    .ARM.Collect$$libinit$$0000001D          0x08000262   Section        0  libinit2.o(.ARM.Collect$$libinit$$0000001D)
    .ARM.Collect$$libinit$$0000001F          0x08000262   Section        0  libinit2.o(.ARM.Collect$$libinit$$0000001F)
    .ARM.Collect$$libinit$$00000021          0x08000262   Section        0  libinit2.o(.ARM.Collect$$libinit$$00000021)
    .ARM.Collect$$libinit$$00000023          0x08000262   Section        0  libinit2.o(.ARM.Collect$$libinit$$00000023)
    .ARM.Collect$$libinit$$00000025          0x08000262   Section        0  libinit2.o(.ARM.Collect$$libinit$$00000025)
    .ARM.Collect$$libinit$$0000002C          0x08000262   Section        0  libinit2.o(.ARM.Collect$$libinit$$0000002C)
    .ARM.Collect$$libinit$$0000002E          0x08000262   Section        0  libinit2.o(.ARM.Collect$$libinit$$0000002E)
    .ARM.Collect$$libinit$$00000030          0x08000262   Section        0  libinit2.o(.ARM.Collect$$libinit$$00000030)
    .ARM.Collect$$libinit$$00000032          0x08000262   Section        0  libinit2.o(.ARM.Collect$$libinit$$00000032)
    .ARM.Collect$$libinit$$00000033          0x08000262   Section        2  libinit2.o(.ARM.Collect$$libinit$$00000033)
    .ARM.Collect$$libshutdown$$00000000      0x08000264   Section        2  libshutdown.o(.ARM.Collect$$libshutdown$$00000000)
    .ARM.Collect$$libshutdown$$00000003      0x08000266   Section        0  libshutdown2.o(.ARM.Collect$$libshutdown$$00000003)
    .ARM.Collect$$libshutdown$$00000006      0x08000266   Section        0  libshutdown2.o(.ARM.Collect$$libshutdown$$00000006)
    .ARM.Collect$$libshutdown$$00000009      0x08000266   Section        0  libshutdown2.o(.ARM.Collect$$libshutdown$$00000009)
    .ARM.Collect$$libshutdown$$0000000B      0x08000266   Section        0  libshutdown2.o(.ARM.Collect$$libshutdown$$0000000B)
    .ARM.Collect$$libshutdown$$0000000E      0x08000266   Section        0  libshutdown2.o(.ARM.Collect$$libshutdown$$0000000E)
    .ARM.Collect$$libshutdown$$0000000F      0x08000266   Section        2  libshutdown2.o(.ARM.Collect$$libshutdown$$0000000F)
    .ARM.Collect$$rtentry$$00000000          0x08000268   Section        0  __rtentry.o(.ARM.Collect$$rtentry$$00000000)
    .ARM.Collect$$rtentry$$00000002          0x08000268   Section        0  __rtentry2.o(.ARM.Collect$$rtentry$$00000002)
    .ARM.Collect$$rtentry$$00000004          0x08000268   Section        6  __rtentry4.o(.ARM.Collect$$rtentry$$00000004)
    .ARM.Collect$$rtentry$$00000009          0x0800026e   Section        0  __rtentry2.o(.ARM.Collect$$rtentry$$00000009)
    .ARM.Collect$$rtentry$$0000000A          0x0800026e   Section        4  __rtentry2.o(.ARM.Collect$$rtentry$$0000000A)
    .ARM.Collect$$rtentry$$0000000C          0x08000272   Section        0  __rtentry2.o(.ARM.Collect$$rtentry$$0000000C)
    .ARM.Collect$$rtentry$$0000000D          0x08000272   Section        8  __rtentry2.o(.ARM.Collect$$rtentry$$0000000D)
    .ARM.Collect$$rtexit$$00000000           0x0800027a   Section        2  rtexit.o(.ARM.Collect$$rtexit$$00000000)
    .ARM.Collect$$rtexit$$00000002           0x0800027c   Section        0  rtexit2.o(.ARM.Collect$$rtexit$$00000002)
    .ARM.Collect$$rtexit$$00000003           0x0800027c   Section        4  rtexit2.o(.ARM.Collect$$rtexit$$00000003)
    .ARM.Collect$$rtexit$$00000004           0x08000280   Section        6  rtexit2.o(.ARM.Collect$$rtexit$$00000004)
    .text                                    0x08000288   Section       64  startup_stm32f407xx.o(.text)
    $v0                                      0x08000288   Number         0  startup_stm32f407xx.o(.text)
    .text                                    0x080002c8   Section        0  noretval__2sprintf.o(.text)
    .text                                    0x080002f0   Section        0  _printf_truncate.o(.text)
    .text                                    0x08000314   Section        0  _printf_dec.o(.text)
    .text                                    0x0800038c   Section        0  __printf_ss_wp.o(.text)
    .text                                    0x080004ec   Section        0  strlen.o(.text)
    .text                                    0x0800052a   Section       78  rt_memclr_w.o(.text)
    .text                                    0x08000578   Section        0  heapauxi.o(.text)
    .text                                    0x0800057e   Section        0  _rserrno.o(.text)
    .text                                    0x08000594   Section        0  _printf_intcommon.o(.text)
    .text                                    0x08000646   Section        0  _printf_fp_dec.o(.text)
    _fp_digits                               0x08000649   Thumb Code   428  _printf_fp_dec.o(.text)
    .text                                    0x08000a60   Section        0  _printf_char_common.o(.text)
    _printf_input_char                       0x08000a61   Thumb Code    10  _printf_char_common.o(.text)
    .text                                    0x08000a90   Section        0  _sputc.o(.text)
    .text                                    0x08000a9c   Section        8  libspace.o(.text)
    .text                                    0x08000aa4   Section        8  rt_locale_intlibspace.o(.text)
    .text                                    0x08000aac   Section        8  rt_errno_addr_intlibspace.o(.text)
    .text                                    0x08000ab4   Section      138  lludiv10.o(.text)
    .text                                    0x08000b40   Section        0  _printf_fp_infnan.o(.text)
    .text                                    0x08000bc0   Section        0  bigflt0.o(.text)
    .text                                    0x08000c9c   Section        2  use_no_semi.o(.text)
    .text                                    0x08000c9e   Section       74  sys_stackheap_outer.o(.text)
    .text                                    0x08000c9e   Section        0  indicate_semi.o(.text)
    .text                                    0x08000ce8   Section        0  exit.o(.text)
    .text                                    0x08000cf4   Section      128  strcmpv7m.o(.text)
    .text                                    0x08000d74   Section        0  sys_exit.o(.text)
    CL$$btod_d2e                             0x08000d80   Section       62  btod.o(CL$$btod_d2e)
    CL$$btod_d2e_denorm_low                  0x08000dbe   Section       70  btod.o(CL$$btod_d2e_denorm_low)
    CL$$btod_d2e_norm_op1                    0x08000e04   Section       96  btod.o(CL$$btod_d2e_norm_op1)
    CL$$btod_div_common                      0x08000e64   Section      824  btod.o(CL$$btod_div_common)
    CL$$btod_e2e                             0x0800119c   Section      198  btod.o(CL$$btod_e2e)
    CL$$btod_ediv                            0x08001262   Section       40  btod.o(CL$$btod_ediv)
    CL$$btod_emul                            0x0800128a   Section       40  btod.o(CL$$btod_emul)
    CL$$btod_mult_common                     0x080012b2   Section      580  btod.o(CL$$btod_mult_common)
    i.ADXL345_AccelVCCInit                   0x080014f8   Section        0  adxl345.o(i.ADXL345_AccelVCCInit)
    i.ADXL345_Calibr                         0x0800155c   Section        0  adxl345.o(i.ADXL345_Calibr)
    i.ADXL345_DMA_Init                       0x08001700   Section        0  adxl345.o(i.ADXL345_DMA_Init)
    i.ADXL345_GetAccel                       0x0800176c   Section        0  adxl345.o(i.ADXL345_GetAccel)
    i.ADXL345_Init                           0x080017b0   Section        0  adxl345.o(i.ADXL345_Init)
    i.ADXL345_Read                           0x0800182c   Section        0  adxl345.o(i.ADXL345_Read)
    i.ADXL345_Write                          0x08001842   Section        0  adxl345.o(i.ADXL345_Write)
    i.Accel_EXTI_Init                        0x08001858   Section        0  adxl345.o(i.Accel_EXTI_Init)
    i.DMA1_Stream3_IRQHandler                0x080018a0   Section        0  adxl345.o(i.DMA1_Stream3_IRQHandler)
    i.DMA1_Stream4_IRQHandler                0x08001954   Section        0  adxl345.o(i.DMA1_Stream4_IRQHandler)
    i.Delay                                  0x0800197c   Section        0  adxl345.o(i.Delay)
    i.EXTI1_IRQHandler                       0x08001998   Section        0  adxl345.o(i.EXTI1_IRQHandler)
    i.Motors_GPIO_Init                       0x080019c0   Section        0  motors.o(i.Motors_GPIO_Init)
    i.Motors_Init                            0x08001a7c   Section        0  motors.o(i.Motors_Init)
    i.Motors_InitForStab                     0x08001a88   Section        0  motors.o(i.Motors_InitForStab)
    i.Motors_Stop                            0x08001ab0   Section        0  motors.o(i.Motors_Stop)
    i.Motors_TIM_Init                        0x08001adc   Section        0  motors.o(i.Motors_TIM_Init)
    i.NSS_High                               0x08001bb4   Section        0  adxl345.o(i.NSS_High)
    i.NSS_Low                                0x08001bd0   Section        0  adxl345.o(i.NSS_Low)
    i.NVIC_EnableIRQ                         0x08001bec   Section        0  adxl345.o(i.NVIC_EnableIRQ)
    NVIC_EnableIRQ                           0x08001bed   Thumb Code    22  adxl345.o(i.NVIC_EnableIRQ)
    i.NVIC_EnableIRQ                         0x08001c02   Section        0  telemetry.o(i.NVIC_EnableIRQ)
    NVIC_EnableIRQ                           0x08001c03   Thumb Code    22  telemetry.o(i.NVIC_EnableIRQ)
    i.NVIC_SetPriority                       0x08001c18   Section        0  telemetry.o(i.NVIC_SetPriority)
    NVIC_SetPriority                         0x08001c19   Thumb Code    32  telemetry.o(i.NVIC_SetPriority)
    i.RCC_Init                               0x08001c40   Section        0  main.o(i.RCC_Init)
    i.SPI1_Transfer                          0x08001c7c   Section        0  adxl345.o(i.SPI1_Transfer)
    i.SPI2_GPIO_Init                         0x08001cb0   Section        0  adxl345.o(i.SPI2_GPIO_Init)
    i.SPI2_Init                              0x08001da8   Section        0  adxl345.o(i.SPI2_Init)
    i.SendTelemetry                          0x08001e10   Section        0  telemetry.o(i.SendTelemetry)
    i.SystemInit                             0x08001fcc   Section        0  system_stm32f4xx.o(i.SystemInit)
    i.TIM3_IRQHandler                        0x08002068   Section        0  motors.o(i.TIM3_IRQHandler)
    i.TIM7_IRQHandler                        0x080021a8   Section        0  telemetry.o(i.TIM7_IRQHandler)
    i.Telemetry_TIM_Init                     0x080021c0   Section        0  telemetry.o(i.Telemetry_TIM_Init)
    i.USART2_IRQHandler                      0x08002204   Section        0  telemetry.o(i.USART2_IRQHandler)
    i.USART_Init                             0x080025c4   Section        0  telemetry.o(i.USART_Init)
    i.__ARM_fpclassify                       0x0800269c   Section        0  fpclassify.o(i.__ARM_fpclassify)
    i.__hardfp_atan                          0x080026d0   Section        0  atan.o(i.__hardfp_atan)
    i.__hardfp_fabs                          0x080029a8   Section        0  fabs.o(i.__hardfp_fabs)
    i.__hardfp_sqrt                          0x080029bc   Section        0  sqrt.o(i.__hardfp_sqrt)
    i.__kernel_poly                          0x08002a36   Section        0  poly.o(i.__kernel_poly)
    i.__mathlib_dbl_infnan                   0x08002b2e   Section        0  dunder.o(i.__mathlib_dbl_infnan)
    i.__mathlib_dbl_underflow                0x08002b48   Section        0  dunder.o(i.__mathlib_dbl_underflow)
    i._is_digit                              0x08002b68   Section        0  __printf_wp.o(i._is_digit)
    i.averaging                              0x08002b78   Section        0  processing.o(i.averaging)
    i.chooseRoot                             0x08002c38   Section        0  processing.o(i.chooseRoot)
    i.control                                0x08002db8   Section        0  processing.o(i.control)
    i.fabs                                   0x08003010   Section        0  fabs.o(i.fabs)
    i.initWaitingForFloat                    0x08003028   Section        0  telemetry.o(i.initWaitingForFloat)
    i.initWaitingForInt                      0x08003080   Section        0  telemetry.o(i.initWaitingForInt)
    i.kalman                                 0x080030ac   Section        0  processing.o(i.kalman)
    i.main                                   0x08003254   Section        0  main.o(i.main)
    i.mat_add                                0x08003284   Section        0  syssolve.o(i.mat_add)
    i.mat_mul                                0x080032e8   Section        0  syssolve.o(i.mat_mul)
    i.mat_sub                                0x080033a0   Section        0  syssolve.o(i.mat_sub)
    i.process                                0x08003404   Section        0  processing.o(i.process)
    i.send_to_uart                           0x080034fc   Section        0  telemetry.o(i.send_to_uart)
    i.updateFreq                             0x08003518   Section        0  adxl345.o(i.updateFreq)
    locale$$code                             0x08003544   Section       44  lc_numeric_c.o(locale$$code)
    x$fpl$basic                              0x08003570   Section       24  basic.o(x$fpl$basic)
    $v0                                      0x08003570   Number         0  basic.o(x$fpl$basic)
    x$fpl$dadd                               0x08003588   Section      336  daddsub_clz.o(x$fpl$dadd)
    $v0                                      0x08003588   Number         0  daddsub_clz.o(x$fpl$dadd)
    _dadd1                                   0x08003599   Thumb Code     0  daddsub_clz.o(x$fpl$dadd)
    x$fpl$dcmpinf                            0x080036d8   Section       24  dcmpi.o(x$fpl$dcmpinf)
    $v0                                      0x080036d8   Number         0  dcmpi.o(x$fpl$dcmpinf)
    x$fpl$ddiv                               0x080036f0   Section      688  ddiv.o(x$fpl$ddiv)
    $v0                                      0x080036f0   Number         0  ddiv.o(x$fpl$ddiv)
    ddiv_entry                               0x080036f7   Thumb Code     0  ddiv.o(x$fpl$ddiv)
    x$fpl$dfix                               0x080039a0   Section       94  dfix.o(x$fpl$dfix)
    $v0                                      0x080039a0   Number         0  dfix.o(x$fpl$dfix)
    x$fpl$dflt                               0x080039fe   Section       46  dflt_clz.o(x$fpl$dflt)
    $v0                                      0x080039fe   Number         0  dflt_clz.o(x$fpl$dflt)
    x$fpl$dfltu                              0x08003a2c   Section       38  dflt_clz.o(x$fpl$dfltu)
    $v0                                      0x08003a2c   Number         0  dflt_clz.o(x$fpl$dfltu)
    x$fpl$dleqf                              0x08003a54   Section      120  dleqf.o(x$fpl$dleqf)
    $v0                                      0x08003a54   Number         0  dleqf.o(x$fpl$dleqf)
    x$fpl$dmul                               0x08003acc   Section      340  dmul.o(x$fpl$dmul)
    $v0                                      0x08003acc   Number         0  dmul.o(x$fpl$dmul)
    x$fpl$dnaninf                            0x08003c20   Section      156  dnaninf.o(x$fpl$dnaninf)
    $v0                                      0x08003c20   Number         0  dnaninf.o(x$fpl$dnaninf)
    x$fpl$dretinf                            0x08003cbc   Section       12  dretinf.o(x$fpl$dretinf)
    $v0                                      0x08003cbc   Number         0  dretinf.o(x$fpl$dretinf)
    x$fpl$drleqf                             0x08003cc8   Section      108  drleqf.o(x$fpl$drleqf)
    $v0                                      0x08003cc8   Number         0  drleqf.o(x$fpl$drleqf)
    x$fpl$drsb                               0x08003d34   Section       22  daddsub_clz.o(x$fpl$drsb)
    $v0                                      0x08003d34   Number         0  daddsub_clz.o(x$fpl$drsb)
    x$fpl$dsqrt                              0x08003d4c   Section      408  dsqrt_umaal.o(x$fpl$dsqrt)
    $v0                                      0x08003d4c   Number         0  dsqrt_umaal.o(x$fpl$dsqrt)
    x$fpl$dsub                               0x08003ee4   Section      468  daddsub_clz.o(x$fpl$dsub)
    $v0                                      0x08003ee4   Number         0  daddsub_clz.o(x$fpl$dsub)
    _dsub1                                   0x08003ef5   Thumb Code     0  daddsub_clz.o(x$fpl$dsub)
    x$fpl$fpinit                             0x080040b8   Section       10  fpinit.o(x$fpl$fpinit)
    $v0                                      0x080040b8   Number         0  fpinit.o(x$fpl$fpinit)
    x$fpl$printf1                            0x080040c2   Section        4  printf1.o(x$fpl$printf1)
    $v0                                      0x080040c2   Number         0  printf1.o(x$fpl$printf1)
    x$fpl$usenofp                            0x080040c6   Section        0  usenofp.o(x$fpl$usenofp)
    .constdata                               0x080040c8   Section      152  atan.o(.constdata)
    atanhi                                   0x080040c8   Data          32  atan.o(.constdata)
    atanlo                                   0x080040e8   Data          32  atan.o(.constdata)
    aTodd                                    0x08004108   Data          40  atan.o(.constdata)
    aTeven                                   0x08004130   Data          48  atan.o(.constdata)
    .constdata                               0x08004160   Section      148  bigflt0.o(.constdata)
    tenpwrs_x                                0x08004160   Data          60  bigflt0.o(.constdata)
    tenpwrs_i                                0x0800419c   Data          64  bigflt0.o(.constdata)
    locale$$data                             0x08004214   Section       28  lc_numeric_c.o(locale$$data)
    __lcnum_c_name                           0x08004218   Data           2  lc_numeric_c.o(locale$$data)
    __lcnum_c_start                          0x08004220   Data           0  lc_numeric_c.o(locale$$data)
    __lcnum_c_point                          0x0800422c   Data           0  lc_numeric_c.o(locale$$data)
    __lcnum_c_thousands                      0x0800422e   Data           0  lc_numeric_c.o(locale$$data)
    __lcnum_c_grouping                       0x0800422f   Data           0  lc_numeric_c.o(locale$$data)
    __lcnum_c_end                            0x08004230   Data           0  lc_numeric_c.o(locale$$data)
    .data                                    0x20000000   Section       64  main.o(.data)
    .data                                    0x20000040   Section       25  adxl345.o(.data)
    .data                                    0x20000060   Section       59  telemetry.o(.data)
    .data                                    0x200000a0   Section      449  processing.o(.data)
    .data                                    0x20000264   Section       32  motors.o(.data)
    .bss                                     0x20000284   Section       12  adxl345.o(.bss)
    .bss                                     0x20000290   Section      100  telemetry.o(.bss)
    .bss                                     0x200002f8   Section       64  processing.o(.bss)
    .bss                                     0x20000338   Section       96  libspace.o(.bss)
    HEAP                                     0x20000398   Section      512  startup_stm32f407xx.o(HEAP)
    Heap_Mem                                 0x20000398   Data         512  startup_stm32f407xx.o(HEAP)
    STACK                                    0x20000598   Section     1024  startup_stm32f407xx.o(STACK)
    Stack_Mem                                0x20000598   Data        1024  startup_stm32f407xx.o(STACK)
    __initial_sp                             0x20000998   Data           0  startup_stm32f407xx.o(STACK)

    Global Symbols

    Symbol Name                              Value     Ov Type        Size  Object(Section)

    BuildAttributes$$THM_ISAv4$E$P$D$K$B$S$7EM$VFPi3$EXTD16$VFPS$VFMA$PE$A:L22UL41UL21$X:L11$S22US41US21$IEEE1$IW$USESV6$~STKCKD$USESV7$~SHL$OTIME$ROPI$IEEEX$EBA8$UX$STANDARDLIB$REQ8$PRES8$EABIv2 0x00000000   Number         0  anon$$obj.o ABSOLUTE
    __ARM_use_no_argv                        0x00000000   Number         0  main.o ABSOLUTE
    _printf_flags                            0x00000000   Number         0  printf_stubs.o ABSOLUTE
    _printf_return_value                     0x00000000   Number         0  printf_stubs.o ABSOLUTE
    _printf_sizespec                         0x00000000   Number         0  printf_stubs.o ABSOLUTE
    _printf_widthprec                        0x00000000   Number         0  printf_stubs.o ABSOLUTE
    __ARM_exceptions_init                     - Undefined Weak Reference
    __alloca_initialize                       - Undefined Weak Reference
    __arm_preinit_                            - Undefined Weak Reference
    __cpp_initialize__aeabi_                  - Undefined Weak Reference
    __cxa_finalize                            - Undefined Weak Reference
    __sigvec_lookup                           - Undefined Weak Reference
    __user_heap_extent                        - Undefined Weak Reference
    _atexit_init                              - Undefined Weak Reference
    _call_atexit_fns                          - Undefined Weak Reference
    _clock_init                               - Undefined Weak Reference
    _fp_trap_init                             - Undefined Weak Reference
    _fp_trap_shutdown                         - Undefined Weak Reference
    _get_lc_collate                           - Undefined Weak Reference
    _get_lc_ctype                             - Undefined Weak Reference
    _get_lc_monetary                          - Undefined Weak Reference
    _get_lc_time                              - Undefined Weak Reference
    _getenv_init                              - Undefined Weak Reference
    _handle_redirection                       - Undefined Weak Reference
    _initio                                   - Undefined Weak Reference
    _mutex_acquire                            - Undefined Weak Reference
    _mutex_free                               - Undefined Weak Reference
    _mutex_release                            - Undefined Weak Reference
    _printf_post_padding                      - Undefined Weak Reference
    _printf_pre_padding                       - Undefined Weak Reference
    _rand_init                                - Undefined Weak Reference
    _signal_finish                            - Undefined Weak Reference
    _signal_init                              - Undefined Weak Reference
    _terminateio                              - Undefined Weak Reference
    __Vectors_Size                           0x00000188   Number         0  startup_stm32f407xx.o ABSOLUTE
    __Vectors                                0x08000000   Data           4  startup_stm32f407xx.o(RESET)
    __Vectors_End                            0x08000188   Data           0  startup_stm32f407xx.o(RESET)
    __main                                   0x08000189   Thumb Code     8  __main.o(!!!main)
    __scatterload                            0x08000191   Thumb Code     0  __scatter.o(!!!scatter)
    __scatterload_rt2                        0x08000191   Thumb Code    44  __scatter.o(!!!scatter)
    __scatterload_rt2_thumb_only             0x08000191   Thumb Code     0  __scatter.o(!!!scatter)
    __scatterload_null                       0x0800019f   Thumb Code     0  __scatter.o(!!!scatter)
    __decompress                             0x080001c5   Thumb Code    90  __dczerorl2.o(!!dczerorl2)
    __decompress1                            0x080001c5   Thumb Code     0  __dczerorl2.o(!!dczerorl2)
    __scatterload_zeroinit                   0x08000221   Thumb Code    28  __scatter_zi.o(!!handler_zi)
    _printf_f                                0x0800023d   Thumb Code     0  _printf_f.o(.ARM.Collect$$_printf_percent$$00000003)
    _printf_percent                          0x0800023d   Thumb Code     0  _printf_percent.o(.ARM.Collect$$_printf_percent$$00000000)
    _printf_d                                0x08000243   Thumb Code     0  _printf_d.o(.ARM.Collect$$_printf_percent$$00000009)
    _printf_percent_end                      0x08000249   Thumb Code     0  _printf_percent_end.o(.ARM.Collect$$_printf_percent$$00000017)
    __rt_lib_init                            0x0800024d   Thumb Code     0  libinit.o(.ARM.Collect$$libinit$$00000000)
    __rt_lib_init_fp_1                       0x0800024f   Thumb Code     0  libinit2.o(.ARM.Collect$$libinit$$00000001)
    __rt_lib_init_heap_1                     0x08000253   Thumb Code     0  libinit2.o(.ARM.Collect$$libinit$$0000000A)
    __rt_lib_init_lc_common                  0x08000253   Thumb Code     0  libinit2.o(.ARM.Collect$$libinit$$0000000F)
    __rt_lib_init_preinit_1                  0x08000253   Thumb Code     0  libinit2.o(.ARM.Collect$$libinit$$00000004)
    __rt_lib_init_rand_1                     0x08000253   Thumb Code     0  libinit2.o(.ARM.Collect$$libinit$$0000000E)
    __rt_lib_init_user_alloc_1               0x08000253   Thumb Code     0  libinit2.o(.ARM.Collect$$libinit$$0000000C)
    __rt_lib_init_lc_collate_1               0x08000259   Thumb Code     0  libinit2.o(.ARM.Collect$$libinit$$00000011)
    __rt_lib_init_lc_ctype_1                 0x08000259   Thumb Code     0  libinit2.o(.ARM.Collect$$libinit$$00000013)
    __rt_lib_init_lc_monetary_1              0x08000259   Thumb Code     0  libinit2.o(.ARM.Collect$$libinit$$00000015)
    __rt_lib_init_lc_numeric_2               0x08000259   Thumb Code     0  libinit2.o(.ARM.Collect$$libinit$$00000016)
    __rt_lib_init_alloca_1                   0x08000263   Thumb Code     0  libinit2.o(.ARM.Collect$$libinit$$0000002E)
    __rt_lib_init_argv_1                     0x08000263   Thumb Code     0  libinit2.o(.ARM.Collect$$libinit$$0000002C)
    __rt_lib_init_atexit_1                   0x08000263   Thumb Code     0  libinit2.o(.ARM.Collect$$libinit$$0000001B)
    __rt_lib_init_clock_1                    0x08000263   Thumb Code     0  libinit2.o(.ARM.Collect$$libinit$$00000021)
    __rt_lib_init_cpp_1                      0x08000263   Thumb Code     0  libinit2.o(.ARM.Collect$$libinit$$00000032)
    __rt_lib_init_exceptions_1               0x08000263   Thumb Code     0  libinit2.o(.ARM.Collect$$libinit$$00000030)
    __rt_lib_init_fp_trap_1                  0x08000263   Thumb Code     0  libinit2.o(.ARM.Collect$$libinit$$0000001F)
    __rt_lib_init_getenv_1                   0x08000263   Thumb Code     0  libinit2.o(.ARM.Collect$$libinit$$00000023)
    __rt_lib_init_lc_numeric_1               0x08000263   Thumb Code     0  libinit2.o(.ARM.Collect$$libinit$$00000017)
    __rt_lib_init_lc_time_1                  0x08000263   Thumb Code     0  libinit2.o(.ARM.Collect$$libinit$$00000019)
    __rt_lib_init_return                     0x08000263   Thumb Code     0  libinit2.o(.ARM.Collect$$libinit$$00000033)
    __rt_lib_init_signal_1                   0x08000263   Thumb Code     0  libinit2.o(.ARM.Collect$$libinit$$0000001D)
    __rt_lib_init_stdio_1                    0x08000263   Thumb Code     0  libinit2.o(.ARM.Collect$$libinit$$00000025)
    __rt_lib_shutdown                        0x08000265   Thumb Code     0  libshutdown.o(.ARM.Collect$$libshutdown$$00000000)
    __rt_lib_shutdown_fp_trap_1              0x08000267   Thumb Code     0  libshutdown2.o(.ARM.Collect$$libshutdown$$00000006)
    __rt_lib_shutdown_heap_1                 0x08000267   Thumb Code     0  libshutdown2.o(.ARM.Collect$$libshutdown$$0000000E)
    __rt_lib_shutdown_return                 0x08000267   Thumb Code     0  libshutdown2.o(.ARM.Collect$$libshutdown$$0000000F)
    __rt_lib_shutdown_signal_1               0x08000267   Thumb Code     0  libshutdown2.o(.ARM.Collect$$libshutdown$$00000009)
    __rt_lib_shutdown_stdio_1                0x08000267   Thumb Code     0  libshutdown2.o(.ARM.Collect$$libshutdown$$00000003)
    __rt_lib_shutdown_user_alloc_1           0x08000267   Thumb Code     0  libshutdown2.o(.ARM.Collect$$libshutdown$$0000000B)
    __rt_entry                               0x08000269   Thumb Code     0  __rtentry.o(.ARM.Collect$$rtentry$$00000000)
    __rt_entry_presh_1                       0x08000269   Thumb Code     0  __rtentry2.o(.ARM.Collect$$rtentry$$00000002)
    __rt_entry_sh                            0x08000269   Thumb Code     0  __rtentry4.o(.ARM.Collect$$rtentry$$00000004)
    __rt_entry_li                            0x0800026f   Thumb Code     0  __rtentry2.o(.ARM.Collect$$rtentry$$0000000A)
    __rt_entry_postsh_1                      0x0800026f   Thumb Code     0  __rtentry2.o(.ARM.Collect$$rtentry$$00000009)
    __rt_entry_main                          0x08000273   Thumb Code     0  __rtentry2.o(.ARM.Collect$$rtentry$$0000000D)
    __rt_entry_postli_1                      0x08000273   Thumb Code     0  __rtentry2.o(.ARM.Collect$$rtentry$$0000000C)
    __rt_exit                                0x0800027b   Thumb Code     0  rtexit.o(.ARM.Collect$$rtexit$$00000000)
    __rt_exit_ls                             0x0800027d   Thumb Code     0  rtexit2.o(.ARM.Collect$$rtexit$$00000003)
    __rt_exit_prels_1                        0x0800027d   Thumb Code     0  rtexit2.o(.ARM.Collect$$rtexit$$00000002)
    __rt_exit_exit                           0x08000281   Thumb Code     0  rtexit2.o(.ARM.Collect$$rtexit$$00000004)
    Reset_Handler                            0x08000289   Thumb Code     8  startup_stm32f407xx.o(.text)
    NMI_Handler                              0x08000291   Thumb Code     2  startup_stm32f407xx.o(.text)
    HardFault_Handler                        0x08000293   Thumb Code     2  startup_stm32f407xx.o(.text)
    MemManage_Handler                        0x08000295   Thumb Code     2  startup_stm32f407xx.o(.text)
    BusFault_Handler                         0x08000297   Thumb Code     2  startup_stm32f407xx.o(.text)
    UsageFault_Handler                       0x08000299   Thumb Code     2  startup_stm32f407xx.o(.text)
    SVC_Handler                              0x0800029b   Thumb Code     2  startup_stm32f407xx.o(.text)
    DebugMon_Handler                         0x0800029d   Thumb Code     2  startup_stm32f407xx.o(.text)
    PendSV_Handler                           0x0800029f   Thumb Code     2  startup_stm32f407xx.o(.text)
    SysTick_Handler                          0x080002a1   Thumb Code     2  startup_stm32f407xx.o(.text)
    ADC_IRQHandler                           0x080002a3   Thumb Code     0  startup_stm32f407xx.o(.text)
    CAN1_RX0_IRQHandler                      0x080002a3   Thumb Code     0  startup_stm32f407xx.o(.text)
    CAN1_RX1_IRQHandler                      0x080002a3   Thumb Code     0  startup_stm32f407xx.o(.text)
    CAN1_SCE_IRQHandler                      0x080002a3   Thumb Code     0  startup_stm32f407xx.o(.text)
    CAN1_TX_IRQHandler                       0x080002a3   Thumb Code     0  startup_stm32f407xx.o(.text)
    CAN2_RX0_IRQHandler                      0x080002a3   Thumb Code     0  startup_stm32f407xx.o(.text)
    CAN2_RX1_IRQHandler                      0x080002a3   Thumb Code     0  startup_stm32f407xx.o(.text)
    CAN2_SCE_IRQHandler                      0x080002a3   Thumb Code     0  startup_stm32f407xx.o(.text)
    CAN2_TX_IRQHandler                       0x080002a3   Thumb Code     0  startup_stm32f407xx.o(.text)
    DCMI_IRQHandler                          0x080002a3   Thumb Code     0  startup_stm32f407xx.o(.text)
    DMA1_Stream0_IRQHandler                  0x080002a3   Thumb Code     0  startup_stm32f407xx.o(.text)
    DMA1_Stream1_IRQHandler                  0x080002a3   Thumb Code     0  startup_stm32f407xx.o(.text)
    DMA1_Stream2_IRQHandler                  0x080002a3   Thumb Code     0  startup_stm32f407xx.o(.text)
    DMA1_Stream5_IRQHandler                  0x080002a3   Thumb Code     0  startup_stm32f407xx.o(.text)
    DMA1_Stream6_IRQHandler                  0x080002a3   Thumb Code     0  startup_stm32f407xx.o(.text)
    DMA1_Stream7_IRQHandler                  0x080002a3   Thumb Code     0  startup_stm32f407xx.o(.text)
    DMA2_Stream0_IRQHandler                  0x080002a3   Thumb Code     0  startup_stm32f407xx.o(.text)
    DMA2_Stream1_IRQHandler                  0x080002a3   Thumb Code     0  startup_stm32f407xx.o(.text)
    DMA2_Stream2_IRQHandler                  0x080002a3   Thumb Code     0  startup_stm32f407xx.o(.text)
    DMA2_Stream3_IRQHandler                  0x080002a3   Thumb Code     0  startup_stm32f407xx.o(.text)
    DMA2_Stream4_IRQHandler                  0x080002a3   Thumb Code     0  startup_stm32f407xx.o(.text)
    DMA2_Stream5_IRQHandler                  0x080002a3   Thumb Code     0  startup_stm32f407xx.o(.text)
    DMA2_Stream6_IRQHandler                  0x080002a3   Thumb Code     0  startup_stm32f407xx.o(.text)
    DMA2_Stream7_IRQHandler                  0x080002a3   Thumb Code     0  startup_stm32f407xx.o(.text)
    ETH_IRQHandler                           0x080002a3   Thumb Code     0  startup_stm32f407xx.o(.text)
    ETH_WKUP_IRQHandler                      0x080002a3   Thumb Code     0  startup_stm32f407xx.o(.text)
    EXTI0_IRQHandler                         0x080002a3   Thumb Code     0  startup_stm32f407xx.o(.text)
    EXTI15_10_IRQHandler                     0x080002a3   Thumb Code     0  startup_stm32f407xx.o(.text)
    EXTI2_IRQHandler                         0x080002a3   Thumb Code     0  startup_stm32f407xx.o(.text)
    EXTI3_IRQHandler                         0x080002a3   Thumb Code     0  startup_stm32f407xx.o(.text)
    EXTI4_IRQHandler                         0x080002a3   Thumb Code     0  startup_stm32f407xx.o(.text)
    EXTI9_5_IRQHandler                       0x080002a3   Thumb Code     0  startup_stm32f407xx.o(.text)
    FLASH_IRQHandler                         0x080002a3   Thumb Code     0  startup_stm32f407xx.o(.text)
    FMC_IRQHandler                           0x080002a3   Thumb Code     0  startup_stm32f407xx.o(.text)
    FPU_IRQHandler                           0x080002a3   Thumb Code     0  startup_stm32f407xx.o(.text)
    HASH_RNG_IRQHandler                      0x080002a3   Thumb Code     0  startup_stm32f407xx.o(.text)
    I2C1_ER_IRQHandler                       0x080002a3   Thumb Code     0  startup_stm32f407xx.o(.text)
    I2C1_EV_IRQHandler                       0x080002a3   Thumb Code     0  startup_stm32f407xx.o(.text)
    I2C2_ER_IRQHandler                       0x080002a3   Thumb Code     0  startup_stm32f407xx.o(.text)
    I2C2_EV_IRQHandler                       0x080002a3   Thumb Code     0  startup_stm32f407xx.o(.text)
    I2C3_ER_IRQHandler                       0x080002a3   Thumb Code     0  startup_stm32f407xx.o(.text)
    I2C3_EV_IRQHandler                       0x080002a3   Thumb Code     0  startup_stm32f407xx.o(.text)
    OTG_FS_IRQHandler                        0x080002a3   Thumb Code     0  startup_stm32f407xx.o(.text)
    OTG_FS_WKUP_IRQHandler                   0x080002a3   Thumb Code     0  startup_stm32f407xx.o(.text)
    OTG_HS_EP1_IN_IRQHandler                 0x080002a3   Thumb Code     0  startup_stm32f407xx.o(.text)
    OTG_HS_EP1_OUT_IRQHandler                0x080002a3   Thumb Code     0  startup_stm32f407xx.o(.text)
    OTG_HS_IRQHandler                        0x080002a3   Thumb Code     0  startup_stm32f407xx.o(.text)
    OTG_HS_WKUP_IRQHandler                   0x080002a3   Thumb Code     0  startup_stm32f407xx.o(.text)
    PVD_IRQHandler                           0x080002a3   Thumb Code     0  startup_stm32f407xx.o(.text)
    RCC_IRQHandler                           0x080002a3   Thumb Code     0  startup_stm32f407xx.o(.text)
    RTC_Alarm_IRQHandler                     0x080002a3   Thumb Code     0  startup_stm32f407xx.o(.text)
    RTC_WKUP_IRQHandler                      0x080002a3   Thumb Code     0  startup_stm32f407xx.o(.text)
    SDIO_IRQHandler                          0x080002a3   Thumb Code     0  startup_stm32f407xx.o(.text)
    SPI1_IRQHandler                          0x080002a3   Thumb Code     0  startup_stm32f407xx.o(.text)
    SPI2_IRQHandler                          0x080002a3   Thumb Code     0  startup_stm32f407xx.o(.text)
    SPI3_IRQHandler                          0x080002a3   Thumb Code     0  startup_stm32f407xx.o(.text)
    TAMP_STAMP_IRQHandler                    0x080002a3   Thumb Code     0  startup_stm32f407xx.o(.text)
    TIM1_BRK_TIM9_IRQHandler                 0x080002a3   Thumb Code     0  startup_stm32f407xx.o(.text)
    TIM1_CC_IRQHandler                       0x080002a3   Thumb Code     0  startup_stm32f407xx.o(.text)
    TIM1_TRG_COM_TIM11_IRQHandler            0x080002a3   Thumb Code     0  startup_stm32f407xx.o(.text)
    TIM1_UP_TIM10_IRQHandler                 0x080002a3   Thumb Code     0  startup_stm32f407xx.o(.text)
    TIM2_IRQHandler                          0x080002a3   Thumb Code     0  startup_stm32f407xx.o(.text)
    TIM4_IRQHandler                          0x080002a3   Thumb Code     0  startup_stm32f407xx.o(.text)
    TIM5_IRQHandler                          0x080002a3   Thumb Code     0  startup_stm32f407xx.o(.text)
    TIM6_DAC_IRQHandler                      0x080002a3   Thumb Code     0  startup_stm32f407xx.o(.text)
    TIM8_BRK_TIM12_IRQHandler                0x080002a3   Thumb Code     0  startup_stm32f407xx.o(.text)
    TIM8_CC_IRQHandler                       0x080002a3   Thumb Code     0  startup_stm32f407xx.o(.text)
    TIM8_TRG_COM_TIM14_IRQHandler            0x080002a3   Thumb Code     0  startup_stm32f407xx.o(.text)
    TIM8_UP_TIM13_IRQHandler                 0x080002a3   Thumb Code     0  startup_stm32f407xx.o(.text)
    UART4_IRQHandler                         0x080002a3   Thumb Code     0  startup_stm32f407xx.o(.text)
    UART5_IRQHandler                         0x080002a3   Thumb Code     0  startup_stm32f407xx.o(.text)
    USART1_IRQHandler                        0x080002a3   Thumb Code     0  startup_stm32f407xx.o(.text)
    USART3_IRQHandler                        0x080002a3   Thumb Code     0  startup_stm32f407xx.o(.text)
    USART6_IRQHandler                        0x080002a3   Thumb Code     0  startup_stm32f407xx.o(.text)
    WWDG_IRQHandler                          0x080002a3   Thumb Code     0  startup_stm32f407xx.o(.text)
    __user_initial_stackheap                 0x080002a5   Thumb Code     0  startup_stm32f407xx.o(.text)
    __2sprintf                               0x080002c9   Thumb Code    34  noretval__2sprintf.o(.text)
    _printf_truncate_signed                  0x080002f1   Thumb Code    18  _printf_truncate.o(.text)
    _printf_truncate_unsigned                0x08000303   Thumb Code    18  _printf_truncate.o(.text)
    _printf_int_dec                          0x08000315   Thumb Code   104  _printf_dec.o(.text)
    __printf                                 0x0800038d   Thumb Code   352  __printf_ss_wp.o(.text)
    strlen                                   0x080004ed   Thumb Code    62  strlen.o(.text)
    __aeabi_memclr4                          0x0800052b   Thumb Code     0  rt_memclr_w.o(.text)
    __aeabi_memclr8                          0x0800052b   Thumb Code     0  rt_memclr_w.o(.text)
    __rt_memclr_w                            0x0800052b   Thumb Code    78  rt_memclr_w.o(.text)
    _memset_w                                0x0800052f   Thumb Code     0  rt_memclr_w.o(.text)
    __use_two_region_memory                  0x08000579   Thumb Code     2  heapauxi.o(.text)
    __rt_heap_escrow                         0x0800057b   Thumb Code     2  heapauxi.o(.text)
    __rt_heap_expand                         0x0800057d   Thumb Code     2  heapauxi.o(.text)
    __read_errno                             0x0800057f   Thumb Code    10  _rserrno.o(.text)
    __set_errno                              0x08000589   Thumb Code    12  _rserrno.o(.text)
    _printf_int_common                       0x08000595   Thumb Code   178  _printf_intcommon.o(.text)
    __lib_sel_fp_printf                      0x08000647   Thumb Code     2  _printf_fp_dec.o(.text)
    _printf_fp_dec_real                      0x080007f5   Thumb Code   620  _printf_fp_dec.o(.text)
    _printf_char_common                      0x08000a6b   Thumb Code    32  _printf_char_common.o(.text)
    _sputc                                   0x08000a91   Thumb Code    10  _sputc.o(.text)
    __user_libspace                          0x08000a9d   Thumb Code     8  libspace.o(.text)
    __user_perproc_libspace                  0x08000a9d   Thumb Code     0  libspace.o(.text)
    __user_perthread_libspace                0x08000a9d   Thumb Code     0  libspace.o(.text)
    __rt_locale                              0x08000aa5   Thumb Code     8  rt_locale_intlibspace.o(.text)
    __aeabi_errno_addr                       0x08000aad   Thumb Code     8  rt_errno_addr_intlibspace.o(.text)
    __errno$intlibspace                      0x08000aad   Thumb Code     0  rt_errno_addr_intlibspace.o(.text)
    __rt_errno_addr$intlibspace              0x08000aad   Thumb Code     0  rt_errno_addr_intlibspace.o(.text)
    _ll_udiv10                               0x08000ab5   Thumb Code   138  lludiv10.o(.text)
    _printf_fp_infnan                        0x08000b41   Thumb Code   112  _printf_fp_infnan.o(.text)
    _btod_etento                             0x08000bc1   Thumb Code   216  bigflt0.o(.text)
    __I$use$semihosting                      0x08000c9d   Thumb Code     0  use_no_semi.o(.text)
    __use_no_semihosting_swi                 0x08000c9d   Thumb Code     2  use_no_semi.o(.text)
    __semihosting_library_function           0x08000c9f   Thumb Code     0  indicate_semi.o(.text)
    __user_setup_stackheap                   0x08000c9f   Thumb Code    74  sys_stackheap_outer.o(.text)
    exit                                     0x08000ce9   Thumb Code    12  exit.o(.text)
    strcmp                                   0x08000cf5   Thumb Code   128  strcmpv7m.o(.text)
    _sys_exit                                0x08000d75   Thumb Code     8  sys_exit.o(.text)
    _btod_d2e                                0x08000d81   Thumb Code    62  btod.o(CL$$btod_d2e)
    _d2e_denorm_low                          0x08000dbf   Thumb Code    70  btod.o(CL$$btod_d2e_denorm_low)
    _d2e_norm_op1                            0x08000e05   Thumb Code    96  btod.o(CL$$btod_d2e_norm_op1)
    __btod_div_common                        0x08000e65   Thumb Code   696  btod.o(CL$$btod_div_common)
    _e2e                                     0x0800119d   Thumb Code   198  btod.o(CL$$btod_e2e)
    _btod_ediv                               0x08001263   Thumb Code    40  btod.o(CL$$btod_ediv)
    _btod_emul                               0x0800128b   Thumb Code    40  btod.o(CL$$btod_emul)
    __btod_mult_common                       0x080012b3   Thumb Code   580  btod.o(CL$$btod_mult_common)
    ADXL345_AccelVCCInit                     0x080014f9   Thumb Code    92  adxl345.o(i.ADXL345_AccelVCCInit)
    ADXL345_Calibr                           0x0800155d   Thumb Code   370  adxl345.o(i.ADXL345_Calibr)
    ADXL345_DMA_Init                         0x08001701   Thumb Code    88  adxl345.o(i.ADXL345_DMA_Init)
    ADXL345_GetAccel                         0x0800176d   Thumb Code    66  adxl345.o(i.ADXL345_GetAccel)
    ADXL345_Init                             0x080017b1   Thumb Code   120  adxl345.o(i.ADXL345_Init)
    ADXL345_Read                             0x0800182d   Thumb Code    22  adxl345.o(i.ADXL345_Read)
    ADXL345_Write                            0x08001843   Thumb Code    20  adxl345.o(i.ADXL345_Write)
    Accel_EXTI_Init                          0x08001859   Thumb Code    58  adxl345.o(i.Accel_EXTI_Init)
    DMA1_Stream3_IRQHandler                  0x080018a1   Thumb Code   144  adxl345.o(i.DMA1_Stream3_IRQHandler)
    DMA1_Stream4_IRQHandler                  0x08001955   Thumb Code    34  adxl345.o(i.DMA1_Stream4_IRQHandler)
    Delay                                    0x0800197d   Thumb Code    28  adxl345.o(i.Delay)
    EXTI1_IRQHandler                         0x08001999   Thumb Code    34  adxl345.o(i.EXTI1_IRQHandler)
    Motors_GPIO_Init                         0x080019c1   Thumb Code   174  motors.o(i.Motors_GPIO_Init)
    Motors_Init                              0x08001a7d   Thumb Code    12  motors.o(i.Motors_Init)
    Motors_InitForStab                       0x08001a89   Thumb Code    28  motors.o(i.Motors_InitForStab)
    Motors_Stop                              0x08001ab1   Thumb Code    32  motors.o(i.Motors_Stop)
    Motors_TIM_Init                          0x08001add   Thumb Code   198  motors.o(i.Motors_TIM_Init)
    NSS_High                                 0x08001bb5   Thumb Code    20  adxl345.o(i.NSS_High)
    NSS_Low                                  0x08001bd1   Thumb Code    20  adxl345.o(i.NSS_Low)
    RCC_Init                                 0x08001c41   Thumb Code    46  main.o(i.RCC_Init)
    SPI1_Transfer                            0x08001c7d   Thumb Code    46  adxl345.o(i.SPI1_Transfer)
    SPI2_GPIO_Init                           0x08001cb1   Thumb Code   226  adxl345.o(i.SPI2_GPIO_Init)
    SPI2_Init                                0x08001da9   Thumb Code    98  adxl345.o(i.SPI2_Init)
    SendTelemetry                            0x08001e11   Thumb Code   304  telemetry.o(i.SendTelemetry)
    SystemInit                               0x08001fcd   Thumb Code   140  system_stm32f4xx.o(i.SystemInit)
    TIM3_IRQHandler                          0x08002069   Thumb Code   280  motors.o(i.TIM3_IRQHandler)
    TIM7_IRQHandler                          0x080021a9   Thumb Code    20  telemetry.o(i.TIM7_IRQHandler)
    Telemetry_TIM_Init                       0x080021c1   Thumb Code    64  telemetry.o(i.Telemetry_TIM_Init)
    USART2_IRQHandler                        0x08002205   Thumb Code   850  telemetry.o(i.USART2_IRQHandler)
    USART_Init                               0x080025c5   Thumb Code   198  telemetry.o(i.USART_Init)
    __ARM_fpclassify                         0x0800269d   Thumb Code    48  fpclassify.o(i.__ARM_fpclassify)
    __hardfp_atan                            0x080026d1   Thumb Code   622  atan.o(i.__hardfp_atan)
    __hardfp_fabs                            0x080029a9   Thumb Code    20  fabs.o(i.__hardfp_fabs)
    __hardfp_sqrt                            0x080029bd   Thumb Code   122  sqrt.o(i.__hardfp_sqrt)
    __kernel_poly                            0x08002a37   Thumb Code   248  poly.o(i.__kernel_poly)
    __mathlib_dbl_infnan                     0x08002b2f   Thumb Code    20  dunder.o(i.__mathlib_dbl_infnan)
    __mathlib_dbl_underflow                  0x08002b49   Thumb Code    24  dunder.o(i.__mathlib_dbl_underflow)
    _is_digit                                0x08002b69   Thumb Code    14  __printf_wp.o(i._is_digit)
    averaging                                0x08002b79   Thumb Code   158  processing.o(i.averaging)
    chooseRoot                               0x08002c39   Thumb Code   330  processing.o(i.chooseRoot)
    control                                  0x08002db9   Thumb Code   522  processing.o(i.control)
    fabs                                     0x08003011   Thumb Code    24  fabs.o(i.fabs)
    initWaitingForFloat                      0x08003029   Thumb Code    44  telemetry.o(i.initWaitingForFloat)
    initWaitingForInt                        0x08003081   Thumb Code    26  telemetry.o(i.initWaitingForInt)
    kalman                                   0x080030ad   Thumb Code   362  processing.o(i.kalman)
    main                                     0x08003255   Thumb Code    42  main.o(i.main)
    mat_add                                  0x08003285   Thumb Code   100  syssolve.o(i.mat_add)
    mat_mul                                  0x080032e9   Thumb Code   176  syssolve.o(i.mat_mul)
    mat_sub                                  0x080033a1   Thumb Code   100  syssolve.o(i.mat_sub)
    process                                  0x08003405   Thumb Code   208  processing.o(i.process)
    send_to_uart                             0x080034fd   Thumb Code    22  telemetry.o(i.send_to_uart)
    updateFreq                               0x08003519   Thumb Code    34  adxl345.o(i.updateFreq)
    _get_lc_numeric                          0x08003545   Thumb Code    44  lc_numeric_c.o(locale$$code)
    __aeabi_dneg                             0x08003571   Thumb Code     0  basic.o(x$fpl$basic)
    _dneg                                    0x08003571   Thumb Code     6  basic.o(x$fpl$basic)
    __aeabi_fneg                             0x08003577   Thumb Code     0  basic.o(x$fpl$basic)
    _fneg                                    0x08003577   Thumb Code     6  basic.o(x$fpl$basic)
    _dabs                                    0x0800357d   Thumb Code     6  basic.o(x$fpl$basic)
    _fabs                                    0x08003583   Thumb Code     6  basic.o(x$fpl$basic)
    __aeabi_dadd                             0x08003589   Thumb Code     0  daddsub_clz.o(x$fpl$dadd)
    _dadd                                    0x08003589   Thumb Code   332  daddsub_clz.o(x$fpl$dadd)
    __fpl_dcmp_Inf                           0x080036d9   Thumb Code    24  dcmpi.o(x$fpl$dcmpinf)
    __aeabi_ddiv                             0x080036f1   Thumb Code     0  ddiv.o(x$fpl$ddiv)
    _ddiv                                    0x080036f1   Thumb Code   552  ddiv.o(x$fpl$ddiv)
    __aeabi_d2iz                             0x080039a1   Thumb Code     0  dfix.o(x$fpl$dfix)
    _dfix                                    0x080039a1   Thumb Code    94  dfix.o(x$fpl$dfix)
    __aeabi_i2d                              0x080039ff   Thumb Code     0  dflt_clz.o(x$fpl$dflt)
    _dflt                                    0x080039ff   Thumb Code    46  dflt_clz.o(x$fpl$dflt)
    __aeabi_ui2d                             0x08003a2d   Thumb Code     0  dflt_clz.o(x$fpl$dfltu)
    _dfltu                                   0x08003a2d   Thumb Code    38  dflt_clz.o(x$fpl$dfltu)
    __aeabi_cdcmple                          0x08003a55   Thumb Code     0  dleqf.o(x$fpl$dleqf)
    _dcmple                                  0x08003a55   Thumb Code   120  dleqf.o(x$fpl$dleqf)
    __fpl_dcmple_InfNaN                      0x08003ab7   Thumb Code     0  dleqf.o(x$fpl$dleqf)
    __aeabi_dmul                             0x08003acd   Thumb Code     0  dmul.o(x$fpl$dmul)
    _dmul                                    0x08003acd   Thumb Code   332  dmul.o(x$fpl$dmul)
    __fpl_dnaninf                            0x08003c21   Thumb Code   156  dnaninf.o(x$fpl$dnaninf)
    __fpl_dretinf                            0x08003cbd   Thumb Code    12  dretinf.o(x$fpl$dretinf)
    __aeabi_cdrcmple                         0x08003cc9   Thumb Code     0  drleqf.o(x$fpl$drleqf)
    _drcmple                                 0x08003cc9   Thumb Code   108  drleqf.o(x$fpl$drleqf)
    __aeabi_drsub                            0x08003d35   Thumb Code     0  daddsub_clz.o(x$fpl$drsb)
    _drsb                                    0x08003d35   Thumb Code    22  daddsub_clz.o(x$fpl$drsb)
    _dsqrt                                   0x08003d4d   Thumb Code   404  dsqrt_umaal.o(x$fpl$dsqrt)
    __aeabi_dsub                             0x08003ee5   Thumb Code     0  daddsub_clz.o(x$fpl$dsub)
    _dsub                                    0x08003ee5   Thumb Code   464  daddsub_clz.o(x$fpl$dsub)
    _fp_init                                 0x080040b9   Thumb Code    10  fpinit.o(x$fpl$fpinit)
    __fplib_config_fpu_vfp                   0x080040c1   Thumb Code     0  fpinit.o(x$fpl$fpinit)
    __fplib_config_pureend_doubles           0x080040c1   Thumb Code     0  fpinit.o(x$fpl$fpinit)
    _printf_fp_dec                           0x080040c3   Thumb Code     4  printf1.o(x$fpl$printf1)
    __I$use$fp                               0x080040c6   Number         0  usenofp.o(x$fpl$usenofp)
    Region$$Table$$Base                      0x080041f4   Number         0  anon$$obj.o(Region$$Table)
    Region$$Table$$Limit                     0x08004214   Number         0  anon$$obj.o(Region$$Table)
    ax                                       0x20000000   Data           2  main.o(.data)
    ay                                       0x20000002   Data           2  main.o(.data)
    az                                       0x20000004   Data           2  main.o(.data)
    ENGRDY                                   0x20000006   Data           1  main.o(.data)
    STABRDY                                  0x20000007   Data           1  main.o(.data)
    pwm1                                     0x20000008   Data           4  main.o(.data)
    pwm2                                     0x2000000c   Data           4  main.o(.data)
    COUNT1                                   0x20000010   Data           4  main.o(.data)
    COUNT2                                   0x20000014   Data           4  main.o(.data)
    F                                        0x20000018   Data           8  main.o(.data)
    k1                                       0x20000020   Data           8  main.o(.data)
    k2                                       0x20000028   Data           8  main.o(.data)
    angle                                    0x20000030   Data           8  main.o(.data)
    angularVelocity                          0x20000038   Data           8  main.o(.data)
    SPI2_SCK                                 0x20000040   Data           1  adxl345.o(.data)
    SPI2_MISO                                0x20000041   Data           1  adxl345.o(.data)
    SPI2_MOSI                                0x20000042   Data           1  adxl345.o(.data)
    SPI2_NSS                                 0x20000043   Data           1  adxl345.o(.data)
    ACCEL_INT1                               0x20000044   Data           1  adxl345.o(.data)
    ACCEL_VCC                                0x20000045   Data           1  adxl345.o(.data)
    accelRegisters                           0x20000046   Data          12  adxl345.o(.data)
    xOffset                                  0x20000052   Data           2  adxl345.o(.data)
    yOffset                                  0x20000054   Data           2  adxl345.o(.data)
    zOffset                                  0x20000056   Data           2  adxl345.o(.data)
    test                                     0x20000058   Data           1  adxl345.o(.data)
    UART2_TX                                 0x20000060   Data           1  telemetry.o(.data)
    UART2_RX                                 0x20000061   Data           1  telemetry.o(.data)
    received                                 0x20000062   Data           1  telemetry.o(.data)
    i                                        0x20000064   Data           4  telemetry.o(.data)
    st                                       0x20000068   Data           4  telemetry.o(.data)
    intValue                                 0x2000006c   Data           4  telemetry.o(.data)
    k                                        0x20000070   Data           4  telemetry.o(.data)
    my_pow                                   0x20000078   Data           8  telemetry.o(.data)
    d_st                                     0x20000080   Data           8  telemetry.o(.data)
    floatValue                               0x20000088   Data           8  telemetry.o(.data)
    curWaiting                               0x20000090   Data           1  telemetry.o(.data)
    curWaitingForInt                         0x20000091   Data           1  telemetry.o(.data)
    curWaitingForFloat                       0x20000092   Data           1  telemetry.o(.data)
    telemetryOn                              0x20000093   Data           1  telemetry.o(.data)
    curTelemetryMode                         0x20000094   Data           1  telemetry.o(.data)
    curFreq                                  0x20000095   Data           1  telemetry.o(.data)
    freshFreq                                0x20000096   Data           1  telemetry.o(.data)
    displayAngle                             0x20000097   Data           1  telemetry.o(.data)
    displayAngularVelocity                   0x20000098   Data           1  telemetry.o(.data)
    displayF                                 0x20000099   Data           1  telemetry.o(.data)
    displayPwm                               0x2000009a   Data           1  telemetry.o(.data)
    Ak                                       0x200000a0   Data           8  processing.o(.data)
    Hk                                       0x200000a8   Data           8  processing.o(.data)
    Qk                                       0x200000b0   Data           8  processing.o(.data)
    Rkx                                      0x200000b8   Data           8  processing.o(.data)
    Rky                                      0x200000c0   Data           8  processing.o(.data)
    Rkz                                      0x200000c8   Data           8  processing.o(.data)
    Kx                                       0x200000d0   Data           8  processing.o(.data)
    Ky                                       0x200000d8   Data           8  processing.o(.data)
    Kz                                       0x200000e0   Data           8  processing.o(.data)
    predictedAx                              0x200000e8   Data           8  processing.o(.data)
    predictedAy                              0x200000f0   Data           8  processing.o(.data)
    predictedAz                              0x200000f8   Data           8  processing.o(.data)
    predictedPx                              0x20000100   Data           8  processing.o(.data)
    predictedPy                              0x20000108   Data           8  processing.o(.data)
    predictedPz                              0x20000110   Data           8  processing.o(.data)
    Px                                       0x20000118   Data           8  processing.o(.data)
    Py                                       0x20000120   Data           8  processing.o(.data)
    Pz                                       0x20000128   Data           8  processing.o(.data)
    Ax                                       0x20000130   Data           8  processing.o(.data)
    Ay                                       0x20000138   Data           8  processing.o(.data)
    Az                                       0x20000140   Data           8  processing.o(.data)
    prevAngle                                0x20000148   Data           8  processing.o(.data)
    stabilizationOn                          0x20000150   Data           1  processing.o(.data)
    kalmanOn                                 0x20000151   Data           1  processing.o(.data)
    averagingOn                              0x20000152   Data           1  processing.o(.data)
    A                                        0x20000158   Data          32  processing.o(.data)
    At                                       0x20000178   Data          32  processing.o(.data)
    H                                        0x20000198   Data          16  processing.o(.data)
    Ht                                       0x200001a8   Data          16  processing.o(.data)
    Paposteriori                             0x200001b8   Data          32  processing.o(.data)
    R                                        0x200001d8   Data           8  processing.o(.data)
    Q                                        0x200001e0   Data          32  processing.o(.data)
    I                                        0x20000200   Data          32  processing.o(.data)
    Aappr                                    0x20000220   Data           8  processing.o(.data)
    Bappr                                    0x20000228   Data           8  processing.o(.data)
    Cappr                                    0x20000230   Data           8  processing.o(.data)
    D                                        0x20000238   Data           8  processing.o(.data)
    x1                                       0x20000240   Data           8  processing.o(.data)
    x2                                       0x20000248   Data           8  processing.o(.data)
    angleCount                               0x20000250   Data           1  processing.o(.data)
    angleSum                                 0x20000258   Data           8  processing.o(.data)
    averaged                                 0x20000260   Data           1  processing.o(.data)
    MOT_PWM1                                 0x20000264   Data           1  motors.o(.data)
    MOT_PWM2                                 0x20000265   Data           1  motors.o(.data)
    MOT_FREQ1                                0x20000266   Data           1  motors.o(.data)
    MOT_FREQ2                                0x20000267   Data           1  motors.o(.data)
    minPwm                                   0x20000268   Data           4  motors.o(.data)
    tim3_status                              0x2000026c   Data           1  motors.o(.data)
    pwm                                      0x20000270   Data           4  motors.o(.data)
    timer                                    0x20000274   Data           4  motors.o(.data)
    timer_1000                               0x20000278   Data           4  motors.o(.data)
    timer_2000                               0x2000027c   Data           4  motors.o(.data)
    pwm_step                                 0x20000280   Data           4  motors.o(.data)
    accel                                    0x20000284   Data          12  adxl345.o(.bss)
    str                                      0x20000290   Data         100  telemetry.o(.bss)
    Xaposteriori                             0x200002f8   Data          16  processing.o(.bss)
    Xapriori                                 0x20000308   Data          16  processing.o(.bss)
    Papriori                                 0x20000318   Data          32  processing.o(.bss)
    __libspace_start                         0x20000338   Data          96  libspace.o(.bss)
    __temporary_stack_top$libspace           0x20000398   Data           0  libspace.o(.bss)



==============================================================================

Memory Map of the image

  Image Entry point : 0x08000289

  Load Region LR_1 (Base: 0x08000000, Size: 0x000044b4, Max: 0xffffffff, ABSOLUTE, COMPRESSED[0x000042cc])

    Execution Region ER_RO (Base: 0x08000000, Size: 0x00004230, Max: 0xffffffff, ABSOLUTE)

    Base Addr    Size         Type   Attr      Idx    E Section Name        Object

    0x08000000   0x00000188   Data   RO          503    RESET               startup_stm32f407xx.o
    0x08000188   0x00000008   Code   RO          649  * !!!main             c_w.l(__main.o)
    0x08000190   0x00000034   Code   RO          999    !!!scatter          c_w.l(__scatter.o)
    0x080001c4   0x0000005a   Code   RO          997    !!dczerorl2         c_w.l(__dczerorl2.o)
    0x0800021e   0x00000002   PAD
    0x08000220   0x0000001c   Code   RO         1001    !!handler_zi        c_w.l(__scatter_zi.o)
    0x0800023c   0x00000000   Code   RO          640    .ARM.Collect$$_printf_percent$$00000000  c_w.l(_printf_percent.o)
    0x0800023c   0x00000006   Code   RO          639    .ARM.Collect$$_printf_percent$$00000003  c_w.l(_printf_f.o)
    0x08000242   0x00000006   Code   RO          638    .ARM.Collect$$_printf_percent$$00000009  c_w.l(_printf_d.o)
    0x08000248   0x00000004   Code   RO          751    .ARM.Collect$$_printf_percent$$00000017  c_w.l(_printf_percent_end.o)
    0x0800024c   0x00000002   Code   RO          937    .ARM.Collect$$libinit$$00000000  c_w.l(libinit.o)
    0x0800024e   0x00000004   Code   RO          754    .ARM.Collect$$libinit$$00000001  c_w.l(libinit2.o)
    0x08000252   0x00000000   Code   RO          757    .ARM.Collect$$libinit$$00000004  c_w.l(libinit2.o)
    0x08000252   0x00000000   Code   RO          760    .ARM.Collect$$libinit$$0000000A  c_w.l(libinit2.o)
    0x08000252   0x00000000   Code   RO          762    .ARM.Collect$$libinit$$0000000C  c_w.l(libinit2.o)
    0x08000252   0x00000000   Code   RO          764    .ARM.Collect$$libinit$$0000000E  c_w.l(libinit2.o)
    0x08000252   0x00000006   Code   RO          765    .ARM.Collect$$libinit$$0000000F  c_w.l(libinit2.o)
    0x08000258   0x00000000   Code   RO          767    .ARM.Collect$$libinit$$00000011  c_w.l(libinit2.o)
    0x08000258   0x00000000   Code   RO          769    .ARM.Collect$$libinit$$00000013  c_w.l(libinit2.o)
    0x08000258   0x00000000   Code   RO          771    .ARM.Collect$$libinit$$00000015  c_w.l(libinit2.o)
    0x08000258   0x0000000a   Code   RO          772    .ARM.Collect$$libinit$$00000016  c_w.l(libinit2.o)
    0x08000262   0x00000000   Code   RO          773    .ARM.Collect$$libinit$$00000017  c_w.l(libinit2.o)
    0x08000262   0x00000000   Code   RO          775    .ARM.Collect$$libinit$$00000019  c_w.l(libinit2.o)
    0x08000262   0x00000000   Code   RO          777    .ARM.Collect$$libinit$$0000001B  c_w.l(libinit2.o)
    0x08000262   0x00000000   Code   RO          779    .ARM.Collect$$libinit$$0000001D  c_w.l(libinit2.o)
    0x08000262   0x00000000   Code   RO          781    .ARM.Collect$$libinit$$0000001F  c_w.l(libinit2.o)
    0x08000262   0x00000000   Code   RO          783    .ARM.Collect$$libinit$$00000021  c_w.l(libinit2.o)
    0x08000262   0x00000000   Code   RO          785    .ARM.Collect$$libinit$$00000023  c_w.l(libinit2.o)
    0x08000262   0x00000000   Code   RO          787    .ARM.Collect$$libinit$$00000025  c_w.l(libinit2.o)
    0x08000262   0x00000000   Code   RO          791    .ARM.Collect$$libinit$$0000002C  c_w.l(libinit2.o)
    0x08000262   0x00000000   Code   RO          793    .ARM.Collect$$libinit$$0000002E  c_w.l(libinit2.o)
    0x08000262   0x00000000   Code   RO          795    .ARM.Collect$$libinit$$00000030  c_w.l(libinit2.o)
    0x08000262   0x00000000   Code   RO          797    .ARM.Collect$$libinit$$00000032  c_w.l(libinit2.o)
    0x08000262   0x00000002   Code   RO          798    .ARM.Collect$$libinit$$00000033  c_w.l(libinit2.o)
    0x08000264   0x00000002   Code   RO          994    .ARM.Collect$$libshutdown$$00000000  c_w.l(libshutdown.o)
    0x08000266   0x00000000   Code   RO          952    .ARM.Collect$$libshutdown$$00000003  c_w.l(libshutdown2.o)
    0x08000266   0x00000000   Code   RO          955    .ARM.Collect$$libshutdown$$00000006  c_w.l(libshutdown2.o)
    0x08000266   0x00000000   Code   RO          958    .ARM.Collect$$libshutdown$$00000009  c_w.l(libshutdown2.o)
    0x08000266   0x00000000   Code   RO          960    .ARM.Collect$$libshutdown$$0000000B  c_w.l(libshutdown2.o)
    0x08000266   0x00000000   Code   RO          963    .ARM.Collect$$libshutdown$$0000000E  c_w.l(libshutdown2.o)
    0x08000266   0x00000002   Code   RO          964    .ARM.Collect$$libshutdown$$0000000F  c_w.l(libshutdown2.o)
    0x08000268   0x00000000   Code   RO          715    .ARM.Collect$$rtentry$$00000000  c_w.l(__rtentry.o)
    0x08000268   0x00000000   Code   RO          832    .ARM.Collect$$rtentry$$00000002  c_w.l(__rtentry2.o)
    0x08000268   0x00000006   Code   RO          844    .ARM.Collect$$rtentry$$00000004  c_w.l(__rtentry4.o)
    0x0800026e   0x00000000   Code   RO          834    .ARM.Collect$$rtentry$$00000009  c_w.l(__rtentry2.o)
    0x0800026e   0x00000004   Code   RO          835    .ARM.Collect$$rtentry$$0000000A  c_w.l(__rtentry2.o)
    0x08000272   0x00000000   Code   RO          837    .ARM.Collect$$rtentry$$0000000C  c_w.l(__rtentry2.o)
    0x08000272   0x00000008   Code   RO          838    .ARM.Collect$$rtentry$$0000000D  c_w.l(__rtentry2.o)
    0x0800027a   0x00000002   Code   RO          940    .ARM.Collect$$rtexit$$00000000  c_w.l(rtexit.o)
    0x0800027c   0x00000000   Code   RO          968    .ARM.Collect$$rtexit$$00000002  c_w.l(rtexit2.o)
    0x0800027c   0x00000004   Code   RO          969    .ARM.Collect$$rtexit$$00000003  c_w.l(rtexit2.o)
    0x08000280   0x00000006   Code   RO          970    .ARM.Collect$$rtexit$$00000004  c_w.l(rtexit2.o)
    0x08000286   0x00000002   PAD
    0x08000288   0x00000040   Code   RO          504  * .text               startup_stm32f407xx.o
    0x080002c8   0x00000028   Code   RO          610    .text               c_w.l(noretval__2sprintf.o)
    0x080002f0   0x00000024   Code   RO          614    .text               c_w.l(_printf_truncate.o)
    0x08000314   0x00000078   Code   RO          616    .text               c_w.l(_printf_dec.o)
    0x0800038c   0x00000160   Code   RO          633    .text               c_w.l(__printf_ss_wp.o)
    0x080004ec   0x0000003e   Code   RO          641    .text               c_w.l(strlen.o)
    0x0800052a   0x0000004e   Code   RO          645    .text               c_w.l(rt_memclr_w.o)
    0x08000578   0x00000006   Code   RO          647    .text               c_w.l(heapauxi.o)
    0x0800057e   0x00000016   Code   RO          741    .text               c_w.l(_rserrno.o)
    0x08000594   0x000000b2   Code   RO          743    .text               c_w.l(_printf_intcommon.o)
    0x08000646   0x0000041a   Code   RO          745    .text               c_w.l(_printf_fp_dec.o)
    0x08000a60   0x00000030   Code   RO          747    .text               c_w.l(_printf_char_common.o)
    0x08000a90   0x0000000a   Code   RO          749    .text               c_w.l(_sputc.o)
    0x08000a9a   0x00000002   PAD
    0x08000a9c   0x00000008   Code   RO          828    .text               c_w.l(libspace.o)
    0x08000aa4   0x00000008   Code   RO          849    .text               c_w.l(rt_locale_intlibspace.o)
    0x08000aac   0x00000008   Code   RO          854    .text               c_w.l(rt_errno_addr_intlibspace.o)
    0x08000ab4   0x0000008a   Code   RO          864    .text               c_w.l(lludiv10.o)
    0x08000b3e   0x00000002   PAD
    0x08000b40   0x00000080   Code   RO          866    .text               c_w.l(_printf_fp_infnan.o)
    0x08000bc0   0x000000dc   Code   RO          870    .text               c_w.l(bigflt0.o)
    0x08000c9c   0x00000002   Code   RO          911    .text               c_w.l(use_no_semi.o)
    0x08000c9e   0x00000000   Code   RO          913    .text               c_w.l(indicate_semi.o)
    0x08000c9e   0x0000004a   Code   RO          914    .text               c_w.l(sys_stackheap_outer.o)
    0x08000ce8   0x0000000c   Code   RO          920    .text               c_w.l(exit.o)
    0x08000cf4   0x00000080   Code   RO          926    .text               c_w.l(strcmpv7m.o)
    0x08000d74   0x0000000c   Code   RO          938    .text               c_w.l(sys_exit.o)
    0x08000d80   0x0000003e   Code   RO          873    CL$$btod_d2e        c_w.l(btod.o)
    0x08000dbe   0x00000046   Code   RO          875    CL$$btod_d2e_denorm_low  c_w.l(btod.o)
    0x08000e04   0x00000060   Code   RO          874    CL$$btod_d2e_norm_op1  c_w.l(btod.o)
    0x08000e64   0x00000338   Code   RO          883    CL$$btod_div_common  c_w.l(btod.o)
    0x0800119c   0x000000c6   Code   RO          880    CL$$btod_e2e        c_w.l(btod.o)
    0x08001262   0x00000028   Code   RO          877    CL$$btod_ediv       c_w.l(btod.o)
    0x0800128a   0x00000028   Code   RO          876    CL$$btod_emul       c_w.l(btod.o)
    0x080012b2   0x00000244   Code   RO          882    CL$$btod_mult_common  c_w.l(btod.o)
    0x080014f6   0x00000002   PAD
    0x080014f8   0x00000064   Code   RO          132    i.ADXL345_AccelVCCInit  adxl345.o
    0x0800155c   0x000001a4   Code   RO          133    i.ADXL345_Calibr    adxl345.o
    0x08001700   0x0000006c   Code   RO          134    i.ADXL345_DMA_Init  adxl345.o
    0x0800176c   0x00000042   Code   RO          135    i.ADXL345_GetAccel  adxl345.o
    0x080017ae   0x00000002   PAD
    0x080017b0   0x0000007c   Code   RO          136    i.ADXL345_Init      adxl345.o
    0x0800182c   0x00000016   Code   RO          137    i.ADXL345_Read      adxl345.o
    0x08001842   0x00000014   Code   RO          138    i.ADXL345_Write     adxl345.o
    0x08001856   0x00000002   PAD
    0x08001858   0x00000048   Code   RO          139    i.Accel_EXTI_Init   adxl345.o
    0x080018a0   0x000000b4   Code   RO          140    i.DMA1_Stream3_IRQHandler  adxl345.o
    0x08001954   0x00000028   Code   RO          141    i.DMA1_Stream4_IRQHandler  adxl345.o
    0x0800197c   0x0000001c   Code   RO          142    i.Delay             adxl345.o
    0x08001998   0x00000028   Code   RO          143    i.EXTI1_IRQHandler  adxl345.o
    0x080019c0   0x000000bc   Code   RO          438    i.Motors_GPIO_Init  motors.o
    0x08001a7c   0x0000000c   Code   RO          439    i.Motors_Init       motors.o
    0x08001a88   0x00000028   Code   RO          440    i.Motors_InitForStab  motors.o
    0x08001ab0   0x0000002c   Code   RO          441    i.Motors_Stop       motors.o
    0x08001adc   0x000000d8   Code   RO          442    i.Motors_TIM_Init   motors.o
    0x08001bb4   0x0000001c   Code   RO          144    i.NSS_High          adxl345.o
    0x08001bd0   0x0000001c   Code   RO          145    i.NSS_Low           adxl345.o
    0x08001bec   0x00000016   Code   RO          146    i.NVIC_EnableIRQ    adxl345.o
    0x08001c02   0x00000016   Code   RO          279    i.NVIC_EnableIRQ    telemetry.o
    0x08001c18   0x00000028   Code   RO          280    i.NVIC_SetPriority  telemetry.o
    0x08001c40   0x0000003c   Code   RO            4    i.RCC_Init          main.o
    0x08001c7c   0x00000034   Code   RO          147    i.SPI1_Transfer     adxl345.o
    0x08001cb0   0x000000f8   Code   RO          148    i.SPI2_GPIO_Init    adxl345.o
    0x08001da8   0x00000068   Code   RO          149    i.SPI2_Init         adxl345.o
    0x08001e10   0x000001bc   Code   RO          281    i.SendTelemetry     telemetry.o
    0x08001fcc   0x0000009c   Code   RO          512    i.SystemInit        system_stm32f4xx.o
    0x08002068   0x00000140   Code   RO          443    i.TIM3_IRQHandler   motors.o
    0x080021a8   0x00000018   Code   RO          282    i.TIM7_IRQHandler   telemetry.o
    0x080021c0   0x00000044   Code   RO          283    i.Telemetry_TIM_Init  telemetry.o
    0x08002204   0x000003c0   Code   RO          284    i.USART2_IRQHandler  telemetry.o
    0x080025c4   0x000000d8   Code   RO          285    i.USART_Init        telemetry.o
    0x0800269c   0x00000030   Code   RO          822    i.__ARM_fpclassify  m_wm.l(fpclassify.o)
    0x080026cc   0x00000004   PAD
    0x080026d0   0x000002d8   Code   RO          681    i.__hardfp_atan     m_wm.l(atan.o)
    0x080029a8   0x00000014   Code   RO          695    i.__hardfp_fabs     m_wm.l(fabs.o)
    0x080029bc   0x0000007a   Code   RO          701    i.__hardfp_sqrt     m_wm.l(sqrt.o)
    0x08002a36   0x000000f8   Code   RO          824    i.__kernel_poly     m_wm.l(poly.o)
    0x08002b2e   0x00000014   Code   RO          809    i.__mathlib_dbl_infnan  m_wm.l(dunder.o)
    0x08002b42   0x00000006   PAD
    0x08002b48   0x00000020   Code   RO          814    i.__mathlib_dbl_underflow  m_wm.l(dunder.o)
    0x08002b68   0x0000000e   Code   RO          628    i._is_digit         c_w.l(__printf_wp.o)
    0x08002b76   0x00000002   PAD
    0x08002b78   0x000000c0   Code   RO          374    i.averaging         processing.o
    0x08002c38   0x00000180   Code   RO          375    i.chooseRoot        processing.o
    0x08002db8   0x00000258   Code   RO          376    i.control           processing.o
    0x08003010   0x00000018   Code   RO          697    i.fabs              m_wm.l(fabs.o)
    0x08003028   0x00000058   Code   RO          286    i.initWaitingForFloat  telemetry.o
    0x08003080   0x0000002c   Code   RO          287    i.initWaitingForInt  telemetry.o
    0x080030ac   0x000001a8   Code   RO          377    i.kalman            processing.o
    0x08003254   0x00000030   Code   RO            5    i.main              main.o
    0x08003284   0x00000064   Code   RO           75    i.mat_add           syssolve.o
    0x080032e8   0x000000b8   Code   RO           76    i.mat_mul           syssolve.o
    0x080033a0   0x00000064   Code   RO           77    i.mat_sub           syssolve.o
    0x08003404   0x000000f8   Code   RO          378    i.process           processing.o
    0x080034fc   0x0000001c   Code   RO          288    i.send_to_uart      telemetry.o
    0x08003518   0x0000002c   Code   RO          150    i.updateFreq        adxl345.o
    0x08003544   0x0000002c   Code   RO          896    locale$$code        c_w.l(lc_numeric_c.o)
    0x08003570   0x00000018   Code   RO          651    x$fpl$basic         fz_wm.l(basic.o)
    0x08003588   0x00000150   Code   RO          653    x$fpl$dadd          fz_wm.l(daddsub_clz.o)
    0x080036d8   0x00000018   Code   RO          799    x$fpl$dcmpinf       fz_wm.l(dcmpi.o)
    0x080036f0   0x000002b0   Code   RO          660    x$fpl$ddiv          fz_wm.l(ddiv.o)
    0x080039a0   0x0000005e   Code   RO          663    x$fpl$dfix          fz_wm.l(dfix.o)
    0x080039fe   0x0000002e   Code   RO          668    x$fpl$dflt          fz_wm.l(dflt_clz.o)
    0x08003a2c   0x00000026   Code   RO          667    x$fpl$dfltu         fz_wm.l(dflt_clz.o)
    0x08003a52   0x00000002   PAD
    0x08003a54   0x00000078   Code   RO          673    x$fpl$dleqf         fz_wm.l(dleqf.o)
    0x08003acc   0x00000154   Code   RO          675    x$fpl$dmul          fz_wm.l(dmul.o)
    0x08003c20   0x0000009c   Code   RO          801    x$fpl$dnaninf       fz_wm.l(dnaninf.o)
    0x08003cbc   0x0000000c   Code   RO          803    x$fpl$dretinf       fz_wm.l(dretinf.o)
    0x08003cc8   0x0000006c   Code   RO          677    x$fpl$drleqf        fz_wm.l(drleqf.o)
    0x08003d34   0x00000016   Code   RO          654    x$fpl$drsb          fz_wm.l(daddsub_clz.o)
    0x08003d4a   0x00000002   PAD
    0x08003d4c   0x00000198   Code   RO          805    x$fpl$dsqrt         fz_wm.l(dsqrt_umaal.o)
    0x08003ee4   0x000001d4   Code   RO          655    x$fpl$dsub          fz_wm.l(daddsub_clz.o)
    0x080040b8   0x0000000a   Code   RO          907    x$fpl$fpinit        fz_wm.l(fpinit.o)
    0x080040c2   0x00000004   Code   RO          679    x$fpl$printf1       fz_wm.l(printf1.o)
    0x080040c6   0x00000000   Code   RO          807    x$fpl$usenofp       fz_wm.l(usenofp.o)
    0x080040c6   0x00000002   PAD
    0x080040c8   0x00000098   Data   RO          684    .constdata          m_wm.l(atan.o)
    0x08004160   0x00000094   Data   RO          871    .constdata          c_w.l(bigflt0.o)
    0x080041f4   0x00000020   Data   RO          995    Region$$Table       anon$$obj.o
    0x08004214   0x0000001c   Data   RO          895    locale$$data        c_w.l(lc_numeric_c.o)


    Execution Region ER_RW (Base: 0x20000000, Size: 0x00000284, Max: 0xffffffff, ABSOLUTE, COMPRESSED[0x0000009c])

    Base Addr    Size         Type   Attr      Idx    E Section Name        Object

    0x20000000   0x00000040   Data   RW            6    .data               main.o
    0x20000040   0x00000019   Data   RW          152    .data               adxl345.o
    0x20000059   0x00000007   PAD
    0x20000060   0x0000003b   Data   RW          290    .data               telemetry.o
    0x2000009b   0x00000005   PAD
    0x200000a0   0x000001c1   Data   RW          380    .data               processing.o
    0x20000261   0x00000003   PAD
    0x20000264   0x00000020   Data   RW          444    .data               motors.o


    Execution Region ER_ZI (Base: 0x20000284, Size: 0x00000714, Max: 0xffffffff, ABSOLUTE)

    Base Addr    Size         Type   Attr      Idx    E Section Name        Object

    0x20000284   0x0000000c   Zero   RW          151    .bss                adxl345.o
    0x20000290   0x00000064   Zero   RW          289    .bss                telemetry.o
    0x200002f4   0x00000004   PAD
    0x200002f8   0x00000040   Zero   RW          379    .bss                processing.o
    0x20000338   0x00000060   Zero   RW          829    .bss                c_w.l(libspace.o)
    0x20000398   0x00000200   Zero   RW          502    HEAP                startup_stm32f407xx.o
    0x20000598   0x00000400   Zero   RW          501    STACK               startup_stm32f407xx.o


==============================================================================

Image component sizes


      Code (inc. data)   RO Data    RW Data    ZI Data      Debug   Object Name

      1746        204          0         25         12      36966   adxl345.o
       108         20          0         64          0     245894   main.o
       820         96          0         32          0      30099   motors.o
      1848        268          0        449         64       5162   processing.o
        64         26        392          0       1536        864   startup_stm32f407xx.o
       384          8          0          0          0       2166   syssolve.o
       156         16          0          0          0        553   system_stm32f4xx.o
      1934        366          0         59        100      33574   telemetry.o

    ----------------------------------------------------------------------
      7064       1004        424        644       1716     355278   Object Totals
         0          0         32          0          0          0   (incl. Generated)
         4          0          0         15          4          0   (incl. Padding)

    ----------------------------------------------------------------------

      Code (inc. data)   RO Data    RW Data    ZI Data      Debug   Library Member Name

        90          0          0          0          0          0   __dczerorl2.o
         8          0          0          0          0         68   __main.o
       352          0          0          0          0         88   __printf_ss_wp.o
        14          0          0          0          0         68   __printf_wp.o
         0          0          0          0          0          0   __rtentry.o
        12          0          0          0          0          0   __rtentry2.o
         6          0          0          0          0          0   __rtentry4.o
        52          8          0          0          0          0   __scatter.o
        28          0          0          0          0          0   __scatter_zi.o
        48          6          0          0          0         96   _printf_char_common.o
         6          0          0          0          0          0   _printf_d.o
       120         16          0          0          0         92   _printf_dec.o
         6          0          0          0          0          0   _printf_f.o
      1050          0          0          0          0        216   _printf_fp_dec.o
       128         16          0          0          0         84   _printf_fp_infnan.o
       178          0          0          0          0         88   _printf_intcommon.o
         0          0          0          0          0          0   _printf_percent.o
         4          0          0          0          0          0   _printf_percent_end.o
        36          0          0          0          0         84   _printf_truncate.o
        22          0          0          0          0        100   _rserrno.o
        10          0          0          0          0         68   _sputc.o
       220          4        148          0          0         96   bigflt0.o
      1910        128          0          0          0        672   btod.o
        12          0          0          0          0         72   exit.o
         6          0          0          0          0        152   heapauxi.o
         0          0          0          0          0          0   indicate_semi.o
        44         10         28          0          0         76   lc_numeric_c.o
         2          0          0          0          0          0   libinit.o
        22          0          0          0          0          0   libinit2.o
         2          0          0          0          0          0   libshutdown.o
         2          0          0          0          0          0   libshutdown2.o
         8          4          0          0         96         68   libspace.o
       138          0          0          0          0         80   lludiv10.o
        40          6          0          0          0         84   noretval__2sprintf.o
         8          4          0          0          0         68   rt_errno_addr_intlibspace.o
         8          4          0          0          0         68   rt_locale_intlibspace.o
        78          0          0          0          0         80   rt_memclr_w.o
         2          0          0          0          0          0   rtexit.o
        10          0          0          0          0          0   rtexit2.o
       128          0          0          0          0         68   strcmpv7m.o
        62          0          0          0          0         76   strlen.o
        12          4          0          0          0         68   sys_exit.o
        74          0          0          0          0         80   sys_stackheap_outer.o
         2          0          0          0          0         68   use_no_semi.o
        24          0          0          0          0        164   basic.o
       826         16          0          0          0        492   daddsub_clz.o
        24          0          0          0          0        116   dcmpi.o
       688        140          0          0          0        256   ddiv.o
        94          4          0          0          0        140   dfix.o
        84          0          0          0          0        232   dflt_clz.o
       120          4          0          0          0        140   dleqf.o
       340         12          0          0          0        152   dmul.o
       156          4          0          0          0        140   dnaninf.o
        12          0          0          0          0        116   dretinf.o
       108          0          0          0          0        128   drleqf.o
       408         56          0          0          0        168   dsqrt_umaal.o
        10          0          0          0          0        116   fpinit.o
         4          0          0          0          0        116   printf1.o
         0          0          0          0          0          0   usenofp.o
       728        106        152          0          0        228   atan.o
        52          8          0          0          0        248   dunder.o
        44          0          0          0          0        248   fabs.o
        48          0          0          0          0        124   fpclassify.o
       248          0          0          0          0        152   poly.o
       122          0          0          0          0        148   sqrt.o

    ----------------------------------------------------------------------
      9128        560        328          0         96       6552   Library Totals
        28          0          0          0          0          0   (incl. Padding)

    ----------------------------------------------------------------------

      Code (inc. data)   RO Data    RW Data    ZI Data      Debug   Library Name

      4960        210        176          0         96       2928   c_w.l
      2898        236          0          0          0       2476   fz_wm.l
      1242        114        152          0          0       1148   m_wm.l

    ----------------------------------------------------------------------
      9128        560        328          0         96       6552   Library Totals

    ----------------------------------------------------------------------

==============================================================================


      Code (inc. data)   RO Data    RW Data    ZI Data      Debug   

     16192       1564        752        644       1812     353818   Grand Totals
     16192       1564        752        156       1812     353818   ELF Image Totals (compressed)
     16192       1564        752        156          0          0   ROM Totals

==============================================================================

    Total RO  Size (Code + RO Data)                16944 (  16.55kB)
    Total RW  Size (RW Data + ZI Data)              2456 (   2.40kB)
    Total ROM Size (Code + RO Data + RW Data)      17100 (  16.70kB)

==============================================================================

