Component: ARM Compiler 5.05 update 1 (build 106) Tool: armlink [4d0efa]

==============================================================================

Section Cross References

    main.o(i.checkCalibrationFinish) refers to processing.o(i.Processing_TIM_Init) for Processing_TIM_Init
    main.o(i.checkCalibrationFinish) refers to adxrs290.o(.data) for adxrs290_calibr_on
    main.o(i.checkCalibrationFinish) refers to adxl345.o(.data) for accel_calibr_on
    main.o(i.main) refers to main.o(i.RCC_Init) for RCC_Init
    main.o(i.main) refers to arm_fir_decimate_init_f32.o(.text) for arm_fir_decimate_init_f32
    main.o(i.main) refers to arm_fir_init_f32.o(.text) for arm_fir_init_f32
    main.o(i.main) refers to adxl345.o(i.Accel_VDD_Init) for Accel_VDD_Init
    main.o(i.main) refers to adxl345.o(i.Accel_NSS_Init) for Accel_NSS_Init
    main.o(i.main) refers to adxl345.o(i.Accel_NSS_High) for Accel_NSS_High
    main.o(i.main) refers to adxrs290.o(i.ADXRS290_NSS_Init) for ADXRS290_NSS_Init
    main.o(i.main) refers to adxrs290.o(i.ADXRS290_NSS_High) for ADXRS290_NSS_High
    main.o(i.main) refers to adxl345.o(i.SPI2_Init) for SPI2_Init
    main.o(i.main) refers to adxl345.o(i.ADXL345_Init) for ADXL345_Init
    main.o(i.main) refers to adxl345.o(i.Accel_EXTI_Init) for Accel_EXTI_Init
    main.o(i.main) refers to adxl345.o(i.ADXL345_Calibr) for ADXL345_Calibr
    main.o(i.main) refers to adxrs290.o(i.ADXRS290_Init) for ADXRS290_Init
    main.o(i.main) refers to adxrs290.o(i.ADXRS290_EXTI_Init) for ADXRS290_EXTI_Init
    main.o(i.main) refers to adxrs290.o(i.ADXRS290_Calibr) for ADXRS290_Calibr
    main.o(i.main) refers to adxrs453.o(i.SPI3_Init) for SPI3_Init
    main.o(i.main) refers to adxrs453.o(i.ADXRS_TIM_Init) for ADXRS_TIM_Init
    main.o(i.main) refers to telemetry.o(i.USART_Init) for USART_Init
    main.o(i.main) refers to processing.o(i.lpf_rect_hpf) for lpf_rect_hpf
    main.o(i.main) refers to processing.o(i.lowpass) for lowpass
    main.o(i.main) refers to arm_fir_decimate_f32.o(.text) for arm_fir_decimate_f32
    main.o(i.main) refers to main.o(i.checkCalibrationFinish) for checkCalibrationFinish
    main.o(i.main) refers to telemetry.o(.data) for Message_Size
    main.o(i.main) refers to filters.o(.bss) for accel_lpf_state
    main.o(i.main) refers to filters.o(.data) for accel_lpf_coeffs
    main.o(i.main) refers to processing.o(.data) for quasistatic_new_a
    main.o(i.main) refers to processing.o(.bss) for adxrs_b
    main.o(i.main) refers to adxl345.o(.data) for accel_calibr_on
    main.o(i.main) refers to adxl345.o(.bss) for accel_sum
    main.o(i.main) refers to adxrs290.o(.data) for adxrs290_calibr_on
    syssolve.o(i.mat2_inv) refers to syssolve.o(i.det2) for det2
    syssolve.o(i.system_solve) refers to h1_alloc.o(.text) for malloc
    syssolve.o(i.system_solve) refers to syssolve.o(i.transpose) for transpose
    syssolve.o(i.system_solve) refers to syssolve.o(i.mat_mul) for mat_mul
    syssolve.o(i.system_solve) refers to syssolve.o(i.det3) for det3
    syssolve.o(i.system_solve) refers to h1_free.o(.text) for free
    syssolve.o(i.system_solve) refers to rt_memcpy_w.o(.text) for __aeabi_memcpy4
    adxl345.o(i.ADXL345_Calibr) refers to adxl345.o(.bss) for accel_sum
    adxl345.o(i.ADXL345_Calibr) refers to adxl345.o(.data) for accel_calibr_index
    adxl345.o(i.ADXL345_DMA_Init) refers to adxl345.o(i.NVIC_SetPriority) for NVIC_SetPriority
    adxl345.o(i.ADXL345_DMA_Init) refers to adxl345.o(i.NVIC_EnableIRQ) for NVIC_EnableIRQ
    adxl345.o(i.ADXL345_DMA_Init) refers to adxl345.o(i.Accel_NSS_Low) for Accel_NSS_Low
    adxl345.o(i.ADXL345_DMA_Init) refers to adxl345.o(.bss) for accel
    adxl345.o(i.ADXL345_DMA_Init) refers to adxl345.o(.data) for accelRegisters
    adxl345.o(i.ADXL345_GetAccel) refers to adxl345.o(i.Accel_NSS_Low) for Accel_NSS_Low
    adxl345.o(i.ADXL345_GetAccel) refers to adxl345.o(i.SPI2_Read) for SPI2_Read
    adxl345.o(i.ADXL345_GetAccel) refers to adxl345.o(i.Accel_NSS_High) for Accel_NSS_High
    adxl345.o(i.ADXL345_Init) refers to adxl345.o(i.Accel_VDD_Init) for Accel_VDD_Init
    adxl345.o(i.ADXL345_Init) refers to adxl345.o(i.Accel_NSS_Init) for Accel_NSS_Init
    adxl345.o(i.ADXL345_Init) refers to adxl345.o(i.Delay) for Delay
    adxl345.o(i.ADXL345_Init) refers to adxl345.o(i.Accel_NSS_Low) for Accel_NSS_Low
    adxl345.o(i.ADXL345_Init) refers to adxl345.o(i.SPI2_Read) for SPI2_Read
    adxl345.o(i.ADXL345_Init) refers to adxl345.o(i.SPI2_Write) for SPI2_Write
    adxl345.o(i.ADXL345_Init) refers to adxl345.o(i.Accel_NSS_High) for Accel_NSS_High
    adxl345.o(i.ADXL345_Init) refers to adxl345.o(.data) for curFreq
    adxl345.o(i.Accel_EXTI_Init) refers to adxl345.o(i.NVIC_SetPriority) for NVIC_SetPriority
    adxl345.o(i.Accel_EXTI_Init) refers to adxl345.o(i.NVIC_EnableIRQ) for NVIC_EnableIRQ
    adxl345.o(i.Accel_GetData) refers to adxl345.o(i.ADXL345_DMA_Init) for ADXL345_DMA_Init
[...]
    processing.c                             0x00000000   Number         0  processing.o ABSOLUTE
    quaternion.c                             0x00000000   Number         0  quaternion.o ABSOLUTE
    syssolve.c                               0x00000000   Number         0  syssolve.o ABSOLUTE
    syssolve.c                               0x00000000   Number         0  syssolve.o ABSOLUTE
    telemetry.c                              0x00000000   Number         0  telemetry.o ABSOLUTE
    telemetry.c                              0x00000000   Number         0  telemetry.o ABSOLUTE
    RESET                                    0x08000000   Section      392  startup_stm32f407xx.o(RESET)
    !!!main                                  0x08000188   Section        8  __main.o(!!!main)
    !!!scatter                               0x08000190   Section       52  __scatter.o(!!!scatter)
    !!dclz77c                                0x080001c4   Section      100  __dclz77c.o(!!dclz77c)
    !!handler_zi                             0x08000228   Section       28  __scatter_zi.o(!!handler_zi)
    .ARM.Collect$$libinit$$00000000          0x08000244   Section        2  libinit.o(.ARM.Collect$$libinit$$00000000)
    .ARM.Collect$$libinit$$00000001          0x08000246   Section        4  libinit2.o(.ARM.Collect$$libinit$$00000001)
    .ARM.Collect$$libinit$$00000004          0x0800024a   Section        0  libinit2.o(.ARM.Collect$$libinit$$00000004)
    .ARM.Collect$$libinit$$0000000A          0x0800024a   Section        0  libinit2.o(.ARM.Collect$$libinit$$0000000A)
    .ARM.Collect$$libinit$$0000000C          0x0800024a   Section        0  libinit2.o(.ARM.Collect$$libinit$$0000000C)
    .ARM.Collect$$libinit$$0000000E          0x0800024a   Section        0  libinit2.o(.ARM.Collect$$libinit$$0000000E)
    .ARM.Collect$$libinit$$00000011          0x0800024a   Section        0  libinit2.o(.ARM.Collect$$libinit$$00000011)
    .ARM.Collect$$libinit$$00000013          0x0800024a   Section        0  libinit2.o(.ARM.Collect$$libinit$$00000013)
    .ARM.Collect$$libinit$$00000015          0x0800024a   Section        0  libinit2.o(.ARM.Collect$$libinit$$00000015)
    .ARM.Collect$$libinit$$00000017          0x0800024a   Section        0  libinit2.o(.ARM.Collect$$libinit$$00000017)
    .ARM.Collect$$libinit$$00000019          0x0800024a   Section        0  libinit2.o(.ARM.Collect$$libinit$$00000019)
    .ARM.Collect$$libinit$$0000001B          0x0800024a   Section        0  libinit2.o(.ARM.Collect$$libinit$$0000001B)
    .ARM.Collect$$libinit$$0000001D          0x0800024a   Section        0  libinit2.o(.ARM.Collect$$libinit$$0000001D)
    .ARM.Collect$$libinit$$0000001F          0x0800024a   Section        0  libinit2.o(.ARM.Collect$$libinit$$0000001F)
    .ARM.Collect$$libinit$$00000021          0x0800024a   Section        0  libinit2.o(.ARM.Collect$$libinit$$00000021)
    .ARM.Collect$$libinit$$00000023          0x0800024a   Section        0  libinit2.o(.ARM.Collect$$libinit$$00000023)
    .ARM.Collect$$libinit$$00000025          0x0800024a   Section        0  libinit2.o(.ARM.Collect$$libinit$$00000025)
    .ARM.Collect$$libinit$$0000002C          0x0800024a   Section        0  libinit2.o(.ARM.Collect$$libinit$$0000002C)
    .ARM.Collect$$libinit$$0000002E          0x0800024a   Section        0  libinit2.o(.ARM.Collect$$libinit$$0000002E)
    .ARM.Collect$$libinit$$00000030          0x0800024a   Section        0  libinit2.o(.ARM.Collect$$libinit$$00000030)
    .ARM.Collect$$libinit$$00000032          0x0800024a   Section        0  libinit2.o(.ARM.Collect$$libinit$$00000032)
    .ARM.Collect$$libinit$$00000033          0x0800024a   Section        2  libinit2.o(.ARM.Collect$$libinit$$00000033)
    .ARM.Collect$$libshutdown$$00000000      0x0800024c   Section        2  libshutdown.o(.ARM.Collect$$libshutdown$$00000000)
    .ARM.Collect$$libshutdown$$00000003      0x0800024e   Section        0  libshutdown2.o(.ARM.Collect$$libshutdown$$00000003)
    .ARM.Collect$$libshutdown$$00000006      0x0800024e   Section        0  libshutdown2.o(.ARM.Collect$$libshutdown$$00000006)
    .ARM.Collect$$libshutdown$$00000009      0x0800024e   Section        0  libshutdown2.o(.ARM.Collect$$libshutdown$$00000009)
    .ARM.Collect$$libshutdown$$0000000B      0x0800024e   Section        0  libshutdown2.o(.ARM.Collect$$libshutdown$$0000000B)
    .ARM.Collect$$libshutdown$$0000000E      0x0800024e   Section        0  libshutdown2.o(.ARM.Collect$$libshutdown$$0000000E)
    .ARM.Collect$$libshutdown$$0000000F      0x0800024e   Section        2  libshutdown2.o(.ARM.Collect$$libshutdown$$0000000F)
    .ARM.Collect$$rtentry$$00000000          0x08000250   Section        0  __rtentry.o(.ARM.Collect$$rtentry$$00000000)
    .ARM.Collect$$rtentry$$00000002          0x08000250   Section        0  __rtentry2.o(.ARM.Collect$$rtentry$$00000002)
    .ARM.Collect$$rtentry$$00000004          0x08000250   Section        6  __rtentry4.o(.ARM.Collect$$rtentry$$00000004)
    .ARM.Collect$$rtentry$$00000009          0x08000256   Section        0  __rtentry2.o(.ARM.Collect$$rtentry$$00000009)
    .ARM.Collect$$rtentry$$0000000A          0x08000256   Section        4  __rtentry2.o(.ARM.Collect$$rtentry$$0000000A)
    .ARM.Collect$$rtentry$$0000000C          0x0800025a   Section        0  __rtentry2.o(.ARM.Collect$$rtentry$$0000000C)
    .ARM.Collect$$rtentry$$0000000D          0x0800025a   Section        8  __rtentry2.o(.ARM.Collect$$rtentry$$0000000D)
    .ARM.Collect$$rtexit$$00000000           0x08000262   Section        2  rtexit.o(.ARM.Collect$$rtexit$$00000000)
    .ARM.Collect$$rtexit$$00000002           0x08000264   Section        0  rtexit2.o(.ARM.Collect$$rtexit$$00000002)
    .ARM.Collect$$rtexit$$00000003           0x08000264   Section        4  rtexit2.o(.ARM.Collect$$rtexit$$00000003)
    .ARM.Collect$$rtexit$$00000004           0x08000268   Section        6  rtexit2.o(.ARM.Collect$$rtexit$$00000004)
    .text                                    0x08000270   Section       64  startup_stm32f407xx.o(.text)
    $v0                                      0x08000270   Number         0  startup_stm32f407xx.o(.text)
    .text                                    0x080002b0   Section        0  arm_fir_decimate_f32.o(.text)
    .text                                    0x080006ee   Section        0  arm_fir_decimate_init_f32.o(.text)
    .text                                    0x08000724   Section        0  arm_fir_f32.o(.text)
    .text                                    0x08000c56   Section        0  arm_fir_init_f32.o(.text)
    .text                                    0x08000c72   Section      138  rt_memcpy_v6.o(.text)
    .text                                    0x08000cfc   Section      100  rt_memcpy_w.o(.text)
    .text                                    0x08000d60   Section       78  rt_memclr_w.o(.text)
    .text                                    0x08000dae   Section        0  heapauxi.o(.text)
    .text                                    0x08000db4   Section        0  _rserrno.o(.text)
    .text                                    0x08000dcc   Section        8  libspace.o(.text)
    .text                                    0x08000dd4   Section        8  rt_errno_addr_intlibspace.o(.text)
    .text                                    0x08000ddc   Section        0  _fptrap.o(.text)
    .text                                    0x08000e0c   Section        2  use_no_semi.o(.text)
    .text                                    0x08000e0e   Section        0  indicate_semi.o(.text)
    .text                                    0x08000e0e   Section       74  sys_stackheap_outer.o(.text)
    .text                                    0x08000e58   Section        0  exit.o(.text)
    .text                                    0x08000e64   Section        0  defsig_exit.o(.text)
    .text                                    0x08000e6e   Section        0  defsig_fpe_outer.o(.text)
    .text                                    0x08000e7c   Section        0  sys_exit.o(.text)
    .text                                    0x08000e88   Section        0  defsig_general.o(.text)
    .text                                    0x08000ebc   Section        0  defsig_fpe_inner.o(.text)
    .text                                    0x08000f68   Section        0  sys_wrch.o(.text)
    i.ADXL345_Calibr                         0x08000f78   Section        0  adxl345.o(i.ADXL345_Calibr)
    i.ADXL345_DMA_Init                       0x08000fc0   Section        0  adxl345.o(i.ADXL345_DMA_Init)
    i.ADXL345_Init                           0x0800102c   Section        0  adxl345.o(i.ADXL345_Init)
    i.ADXRS290_Calibr                        0x080010a4   Section        0  adxrs290.o(i.ADXRS290_Calibr)
    i.ADXRS290_EXTI_Init                     0x080010ec   Section        0  adxrs290.o(i.ADXRS290_EXTI_Init)
    i.ADXRS290_Init                          0x08001198   Section        0  adxrs290.o(i.ADXRS290_Init)
    i.ADXRS290_NSS_High                      0x08001204   Section        0  adxrs290.o(i.ADXRS290_NSS_High)
    i.ADXRS290_NSS_Init                      0x08001228   Section        0  adxrs290.o(i.ADXRS290_NSS_Init)
    i.ADXRS290_NSS_Low                       0x0800126c   Section        0  adxrs290.o(i.ADXRS290_NSS_Low)
    i.ADXRS_DMA_Read                         0x08001290   Section        0  adxrs453.o(i.ADXRS_DMA_Read)
    i.ADXRS_TIM_Init                         0x0800131c   Section        0  adxrs453.o(i.ADXRS_TIM_Init)
    i.ARS_GetData                            0x08001358   Section        0  adxrs290.o(i.ARS_GetData)
    i.Accel_EXTI_Init                        0x080013a4   Section        0  adxl345.o(i.Accel_EXTI_Init)
    i.Accel_GetData                          0x080013fc   Section        0  adxl345.o(i.Accel_GetData)
    i.Accel_NSS_High                         0x08001418   Section        0  adxl345.o(i.Accel_NSS_High)
    i.Accel_NSS_Init                         0x08001434   Section        0  adxl345.o(i.Accel_NSS_Init)
    i.Accel_NSS_Low                          0x08001480   Section        0  adxl345.o(i.Accel_NSS_Low)
    i.Accel_UpdateFreq                       0x0800149c   Section        0  adxl345.o(i.Accel_UpdateFreq)
    i.Accel_VDD_Init                         0x080014c8   Section        0  adxl345.o(i.Accel_VDD_Init)
    i.All_NSS_High                           0x08001528   Section        0  adxrs290.o(i.All_NSS_High)
    i.DMA1_Stream2_IRQHandler                0x08001544   Section        0  adxrs453.o(i.DMA1_Stream2_IRQHandler)
    i.DMA1_Stream3_IRQHandler                0x08001640   Section        0  adxl345.o(i.DMA1_Stream3_IRQHandler)
    i.DMA1_Stream4_IRQHandler                0x0800181c   Section        0  adxl345.o(i.DMA1_Stream4_IRQHandler)
    i.DMA1_Stream5_IRQHandler                0x08001844   Section        0  adxrs453.o(i.DMA1_Stream5_IRQHandler)
    i.DMA2_Stream7_IRQHandler                0x08001850   Section        0  telemetry.o(i.DMA2_Stream7_IRQHandler)
    i.Delay                                  0x08001874   Section        0  adxl345.o(i.Delay)
    i.EXTI15_10_IRQHandler                   0x0800189c   Section        0  adxrs290.o(i.EXTI15_10_IRQHandler)
    i.EXTI1_IRQHandler                       0x080018d8   Section        0  adxl345.o(i.EXTI1_IRQHandler)
    i.EXTI2_IRQHandler                       0x080018f4   Section        0  motors.o(i.EXTI2_IRQHandler)
    i.EXTI4_IRQHandler                       0x0800192c   Section        0  motors.o(i.EXTI4_IRQHandler)
    i.Message_ToByteArray                    0x08001960   Section        0  telemetry.o(i.Message_ToByteArray)
    i.Motors_Run                             0x080019a4   Section        0  motors.o(i.Motors_Run)
    i.Motors_Stop                            0x080019c4   Section        0  motors.o(i.Motors_Stop)
    i.NVIC_EnableIRQ                         0x080019ec   Section        0  adxl345.o(i.NVIC_EnableIRQ)
    NVIC_EnableIRQ                           0x080019ed   Thumb Code    22  adxl345.o(i.NVIC_EnableIRQ)
    i.NVIC_EnableIRQ                         0x08001a02   Section        0  telemetry.o(i.NVIC_EnableIRQ)
    NVIC_EnableIRQ                           0x08001a03   Thumb Code    22  telemetry.o(i.NVIC_EnableIRQ)
    i.NVIC_EnableIRQ                         0x08001a18   Section        0  adxrs453.o(i.NVIC_EnableIRQ)
    NVIC_EnableIRQ                           0x08001a19   Thumb Code    22  adxrs453.o(i.NVIC_EnableIRQ)
    i.NVIC_EnableIRQ                         0x08001a2e   Section        0  adxrs290.o(i.NVIC_EnableIRQ)
    NVIC_EnableIRQ                           0x08001a2f   Thumb Code    22  adxrs290.o(i.NVIC_EnableIRQ)
    i.NVIC_SetPriority                       0x08001a44   Section        0  adxl345.o(i.NVIC_SetPriority)
    NVIC_SetPriority                         0x08001a45   Thumb Code    32  adxl345.o(i.NVIC_SetPriority)
    i.NVIC_SetPriority                       0x08001a6c   Section        0  adxrs453.o(i.NVIC_SetPriority)
    NVIC_SetPriority                         0x08001a6d   Thumb Code    32  adxrs453.o(i.NVIC_SetPriority)
    i.Processing_TIM_Init                    0x08001a94   Section        0  processing.o(i.Processing_TIM_Init)
    i.RCC_Init                               0x08001b0c   Section        0  main.o(i.RCC_Init)
    i.SPI2_GPIO_Init                         0x08001b4c   Section        0  adxl345.o(i.SPI2_GPIO_Init)
    i.SPI2_IRQHandler                        0x08001c34   Section        0  adxrs290.o(i.SPI2_IRQHandler)
    i.SPI2_Init                              0x08001f24   Section        0  adxl345.o(i.SPI2_Init)
    i.SPI2_Read                              0x08001f94   Section        0  adxl345.o(i.SPI2_Read)
    i.SPI2_SensorsPoll                       0x08001fac   Section        0  adxrs290.o(i.SPI2_SensorsPoll)
    i.SPI2_Transfer                          0x08002020   Section        0  adxl345.o(i.SPI2_Transfer)
    i.SPI2_Write                             0x08002054   Section        0  adxl345.o(i.SPI2_Write)
    i.SPI3_GPIO_Init                         0x08002068   Section        0  adxrs453.o(i.SPI3_GPIO_Init)
    i.SPI3_Init                              0x080021a0   Section        0  adxrs453.o(i.SPI3_Init)
    i.SPI3_NSS_High                          0x080021fc   Section        0  adxrs453.o(i.SPI3_NSS_High)
    i.SPI3_NSS_Low                           0x08002218   Section        0  adxrs453.o(i.SPI3_NSS_Low)
    i.SendTelemetry                          0x08002234   Section        0  telemetry.o(i.SendTelemetry)
    i.SystemInit                             0x08002270   Section        0  system_stm32f4xx.o(i.SystemInit)
    i.TIM1_BRK_TIM9_IRQHandler               0x08002350   Section        0  motors.o(i.TIM1_BRK_TIM9_IRQHandler)
    i.TIM2_IRQHandler                        0x08002384   Section        0  adxrs453.o(i.TIM2_IRQHandler)
    i.TIM3_IRQHandler                        0x080023a8   Section        0  motors.o(i.TIM3_IRQHandler)
    i.TIM5_IRQHandler                        0x08002408   Section        0  motors.o(i.TIM5_IRQHandler)
    i.TIM7_IRQHandler                        0x0800243c   Section        0  processing.o(i.TIM7_IRQHandler)
    i.Telemetry_DMA_Init                     0x080024dc   Section        0  telemetry.o(i.Telemetry_DMA_Init)
    i.USART1_IRQHandler                      0x08002530   Section        0  telemetry.o(i.USART1_IRQHandler)
    i.USART_Init                             0x08002ba8   Section        0  telemetry.o(i.USART_Init)
    i.__hardfp_fabs                          0x08002cac   Section        0  fabs.o(i.__hardfp_fabs)
    i.__hardfp_sqrt                          0x08002cc0   Section        0  sqrt_full.o(i.__hardfp_sqrt)
    i.checkCalibrationFinish                 0x08002d3c   Section        0  main.o(i.checkCalibrationFinish)
    i.getFinalData                           0x08002d58   Section        0  processing.o(i.getFinalData)
    i.initWaitingForFloat                    0x08002db8   Section        0  telemetry.o(i.initWaitingForFloat)
    i.initWaitingForInt                      0x08002dfc   Section        0  telemetry.o(i.initWaitingForInt)
    i.lowpass                                0x08002e28   Section        0  processing.o(i.lowpass)
    i.lpf_rect_hpf                           0x08002e7c   Section        0  processing.o(i.lpf_rect_hpf)
    i.main                                   0x08002fdc   Section        0  main.o(i.main)
    x$fpl$d2f                                0x08003468   Section      708  d2f_clz.o(x$fpl$d2f)
    $v0                                      0x08003468   Number         0  d2f_clz.o(x$fpl$d2f)
    x$fpl$dfltn                              0x0800372c   Section       26  dflt_clz.o(x$fpl$dfltn)
    $v0                                      0x0800372c   Number         0  dflt_clz.o(x$fpl$dfltn)
    x$fpl$dnaninf                            0x08003746   Section      258  dnaninf.o(x$fpl$dnaninf)
    $v0                                      0x08003746   Number         0  dnaninf.o(x$fpl$dnaninf)
    x$fpl$drenorm                            0x08003848   Section      112  drenorm_clz.o(x$fpl$drenorm)
    $v0                                      0x08003848   Number         0  drenorm_clz.o(x$fpl$drenorm)
    x$fpl$dretinf                            0x080038b8   Section       12  dretinf.o(x$fpl$dretinf)
    $v0                                      0x080038b8   Number         0  dretinf.o(x$fpl$dretinf)
    x$fpl$dsqrt                              0x080038c4   Section      520  dsqrt_umaalclz.o(x$fpl$dsqrt)
    $v0                                      0x080038c4   Number         0  dsqrt_umaalclz.o(x$fpl$dsqrt)
    x$fpl$dunder                             0x08003acc   Section      378  dunder_clz.o(x$fpl$dunder)
    $v0                                      0x08003acc   Number         0  dunder_clz.o(x$fpl$dunder)
    x$fpl$exception                          0x08003c48   Section      492  except.o(x$fpl$exception)
    $v0                                      0x08003c48   Number         0  except.o(x$fpl$exception)
    x$fpl$f2d                                0x08003e34   Section      122  f2d.o(x$fpl$f2d)
    $v0                                      0x08003e34   Number         0  f2d.o(x$fpl$f2d)
    x$fpl$fnaninf                            0x08003eae   Section      242  fnaninf.o(x$fpl$fnaninf)
    $v0                                      0x08003eae   Number         0  fnaninf.o(x$fpl$fnaninf)
    x$fpl$fpinit                             0x08003fa0   Section       10  fpinit.o(x$fpl$fpinit)
    $v0                                      0x08003fa0   Number         0  fpinit.o(x$fpl$fpinit)
    x$fpl$fretinf                            0x08003faa   Section       10  fretinf.o(x$fpl$fretinf)
    $v0                                      0x08003faa   Number         0  fretinf.o(x$fpl$fretinf)
    x$fpl$funder                             0x08003fb4   Section      316  funder_clz.o(x$fpl$funder)
    $v0                                      0x08003fb4   Number         0  funder_clz.o(x$fpl$funder)
    x$fpl$retnan                             0x080040f0   Section      178  retnan.o(x$fpl$retnan)
    $v0                                      0x080040f0   Number         0  retnan.o(x$fpl$retnan)
    x$fpl$trapveneer                         0x080041a2   Section      126  trapv.o(x$fpl$trapveneer)
    $v0                                      0x080041a2   Number         0  trapv.o(x$fpl$trapveneer)
    x$fpl$usenofp                            0x08004220   Section        0  usenofp.o(x$fpl$usenofp)
    .data                                    0x20000000   Section       64  main.o(.data)
    .data                                    0x20000040   Section       48  adxl345.o(.data)
    .data                                    0x20000070   Section       49  telemetry.o(.data)
    .data                                    0x200000a4   Section      281  processing.o(.data)
    .data                                    0x200001c0   Section       30  motors.o(.data)
    .data                                    0x200001e0   Section       34  adxrs453.o(.data)
    .data                                    0x20000204   Section     1769  adxrs290.o(.data)
    .data                                    0x200008f0   Section     2901  filters.o(.data)
    .bss                                     0x20001448   Section       48  adxl345.o(.bss)
    .bss                                     0x20001478   Section      220  telemetry.o(.bss)
    .bss                                     0x20001554   Section      988  processing.o(.bss)
    .bss                                     0x20001930   Section       72  adxrs290.o(.bss)
    .bss                                     0x20001978   Section    10572  filters.o(.bss)
    .bss                                     0x200042c4   Section       96  libspace.o(.bss)
    HEAP                                     0x20004328   Section     1024  startup_stm32f407xx.o(HEAP)
    Heap_Mem                                 0x20004328   Data        1024  startup_stm32f407xx.o(HEAP)
    STACK                                    0x20004728   Section     2048  startup_stm32f407xx.o(STACK)
    Stack_Mem                                0x20004728   Data        2048  startup_stm32f407xx.o(STACK)
    __initial_sp                             0x20004f28   Data           0  startup_stm32f407xx.o(STACK)

    Global Symbols

    Symbol Name                              Value     Ov Type        Size  Object(Section)

    BuildAttributes$$THM_ISAv4$E$P$D$K$B$S$7EM$VFPi3$EXTD16$VFPS$VFMA$PE$A:L22UL41UL21$X:L11$S22US41US21$IEEE1$IW$USESV6$~STKCKD$USESV7$~SHL$OTIME$ROPI$IEEEX$EBA8$UX$STANDARDLIB$REQ8$PRES8$EABIv2 0x00000000   Number         0  anon$$obj.o ABSOLUTE
    __ARM_use_no_argv                        0x00000000   Number         0  main.o ABSOLUTE
    __ARM_exceptions_init                     - Undefined Weak Reference
    __alloca_initialize                       - Undefined Weak Reference
    __arm_preinit_                            - Undefined Weak Reference
    __cpp_initialize__aeabi_                  - Undefined Weak Reference
    __cxa_finalize                            - Undefined Weak Reference
    __rt_locale                               - Undefined Weak Reference
    __sigvec_lookup                           - Undefined Weak Reference
    __user_heap_extent                        - Undefined Weak Reference
    _atexit_init                              - Undefined Weak Reference
    _call_atexit_fns                          - Undefined Weak Reference
    _clock_init                               - Undefined Weak Reference
    _fp_trap_big                              - Undefined Weak Reference
    _fp_trap_init                             - Undefined Weak Reference
    _fp_trap_shutdown                         - Undefined Weak Reference
    _get_lc_collate                           - Undefined Weak Reference
    _get_lc_ctype                             - Undefined Weak Reference
    _get_lc_monetary                          - Undefined Weak Reference
    _get_lc_numeric                           - Undefined Weak Reference
    _get_lc_time                              - Undefined Weak Reference
    _getenv_init                              - Undefined Weak Reference
    _handle_redirection                       - Undefined Weak Reference
    _initio                                   - Undefined Weak Reference
    _mutex_acquire                            - Undefined Weak Reference
    _mutex_free                               - Undefined Weak Reference
    _mutex_release                            - Undefined Weak Reference
    _rand_init                                - Undefined Weak Reference
    _signal_finish                            - Undefined Weak Reference
    _signal_init                              - Undefined Weak Reference
    _terminateio                              - Undefined Weak Reference
    __Vectors_Size                           0x00000188   Number         0  startup_stm32f407xx.o ABSOLUTE
    __Vectors                                0x08000000   Data           4  startup_stm32f407xx.o(RESET)
    __Vectors_End                            0x08000188   Data           0  startup_stm32f407xx.o(RESET)
    __main                                   0x08000189   Thumb Code     8  __main.o(!!!main)
    __scatterload                            0x08000191   Thumb Code     0  __scatter.o(!!!scatter)
    __scatterload_rt2                        0x08000191   Thumb Code    44  __scatter.o(!!!scatter)
    __scatterload_rt2_thumb_only             0x08000191   Thumb Code     0  __scatter.o(!!!scatter)
    __scatterload_null                       0x0800019f   Thumb Code     0  __scatter.o(!!!scatter)
    __decompress                             0x080001c5   Thumb Code   100  __dclz77c.o(!!dclz77c)
    __decompress2                            0x080001c5   Thumb Code     0  __dclz77c.o(!!dclz77c)
    __scatterload_zeroinit                   0x08000229   Thumb Code    28  __scatter_zi.o(!!handler_zi)
    __rt_lib_init                            0x08000245   Thumb Code     0  libinit.o(.ARM.Collect$$libinit$$00000000)
    __rt_lib_init_fp_1                       0x08000247   Thumb Code     0  libinit2.o(.ARM.Collect$$libinit$$00000001)
    __rt_lib_init_alloca_1                   0x0800024b   Thumb Code     0  libinit2.o(.ARM.Collect$$libinit$$0000002E)
    __rt_lib_init_argv_1                     0x0800024b   Thumb Code     0  libinit2.o(.ARM.Collect$$libinit$$0000002C)
    __rt_lib_init_atexit_1                   0x0800024b   Thumb Code     0  libinit2.o(.ARM.Collect$$libinit$$0000001B)
    __rt_lib_init_clock_1                    0x0800024b   Thumb Code     0  libinit2.o(.ARM.Collect$$libinit$$00000021)
    __rt_lib_init_cpp_1                      0x0800024b   Thumb Code     0  libinit2.o(.ARM.Collect$$libinit$$00000032)
    __rt_lib_init_exceptions_1               0x0800024b   Thumb Code     0  libinit2.o(.ARM.Collect$$libinit$$00000030)
    __rt_lib_init_fp_trap_1                  0x0800024b   Thumb Code     0  libinit2.o(.ARM.Collect$$libinit$$0000001F)
    __rt_lib_init_getenv_1                   0x0800024b   Thumb Code     0  libinit2.o(.ARM.Collect$$libinit$$00000023)
    __rt_lib_init_heap_1                     0x0800024b   Thumb Code     0  libinit2.o(.ARM.Collect$$libinit$$0000000A)
    __rt_lib_init_lc_collate_1               0x0800024b   Thumb Code     0  libinit2.o(.ARM.Collect$$libinit$$00000011)
    __rt_lib_init_lc_ctype_1                 0x0800024b   Thumb Code     0  libinit2.o(.ARM.Collect$$libinit$$00000013)
    __rt_lib_init_lc_monetary_1              0x0800024b   Thumb Code     0  libinit2.o(.ARM.Collect$$libinit$$00000015)
    __rt_lib_init_lc_numeric_1               0x0800024b   Thumb Code     0  libinit2.o(.ARM.Collect$$libinit$$00000017)
    __rt_lib_init_lc_time_1                  0x0800024b   Thumb Code     0  libinit2.o(.ARM.Collect$$libinit$$00000019)
    __rt_lib_init_preinit_1                  0x0800024b   Thumb Code     0  libinit2.o(.ARM.Collect$$libinit$$00000004)
    __rt_lib_init_rand_1                     0x0800024b   Thumb Code     0  libinit2.o(.ARM.Collect$$libinit$$0000000E)
    __rt_lib_init_return                     0x0800024b   Thumb Code     0  libinit2.o(.ARM.Collect$$libinit$$00000033)
    __rt_lib_init_signal_1                   0x0800024b   Thumb Code     0  libinit2.o(.ARM.Collect$$libinit$$0000001D)
    __rt_lib_init_stdio_1                    0x0800024b   Thumb Code     0  libinit2.o(.ARM.Collect$$libinit$$00000025)
    __rt_lib_init_user_alloc_1               0x0800024b   Thumb Code     0  libinit2.o(.ARM.Collect$$libinit$$0000000C)
    __rt_lib_shutdown                        0x0800024d   Thumb Code     0  libshutdown.o(.ARM.Collect$$libshutdown$$00000000)
    __rt_lib_shutdown_fp_trap_1              0x0800024f   Thumb Code     0  libshutdown2.o(.ARM.Collect$$libshutdown$$00000006)
    __rt_lib_shutdown_heap_1                 0x0800024f   Thumb Code     0  libshutdown2.o(.ARM.Collect$$libshutdown$$0000000E)
    __rt_lib_shutdown_return                 0x0800024f   Thumb Code     0  libshutdown2.o(.ARM.Collect$$libshutdown$$0000000F)
    __rt_lib_shutdown_signal_1               0x0800024f   Thumb Code     0  libshutdown2.o(.ARM.Collect$$libshutdown$$00000009)
    __rt_lib_shutdown_stdio_1                0x0800024f   Thumb Code     0  libshutdown2.o(.ARM.Collect$$libshutdown$$00000003)
    __rt_lib_shutdown_user_alloc_1           0x0800024f   Thumb Code     0  libshutdown2.o(.ARM.Collect$$libshutdown$$0000000B)
    __rt_entry                               0x08000251   Thumb Code     0  __rtentry.o(.ARM.Collect$$rtentry$$00000000)
    __rt_entry_presh_1                       0x08000251   Thumb Code     0  __rtentry2.o(.ARM.Collect$$rtentry$$00000002)
    __rt_entry_sh                            0x08000251   Thumb Code     0  __rtentry4.o(.ARM.Collect$$rtentry$$00000004)
    __rt_entry_li                            0x08000257   Thumb Code     0  __rtentry2.o(.ARM.Collect$$rtentry$$0000000A)
    __rt_entry_postsh_1                      0x08000257   Thumb Code     0  __rtentry2.o(.ARM.Collect$$rtentry$$00000009)
    __rt_entry_main                          0x0800025b   Thumb Code     0  __rtentry2.o(.ARM.Collect$$rtentry$$0000000D)
    __rt_entry_postli_1                      0x0800025b   Thumb Code     0  __rtentry2.o(.ARM.Collect$$rtentry$$0000000C)
    __rt_exit                                0x08000263   Thumb Code     0  rtexit.o(.ARM.Collect$$rtexit$$00000000)
    __rt_exit_ls                             0x08000265   Thumb Code     0  rtexit2.o(.ARM.Collect$$rtexit$$00000003)
    __rt_exit_prels_1                        0x08000265   Thumb Code     0  rtexit2.o(.ARM.Collect$$rtexit$$00000002)
    __rt_exit_exit                           0x08000269   Thumb Code     0  rtexit2.o(.ARM.Collect$$rtexit$$00000004)
    Reset_Handler                            0x08000271   Thumb Code     8  startup_stm32f407xx.o(.text)
    NMI_Handler                              0x08000279   Thumb Code     2  startup_stm32f407xx.o(.text)
    HardFault_Handler                        0x0800027b   Thumb Code     2  startup_stm32f407xx.o(.text)
    MemManage_Handler                        0x0800027d   Thumb Code     2  startup_stm32f407xx.o(.text)
    BusFault_Handler                         0x0800027f   Thumb Code     2  startup_stm32f407xx.o(.text)
    UsageFault_Handler                       0x08000281   Thumb Code     2  startup_stm32f407xx.o(.text)
    SVC_Handler                              0x08000283   Thumb Code     2  startup_stm32f407xx.o(.text)
    DebugMon_Handler                         0x08000285   Thumb Code     2  startup_stm32f407xx.o(.text)
    PendSV_Handler                           0x08000287   Thumb Code     2  startup_stm32f407xx.o(.text)
    SysTick_Handler                          0x08000289   Thumb Code     2  startup_stm32f407xx.o(.text)
    ADC_IRQHandler                           0x0800028b   Thumb Code     0  startup_stm32f407xx.o(.text)
    CAN1_RX0_IRQHandler                      0x0800028b   Thumb Code     0  startup_stm32f407xx.o(.text)
    CAN1_RX1_IRQHandler                      0x0800028b   Thumb Code     0  startup_stm32f407xx.o(.text)
    CAN1_SCE_IRQHandler                      0x0800028b   Thumb Code     0  startup_stm32f407xx.o(.text)
    CAN1_TX_IRQHandler                       0x0800028b   Thumb Code     0  startup_stm32f407xx.o(.text)
    CAN2_RX0_IRQHandler                      0x0800028b   Thumb Code     0  startup_stm32f407xx.o(.text)
    CAN2_RX1_IRQHandler                      0x0800028b   Thumb Code     0  startup_stm32f407xx.o(.text)
    CAN2_SCE_IRQHandler                      0x0800028b   Thumb Code     0  startup_stm32f407xx.o(.text)
    CAN2_TX_IRQHandler                       0x0800028b   Thumb Code     0  startup_stm32f407xx.o(.text)
    DCMI_IRQHandler                          0x0800028b   Thumb Code     0  startup_stm32f407xx.o(.text)
    DMA1_Stream0_IRQHandler                  0x0800028b   Thumb Code     0  startup_stm32f407xx.o(.text)
    DMA1_Stream1_IRQHandler                  0x0800028b   Thumb Code     0  startup_stm32f407xx.o(.text)
    DMA1_Stream6_IRQHandler                  0x0800028b   Thumb Code     0  startup_stm32f407xx.o(.text)
    DMA1_Stream7_IRQHandler                  0x0800028b   Thumb Code     0  startup_stm32f407xx.o(.text)
    DMA2_Stream0_IRQHandler                  0x0800028b   Thumb Code     0  startup_stm32f407xx.o(.text)
    DMA2_Stream1_IRQHandler                  0x0800028b   Thumb Code     0  startup_stm32f407xx.o(.text)
    DMA2_Stream2_IRQHandler                  0x0800028b   Thumb Code     0  startup_stm32f407xx.o(.text)
    DMA2_Stream3_IRQHandler                  0x0800028b   Thumb Code     0  startup_stm32f407xx.o(.text)
    DMA2_Stream4_IRQHandler                  0x0800028b   Thumb Code     0  startup_stm32f407xx.o(.text)
    DMA2_Stream5_IRQHandler                  0x0800028b   Thumb Code     0  startup_stm32f407xx.o(.text)
    DMA2_Stream6_IRQHandler                  0x0800028b   Thumb Code     0  startup_stm32f407xx.o(.text)
    ETH_IRQHandler                           0x0800028b   Thumb Code     0  startup_stm32f407xx.o(.text)
    ETH_WKUP_IRQHandler                      0x0800028b   Thumb Code     0  startup_stm32f407xx.o(.text)
    EXTI0_IRQHandler                         0x0800028b   Thumb Code     0  startup_stm32f407xx.o(.text)
    EXTI3_IRQHandler                         0x0800028b   Thumb Code     0  startup_stm32f407xx.o(.text)
    EXTI9_5_IRQHandler                       0x0800028b   Thumb Code     0  startup_stm32f407xx.o(.text)
    FLASH_IRQHandler                         0x0800028b   Thumb Code     0  startup_stm32f407xx.o(.text)
    FMC_IRQHandler                           0x0800028b   Thumb Code     0  startup_stm32f407xx.o(.text)
    FPU_IRQHandler                           0x0800028b   Thumb Code     0  startup_stm32f407xx.o(.text)
    HASH_RNG_IRQHandler                      0x0800028b   Thumb Code     0  startup_stm32f407xx.o(.text)
    I2C1_ER_IRQHandler                       0x0800028b   Thumb Code     0  startup_stm32f407xx.o(.text)
    I2C1_EV_IRQHandler                       0x0800028b   Thumb Code     0  startup_stm32f407xx.o(.text)
    I2C2_ER_IRQHandler                       0x0800028b   Thumb Code     0  startup_stm32f407xx.o(.text)
    I2C2_EV_IRQHandler                       0x0800028b   Thumb Code     0  startup_stm32f407xx.o(.text)
    I2C3_ER_IRQHandler                       0x0800028b   Thumb Code     0  startup_stm32f407xx.o(.text)
    I2C3_EV_IRQHandler                       0x0800028b   Thumb Code     0  startup_stm32f407xx.o(.text)
    OTG_FS_IRQHandler                        0x0800028b   Thumb Code     0  startup_stm32f407xx.o(.text)
    OTG_FS_WKUP_IRQHandler                   0x0800028b   Thumb Code     0  startup_stm32f407xx.o(.text)
    OTG_HS_EP1_IN_IRQHandler                 0x0800028b   Thumb Code     0  startup_stm32f407xx.o(.text)
    OTG_HS_EP1_OUT_IRQHandler                0x0800028b   Thumb Code     0  startup_stm32f407xx.o(.text)
    OTG_HS_IRQHandler                        0x0800028b   Thumb Code     0  startup_stm32f407xx.o(.text)
    OTG_HS_WKUP_IRQHandler                   0x0800028b   Thumb Code     0  startup_stm32f407xx.o(.text)
    PVD_IRQHandler                           0x0800028b   Thumb Code     0  startup_stm32f407xx.o(.text)
    RCC_IRQHandler                           0x0800028b   Thumb Code     0  startup_stm32f407xx.o(.text)
    RTC_Alarm_IRQHandler                     0x0800028b   Thumb Code     0  startup_stm32f407xx.o(.text)
    RTC_WKUP_IRQHandler                      0x0800028b   Thumb Code     0  startup_stm32f407xx.o(.text)
    SDIO_IRQHandler                          0x0800028b   Thumb Code     0  startup_stm32f407xx.o(.text)
    SPI1_IRQHandler                          0x0800028b   Thumb Code     0  startup_stm32f407xx.o(.text)
    SPI3_IRQHandler                          0x0800028b   Thumb Code     0  startup_stm32f407xx.o(.text)
    TAMP_STAMP_IRQHandler                    0x0800028b   Thumb Code     0  startup_stm32f407xx.o(.text)
    TIM1_CC_IRQHandler                       0x0800028b   Thumb Code     0  startup_stm32f407xx.o(.text)
    TIM1_TRG_COM_TIM11_IRQHandler            0x0800028b   Thumb Code     0  startup_stm32f407xx.o(.text)
    TIM1_UP_TIM10_IRQHandler                 0x0800028b   Thumb Code     0  startup_stm32f407xx.o(.text)
    TIM4_IRQHandler                          0x0800028b   Thumb Code     0  startup_stm32f407xx.o(.text)
    TIM6_DAC_IRQHandler                      0x0800028b   Thumb Code     0  startup_stm32f407xx.o(.text)
    TIM8_BRK_TIM12_IRQHandler                0x0800028b   Thumb Code     0  startup_stm32f407xx.o(.text)
    TIM8_CC_IRQHandler                       0x0800028b   Thumb Code     0  startup_stm32f407xx.o(.text)
    TIM8_TRG_COM_TIM14_IRQHandler            0x0800028b   Thumb Code     0  startup_stm32f407xx.o(.text)
    TIM8_UP_TIM13_IRQHandler                 0x0800028b   Thumb Code     0  startup_stm32f407xx.o(.text)
    UART4_IRQHandler                         0x0800028b   Thumb Code     0  startup_stm32f407xx.o(.text)
    UART5_IRQHandler                         0x0800028b   Thumb Code     0  startup_stm32f407xx.o(.text)
    USART2_IRQHandler                        0x0800028b   Thumb Code     0  startup_stm32f407xx.o(.text)
    USART3_IRQHandler                        0x0800028b   Thumb Code     0  startup_stm32f407xx.o(.text)
    USART6_IRQHandler                        0x0800028b   Thumb Code     0  startup_stm32f407xx.o(.text)
    WWDG_IRQHandler                          0x0800028b   Thumb Code     0  startup_stm32f407xx.o(.text)
    __user_initial_stackheap                 0x0800028d   Thumb Code     0  startup_stm32f407xx.o(.text)
    arm_fir_decimate_f32                     0x080002b1   Thumb Code  1086  arm_fir_decimate_f32.o(.text)
    arm_fir_decimate_init_f32                0x080006ef   Thumb Code    52  arm_fir_decimate_init_f32.o(.text)
    arm_fir_f32                              0x08000725   Thumb Code  1330  arm_fir_f32.o(.text)
    arm_fir_init_f32                         0x08000c57   Thumb Code    28  arm_fir_init_f32.o(.text)
    __aeabi_memcpy                           0x08000c73   Thumb Code     0  rt_memcpy_v6.o(.text)
    __rt_memcpy                              0x08000c73   Thumb Code   138  rt_memcpy_v6.o(.text)
    _memcpy_lastbytes                        0x08000cd9   Thumb Code     0  rt_memcpy_v6.o(.text)
    __aeabi_memcpy4                          0x08000cfd   Thumb Code     0  rt_memcpy_w.o(.text)
    __aeabi_memcpy8                          0x08000cfd   Thumb Code     0  rt_memcpy_w.o(.text)
    __rt_memcpy_w                            0x08000cfd   Thumb Code   100  rt_memcpy_w.o(.text)
    _memcpy_lastbytes_aligned                0x08000d45   Thumb Code     0  rt_memcpy_w.o(.text)
    __aeabi_memclr4                          0x08000d61   Thumb Code     0  rt_memclr_w.o(.text)
    __aeabi_memclr8                          0x08000d61   Thumb Code     0  rt_memclr_w.o(.text)
    __rt_memclr_w                            0x08000d61   Thumb Code    78  rt_memclr_w.o(.text)
    _memset_w                                0x08000d65   Thumb Code     0  rt_memclr_w.o(.text)
    __use_two_region_memory                  0x08000daf   Thumb Code     2  heapauxi.o(.text)
    __rt_heap_escrow                         0x08000db1   Thumb Code     2  heapauxi.o(.text)
    __rt_heap_expand                         0x08000db3   Thumb Code     2  heapauxi.o(.text)
    __read_errno                             0x08000db5   Thumb Code    10  _rserrno.o(.text)
    __set_errno                              0x08000dbf   Thumb Code    12  _rserrno.o(.text)
    __user_libspace                          0x08000dcd   Thumb Code     8  libspace.o(.text)
    __user_perproc_libspace                  0x08000dcd   Thumb Code     0  libspace.o(.text)
    __user_perthread_libspace                0x08000dcd   Thumb Code     0  libspace.o(.text)
    __aeabi_errno_addr                       0x08000dd5   Thumb Code     8  rt_errno_addr_intlibspace.o(.text)
    __errno$intlibspace                      0x08000dd5   Thumb Code     0  rt_errno_addr_intlibspace.o(.text)
    __rt_errno_addr$intlibspace              0x08000dd5   Thumb Code     0  rt_errno_addr_intlibspace.o(.text)
    _fp_trap                                 0x08000ddd   Thumb Code    44  _fptrap.o(.text)
    __I$use$semihosting                      0x08000e0d   Thumb Code     0  use_no_semi.o(.text)
    __use_no_semihosting_swi                 0x08000e0d   Thumb Code     2  use_no_semi.o(.text)
    __semihosting_library_function           0x08000e0f   Thumb Code     0  indicate_semi.o(.text)
    __user_setup_stackheap                   0x08000e0f   Thumb Code    74  sys_stackheap_outer.o(.text)
    exit                                     0x08000e59   Thumb Code    12  exit.o(.text)
    __sig_exit                               0x08000e65   Thumb Code    10  defsig_exit.o(.text)
    __rt_SIGFPE                              0x08000e6f   Thumb Code    14  defsig_fpe_outer.o(.text)
    _sys_exit                                0x08000e7d   Thumb Code     8  sys_exit.o(.text)
    __default_signal_display                 0x08000e89   Thumb Code    50  defsig_general.o(.text)
    __rt_SIGFPE_inner                        0x08000ebd   Thumb Code    62  defsig_fpe_inner.o(.text)
    _ttywrch                                 0x08000f69   Thumb Code    14  sys_wrch.o(.text)
    ADXL345_Calibr                           0x08000f79   Thumb Code    50  adxl345.o(i.ADXL345_Calibr)
    ADXL345_DMA_Init                         0x08000fc1   Thumb Code    88  adxl345.o(i.ADXL345_DMA_Init)
    ADXL345_Init                             0x0800102d   Thumb Code   116  adxl345.o(i.ADXL345_Init)
    ADXRS290_Calibr                          0x080010a5   Thumb Code    50  adxrs290.o(i.ADXRS290_Calibr)
    ADXRS290_EXTI_Init                       0x080010ed   Thumb Code   146  adxrs290.o(i.ADXRS290_EXTI_Init)
    ADXRS290_Init                            0x08001199   Thumb Code   106  adxrs290.o(i.ADXRS290_Init)
    ADXRS290_NSS_High                        0x08001205   Thumb Code    28  adxrs290.o(i.ADXRS290_NSS_High)
    ADXRS290_NSS_Init                        0x08001229   Thumb Code    58  adxrs290.o(i.ADXRS290_NSS_Init)
    ADXRS290_NSS_Low                         0x0800126d   Thumb Code    28  adxrs290.o(i.ADXRS290_NSS_Low)
    ADXRS_DMA_Read                           0x08001291   Thumb Code   114  adxrs453.o(i.ADXRS_DMA_Read)
    ADXRS_TIM_Init                           0x0800131d   Thumb Code    58  adxrs453.o(i.ADXRS_TIM_Init)
    ARS_GetData                              0x08001359   Thumb Code    58  adxrs290.o(i.ARS_GetData)
    Accel_EXTI_Init                          0x080013a5   Thumb Code    76  adxl345.o(i.Accel_EXTI_Init)
    Accel_GetData                            0x080013fd   Thumb Code    22  adxl345.o(i.Accel_GetData)
    Accel_NSS_High                           0x08001419   Thumb Code    20  adxl345.o(i.Accel_NSS_High)
    Accel_NSS_Init                           0x08001435   Thumb Code    66  adxl345.o(i.Accel_NSS_Init)
    Accel_NSS_Low                            0x08001481   Thumb Code    20  adxl345.o(i.Accel_NSS_Low)
    Accel_UpdateFreq                         0x0800149d   Thumb Code    34  adxl345.o(i.Accel_UpdateFreq)
    Accel_VDD_Init                           0x080014c9   Thumb Code    86  adxl345.o(i.Accel_VDD_Init)
    All_NSS_High                             0x08001529   Thumb Code    28  adxrs290.o(i.All_NSS_High)
    DMA1_Stream2_IRQHandler                  0x08001545   Thumb Code   200  adxrs453.o(i.DMA1_Stream2_IRQHandler)
    DMA1_Stream3_IRQHandler                  0x08001641   Thumb Code   428  adxl345.o(i.DMA1_Stream3_IRQHandler)
    DMA1_Stream4_IRQHandler                  0x0800181d   Thumb Code    34  adxl345.o(i.DMA1_Stream4_IRQHandler)
    DMA1_Stream5_IRQHandler                  0x08001845   Thumb Code     6  adxrs453.o(i.DMA1_Stream5_IRQHandler)
    DMA2_Stream7_IRQHandler                  0x08001851   Thumb Code    28  telemetry.o(i.DMA2_Stream7_IRQHandler)
    Delay                                    0x08001875   Thumb Code    40  adxl345.o(i.Delay)
    EXTI15_10_IRQHandler                     0x0800189d   Thumb Code    52  adxrs290.o(i.EXTI15_10_IRQHandler)
    EXTI1_IRQHandler                         0x080018d9   Thumb Code    24  adxl345.o(i.EXTI1_IRQHandler)
    EXTI2_IRQHandler                         0x080018f5   Thumb Code    44  motors.o(i.EXTI2_IRQHandler)
    EXTI4_IRQHandler                         0x0800192d   Thumb Code    40  motors.o(i.EXTI4_IRQHandler)
    Message_ToByteArray                      0x08001961   Thumb Code    64  telemetry.o(i.Message_ToByteArray)
    Motors_Run                               0x080019a5   Thumb Code    20  motors.o(i.Motors_Run)
    Motors_Stop                              0x080019c5   Thumb Code    26  motors.o(i.Motors_Stop)
    Processing_TIM_Init                      0x08001a95   Thumb Code   108  processing.o(i.Processing_TIM_Init)
    RCC_Init                                 0x08001b0d   Thumb Code    46  main.o(i.RCC_Init)
    SPI2_GPIO_Init                           0x08001b4d   Thumb Code   216  adxl345.o(i.SPI2_GPIO_Init)
    SPI2_IRQHandler                          0x08001c35   Thumb Code   684  adxrs290.o(i.SPI2_IRQHandler)
    SPI2_Init                                0x08001f25   Thumb Code   108  adxl345.o(i.SPI2_Init)
    SPI2_Read                                0x08001f95   Thumb Code    22  adxl345.o(i.SPI2_Read)
    SPI2_SensorsPoll                         0x08001fad   Thumb Code    90  adxrs290.o(i.SPI2_SensorsPoll)
    SPI2_Transfer                            0x08002021   Thumb Code    46  adxl345.o(i.SPI2_Transfer)
    SPI2_Write                               0x08002055   Thumb Code    20  adxl345.o(i.SPI2_Write)
    SPI3_GPIO_Init                           0x08002069   Thumb Code   286  adxrs453.o(i.SPI3_GPIO_Init)
    SPI3_Init                                0x080021a1   Thumb Code    88  adxrs453.o(i.SPI3_Init)
    SPI3_NSS_High                            0x080021fd   Thumb Code    20  adxrs453.o(i.SPI3_NSS_High)
    SPI3_NSS_Low                             0x08002219   Thumb Code    20  adxrs453.o(i.SPI3_NSS_Low)
    SendTelemetry                            0x08002235   Thumb Code    40  telemetry.o(i.SendTelemetry)
    SystemInit                               0x08002271   Thumb Code   202  system_stm32f4xx.o(i.SystemInit)
    TIM1_BRK_TIM9_IRQHandler                 0x08002351   Thumb Code    38  motors.o(i.TIM1_BRK_TIM9_IRQHandler)
    TIM2_IRQHandler                          0x08002385   Thumb Code    36  adxrs453.o(i.TIM2_IRQHandler)
    TIM3_IRQHandler                          0x080023a9   Thumb Code    76  motors.o(i.TIM3_IRQHandler)
    TIM5_IRQHandler                          0x08002409   Thumb Code    38  motors.o(i.TIM5_IRQHandler)
    TIM7_IRQHandler                          0x0800243d   Thumb Code   132  processing.o(i.TIM7_IRQHandler)
    Telemetry_DMA_Init                       0x080024dd   Thumb Code    58  telemetry.o(i.Telemetry_DMA_Init)
    USART1_IRQHandler                        0x08002531   Thumb Code  1572  telemetry.o(i.USART1_IRQHandler)
    USART_Init                               0x08002ba9   Thumb Code   236  telemetry.o(i.USART_Init)
    __hardfp_fabs                            0x08002cad   Thumb Code    20  fabs.o(i.__hardfp_fabs)
    __hardfp_sqrt                            0x08002cc1   Thumb Code   122  sqrt_full.o(i.__hardfp_sqrt)
    checkCalibrationFinish                   0x08002d3d   Thumb Code    20  main.o(i.checkCalibrationFinish)
    getFinalData                             0x08002d59   Thumb Code    80  processing.o(i.getFinalData)
    initWaitingForFloat                      0x08002db9   Thumb Code    44  telemetry.o(i.initWaitingForFloat)
    initWaitingForInt                        0x08002dfd   Thumb Code    26  telemetry.o(i.initWaitingForInt)
    lowpass                                  0x08002e29   Thumb Code    78  processing.o(i.lowpass)
    lpf_rect_hpf                             0x08002e7d   Thumb Code   310  processing.o(i.lpf_rect_hpf)
    main                                     0x08002fdd   Thumb Code   954  main.o(i.main)
    __aeabi_d2f                              0x08003469   Thumb Code     0  d2f_clz.o(x$fpl$d2f)
    _d2f                                     0x08003469   Thumb Code   700  d2f_clz.o(x$fpl$d2f)
    __dflt_normalise                         0x0800372d   Thumb Code    26  dflt_clz.o(x$fpl$dfltn)
    __fpl_dnaninf                            0x08003747   Thumb Code   258  dnaninf.o(x$fpl$dnaninf)
    __fpl_drenorm2                           0x08003849   Thumb Code   106  drenorm_clz.o(x$fpl$drenorm)
    __fpl_drenorm1                           0x080038b3   Thumb Code     6  drenorm_clz.o(x$fpl$drenorm)
    __fpl_dretinf                            0x080038b9   Thumb Code    12  dretinf.o(x$fpl$dretinf)
    _dsqrt                                   0x080038c5   Thumb Code   520  dsqrt_umaalclz.o(x$fpl$dsqrt)
    __dunder                                 0x08003acd   Thumb Code   314  dunder_clz.o(x$fpl$dunder)
    __dunder_d                               0x08003c07   Thumb Code    64  dunder_clz.o(x$fpl$dunder)
    __fpl_exception                          0x08003c49   Thumb Code   454  except.o(x$fpl$exception)
    __aeabi_f2d                              0x08003e35   Thumb Code     0  f2d.o(x$fpl$f2d)
    _f2d                                     0x08003e35   Thumb Code   122  f2d.o(x$fpl$f2d)
    __fpl_fnaninf                            0x08003eaf   Thumb Code   242  fnaninf.o(x$fpl$fnaninf)
    _fp_init                                 0x08003fa1   Thumb Code    10  fpinit.o(x$fpl$fpinit)
    __fplib_config_fpu_vfp                   0x08003fa9   Thumb Code     0  fpinit.o(x$fpl$fpinit)
    __fplib_config_pureend_doubles           0x08003fa9   Thumb Code     0  fpinit.o(x$fpl$fpinit)
    __fpl_fretinf                            0x08003fab   Thumb Code    10  fretinf.o(x$fpl$fretinf)
    __funder                                 0x08003fb5   Thumb Code   254  funder_clz.o(x$fpl$funder)
    __funder_d                               0x080040b3   Thumb Code    62  funder_clz.o(x$fpl$funder)
    __fpl_return_NaN                         0x080040f1   Thumb Code   178  retnan.o(x$fpl$retnan)
    _fp_trapveneer                           0x080041a3   Thumb Code    36  trapv.o(x$fpl$trapveneer)
    __fpl_cmpreturn                          0x080041c7   Thumb Code    90  trapv.o(x$fpl$trapveneer)
    Region$$Table$$Base                      0x08004220   Number         0  anon$$obj.o(Region$$Table)
    __I$use$fp                               0x08004220   Number         0  usenofp.o(x$fpl$usenofp)
    Region$$Table$$Limit                     0x08004240   Number         0  anon$$obj.o(Region$$Table)
    orient                                   0x20000000   Data          16  main.o(.data)
    ax                                       0x20000010   Data           2  main.o(.data)
    ay                                       0x20000012   Data           2  main.o(.data)
    az                                       0x20000014   Data           2  main.o(.data)
    ENGRDY                                   0x20000016   Data           1  main.o(.data)
    pwm                                      0x20000018   Data           4  main.o(.data)
    pwm1                                     0x2000001c   Data           4  main.o(.data)
    pwm2                                     0x20000020   Data           4  main.o(.data)
    COUNT1                                   0x20000024   Data           4  main.o(.data)
    COUNT2                                   0x20000028   Data           4  main.o(.data)
    F                                        0x2000002c   Data           4  main.o(.data)
    Kp                                       0x20000030   Data           4  main.o(.data)
    Kd                                       0x20000034   Data           4  main.o(.data)
    Ki                                       0x20000038   Data           4  main.o(.data)
    filterScale                              0x2000003c   Data           4  main.o(.data)
    SPI2_SCK                                 0x20000040   Data           1  adxl345.o(.data)
    SPI2_MISO                                0x20000041   Data           1  adxl345.o(.data)
    SPI2_MOSI                                0x20000042   Data           1  adxl345.o(.data)
    ACCEL_NSS                                0x20000043   Data           1  adxl345.o(.data)
    ACCEL_INT1                               0x20000044   Data           1  adxl345.o(.data)
    ACCEL_VDD                                0x20000045   Data           1  adxl345.o(.data)
    accelRegisters                           0x20000046   Data          12  adxl345.o(.data)
    accel_calibr_on                          0x20000052   Data           1  adxl345.o(.data)
    accel_calibr_index                       0x20000054   Data           4  adxl345.o(.data)
    accel_calibr_number                      0x20000058   Data           4  adxl345.o(.data)
    a                                        0x2000005c   Data           6  adxl345.o(.data)
    a_offset                                 0x20000062   Data           6  adxl345.o(.data)
    freshFreq                                0x20000068   Data           1  adxl345.o(.data)
    curFreq                                  0x20000069   Data           1  adxl345.o(.data)
    curDT                                    0x2000006c   Data           4  adxl345.o(.data)
    UART1_TX                                 0x20000070   Data           1  telemetry.o(.data)
    UART1_RX                                 0x20000071   Data           1  telemetry.o(.data)
    Message_Size                             0x20000072   Data           1  telemetry.o(.data)
    received                                 0x20000073   Data           1  telemetry.o(.data)
    i                                        0x20000074   Data           4  telemetry.o(.data)
    st                                       0x20000078   Data           4  telemetry.o(.data)
    intValue                                 0x2000007c   Data           4  telemetry.o(.data)
    k                                        0x20000080   Data           4  telemetry.o(.data)
    my_pow                                   0x20000084   Data           4  telemetry.o(.data)
    d_st                                     0x20000088   Data           4  telemetry.o(.data)
    floatValue                               0x2000008c   Data           4  telemetry.o(.data)
    curWaiting                               0x20000090   Data           1  telemetry.o(.data)
    curWaitingForInt                         0x20000091   Data           1  telemetry.o(.data)
    curWaitingForFloat                       0x20000092   Data           1  telemetry.o(.data)
    telemetryOn                              0x20000093   Data           1  telemetry.o(.data)
    recalibrate                              0x20000094   Data           1  telemetry.o(.data)
    turnUselessOn                            0x20000095   Data           1  telemetry.o(.data)
    gyroRecalibrationOn                      0x20000096   Data           1  telemetry.o(.data)
    len                                      0x20000097   Data           1  telemetry.o(.data)
    j                                        0x20000098   Data           1  telemetry.o(.data)
    rst                                      0x2000009c   Data           4  telemetry.o(.data)
    USART_DMA_transferComleted               0x200000a0   Data           1  telemetry.o(.data)
    maxAngle                                 0x200000a4   Data           4  processing.o(.data)
    accelDeviation                           0x200000a8   Data           4  processing.o(.data)
    angleFromAccel                           0x200000ac   Data           1  processing.o(.data)
    maxAngVel                                0x200000b0   Data           4  processing.o(.data)
    research                                 0x200000b4   Data           1  processing.o(.data)
    researchIndex                            0x200000b8   Data           4  processing.o(.data)
    researchAmplitude                        0x200000bc   Data           4  processing.o(.data)
    researchFrequency                        0x200000c0   Data           4  processing.o(.data)
    processCounter                           0x200000c4   Data           1  processing.o(.data)
    adxrsHistoryIndex                        0x200000c5   Data           1  processing.o(.data)
    adxrsCurHistoryIndex                     0x200000c6   Data           1  processing.o(.data)
    filteredVel                              0x200000c8   Data           4  processing.o(.data)
    doAccelProcess                           0x200000cc   Data           1  processing.o(.data)
    doGyroProcess                            0x200000cd   Data           1  processing.o(.data)
    doAdxrsProcess                           0x200000ce   Data           1  processing.o(.data)
    lowpassOn                                0x200000cf   Data           1  processing.o(.data)
    accelLowpassReady                        0x200000d0   Data           1  processing.o(.data)
    stabilizationOn                          0x200000d1   Data           1  processing.o(.data)
    k_dc                                     0x200000d4   Data           4  processing.o(.data)
    b_dc                                     0x200000d8   Data           4  processing.o(.data)
    k_f2                                     0x200000dc   Data           4  processing.o(.data)
    b_f2                                     0x200000e0   Data           4  processing.o(.data)
    angleIntegral                            0x200000e4   Data           4  processing.o(.data)
    angleIntegralMax                         0x200000e8   Data           4  processing.o(.data)
    phi                                      0x200000ec   Data           4  processing.o(.data)
    teta                                     0x200000f0   Data           4  processing.o(.data)
    psi                                      0x200000f4   Data           4  processing.o(.data)
    roll                                     0x200000f8   Data           4  processing.o(.data)
    pitch                                    0x200000fc   Data           4  processing.o(.data)
    A                                        0x20000100   Data          16  processing.o(.data)
    I                                        0x20000110   Data          16  processing.o(.data)
    Xroll                                    0x20000120   Data           8  processing.o(.data)
    Zroll                                    0x20000128   Data           8  processing.o(.data)
    Qroll                                    0x20000130   Data          16  processing.o(.data)
    Rroll                                    0x20000140   Data          16  processing.o(.data)
    Xpitch                                   0x20000150   Data           8  processing.o(.data)
    Zpitch                                   0x20000158   Data           8  processing.o(.data)
    Qpitch                                   0x20000160   Data          16  processing.o(.data)
    Rpitch                                   0x20000170   Data          16  processing.o(.data)
    invS                                     0x20000180   Data          36  processing.o(.data)
    offset                                   0x200001a4   Data          12  processing.o(.data)
    phi_x                                    0x200001b0   Data           4  processing.o(.data)
    phi_y                                    0x200001b4   Data           4  processing.o(.data)
    detector                                 0x200001b8   Data           4  processing.o(.data)
    quasistatic_new_a                        0x200001bc   Data           1  processing.o(.data)
    MOT_PWM1                                 0x200001c0   Data           1  motors.o(.data)
    MOT_PWM2                                 0x200001c1   Data           1  motors.o(.data)
    MOT_FREQ1                                0x200001c2   Data           1  motors.o(.data)
    MOT_FREQ2                                0x200001c3   Data           1  motors.o(.data)
    minPwm                                   0x200001c4   Data           4  motors.o(.data)
    maxPwm                                   0x200001c8   Data           4  motors.o(.data)
    tim3_status                              0x200001cc   Data           1  motors.o(.data)
    start_pwm                                0x200001d0   Data           4  motors.o(.data)
    timer                                    0x200001d4   Data           4  motors.o(.data)
    timer_1000                               0x200001d8   Data           4  motors.o(.data)
    Motor1Off                                0x200001dc   Data           1  motors.o(.data)
    Motor2Off                                0x200001dd   Data           1  motors.o(.data)
    SPI3_SCK                                 0x200001e0   Data           1  adxrs453.o(.data)
    SPI3_MISO                                0x200001e1   Data           1  adxrs453.o(.data)
    SPI3_MOSI                                0x200001e2   Data           1  adxrs453.o(.data)
    SPI3_NSS                                 0x200001e3   Data           1  adxrs453.o(.data)
    adxrs_Sum                                0x200001e4   Data           4  adxrs453.o(.data)
    adxrs_CalibrIndex                        0x200001e8   Data           2  adxrs453.o(.data)
    adxrs_CalibrNumber                       0x200001ea   Data           2  adxrs453.o(.data)
    adxrs_CalibrationOn                      0x200001ec   Data           1  adxrs453.o(.data)
    adxrs_Offset                             0x200001f0   Data           4  adxrs453.o(.data)
    adxrsCommands                            0x200001f4   Data           4  adxrs453.o(.data)
    adxrsResponses                           0x200001f8   Data           4  adxrs453.o(.data)
    transferFinished                         0x200001fc   Data           1  adxrs453.o(.data)
    adxrs_data                               0x200001fe   Data           2  adxrs453.o(.data)
    adxrsProcessCounter                      0x20000200   Data           1  adxrs453.o(.data)
    adxrsLowpassReady                        0x20000201   Data           1  adxrs453.o(.data)
    SPI2_curUsing                            0x20000204   Data           1  adxrs290.o(.data)
    adxrs290_regs                            0x20000205   Data           6  adxrs290.o(.data)
    adxrs290_filterCfs                       0x2000020c   Data        1664  adxrs290.o(.data)
    ADXRS290_NSS_PORT                        0x2000088c   Data          16  adxrs290.o(.data)
    ADXRS290_NSS_PIN                         0x2000089c   Data           4  adxrs290.o(.data)
    ADXRS290_EXTI_PORTCODE                   0x200008a0   Data           4  adxrs290.o(.data)
    ADXRS290_EXTI_PORT                       0x200008a4   Data          16  adxrs290.o(.data)
    ADXRS290_EXTI_PIN                        0x200008b4   Data           4  adxrs290.o(.data)
    ars_spiIndex                             0x200008b8   Data           2  adxrs290.o(.data)
    adxrs290_calibr_on                       0x200008ba   Data           1  adxrs290.o(.data)
    adxrs290_calibr_index                    0x200008bc   Data           4  adxrs290.o(.data)
    adxrs290_calibr_number                   0x200008c0   Data           4  adxrs290.o(.data)
    adxrs290_offset                          0x200008c4   Data           8  adxrs290.o(.data)
    adxrs290_sum                             0x200008cc   Data           8  adxrs290.o(.data)
    calibrated_ar                            0x200008d4   Data           8  adxrs290.o(.data)
    ars_termoCf                              0x200008dc   Data          16  adxrs290.o(.data)
    termoDataCollected                       0x200008ec   Data           1  adxrs290.o(.data)
    accel_lpf_coeffs                         0x200008f0   Data         428  filters.o(.data)
    accel_history_index                      0x20000a9c   Data           1  filters.o(.data)
    accel_history_filter_index               0x20000a9d   Data           1  filters.o(.data)
    adxrs453_lpf_coeffs                      0x20000aa0   Data         360  filters.o(.data)
    adxrs453_history_index                   0x20000c08   Data           1  filters.o(.data)
    adxrs453_history_filter_index            0x20000c09   Data           1  filters.o(.data)
    filtered_arz                             0x20000c0c   Data           4  filters.o(.data)
    adxrs290_lpf_coeffs                      0x20000c10   Data        1196  filters.o(.data)
    adxrs290_history_index                   0x200010bc   Data           2  filters.o(.data)
    adxrs290_history_filter_index            0x200010be   Data           2  filters.o(.data)
    filtered_ar                              0x200010c0   Data           8  filters.o(.data)
    adxrs290_lowpass_ready                   0x200010c8   Data           1  filters.o(.data)
    adxrs290_process_index                   0x200010c9   Data           1  filters.o(.data)
    adxrs290_do_process                      0x200010ca   Data           1  filters.o(.data)
    quasistatic_hpf_coeffs                   0x200010cc   Data         404  filters.o(.data)
    accel_modulo_history_index               0x20001260   Data           1  filters.o(.data)
    quasistatic_lpf_coeffs                   0x20001264   Data         480  filters.o(.data)
    accel_modulo_highpassed_history_index    0x20001444   Data           1  filters.o(.data)
    accel                                    0x20001448   Data          12  adxl345.o(.bss)
    accel_sum                                0x20001454   Data          12  adxl345.o(.bss)
    accel_offset                             0x20001460   Data          12  adxl345.o(.bss)
    calibrated_a                             0x2000146c   Data          12  adxl345.o(.bss)
    message                                  0x20001478   Data          20  telemetry.o(.bss)
    str                                      0x2000148c   Data         100  telemetry.o(.bss)
    tele                                     0x200014f0   Data         100  telemetry.o(.bss)
    adxrs_b                                  0x20001554   Data         360  processing.o(.bss)
    adxrsHistory                             0x200016bc   Data         512  processing.o(.bss)
    final_a                                  0x200018bc   Data          12  processing.o(.bss)
    T                                        0x200018c8   Data          36  processing.o(.bss)
    eulerAngleRate                           0x200018ec   Data          12  processing.o(.bss)
    Proll                                    0x200018f8   Data          16  processing.o(.bss)
    Ppitch                                   0x20001908   Data          16  processing.o(.bss)
    tmp                                      0x20001918   Data          12  processing.o(.bss)
    lpf_rect_hpf_a                           0x20001924   Data          12  processing.o(.bss)
    ars_rawData                              0x20001930   Data          12  adxrs290.o(.bss)
    ars_data                                 0x2000193c   Data          12  adxrs290.o(.bss)
    ars_termoData                            0x20001948   Data          16  adxrs290.o(.bss)
    ars_filteredData                         0x20001958   Data          16  adxrs290.o(.bss)
    ars_angleRate                            0x20001968   Data          16  adxrs290.o(.bss)
    accel_lpf                                0x20001978   Data          36  filters.o(.bss)
    accel_lpf_state                          0x2000199c   Data        1464  filters.o(.bss)
    accel_history                            0x20001f54   Data        2568  filters.o(.bss)
    filtered_a                               0x2000295c   Data          12  filters.o(.bss)
    adxrs453_lpf                             0x20002968   Data          12  filters.o(.bss)
    adxrs453_lpf_state                       0x20002974   Data         372  filters.o(.bss)
    adxrs453_history                         0x20002ae8   Data         720  filters.o(.bss)
    adxrs290_lpf                             0x20002db8   Data          24  filters.o(.bss)
    adxrs290_lpf_state                       0x20002dd0   Data         976  filters.o(.bss)
    adxrs290_history                         0x200031a0   Data        1712  filters.o(.bss)
    quasistatic_hpf                          0x20003850   Data          12  filters.o(.bss)
    quasistatic_hpf_state                    0x2000385c   Data         404  filters.o(.bss)
    accel_modulo_history                     0x200039f0   Data         808  filters.o(.bss)
    quasistatic_lpf                          0x20003d18   Data          12  filters.o(.bss)
    quasistatic_lpf_state                    0x20003d24   Data         480  filters.o(.bss)
    accel_modulo_highpassed_history          0x20003f04   Data         960  filters.o(.bss)
    __libspace_start                         0x200042c4   Data          96  libspace.o(.bss)
    __temporary_stack_top$libspace           0x20004324   Data           0  libspace.o(.bss)



==============================================================================

Memory Map of the image

  Image Entry point : 0x08000271

  Load Region LR_1 (Base: 0x08000000, Size: 0x00005688, Max: 0xffffffff, ABSOLUTE, COMPRESSED[0x0000517c])

    Execution Region ER_RO (Base: 0x08000000, Size: 0x00004240, Max: 0xffffffff, ABSOLUTE)

    Base Addr    Size         Type   Attr      Idx    E Section Name        Object

    0x08000000   0x00000188   Data   RO          982    RESET               startup_stm32f407xx.o
    0x08000188   0x00000008   Code   RO         1216  * !!!main             c_w.l(__main.o)
    0x08000190   0x00000034   Code   RO         1606    !!!scatter          c_w.l(__scatter.o)
    0x080001c4   0x00000064   Code   RO         1604    !!dclz77c           c_w.l(__dclz77c.o)
    0x08000228   0x0000001c   Code   RO         1608    !!handler_zi        c_w.l(__scatter_zi.o)
    0x08000244   0x00000002   Code   RO         1544    .ARM.Collect$$libinit$$00000000  c_w.l(libinit.o)
    0x08000246   0x00000004   Code   RO         1354    .ARM.Collect$$libinit$$00000001  c_w.l(libinit2.o)
    0x0800024a   0x00000000   Code   RO         1357    .ARM.Collect$$libinit$$00000004  c_w.l(libinit2.o)
    0x0800024a   0x00000000   Code   RO         1360    .ARM.Collect$$libinit$$0000000A  c_w.l(libinit2.o)
    0x0800024a   0x00000000   Code   RO         1362    .ARM.Collect$$libinit$$0000000C  c_w.l(libinit2.o)
    0x0800024a   0x00000000   Code   RO         1364    .ARM.Collect$$libinit$$0000000E  c_w.l(libinit2.o)
    0x0800024a   0x00000000   Code   RO         1367    .ARM.Collect$$libinit$$00000011  c_w.l(libinit2.o)
    0x0800024a   0x00000000   Code   RO         1369    .ARM.Collect$$libinit$$00000013  c_w.l(libinit2.o)
    0x0800024a   0x00000000   Code   RO         1371    .ARM.Collect$$libinit$$00000015  c_w.l(libinit2.o)
    0x0800024a   0x00000000   Code   RO         1373    .ARM.Collect$$libinit$$00000017  c_w.l(libinit2.o)
    0x0800024a   0x00000000   Code   RO         1375    .ARM.Collect$$libinit$$00000019  c_w.l(libinit2.o)
    0x0800024a   0x00000000   Code   RO         1377    .ARM.Collect$$libinit$$0000001B  c_w.l(libinit2.o)
    0x0800024a   0x00000000   Code   RO         1379    .ARM.Collect$$libinit$$0000001D  c_w.l(libinit2.o)
    0x0800024a   0x00000000   Code   RO         1381    .ARM.Collect$$libinit$$0000001F  c_w.l(libinit2.o)
    0x0800024a   0x00000000   Code   RO         1383    .ARM.Collect$$libinit$$00000021  c_w.l(libinit2.o)
    0x0800024a   0x00000000   Code   RO         1385    .ARM.Collect$$libinit$$00000023  c_w.l(libinit2.o)
    0x0800024a   0x00000000   Code   RO         1387    .ARM.Collect$$libinit$$00000025  c_w.l(libinit2.o)
    0x0800024a   0x00000000   Code   RO         1391    .ARM.Collect$$libinit$$0000002C  c_w.l(libinit2.o)
    0x0800024a   0x00000000   Code   RO         1393    .ARM.Collect$$libinit$$0000002E  c_w.l(libinit2.o)
    0x0800024a   0x00000000   Code   RO         1395    .ARM.Collect$$libinit$$00000030  c_w.l(libinit2.o)
    0x0800024a   0x00000000   Code   RO         1397    .ARM.Collect$$libinit$$00000032  c_w.l(libinit2.o)
    0x0800024a   0x00000002   Code   RO         1398    .ARM.Collect$$libinit$$00000033  c_w.l(libinit2.o)
    0x0800024c   0x00000002   Code   RO         1601    .ARM.Collect$$libshutdown$$00000000  c_w.l(libshutdown.o)
    0x0800024e   0x00000000   Code   RO         1561    .ARM.Collect$$libshutdown$$00000003  c_w.l(libshutdown2.o)
    0x0800024e   0x00000000   Code   RO         1564    .ARM.Collect$$libshutdown$$00000006  c_w.l(libshutdown2.o)
    0x0800024e   0x00000000   Code   RO         1567    .ARM.Collect$$libshutdown$$00000009  c_w.l(libshutdown2.o)
    0x0800024e   0x00000000   Code   RO         1569    .ARM.Collect$$libshutdown$$0000000B  c_w.l(libshutdown2.o)
    0x0800024e   0x00000000   Code   RO         1572    .ARM.Collect$$libshutdown$$0000000E  c_w.l(libshutdown2.o)
    0x0800024e   0x00000002   Code   RO         1573    .ARM.Collect$$libshutdown$$0000000F  c_w.l(libshutdown2.o)
    0x08000250   0x00000000   Code   RO         1324    .ARM.Collect$$rtentry$$00000000  c_w.l(__rtentry.o)
    0x08000250   0x00000000   Code   RO         1468    .ARM.Collect$$rtentry$$00000002  c_w.l(__rtentry2.o)
    0x08000250   0x00000006   Code   RO         1480    .ARM.Collect$$rtentry$$00000004  c_w.l(__rtentry4.o)
    0x08000256   0x00000000   Code   RO         1470    .ARM.Collect$$rtentry$$00000009  c_w.l(__rtentry2.o)
    0x08000256   0x00000004   Code   RO         1471    .ARM.Collect$$rtentry$$0000000A  c_w.l(__rtentry2.o)
    0x0800025a   0x00000000   Code   RO         1473    .ARM.Collect$$rtentry$$0000000C  c_w.l(__rtentry2.o)
    0x0800025a   0x00000008   Code   RO         1474    .ARM.Collect$$rtentry$$0000000D  c_w.l(__rtentry2.o)
    0x08000262   0x00000002   Code   RO         1547    .ARM.Collect$$rtexit$$00000000  c_w.l(rtexit.o)
    0x08000264   0x00000000   Code   RO         1577    .ARM.Collect$$rtexit$$00000002  c_w.l(rtexit2.o)
    0x08000264   0x00000004   Code   RO         1578    .ARM.Collect$$rtexit$$00000003  c_w.l(rtexit2.o)
    0x08000268   0x00000006   Code   RO         1579    .ARM.Collect$$rtexit$$00000004  c_w.l(rtexit2.o)
    0x0800026e   0x00000002   PAD
    0x08000270   0x00000040   Code   RO          983  * .text               startup_stm32f407xx.o
    0x080002b0   0x0000043e   Code   RO         1026    .text               arm_cortexM4lf_math.lib(arm_fir_decimate_f32.o)
    0x080006ee   0x00000034   Code   RO         1075    .text               arm_cortexM4lf_math.lib(arm_fir_decimate_init_f32.o)
    0x08000722   0x00000002   PAD
    0x08000724   0x00000532   Code   RO         1099    .text               arm_cortexM4lf_math.lib(arm_fir_f32.o)
    0x08000c56   0x0000001c   Code   RO         1123    .text               arm_cortexM4lf_math.lib(arm_fir_init_f32.o)
    0x08000c72   0x0000008a   Code   RO         1208    .text               c_w.l(rt_memcpy_v6.o)
    0x08000cfc   0x00000064   Code   RO         1210    .text               c_w.l(rt_memcpy_w.o)
    0x08000d60   0x0000004e   Code   RO         1212    .text               c_w.l(rt_memclr_w.o)
    0x08000dae   0x00000006   Code   RO         1214    .text               c_w.l(heapauxi.o)
    0x08000db4   0x00000016   Code   RO         1350    .text               c_w.l(_rserrno.o)
    0x08000dca   0x00000002   PAD
    0x08000dcc   0x00000008   Code   RO         1464    .text               c_w.l(libspace.o)
    0x08000dd4   0x00000008   Code   RO         1485    .text               c_w.l(rt_errno_addr_intlibspace.o)
    0x08000ddc   0x00000030   Code   RO         1495    .text               c_w.l(_fptrap.o)
    0x08000e0c   0x00000002   Code   RO         1516    .text               c_w.l(use_no_semi.o)
    0x08000e0e   0x00000000   Code   RO         1518    .text               c_w.l(indicate_semi.o)
    0x08000e0e   0x0000004a   Code   RO         1519    .text               c_w.l(sys_stackheap_outer.o)
    0x08000e58   0x0000000c   Code   RO         1525    .text               c_w.l(exit.o)
    0x08000e64   0x0000000a   Code   RO         1527    .text               c_w.l(defsig_exit.o)
    0x08000e6e   0x0000000e   Code   RO         1529    .text               c_w.l(defsig_fpe_outer.o)
    0x08000e7c   0x0000000c   Code   RO         1545    .text               c_w.l(sys_exit.o)
    0x08000e88   0x00000032   Code   RO         1555    .text               c_w.l(defsig_general.o)
    0x08000eba   0x00000002   PAD
    0x08000ebc   0x000000ac   Code   RO         1557    .text               c_w.l(defsig_fpe_inner.o)
    0x08000f68   0x0000000e   Code   RO         1574    .text               c_w.l(sys_wrch.o)
    0x08000f76   0x00000002   PAD
    0x08000f78   0x00000048   Code   RO          200    i.ADXL345_Calibr    adxl345.o
    0x08000fc0   0x0000006c   Code   RO          201    i.ADXL345_DMA_Init  adxl345.o
    0x0800102c   0x00000078   Code   RO          203    i.ADXL345_Init      adxl345.o
    0x080010a4   0x00000048   Code   RO          793    i.ADXRS290_Calibr   adxrs290.o
    0x080010ec   0x000000ac   Code   RO          794    i.ADXRS290_EXTI_Init  adxrs290.o
    0x08001198   0x0000006a   Code   RO          795    i.ADXRS290_Init     adxrs290.o
    0x08001202   0x00000002   PAD
    0x08001204   0x00000024   Code   RO          796    i.ADXRS290_NSS_High  adxrs290.o
    0x08001228   0x00000044   Code   RO          797    i.ADXRS290_NSS_Init  adxrs290.o
    0x0800126c   0x00000024   Code   RO          798    i.ADXRS290_NSS_Low  adxrs290.o
    0x08001290   0x0000008c   Code   RO          685    i.ADXRS_DMA_Read    adxrs453.o
    0x0800131c   0x0000003a   Code   RO          686    i.ADXRS_TIM_Init    adxrs453.o
    0x08001356   0x00000002   PAD
    0x08001358   0x0000004c   Code   RO          799    i.ARS_GetData       adxrs290.o
    0x080013a4   0x00000058   Code   RO          204    i.Accel_EXTI_Init   adxl345.o
    0x080013fc   0x0000001c   Code   RO          205    i.Accel_GetData     adxl345.o
    0x08001418   0x0000001c   Code   RO          206    i.Accel_NSS_High    adxl345.o
    0x08001434   0x0000004c   Code   RO          207    i.Accel_NSS_Init    adxl345.o
    0x08001480   0x0000001c   Code   RO          208    i.Accel_NSS_Low     adxl345.o
    0x0800149c   0x0000002c   Code   RO          209    i.Accel_UpdateFreq  adxl345.o
    0x080014c8   0x00000060   Code   RO          210    i.Accel_VDD_Init    adxl345.o
    0x08001528   0x0000001c   Code   RO          800    i.All_NSS_High      adxrs290.o
    0x08001544   0x000000fc   Code   RO          687    i.DMA1_Stream2_IRQHandler  adxrs453.o
    0x08001640   0x000001dc   Code   RO          211    i.DMA1_Stream3_IRQHandler  adxl345.o
    0x0800181c   0x00000028   Code   RO          212    i.DMA1_Stream4_IRQHandler  adxl345.o
    0x08001844   0x0000000c   Code   RO          688    i.DMA1_Stream5_IRQHandler  adxrs453.o
    0x08001850   0x00000024   Code   RO          363    i.DMA2_Stream7_IRQHandler  telemetry.o
    0x08001874   0x00000028   Code   RO          213    i.Delay             adxl345.o
    0x0800189c   0x0000003c   Code   RO          801    i.EXTI15_10_IRQHandler  adxrs290.o
    0x080018d8   0x0000001c   Code   RO          214    i.EXTI1_IRQHandler  adxl345.o
    0x080018f4   0x00000038   Code   RO          575    i.EXTI2_IRQHandler  motors.o
    0x0800192c   0x00000034   Code   RO          576    i.EXTI4_IRQHandler  motors.o
    0x08001960   0x00000044   Code   RO          365    i.Message_ToByteArray  telemetry.o
    0x080019a4   0x00000020   Code   RO          580    i.Motors_Run        motors.o
    0x080019c4   0x00000028   Code   RO          582    i.Motors_Stop       motors.o
    0x080019ec   0x00000016   Code   RO          215    i.NVIC_EnableIRQ    adxl345.o
    0x08001a02   0x00000016   Code   RO          366    i.NVIC_EnableIRQ    telemetry.o
    0x08001a18   0x00000016   Code   RO          689    i.NVIC_EnableIRQ    adxrs453.o
    0x08001a2e   0x00000016   Code   RO          802    i.NVIC_EnableIRQ    adxrs290.o
    0x08001a44   0x00000028   Code   RO          216    i.NVIC_SetPriority  adxl345.o
    0x08001a6c   0x00000028   Code   RO          690    i.NVIC_SetPriority  adxrs453.o
    0x08001a94   0x00000078   Code   RO          474    i.Processing_TIM_Init  processing.o
    0x08001b0c   0x00000040   Code   RO            4    i.RCC_Init          main.o
    0x08001b4c   0x000000e8   Code   RO          217    i.SPI2_GPIO_Init    adxl345.o
    0x08001c34   0x000002f0   Code   RO          803    i.SPI2_IRQHandler   adxrs290.o
    0x08001f24   0x00000070   Code   RO          218    i.SPI2_Init         adxl345.o
    0x08001f94   0x00000016   Code   RO          219    i.SPI2_Read         adxl345.o
    0x08001faa   0x00000002   PAD
    0x08001fac   0x00000074   Code   RO          804    i.SPI2_SensorsPoll  adxrs290.o
    0x08002020   0x00000034   Code   RO          220    i.SPI2_Transfer     adxl345.o
    0x08002054   0x00000014   Code   RO          221    i.SPI2_Write        adxl345.o
    0x08002068   0x00000138   Code   RO          691    i.SPI3_GPIO_Init    adxrs453.o
    0x080021a0   0x0000005c   Code   RO          692    i.SPI3_Init         adxrs453.o
    0x080021fc   0x0000001c   Code   RO          693    i.SPI3_NSS_High     adxrs453.o
    0x08002218   0x0000001c   Code   RO          694    i.SPI3_NSS_Low      adxrs453.o
    0x08002234   0x0000003c   Code   RO          367    i.SendTelemetry     telemetry.o
    0x08002270   0x000000e0   Code   RO          991    i.SystemInit        system_stm32f4xx.o
    0x08002350   0x00000034   Code   RO          586    i.TIM1_BRK_TIM9_IRQHandler  motors.o
    0x08002384   0x00000024   Code   RO          696    i.TIM2_IRQHandler   adxrs453.o
    0x080023a8   0x00000060   Code   RO          587    i.TIM3_IRQHandler   motors.o
    0x08002408   0x00000034   Code   RO          588    i.TIM5_IRQHandler   motors.o
    0x0800243c   0x000000a0   Code   RO          475    i.TIM7_IRQHandler   processing.o
    0x080024dc   0x00000054   Code   RO          368    i.Telemetry_DMA_Init  telemetry.o
    0x08002530   0x00000678   Code   RO          369    i.USART1_IRQHandler  telemetry.o
    0x08002ba8   0x00000104   Code   RO          370    i.USART_Init        telemetry.o
    0x08002cac   0x00000014   Code   RO         1280    i.__hardfp_fabs     m_wm.l(fabs.o)
    0x08002cc0   0x0000007a   Code   RO         1310    i.__hardfp_sqrt     m_wm.l(sqrt_full.o)
    0x08002d3a   0x00000002   PAD
    0x08002d3c   0x0000001c   Code   RO            5    i.checkCalibrationFinish  main.o
    0x08002d58   0x00000060   Code   RO          478    i.getFinalData      processing.o
    0x08002db8   0x00000044   Code   RO          371    i.initWaitingForFloat  telemetry.o
    0x08002dfc   0x0000002c   Code   RO          372    i.initWaitingForInt  telemetry.o
    0x08002e28   0x00000054   Code   RO          480    i.lowpass           processing.o
    0x08002e7c   0x00000160   Code   RO          481    i.lpf_rect_hpf      processing.o
    0x08002fdc   0x0000048c   Code   RO            6    i.main              main.o
    0x08003468   0x000002c4   Code   RO         1218    x$fpl$d2f           g_wm.l(d2f_clz.o)
    0x0800372c   0x0000001a   Code   RO         1232    x$fpl$dfltn         g_wm.l(dflt_clz.o)
    0x08003746   0x00000102   Code   RO         1403    x$fpl$dnaninf       g_wm.l(dnaninf.o)
    0x08003848   0x00000070   Code   RO         1405    x$fpl$drenorm       g_wm.l(drenorm_clz.o)
    0x080038b8   0x0000000c   Code   RO         1407    x$fpl$dretinf       g_wm.l(dretinf.o)
    0x080038c4   0x00000208   Code   RO         1409    x$fpl$dsqrt         g_wm.l(dsqrt_umaalclz.o)
    0x08003acc   0x0000017a   Code   RO         1411    x$fpl$dunder        g_wm.l(dunder_clz.o)
    0x08003c46   0x00000002   PAD
    0x08003c48   0x000001ec   Code   RO         1413    x$fpl$exception     g_wm.l(except.o)
    0x08003e34   0x0000007a   Code   RO         1238    x$fpl$f2d           g_wm.l(f2d.o)
    0x08003eae   0x000000f2   Code   RO         1415    x$fpl$fnaninf       g_wm.l(fnaninf.o)
    0x08003fa0   0x0000000a   Code   RO         1512    x$fpl$fpinit        g_wm.l(fpinit.o)
    0x08003faa   0x0000000a   Code   RO         1417    x$fpl$fretinf       g_wm.l(fretinf.o)
    0x08003fb4   0x0000013c   Code   RO         1419    x$fpl$funder        g_wm.l(funder_clz.o)
    0x080040f0   0x000000b2   Code   RO         1514    x$fpl$retnan        g_wm.l(retnan.o)
    0x080041a2   0x0000007e   Code   RO         1421    x$fpl$trapveneer    g_wm.l(trapv.o)
    0x08004220   0x00000000   Code   RO         1423    x$fpl$usenofp       g_wm.l(usenofp.o)
    0x08004220   0x00000020   Data   RO         1602    Region$$Table       anon$$obj.o


    Execution Region ER_RW (Base: 0x20000000, Size: 0x00001448, Max: 0xffffffff, ABSOLUTE, COMPRESSED[0x00000f3c])

    Base Addr    Size         Type   Attr      Idx    E Section Name        Object

    0x20000000   0x00000040   Data   RW            8    .data               main.o
    0x20000040   0x00000030   Data   RW          223    .data               adxl345.o
    0x20000070   0x00000031   Data   RW          375    .data               telemetry.o
    0x200000a1   0x00000003   PAD
    0x200000a4   0x00000119   Data   RW          485    .data               processing.o
    0x200001bd   0x00000003   PAD
    0x200001c0   0x0000001e   Data   RW          589    .data               motors.o
    0x200001de   0x00000002   PAD
    0x200001e0   0x00000022   Data   RW          697    .data               adxrs453.o
    0x20000202   0x00000002   PAD
    0x20000204   0x000006e9   Data   RW          806    .data               adxrs290.o
    0x200008ed   0x00000003   PAD
    0x200008f0   0x00000b55   Data   RW          956    .data               filters.o


    Execution Region ER_ZI (Base: 0x20001448, Size: 0x00003ae0, Max: 0xffffffff, ABSOLUTE)

    Base Addr    Size         Type   Attr      Idx    E Section Name        Object

    0x20001448   0x00000030   Zero   RW          222    .bss                adxl345.o
    0x20001478   0x000000dc   Zero   RW          374    .bss                telemetry.o
    0x20001554   0x000003dc   Zero   RW          484    .bss                processing.o
    0x20001930   0x00000048   Zero   RW          805    .bss                adxrs290.o
    0x20001978   0x0000294c   Zero   RW          955    .bss                filters.o
    0x200042c4   0x00000060   Zero   RW         1465    .bss                c_w.l(libspace.o)
    0x20004324   0x00000004   PAD
    0x20004328   0x00000400   Zero   RW          981    HEAP                startup_stm32f407xx.o
    0x20004728   0x00000800   Zero   RW          980    STACK               startup_stm32f407xx.o


==============================================================================

Image component sizes


      Code (inc. data)   RO Data    RW Data    ZI Data      Debug   Object Name

      1772        202          0         48         48      38188   adxl345.o
      1544        194          0       1769         72       8292   adxrs290.o
      1020        138          0         34          0       6663   adxrs453.o
         0          0          0       2901      10572       2580   filters.o
      1256        236          0         64          0     261063   main.o
       380         98          0         30          0       3777   motors.o
       812        104          0        281        988       7149   processing.o
        64         26        392          0       3072        864   startup_stm32f407xx.o
       224         22          0          0          0        585   system_stm32f4xx.o
      2298        418          0         49        220      34411   telemetry.o

    ----------------------------------------------------------------------
      9376       1438        424       5192      14972     363572   Object Totals
         0          0         32          0          0          0   (incl. Generated)
         6          0          0         16          0          0   (incl. Padding)

    ----------------------------------------------------------------------

      Code (inc. data)   RO Data    RW Data    ZI Data      Debug   Library Member Name

      1086          4          0          0          0      19035   arm_fir_decimate_f32.o
        52          0          0          0          0       1068   arm_fir_decimate_init_f32.o
      1330          6          0          0          0       2942   arm_fir_f32.o
        28          0          0          0          0        919   arm_fir_init_f32.o
       100          0          0          0          0          0   __dclz77c.o
         8          0          0          0          0         68   __main.o
         0          0          0          0          0          0   __rtentry.o
        12          0          0          0          0          0   __rtentry2.o
         6          0          0          0          0          0   __rtentry4.o
        52          8          0          0          0          0   __scatter.o
        28          0          0          0          0          0   __scatter_zi.o
        48          4          0          0          0         84   _fptrap.o
        22          0          0          0          0        100   _rserrno.o
        10          0          0          0          0         68   defsig_exit.o
       172        110          0          0          0         76   defsig_fpe_inner.o
        14          0          0          0          0         80   defsig_fpe_outer.o
        50          0          0          0          0         88   defsig_general.o
        12          0          0          0          0         72   exit.o
         6          0          0          0          0        152   heapauxi.o
         0          0          0          0          0          0   indicate_semi.o
         2          0          0          0          0          0   libinit.o
         6          0          0          0          0          0   libinit2.o
         2          0          0          0          0          0   libshutdown.o
         2          0          0          0          0          0   libshutdown2.o
         8          4          0          0         96         68   libspace.o
         8          4          0          0          0         68   rt_errno_addr_intlibspace.o
        78          0          0          0          0         80   rt_memclr_w.o
       138          0          0          0          0         68   rt_memcpy_v6.o
       100          0          0          0          0         80   rt_memcpy_w.o
         2          0          0          0          0          0   rtexit.o
        10          0          0          0          0          0   rtexit2.o
        12          4          0          0          0         68   sys_exit.o
        74          0          0          0          0         80   sys_stackheap_outer.o
        14          0          0          0          0         76   sys_wrch.o
         2          0          0          0          0         68   use_no_semi.o
       708         16          0          0          0        140   d2f_clz.o
        26          0          0          0          0        116   dflt_clz.o
       258          4          0          0          0        156   dnaninf.o
       112          0          0          0          0        160   drenorm_clz.o
        12          0          0          0          0        116   dretinf.o
       520         56          0          0          0        180   dsqrt_umaalclz.o
       378          0          0          0          0        168   dunder_clz.o
       492         36          0          0          0        148   except.o
       122          8          0          0          0        132   f2d.o
       242          4          0          0          0        144   fnaninf.o
        10          0          0          0          0        116   fpinit.o
        10          0          0          0          0        116   fretinf.o
       316          0          0          0          0        132   funder_clz.o
       178          0          0          0          0        116   retnan.o
       126          0          0          0          0        148   trapv.o
         0          0          0          0          0          0   usenofp.o
        20          0          0          0          0        124   fabs.o
       122          0          0          0          0        148   sqrt_full.o

    ----------------------------------------------------------------------
      7160        268          0          0        100      27768   Library Totals
        14          0          0          0          4          0   (incl. Padding)

    ----------------------------------------------------------------------

      Code (inc. data)   RO Data    RW Data    ZI Data      Debug   Library Name

      2496         10          0          0          0      23964   arm_cortexM4lf_math.lib
       998        134          0          0         96       1444   c_w.l
      3510        124          0          0          0       2088   g_wm.l
       142          0          0          0          0        272   m_wm.l

    ----------------------------------------------------------------------
      7160        268          0          0        100      27768   Library Totals

    ----------------------------------------------------------------------

==============================================================================


      Code (inc. data)   RO Data    RW Data    ZI Data      Debug   

     16536       1706        424       5192      15072     382712   Grand Totals
     16536       1706        424       3900      15072     382712   ELF Image Totals (compressed)
     16536       1706        424       3900          0          0   ROM Totals

==============================================================================

    Total RO  Size (Code + RO Data)                16960 (  16.56kB)
    Total RW  Size (RW Data + ZI Data)             20264 (  19.79kB)
    Total ROM Size (Code + RO Data + RW Data)      20860 (  20.37kB)

==============================================================================

