Component: ARM Compiler 5.05 update 1 (build 106) Tool: armlink [4d0efa]

==============================================================================

Section Cross References

    main.o(i.checkCalibrationFinish) refers to processing.o(i.Processing_TIM_Init) for Processing_TIM_Init
    main.o(i.checkCalibrationFinish) refers to adxrs290.o(.data) for adxrs290_calibr_on
    main.o(i.checkCalibrationFinish) refers to adxl345.o(.data) for accel_calibr_on
    main.o(i.main) refers to main.o(i.RCC_Init) for RCC_Init
    main.o(i.main) refers to arm_fir_decimate_init_f32.o(.text) for arm_fir_decimate_init_f32
    main.o(i.main) refers to adxl345.o(i.Accel_VDD_Init) for Accel_VDD_Init
    main.o(i.main) refers to adxl345.o(i.Accel_NSS_Init) for Accel_NSS_Init
    main.o(i.main) refers to adxl345.o(i.Accel_NSS_High) for Accel_NSS_High
    main.o(i.main) refers to adxrs290.o(i.ADXRS290_NSS_Init) for ADXRS290_NSS_Init
    main.o(i.main) refers to adxrs290.o(i.ADXRS290_NSS_High) for ADXRS290_NSS_High
    main.o(i.main) refers to adxl345.o(i.SPI2_Init) for SPI2_Init
    main.o(i.main) refers to adxl345.o(i.ADXL345_Init) for ADXL345_Init
    main.o(i.main) refers to adxl345.o(i.Accel_EXTI_Init) for Accel_EXTI_Init
    main.o(i.main) refers to adxl345.o(i.ADXL345_Calibr) for ADXL345_Calibr
    main.o(i.main) refers to adxrs290.o(i.ADXRS290_Init) for ADXRS290_Init
    main.o(i.main) refers to adxrs290.o(i.ADXRS290_EXTI_Init) for ADXRS290_EXTI_Init
    main.o(i.main) refers to adxrs290.o(i.ADXRS290_Calibr) for ADXRS290_Calibr
    main.o(i.main) refers to adxrs453.o(i.SPI3_Init) for SPI3_Init
    main.o(i.main) refers to adxrs453.o(i.ADXRS_TIM_Init) for ADXRS_TIM_Init
    main.o(i.main) refers to telemetry.o(i.USART_Init) for USART_Init
    main.o(i.main) refers to processing.o(i.lowpass) for lowpass
    main.o(i.main) refers to arm_fir_decimate_f32.o(.text) for arm_fir_decimate_f32
    main.o(i.main) refers to main.o(i.checkCalibrationFinish) for checkCalibrationFinish
    main.o(i.main) refers to telemetry.o(.data) for Message_Size
    main.o(i.main) refers to filters.o(.bss) for accel_lpf_state
    main.o(i.main) refers to filters.o(.data) for accel_lpf_coeffs
    main.o(i.main) refers to processing.o(.data) for doAdxrsProcess
    main.o(i.main) refers to processing.o(.bss) for adxrs_b
    main.o(i.main) refers to adxl345.o(.data) for accel_calibr_on
    main.o(i.main) refers to adxl345.o(.bss) for accel_sum
    main.o(i.main) refers to adxrs290.o(.data) for adxrs290_calibr_on
    syssolve.o(i.mat2_inv) refers to syssolve.o(i.det2) for det2
    syssolve.o(i.system_solve) refers to h1_alloc.o(.text) for malloc
    syssolve.o(i.system_solve) refers to syssolve.o(i.transpose) for transpose
    syssolve.o(i.system_solve) refers to syssolve.o(i.mat_mul) for mat_mul
    syssolve.o(i.system_solve) refers to syssolve.o(i.det3) for det3
    syssolve.o(i.system_solve) refers to h1_free.o(.text) for free
    syssolve.o(i.system_solve) refers to rt_memcpy_w.o(.text) for __aeabi_memcpy4
    adxl345.o(i.ADXL345_Calibr) refers to adxl345.o(.bss) for accel_sum
    adxl345.o(i.ADXL345_Calibr) refers to adxl345.o(.data) for accel_calibr_index
    adxl345.o(i.ADXL345_DMA_Init) refers to adxl345.o(i.NVIC_SetPriority) for NVIC_SetPriority
    adxl345.o(i.ADXL345_DMA_Init) refers to adxl345.o(i.NVIC_EnableIRQ) for NVIC_EnableIRQ
    adxl345.o(i.ADXL345_DMA_Init) refers to adxl345.o(i.Accel_NSS_Low) for Accel_NSS_Low
    adxl345.o(i.ADXL345_DMA_Init) refers to adxl345.o(.bss) for accel
    adxl345.o(i.ADXL345_DMA_Init) refers to adxl345.o(.data) for accelRegisters
    adxl345.o(i.ADXL345_GetAccel) refers to adxl345.o(i.Accel_NSS_Low) for Accel_NSS_Low
    adxl345.o(i.ADXL345_GetAccel) refers to adxl345.o(i.SPI2_Read) for SPI2_Read
    adxl345.o(i.ADXL345_GetAccel) refers to adxl345.o(i.Accel_NSS_High) for Accel_NSS_High
    adxl345.o(i.ADXL345_Init) refers to adxl345.o(i.Accel_VDD_Init) for Accel_VDD_Init
    adxl345.o(i.ADXL345_Init) refers to adxl345.o(i.Accel_NSS_Init) for Accel_NSS_Init
    adxl345.o(i.ADXL345_Init) refers to adxl345.o(i.Delay) for Delay
    adxl345.o(i.ADXL345_Init) refers to adxl345.o(i.Accel_NSS_Low) for Accel_NSS_Low
    adxl345.o(i.ADXL345_Init) refers to adxl345.o(i.SPI2_Read) for SPI2_Read
    adxl345.o(i.ADXL345_Init) refers to adxl345.o(i.SPI2_Write) for SPI2_Write
    adxl345.o(i.ADXL345_Init) refers to adxl345.o(i.Accel_NSS_High) for Accel_NSS_High
    adxl345.o(i.ADXL345_Init) refers to adxl345.o(.data) for curFreq
    adxl345.o(i.Accel_EXTI_Init) refers to adxl345.o(i.NVIC_SetPriority) for NVIC_SetPriority
    adxl345.o(i.Accel_EXTI_Init) refers to adxl345.o(i.NVIC_EnableIRQ) for NVIC_EnableIRQ
    adxl345.o(i.Accel_GetData) refers to adxl345.o(i.ADXL345_DMA_Init) for ADXL345_DMA_Init
    adxl345.o(i.Accel_GetData) refers to adxrs290.o(.data) for SPI2_curUsing
    adxl345.o(i.Accel_NSS_High) refers to adxl345.o(.data) for ACCEL_NSS
    adxl345.o(i.Accel_NSS_Init) refers to adxl345.o(.data) for ACCEL_NSS
    adxl345.o(i.Accel_NSS_Low) refers to adxl345.o(.data) for ACCEL_NSS
    adxl345.o(i.Accel_UpdateFreq) refers to adxl345.o(i.Accel_NSS_Low) for Accel_NSS_Low
    adxl345.o(i.Accel_UpdateFreq) refers to adxl345.o(i.SPI2_Write) for SPI2_Write
    adxl345.o(i.Accel_UpdateFreq) refers to adxl345.o(i.Accel_NSS_High) for Accel_NSS_High
    adxl345.o(i.Accel_UpdateFreq) refers to adxl345.o(.data) for freshFreq
    adxl345.o(i.Accel_VDD_Init) refers to adxl345.o(.data) for ACCEL_VDD
    adxl345.o(i.DMA1_Stream3_IRQHandler) refers to adxrs290.o(i.All_NSS_High) for All_NSS_High
    adxl345.o(i.DMA1_Stream3_IRQHandler) refers to adxl345.o(i.Accel_UpdateFreq) for Accel_UpdateFreq
    adxl345.o(i.DMA1_Stream3_IRQHandler) refers to rt_memcpy_w.o(.text) for __aeabi_memcpy4
    adxl345.o(i.DMA1_Stream3_IRQHandler) refers to adxrs290.o(i.SPI2_SensorsPoll) for SPI2_SensorsPoll
    adxl345.o(i.DMA1_Stream3_IRQHandler) refers to adxl345.o(.bss) for accel
    adxl345.o(i.DMA1_Stream3_IRQHandler) refers to adxl345.o(.data) for a
    adxl345.o(i.DMA1_Stream3_IRQHandler) refers to filters.o(.bss) for accel_history
    adxl345.o(i.DMA1_Stream3_IRQHandler) refers to filters.o(.data) for accel_history_index
    adxl345.o(i.DMA1_Stream3_IRQHandler) refers to processing.o(.data) for accelLowpassReady
    adxl345.o(i.EXTI1_IRQHandler) refers to adxl345.o(i.Accel_GetData) for Accel_GetData
    adxl345.o(i.SPI2_GPIO_Init) refers to adxl345.o(i.Accel_NSS_High) for Accel_NSS_High
    adxl345.o(i.SPI2_GPIO_Init) refers to adxl345.o(.data) for SPI2_SCK
    adxl345.o(i.SPI2_Init) refers to adxl345.o(i.SPI2_GPIO_Init) for SPI2_GPIO_Init
    adxl345.o(i.SPI2_Read) refers to adxl345.o(i.SPI2_Transfer) for SPI2_Transfer
    adxl345.o(i.SPI2_Write) refers to adxl345.o(i.SPI2_Transfer) for SPI2_Transfer
    telemetry.o(i.DMA2_Stream7_IRQHandler) refers to telemetry.o(.data) for USART_DMA_transferComleted
    telemetry.o(i.Message_FromByteArray) refers to rt_memcpy_v6.o(.text) for __aeabi_memcpy
    telemetry.o(i.Message_FromByteArray) refers to telemetry.o(.data) for Message_Size
    telemetry.o(i.Message_ToByteArray) refers to rt_memcpy_v6.o(.text) for __aeabi_memcpy
    telemetry.o(i.Message_ToByteArray) refers to telemetry.o(.data) for Message_Size
    telemetry.o(i.SendTelemetry) refers to telemetry.o(i.Message_ToByteArray) for Message_ToByteArray
    telemetry.o(i.SendTelemetry) refers to telemetry.o(i.Telemetry_DMA_Init) for Telemetry_DMA_Init
    telemetry.o(i.SendTelemetry) refers to telemetry.o(.data) for telemetryOn
    telemetry.o(i.SendTelemetry) refers to telemetry.o(.bss) for tele
    telemetry.o(i.Telemetry_DMA_Init) refers to telemetry.o(i.NVIC_EnableIRQ) for NVIC_EnableIRQ
    telemetry.o(i.Telemetry_DMA_Init) refers to telemetry.o(.data) for USART_DMA_transferComleted
    telemetry.o(i.Telemetry_DMA_Init) refers to telemetry.o(.bss) for tele
    telemetry.o(i.USART1_IRQHandler) refers to motors.o(i.Motors_Stop) for Motors_Stop
    telemetry.o(i.USART1_IRQHandler) refers to adxl345.o(i.ADXL345_Calibr) for ADXL345_Calibr
    telemetry.o(i.USART1_IRQHandler) refers to adxrs290.o(i.ADXRS290_Calibr) for ADXRS290_Calibr
    telemetry.o(i.USART1_IRQHandler) refers to telemetry.o(i.initWaitingForInt) for initWaitingForInt
    telemetry.o(i.USART1_IRQHandler) refers to telemetry.o(i.initWaitingForFloat) for initWaitingForFloat
    telemetry.o(i.USART1_IRQHandler) refers to telemetry.o(.data) for received
    telemetry.o(i.USART1_IRQHandler) refers to processing.o(.data) for research
    telemetry.o(i.USART1_IRQHandler) refers to adxl345.o(.data) for freshFreq
    telemetry.o(i.USART1_IRQHandler) refers to motors.o(.data) for maxPwm
    telemetry.o(i.USART1_IRQHandler) refers to main.o(.data) for Kp
    telemetry.o(i.USART1_IRQHandler) refers to telemetry.o(.bss) for str
    telemetry.o(i.USART_Init) refers to telemetry.o(i.NVIC_EnableIRQ) for NVIC_EnableIRQ
    telemetry.o(i.USART_Init) refers to telemetry.o(.data) for UART1_TX
    telemetry.o(i.initWaitingForFloat) refers to telemetry.o(.data) for curWaiting
    telemetry.o(i.initWaitingForInt) refers to telemetry.o(.data) for curWaiting
    processing.o(i.Motors_CalcPwm) refers to f2d.o(x$fpl$f2d) for __aeabi_f2d
    processing.o(i.Motors_CalcPwm) refers to fabs.o(i.__hardfp_fabs) for __hardfp_fabs
    processing.o(i.Motors_CalcPwm) refers to d2f_clz.o(x$fpl$d2f) for __aeabi_d2f
    processing.o(i.Motors_CalcPwm) refers to processing.o(i.pwm_from_force) for pwm_from_force
    processing.o(i.Motors_CalcPwm) refers to main.o(.data) for F
    processing.o(i.Motors_CalcPwm) refers to motors.o(.data) for maxPwm
    processing.o(i.TIM7_IRQHandler) refers to processing.o(i.getFinalData) for getFinalData
    processing.o(i.TIM7_IRQHandler) refers to telemetry.o(i.SendTelemetry) for SendTelemetry
    processing.o(i.TIM7_IRQHandler) refers to adxrs290.o(.data) for calibrated_ar
    processing.o(i.TIM7_IRQHandler) refers to processing.o(.data) for phi_x
    processing.o(i.TIM7_IRQHandler) refers to telemetry.o(.bss) for message
    processing.o(i.calcAngleRate) refers to f2d.o(x$fpl$f2d) for __aeabi_f2d
    processing.o(i.calcAngleRate) refers to ddiv_clz.o(x$fpl$ddiv) for __aeabi_ddiv
    processing.o(i.calcAngleRate) refers to d2f_clz.o(x$fpl$d2f) for __aeabi_d2f
    processing.o(i.calcAngleRate) refers to dmul_clz.o(x$fpl$dmul) for __aeabi_dmul
    processing.o(i.calcAngleRate) refers to tan.o(i.__hardfp_tan) for __hardfp_tan
    processing.o(i.calcAngleRate) refers to cos.o(i.__hardfp_cos) for __hardfp_cos
    processing.o(i.calcAngleRate) refers to sin.o(i.__hardfp_sin) for __hardfp_sin
    processing.o(i.calcAngleRate) refers to daddsub_clz.o(x$fpl$dadd) for __aeabi_dadd
    processing.o(i.calcAngleRate) refers to adxrs290.o(.bss) for ars_filteredData
    processing.o(i.calcAngleRate) refers to main.o(.bss) for angleRate
    processing.o(i.calcAngleRate) refers to processing.o(.data) for filteredVel
    processing.o(i.calcAngleRate) refers to processing.o(.bss) for eulerAngleRate
    processing.o(i.force_from_freq2) refers to processing.o(.data) for b_f2
    processing.o(i.getFinalData) refers to processing.o(.data) for lowpassOn
    processing.o(i.getFinalData) refers to filters.o(.bss) for filtered_a
    processing.o(i.getFinalData) refers to processing.o(.bss) for final_a
    processing.o(i.getFinalData) refers to adxl345.o(.data) for a
    processing.o(i.kalman2) refers to syssolve.o(i.mat_mul) for mat_mul
    processing.o(i.kalman2) refers to syssolve.o(i.transpose) for transpose
    processing.o(i.kalman2) refers to syssolve.o(i.mat_add) for mat_add
    processing.o(i.kalman2) refers to syssolve.o(i.mat2_inv) for mat2_inv
    processing.o(i.kalman2) refers to syssolve.o(i.mat_sub) for mat_sub
    processing.o(i.kalman2) refers to processing.o(.data) for I
    processing.o(i.pid_control) refers to processing.o(i.Motors_CalcPwm) for Motors_CalcPwm
    processing.o(i.pid_control) refers to motors.o(i.Motors_Run) for Motors_Run
    processing.o(i.pid_control) refers to main.o(.bss) for angle
    processing.o(i.pid_control) refers to processing.o(.data) for angleIntegral
    processing.o(i.pid_control) refers to main.o(.data) for Kp
    processing.o(i.pwm_from_force) refers to processing.o(.data) for b_dc
    motors.o(i.EXTI2_IRQHandler) refers to main.o(.data) for COUNT1
    motors.o(i.EXTI4_IRQHandler) refers to main.o(.data) for COUNT2
    motors.o(i.Motors_EXTI_Init) refers to motors.o(i.NVIC_SetPriority) for NVIC_SetPriority
    motors.o(i.Motors_EXTI_Init) refers to motors.o(i.NVIC_EnableIRQ) for NVIC_EnableIRQ
    motors.o(i.Motors_GPIO_Init) refers to motors.o(.data) for MOT_PWM1
    motors.o(i.Motors_Init) refers to motors.o(i.Motors_GPIO_Init) for Motors_GPIO_Init
    motors.o(i.Motors_Init) refers to motors.o(i.Motors_EXTI_Init) for Motors_EXTI_Init
    motors.o(i.Motors_Init) refers to motors.o(i.Motors_TIM_Init) for Motors_TIM_Init
    motors.o(i.Motors_Run) refers to main.o(.data) for pwm1
    motors.o(i.Motors_SetPwm) refers to main.o(.data) for pwm
    motors.o(i.Motors_SetPwm) refers to motors.o(.data) for minPwm
    motors.o(i.Motors_Stop) refers to motors.o(i.Motors_Run) for Motors_Run
    motors.o(i.Motors_Stop) refers to main.o(.data) for pwm
    motors.o(i.Motors_TIM_Init) refers to motors.o(i.NVIC_SetPriority) for NVIC_SetPriority
    motors.o(i.Motors_TIM_Init) refers to motors.o(i.NVIC_EnableIRQ) for NVIC_EnableIRQ
    motors.o(i.Motors_TIM_Init) refers to motors.o(.data) for start_pwm
    motors.o(i.TIM1_BRK_TIM9_IRQHandler) refers to motors.o(.data) for Motor2Off
    motors.o(i.TIM1_BRK_TIM9_IRQHandler) refers to main.o(.data) for COUNT2
    motors.o(i.TIM3_IRQHandler) refers to motors.o(.data) for tim3_status
    motors.o(i.TIM3_IRQHandler) refers to main.o(.data) for ENGRDY
    motors.o(i.TIM5_IRQHandler) refers to motors.o(.data) for Motor1Off
    motors.o(i.TIM5_IRQHandler) refers to main.o(.data) for COUNT1
    adxrs453.o(i.ADXRS453_Read) refers to adxrs453.o(i.SPI3_NSS_Low) for SPI3_NSS_Low
    adxrs453.o(i.ADXRS453_Read) refers to adxrs453.o(i.SPI3_Transfer) for SPI3_Transfer
    adxrs453.o(i.ADXRS453_Read) refers to adxrs453.o(i.SPI3_NSS_High) for SPI3_NSS_High
    adxrs453.o(i.ADXRS_Calibr) refers to adxrs453.o(.data) for adxrs_Sum
    adxrs453.o(i.ADXRS_DMA_Read) refers to adxrs453.o(i.NVIC_SetPriority) for NVIC_SetPriority
    adxrs453.o(i.ADXRS_DMA_Read) refers to adxrs453.o(i.NVIC_EnableIRQ) for NVIC_EnableIRQ
    adxrs453.o(i.ADXRS_DMA_Read) refers to adxrs453.o(i.SPI3_NSS_Low) for SPI3_NSS_Low
    adxrs453.o(i.ADXRS_DMA_Read) refers to adxrs453.o(.data) for transferFinished
    adxrs453.o(i.ADXRS_TIM_Init) refers to adxrs453.o(i.NVIC_SetPriority) for NVIC_SetPriority
    adxrs453.o(i.ADXRS_TIM_Init) refers to adxrs453.o(i.NVIC_EnableIRQ) for NVIC_EnableIRQ
    adxrs453.o(i.DMA1_Stream2_IRQHandler) refers to adxrs453.o(i.SPI3_NSS_High) for SPI3_NSS_High
    adxrs453.o(i.DMA1_Stream2_IRQHandler) refers to rt_memcpy_w.o(.text) for __aeabi_memcpy4
    adxrs453.o(i.DMA1_Stream2_IRQHandler) refers to adxrs453.o(.data) for adxrsResponses
    adxrs453.o(i.DMA1_Stream2_IRQHandler) refers to filters.o(.bss) for adxrs453_history
    adxrs453.o(i.DMA1_Stream2_IRQHandler) refers to filters.o(.data) for adxrs453_history_index
    adxrs453.o(i.DMA1_Stream2_IRQHandler) refers to processing.o(.data) for lowpassOn
    adxrs453.o(i.SPI3_GPIO_Init) refers to adxrs453.o(.data) for SPI3_SCK
    adxrs453.o(i.SPI3_Init) refers to adxrs453.o(i.SPI3_GPIO_Init) for SPI3_GPIO_Init
    adxrs453.o(i.SPI3_NSS_High) refers to adxrs453.o(.data) for SPI3_NSS
    adxrs453.o(i.SPI3_NSS_Low) refers to adxrs453.o(.data) for SPI3_NSS
    adxrs453.o(i.TIM2_IRQHandler) refers to adxrs453.o(i.ADXRS_DMA_Read) for ADXRS_DMA_Read
    adxrs290.o(i.ADXRS290_Calibr) refers to adxrs290.o(.data) for adxrs290_sum
    adxrs290.o(i.ADXRS290_EXTI_Init) refers to adxrs290.o(i.NVIC_EnableIRQ) for NVIC_EnableIRQ
    adxrs290.o(i.ADXRS290_EXTI_Init) refers to adxrs290.o(.data) for ADXRS290_EXTI_PIN
    adxrs290.o(i.ADXRS290_Init) refers to adxrs290.o(i.ADXRS290_NSS_Init) for ADXRS290_NSS_Init
    adxrs290.o(i.ADXRS290_Init) refers to adxrs290.o(i.ADXRS290_NSS_High) for ADXRS290_NSS_High
    adxrs290.o(i.ADXRS290_Init) refers to adxrs290.o(i.ADXRS290_NSS_Low) for ADXRS290_NSS_Low
    adxrs290.o(i.ADXRS290_Init) refers to adxl345.o(i.SPI2_Write) for SPI2_Write
    adxrs290.o(i.ADXRS290_Init) refers to adxl345.o(i.SPI2_Read) for SPI2_Read
    adxrs290.o(i.ADXRS290_Init) refers to adxrs290.o(i.NVIC_EnableIRQ) for NVIC_EnableIRQ
    adxrs290.o(i.ADXRS290_NSS_High) refers to adxrs290.o(.data) for ADXRS290_NSS_PORT
    adxrs290.o(i.ADXRS290_NSS_Init) refers to adxrs290.o(.data) for ADXRS290_NSS_PORT
    adxrs290.o(i.ADXRS290_NSS_Low) refers to adxrs290.o(.data) for ADXRS290_NSS_PORT
    adxrs290.o(i.ARS_GetData) refers to adxrs290.o(i.ADXRS290_NSS_Low) for ADXRS290_NSS_Low
    adxrs290.o(i.ARS_GetData) refers to adxrs290.o(.data) for SPI2_curUsing
    adxrs290.o(i.All_NSS_High) refers to adxl345.o(i.Accel_NSS_High) for Accel_NSS_High
    adxrs290.o(i.All_NSS_High) refers to adxrs290.o(i.ADXRS290_NSS_High) for ADXRS290_NSS_High
    adxrs290.o(i.EXTI15_10_IRQHandler) refers to adxrs290.o(i.ARS_GetData) for ARS_GetData
    adxrs290.o(i.EXTI15_10_IRQHandler) refers to adxrs290.o(.data) for ADXRS290_EXTI_PIN
    adxrs290.o(i.SPI2_IRQHandler) refers to adxrs290.o(i.ADXRS290_NSS_High) for ADXRS290_NSS_High
    adxrs290.o(i.SPI2_IRQHandler) refers to adxrs290.o(i.ADXRS290_NSS_Low) for ADXRS290_NSS_Low
    adxrs290.o(i.SPI2_IRQHandler) refers to rt_memcpy_w.o(.text) for __aeabi_memcpy4
    adxrs290.o(i.SPI2_IRQHandler) refers to adxrs290.o(i.SPI2_SensorsPoll) for SPI2_SensorsPoll
    adxrs290.o(i.SPI2_IRQHandler) refers to adxrs290.o(.data) for SPI2_curUsing
    adxrs290.o(i.SPI2_IRQHandler) refers to adxrs290.o(.bss) for ars_rawData
    adxrs290.o(i.SPI2_IRQHandler) refers to filters.o(.bss) for adxrs290_history
    adxrs290.o(i.SPI2_IRQHandler) refers to filters.o(.data) for adxrs290_history_index
    adxrs290.o(i.SPI2_IRQHandler) refers to processing.o(.data) for lowpassOn
    adxrs290.o(i.SPI2_SensorsPoll) refers to adxrs290.o(.data) for SPI2_curUsing
    adxrs290.o(i.SPI2_SensorsPoll) refers to adxl345.o(.data) for ACCEL_INT1
    quaternion.o(i.Quat_FromAngleRate) refers to quaternion.o(i.Vect3_Mul) for Vect3_Mul
    quaternion.o(i.Quat_FromAngleRate) refers to quaternion.o(i.Vect3_Mod) for Vect3_Mod
    quaternion.o(i.Quat_FromAngleRate) refers to f2d.o(x$fpl$f2d) for __aeabi_f2d
    quaternion.o(i.Quat_FromAngleRate) refers to ddiv_clz.o(x$fpl$ddiv) for __aeabi_ddiv
    quaternion.o(i.Quat_FromAngleRate) refers to d2f_clz.o(x$fpl$d2f) for __aeabi_d2f
    quaternion.o(i.Quat_FromAngleRate) refers to sin.o(i.__hardfp_sin) for __hardfp_sin
    quaternion.o(i.Quat_FromAngleRate) refers to cos.o(i.__hardfp_cos) for __hardfp_cos
    quaternion.o(i.Quat_Mul) refers to quaternion.o(i.Vect3_ScalarMul) for Vect3_ScalarMul
    quaternion.o(i.Quat_Mul) refers to quaternion.o(i.Vect3_VectorMul) for Vect3_VectorMul
    quaternion.o(i.Quat_Mul) refers to quaternion.o(i.Vect3_Mul) for Vect3_Mul
    quaternion.o(i.Quat_Mul) refers to quaternion.o(i.Vect3_Add) for Vect3_Add
    quaternion.o(i.Quat_ToEuler) refers to f2d.o(x$fpl$f2d) for __aeabi_f2d
    quaternion.o(i.Quat_ToEuler) refers to daddsub_clz.o(x$fpl$drsb) for __aeabi_drsub
    quaternion.o(i.Quat_ToEuler) refers to ddiv_clz.o(x$fpl$ddiv) for __aeabi_ddiv
    quaternion.o(i.Quat_ToEuler) refers to atan.o(i.__hardfp_atan) for __hardfp_atan
    quaternion.o(i.Quat_ToEuler) refers to d2f_clz.o(x$fpl$d2f) for __aeabi_d2f
    quaternion.o(i.Quat_ToEuler) refers to asin.o(i.__hardfp_asin) for __hardfp_asin
    quaternion.o(i.Quat_ToEuler) refers to dmul_clz.o(x$fpl$dmul) for __aeabi_dmul
    quaternion.o(i.Vect3_Mod) refers to f2d.o(x$fpl$f2d) for __aeabi_f2d
    quaternion.o(i.Vect3_Mod) refers to sqrt_full.o(i.__hardfp_sqrt) for __hardfp_sqrt
    quaternion.o(i.Vect3_Mod) refers to d2f_clz.o(x$fpl$d2f) for __aeabi_d2f
    mymath.o(i.nelder_mead) refers to h1_alloc.o(.text) for malloc
    mymath.o(i.nelder_mead) refers to rt_memcpy_w.o(.text) for __aeabi_memcpy4
    mymath.o(i.nelder_mead) refers to dflt_clz.o(x$fpl$dflt) for __aeabi_i2d
    mymath.o(i.nelder_mead) refers to f2d.o(x$fpl$f2d) for __aeabi_f2d
    mymath.o(i.nelder_mead) refers to sqrt_full.o(i.__hardfp_sqrt) for __hardfp_sqrt
    mymath.o(i.nelder_mead) refers to ddiv_clz.o(x$fpl$ddiv) for __aeabi_ddiv
    mymath.o(i.nelder_mead) refers to d2f_clz.o(x$fpl$d2f) for __aeabi_d2f
    mymath.o(i.nelder_mead) refers to rt_memclr_w.o(.text) for __aeabi_memclr4
    mymath.o(i.nelder_mead) refers to dmul_clz.o(x$fpl$dmul) for __aeabi_dmul
    mymath.o(i.nelder_mead) refers to daddsub_clz.o(x$fpl$dsub) for __aeabi_dsub
    mymath.o(i.nelder_mead) refers to daddsub_clz.o(x$fpl$dadd) for __aeabi_dadd
    mymath.o(i.nelder_mead) refers to h1_free.o(.text) for free
    startup_stm32f407xx.o(STACK) refers (Special) to heapauxi.o(.text) for __use_two_region_memory
    startup_stm32f407xx.o(HEAP) refers (Special) to heapauxi.o(.text) for __use_two_region_memory
    startup_stm32f407xx.o(RESET) refers (Special) to heapauxi.o(.text) for __use_two_region_memory
    startup_stm32f407xx.o(RESET) refers to startup_stm32f407xx.o(STACK) for __initial_sp
    startup_stm32f407xx.o(RESET) refers to startup_stm32f407xx.o(.text) for Reset_Handler
    startup_stm32f407xx.o(RESET) refers to adxl345.o(i.EXTI1_IRQHandler) for EXTI1_IRQHandler
    startup_stm32f407xx.o(RESET) refers to motors.o(i.EXTI2_IRQHandler) for EXTI2_IRQHandler
    startup_stm32f407xx.o(RESET) refers to motors.o(i.EXTI4_IRQHandler) for EXTI4_IRQHandler
    startup_stm32f407xx.o(RESET) refers to adxrs453.o(i.DMA1_Stream2_IRQHandler) for DMA1_Stream2_IRQHandler
    startup_stm32f407xx.o(RESET) refers to adxl345.o(i.DMA1_Stream3_IRQHandler) for DMA1_Stream3_IRQHandler
    startup_stm32f407xx.o(RESET) refers to adxl345.o(i.DMA1_Stream4_IRQHandler) for DMA1_Stream4_IRQHandler
    startup_stm32f407xx.o(RESET) refers to adxrs453.o(i.DMA1_Stream5_IRQHandler) for DMA1_Stream5_IRQHandler
    startup_stm32f407xx.o(RESET) refers to motors.o(i.TIM1_BRK_TIM9_IRQHandler) for TIM1_BRK_TIM9_IRQHandler
    startup_stm32f407xx.o(RESET) refers to adxrs453.o(i.TIM2_IRQHandler) for TIM2_IRQHandler
    startup_stm32f407xx.o(RESET) refers to motors.o(i.TIM3_IRQHandler) for TIM3_IRQHandler
    startup_stm32f407xx.o(RESET) refers to adxrs290.o(i.SPI2_IRQHandler) for SPI2_IRQHandler
    startup_stm32f407xx.o(RESET) refers to telemetry.o(i.USART1_IRQHandler) for USART1_IRQHandler
    startup_stm32f407xx.o(RESET) refers to adxrs290.o(i.EXTI15_10_IRQHandler) for EXTI15_10_IRQHandler
    startup_stm32f407xx.o(RESET) refers to motors.o(i.TIM5_IRQHandler) for TIM5_IRQHandler
    startup_stm32f407xx.o(RESET) refers to processing.o(i.TIM7_IRQHandler) for TIM7_IRQHandler
    startup_stm32f407xx.o(RESET) refers to telemetry.o(i.DMA2_Stream7_IRQHandler) for DMA2_Stream7_IRQHandler
    startup_stm32f407xx.o(.text) refers (Special) to heapauxi.o(.text) for __use_two_region_memory
    startup_stm32f407xx.o(.text) refers to system_stm32f4xx.o(i.SystemInit) for SystemInit
    startup_stm32f407xx.o(.text) refers to __main.o(!!!main) for __main
    startup_stm32f407xx.o(.text) refers to startup_stm32f407xx.o(HEAP) for Heap_Mem
    startup_stm32f407xx.o(.text) refers to startup_stm32f407xx.o(STACK) for Stack_Mem
    system_stm32f4xx.o(i.SystemCoreClockUpdate) refers to system_stm32f4xx.o(.data) for SystemCoreClock
    arm_fir_decimate_init_f32.o(.text) refers to rt_memclr_w.o(.text) for __aeabi_memclr4
    malloc.o(.text) refers (Special) to hguard.o(.text) for __heap$guard
    malloc.o(.text) refers (Special) to init_alloc.o(.text) for _init_alloc
    malloc.o(.text) refers to rt_heap_descriptor_intlibspace.o(.text) for __rt_heap_descriptor
    malloc.o(.text) refers to heapstubs.o(.text) for __Heap_Alloc
    free.o(.text) refers (Special) to hguard.o(.text) for __heap$guard
    free.o(.text) refers to rt_heap_descriptor_intlibspace.o(.text) for __rt_heap_descriptor
    free.o(.text) refers to heapstubs.o(.text) for __Heap_Free
    h1_alloc.o(.text) refers (Special) to h1_init.o(.text) for __Heap_Initialize
    h1_alloc.o(.text) refers to rt_heap_descriptor_intlibspace.o(.text) for __rt_heap_descriptor
    h1_alloc.o(.text) refers to init_alloc.o(.text) for __Heap_Full
    h1_free.o(.text) refers to rt_heap_descriptor_intlibspace.o(.text) for __rt_heap_descriptor
    h1_alloc_mt.o(.text) refers (Special) to h1_init.o(.text) for __Heap_Initialize
    h1_alloc_mt.o(.text) refers to init_alloc.o(.text) for __Heap_Full
    h1_alloc_mt.o(.text) refers to rt_heap_descriptor_intlibspace.o(.text) for __rt_heap_descriptor
    h1_free_mt.o(.text) refers to rt_heap_descriptor_intlibspace.o(.text) for __rt_heap_descriptor
    heap2.o(i._FDIterate) refers to heap2.o(.conststring) for .conststring
    heap2.o(i.___Heap_ProvideMemory$realtime) refers to fdtree.o(i._FDTree_Delete) for _FDTree_Delete
    heap2.o(i.___Heap_ProvideMemory$realtime) refers to fdtree.o(i._FDTree_Insert) for _FDTree_Insert
    heap2.o(i.___Heap_Stats$realtime) refers to heap2.o(i._Heap2_StatsIterate) for _Heap2_StatsIterate
    heap2.o(i.___Heap_Valid$realtime) refers to heap2.o(i._FDIterate) for _FDIterate
    heap2.o(i.___Heap_Valid$realtime) refers to heap2.o(.conststring) for .conststring
    heap2.o(i._free$realtime) refers to rt_heap_descriptor_intlibspace.o(.text) for __rt_heap_descriptor
    heap2.o(i._free$realtime) refers to fdtree.o(i._FDTree_Delete) for _FDTree_Delete
    heap2.o(i._free$realtime) refers to fdtree.o(i._FDTree_Insert) for _FDTree_Insert
    heap2.o(i._malloc$realtime) refers to rt_heap_descriptor_intlibspace.o(.text) for __rt_heap_descriptor
    heap2.o(i._malloc$realtime) refers to fdtree.o(i._FDTree_FindFirst) for _FDTree_FindFirst
    heap2.o(i._malloc$realtime) refers to init_alloc.o(.text) for __Heap_Full
    heap2.o(i._malloc$realtime) refers to fdtree.o(i._FDTree_RemoveNode) for _FDTree_RemoveNode
    heap2.o(i._malloc$realtime) refers to fdtree.o(i._FDTree_Insert) for _FDTree_Insert
    heap2.o(i._posix_memalign$realtime) refers to rt_heap_descriptor_intlibspace.o(.text) for __rt_heap_descriptor
    heap2.o(i._posix_memalign$realtime) refers to fdtree.o(i._FDTree_FindFirst) for _FDTree_FindFirst
    heap2.o(i._posix_memalign$realtime) refers to init_alloc.o(.text) for __Heap_Full
    heap2.o(i._posix_memalign$realtime) refers to fdtree.o(i._FDTree_RemoveNode) for _FDTree_RemoveNode
    heap2.o(i._posix_memalign$realtime) refers to fdtree.o(i._FDTree_Insert) for _FDTree_Insert
    heap2.o(i._realloc$realtime) refers to rt_heap_descriptor_intlibspace.o(.text) for __rt_heap_descriptor
    heap2.o(i._realloc$realtime) refers to fdtree.o(i._FDTree_Insert) for _FDTree_Insert
    heap2.o(i._realloc$realtime) refers to h1_free.o(.text) for free
    heap2.o(i._realloc$realtime) refers to h1_alloc.o(.text) for malloc
    heap2.o(i._realloc$realtime) refers to fdtree.o(i._FDTree_Delete) for _FDTree_Delete
    heap2.o(i._realloc$realtime) refers to rt_memcpy_w.o(.text) for __aeabi_memcpy4
    heap2mt.o(i._FDIterate) refers to heap2mt.o(.conststring) for .conststring
    heap2mt.o(i.___Heap_Initialize$realtime$concurrent) refers to mutex_dummy.o(.text) for _mutex_initialize
    heap2mt.o(i.___Heap_ProvideMemory$realtime$concurrent) refers to fdtree.o(i._FDTree_Delete) for _FDTree_Delete
    heap2mt.o(i.___Heap_ProvideMemory$realtime$concurrent) refers to fdtree.o(i._FDTree_Insert) for _FDTree_Insert
    heap2mt.o(i.___Heap_Stats$realtime$concurrent) refers to heap2mt.o(i._Heap2_StatsIterate) for _Heap2_StatsIterate
    heap2mt.o(i.___Heap_Valid$realtime$concurrent) refers to heap2mt.o(i._FDIterate) for _FDIterate
    heap2mt.o(i.___Heap_Valid$realtime$concurrent) refers to heap2mt.o(.conststring) for .conststring
    heap2mt.o(i._free$realtime$concurrent) refers to rt_heap_descriptor_intlibspace.o(.text) for __rt_heap_descriptor
    heap2mt.o(i._free$realtime$concurrent) refers to fdtree.o(i._FDTree_Delete) for _FDTree_Delete
    heap2mt.o(i._free$realtime$concurrent) refers to fdtree.o(i._FDTree_Insert) for _FDTree_Insert
    heap2mt.o(i._malloc$realtime$concurrent) refers to rt_heap_descriptor_intlibspace.o(.text) for __rt_heap_descriptor
    heap2mt.o(i._malloc$realtime$concurrent) refers to fdtree.o(i._FDTree_FindFirst) for _FDTree_FindFirst
    heap2mt.o(i._malloc$realtime$concurrent) refers to init_alloc.o(.text) for __Heap_Full
    heap2mt.o(i._malloc$realtime$concurrent) refers to fdtree.o(i._FDTree_RemoveNode) for _FDTree_RemoveNode
    heap2mt.o(i._malloc$realtime$concurrent) refers to fdtree.o(i._FDTree_Insert) for _FDTree_Insert
    heap2mt.o(i._posix_memalign$realtime$concurrent) refers to rt_heap_descriptor_intlibspace.o(.text) for __rt_heap_descriptor
    heap2mt.o(i._posix_memalign$realtime$concurrent) refers to fdtree.o(i._FDTree_FindFirst) for _FDTree_FindFirst
    heap2mt.o(i._posix_memalign$realtime$concurrent) refers to init_alloc.o(.text) for __Heap_Full
    heap2mt.o(i._posix_memalign$realtime$concurrent) refers to fdtree.o(i._FDTree_RemoveNode) for _FDTree_RemoveNode
    heap2mt.o(i._posix_memalign$realtime$concurrent) refers to fdtree.o(i._FDTree_Insert) for _FDTree_Insert
    heap2mt.o(i._realloc$realtime$concurrent) refers to rt_heap_descriptor_intlibspace.o(.text) for __rt_heap_descriptor
    heap2mt.o(i._realloc$realtime$concurrent) refers to fdtree.o(i._FDTree_Insert) for _FDTree_Insert
    heap2mt.o(i._realloc$realtime$concurrent) refers to h1_free.o(.text) for free
    heap2mt.o(i._realloc$realtime$concurrent) refers to h1_alloc.o(.text) for malloc
    heap2mt.o(i._realloc$realtime$concurrent) refers to fdtree.o(i._FDTree_Delete) for _FDTree_Delete
    heap2mt.o(i._realloc$realtime$concurrent) refers to rt_memcpy_w.o(.text) for __aeabi_memcpy4
    rt_memcpy_v6.o(.text) refers to rt_memcpy_w.o(.text) for __aeabi_memcpy4
    __main.o(!!!main) refers to __rtentry.o(.ARM.Collect$$rtentry$$00000000) for __rt_entry
    d2f_clz.o(x$fpl$d2f) refers (Special) to usenofp.o(x$fpl$usenofp) for __I$use$fp
    d2f_clz.o(x$fpl$d2f) refers to except.o(x$fpl$exception) for __fpl_exception
    d2f_clz.o(x$fpl$d2f) refers to fretinf.o(x$fpl$fretinf) for __fpl_fretinf
    d2f_clz.o(x$fpl$d2f) refers to dnaninf.o(x$fpl$dnaninf) for __fpl_dnaninf
    d2f_clz.o(x$fpl$d2f) refers to trapv.o(x$fpl$trapveneer) for _fp_trapveneer
    d2f_clz.o(x$fpl$d2f) refers to funder_clz.o(x$fpl$funder) for __funder
    daddsub_clz.o(x$fpl$dadd) refers (Special) to usenofp.o(x$fpl$usenofp) for __I$use$fp
    daddsub_clz.o(x$fpl$dadd) refers to daddsub_clz.o(x$fpl$dsub) for _dsub1
    daddsub_clz.o(x$fpl$dadd) refers to except.o(x$fpl$exception) for __fpl_exception
    daddsub_clz.o(x$fpl$dadd) refers to dnaninf.o(x$fpl$dnaninf) for __fpl_dnaninf
    daddsub_clz.o(x$fpl$drsb) refers (Special) to usenofp.o(x$fpl$usenofp) for __I$use$fp
    daddsub_clz.o(x$fpl$drsb) refers to daddsub_clz.o(x$fpl$dadd) for _dadd1
    daddsub_clz.o(x$fpl$drsb) refers to daddsub_clz.o(x$fpl$dsub) for _dsub1
    daddsub_clz.o(x$fpl$dsub) refers (Special) to usenofp.o(x$fpl$usenofp) for __I$use$fp
    daddsub_clz.o(x$fpl$dsub) refers to daddsub_clz.o(x$fpl$dadd) for _dadd1
    daddsub_clz.o(x$fpl$dsub) refers to except.o(x$fpl$exception) for __fpl_exception
    daddsub_clz.o(x$fpl$dsub) refers to dunder_clz.o(x$fpl$dunder) for __dunder
    daddsub_clz.o(x$fpl$dsub) refers to dnaninf.o(x$fpl$dnaninf) for __fpl_dnaninf
    ddiv_clz.o(x$fpl$drdiv) refers (Special) to usenofp.o(x$fpl$usenofp) for __I$use$fp
    ddiv_clz.o(x$fpl$drdiv) refers to ddiv_clz.o(x$fpl$ddiv) for ddiv_entry
    ddiv_clz.o(x$fpl$ddiv) refers (Special) to usenofp.o(x$fpl$usenofp) for __I$use$fp
    ddiv_clz.o(x$fpl$ddiv) refers to except.o(x$fpl$exception) for __fpl_exception
    ddiv_clz.o(x$fpl$ddiv) refers to dunder_clz.o(x$fpl$dunder) for __dunder
    ddiv_clz.o(x$fpl$ddiv) refers to drenorm_clz.o(x$fpl$drenorm) for __fpl_drenorm2
    ddiv_clz.o(x$fpl$ddiv) refers to dnaninf.o(x$fpl$dnaninf) for __fpl_dnaninf
    ddiv_clz.o(x$fpl$ddiv) refers to dretinf.o(x$fpl$dretinf) for __fpl_dretinf
    dflt_clz.o(x$fpl$dfltu) refers (Special) to usenofp.o(x$fpl$usenofp) for __I$use$fp
    dflt_clz.o(x$fpl$dflt) refers (Special) to usenofp.o(x$fpl$usenofp) for __I$use$fp
    dflt_clz.o(x$fpl$dfltn) refers (Special) to usenofp.o(x$fpl$usenofp) for __I$use$fp
    dmul_clz.o(x$fpl$dmul) refers (Special) to usenofp.o(x$fpl$usenofp) for __I$use$fp
    dmul_clz.o(x$fpl$dmul) refers to except.o(x$fpl$exception) for __fpl_exception
    dmul_clz.o(x$fpl$dmul) refers to dunder_clz.o(x$fpl$dunder) for __dunder
    dmul_clz.o(x$fpl$dmul) refers to drenorm_clz.o(x$fpl$drenorm) for __fpl_drenorm2
    dmul_clz.o(x$fpl$dmul) refers to dnaninf.o(x$fpl$dnaninf) for __fpl_dnaninf
    dmul_clz.o(x$fpl$dmul) refers to dretinf.o(x$fpl$dretinf) for __fpl_dretinf
    f2d.o(x$fpl$f2d) refers (Special) to usenofp.o(x$fpl$usenofp) for __I$use$fp
    f2d.o(x$fpl$f2d) refers to dflt_clz.o(x$fpl$dfltn) for __dflt_normalise
    f2d.o(x$fpl$f2d) refers to fnaninf.o(x$fpl$fnaninf) for __fpl_fnaninf
    f2d.o(x$fpl$f2d) refers to dretinf.o(x$fpl$dretinf) for __fpl_dretinf
    asin.o(i.__hardfp_asin) refers (Special) to usenofp.o(x$fpl$usenofp) for __I$use$fp
    asin.o(i.__hardfp_asin) refers to dunder.o(i.__mathlib_dbl_infnan) for __mathlib_dbl_infnan
    asin.o(i.__hardfp_asin) refers to dmul_clz.o(x$fpl$dmul) for __aeabi_dmul
    asin.o(i.__hardfp_asin) refers to daddsub_clz.o(x$fpl$dadd) for __aeabi_dadd
    asin.o(i.__hardfp_asin) refers to _rserrno.o(.text) for __set_errno
    asin.o(i.__hardfp_asin) refers to dunder.o(i.__mathlib_dbl_invalid) for __mathlib_dbl_invalid
    asin.o(i.__hardfp_asin) refers to fpclassify.o(i.__ARM_fpclassify) for __ARM_fpclassify
    asin.o(i.__hardfp_asin) refers to dunder.o(i.__mathlib_dbl_underflow) for __mathlib_dbl_underflow
    asin.o(i.__hardfp_asin) refers to poly.o(i.__kernel_poly) for __kernel_poly
    asin.o(i.__hardfp_asin) refers to ddiv_clz.o(x$fpl$ddiv) for __aeabi_ddiv
    asin.o(i.__hardfp_asin) refers to fabs.o(i.fabs) for fabs
    asin.o(i.__hardfp_asin) refers to daddsub_clz.o(x$fpl$drsb) for __aeabi_drsub
    asin.o(i.__hardfp_asin) refers to sqrt_full.o(i.sqrt) for sqrt
    asin.o(i.__hardfp_asin) refers to daddsub_clz.o(x$fpl$dsub) for __aeabi_dsub
    asin.o(i.__hardfp_asin) refers to basic.o(x$fpl$basic) for __aeabi_dneg
    asin.o(i.__hardfp_asin) refers to asin.o(.constdata) for .constdata
    asin.o(i.__softfp_asin) refers (Special) to usenofp.o(x$fpl$usenofp) for __I$use$fp
    asin.o(i.__softfp_asin) refers to asin.o(i.__hardfp_asin) for __hardfp_asin
    asin.o(i.asin) refers (Special) to usenofp.o(x$fpl$usenofp) for __I$use$fp
    asin.o(i.asin) refers to asin.o(i.__hardfp_asin) for __hardfp_asin
    asin.o(.constdata) refers (Special) to usenofp.o(x$fpl$usenofp) for __I$use$fp
    asin_x.o(i.____hardfp_asin$lsc) refers (Special) to usenofp.o(x$fpl$usenofp) for __I$use$fp
    asin_x.o(i.____hardfp_asin$lsc) refers to dunder.o(i.__mathlib_dbl_infnan) for __mathlib_dbl_infnan
    asin_x.o(i.____hardfp_asin$lsc) refers to dmul_clz.o(x$fpl$dmul) for __aeabi_dmul
    asin_x.o(i.____hardfp_asin$lsc) refers to daddsub_clz.o(x$fpl$dadd) for __aeabi_dadd
    asin_x.o(i.____hardfp_asin$lsc) refers to _rserrno.o(.text) for __set_errno
    asin_x.o(i.____hardfp_asin$lsc) refers to poly.o(i.__kernel_poly) for __kernel_poly
    asin_x.o(i.____hardfp_asin$lsc) refers to ddiv_clz.o(x$fpl$ddiv) for __aeabi_ddiv
    asin_x.o(i.____hardfp_asin$lsc) refers to fabs.o(i.fabs) for fabs
    asin_x.o(i.____hardfp_asin$lsc) refers to daddsub_clz.o(x$fpl$drsb) for __aeabi_drsub
    asin_x.o(i.____hardfp_asin$lsc) refers to sqrt_full.o(i.sqrt) for sqrt
    asin_x.o(i.____hardfp_asin$lsc) refers to daddsub_clz.o(x$fpl$dsub) for __aeabi_dsub
    asin_x.o(i.____hardfp_asin$lsc) refers to basic.o(x$fpl$basic) for __aeabi_dneg
    asin_x.o(i.____hardfp_asin$lsc) refers to asin_x.o(.constdata) for .constdata
    asin_x.o(i.____softfp_asin$lsc) refers (Special) to usenofp.o(x$fpl$usenofp) for __I$use$fp
    asin_x.o(i.____softfp_asin$lsc) refers to asin_x.o(i.____hardfp_asin$lsc) for ____hardfp_asin$lsc
    asin_x.o(i.__asin$lsc) refers (Special) to usenofp.o(x$fpl$usenofp) for __I$use$fp
    asin_x.o(i.__asin$lsc) refers to asin_x.o(i.____hardfp_asin$lsc) for ____hardfp_asin$lsc
    asin_x.o(.constdata) refers (Special) to usenofp.o(x$fpl$usenofp) for __I$use$fp
    atan.o(i.__hardfp_atan) refers (Special) to usenofp.o(x$fpl$usenofp) for __I$use$fp
    atan.o(i.__hardfp_atan) refers to dunder.o(i.__mathlib_dbl_infnan) for __mathlib_dbl_infnan
    atan.o(i.__hardfp_atan) refers to fpclassify.o(i.__ARM_fpclassify) for __ARM_fpclassify
    atan.o(i.__hardfp_atan) refers to dunder.o(i.__mathlib_dbl_underflow) for __mathlib_dbl_underflow
    atan.o(i.__hardfp_atan) refers to fabs.o(i.fabs) for fabs
    atan.o(i.__hardfp_atan) refers to daddsub_clz.o(x$fpl$dadd) for __aeabi_dadd
    atan.o(i.__hardfp_atan) refers to dmul_clz.o(x$fpl$dmul) for __aeabi_dmul
    atan.o(i.__hardfp_atan) refers to daddsub_clz.o(x$fpl$dsub) for __aeabi_dsub
    atan.o(i.__hardfp_atan) refers to ddiv_clz.o(x$fpl$ddiv) for __aeabi_ddiv
    atan.o(i.__hardfp_atan) refers to poly.o(i.__kernel_poly) for __kernel_poly
    atan.o(i.__hardfp_atan) refers to daddsub_clz.o(x$fpl$drsb) for __aeabi_drsub
    atan.o(i.__hardfp_atan) refers to basic.o(x$fpl$basic) for __aeabi_dneg
    atan.o(i.__hardfp_atan) refers to atan.o(.constdata) for .constdata
    atan.o(i.__softfp_atan) refers (Special) to usenofp.o(x$fpl$usenofp) for __I$use$fp
    atan.o(i.__softfp_atan) refers to atan.o(i.__hardfp_atan) for __hardfp_atan
    atan.o(i.atan) refers (Special) to usenofp.o(x$fpl$usenofp) for __I$use$fp
    atan.o(i.atan) refers to atan.o(i.__hardfp_atan) for __hardfp_atan
    atan.o(.constdata) refers (Special) to usenofp.o(x$fpl$usenofp) for __I$use$fp
    atan_x.o(i.____hardfp_atan$lsc) refers (Special) to usenofp.o(x$fpl$usenofp) for __I$use$fp
    atan_x.o(i.____hardfp_atan$lsc) refers to dunder.o(i.__mathlib_dbl_infnan) for __mathlib_dbl_infnan
    atan_x.o(i.____hardfp_atan$lsc) refers to fabs.o(i.fabs) for fabs
    atan_x.o(i.____hardfp_atan$lsc) refers to daddsub_clz.o(x$fpl$dadd) for __aeabi_dadd
    atan_x.o(i.____hardfp_atan$lsc) refers to dmul_clz.o(x$fpl$dmul) for __aeabi_dmul
    atan_x.o(i.____hardfp_atan$lsc) refers to daddsub_clz.o(x$fpl$dsub) for __aeabi_dsub
    atan_x.o(i.____hardfp_atan$lsc) refers to ddiv_clz.o(x$fpl$ddiv) for __aeabi_ddiv
    atan_x.o(i.____hardfp_atan$lsc) refers to poly.o(i.__kernel_poly) for __kernel_poly
    atan_x.o(i.____hardfp_atan$lsc) refers to daddsub_clz.o(x$fpl$drsb) for __aeabi_drsub
    atan_x.o(i.____hardfp_atan$lsc) refers to basic.o(x$fpl$basic) for __aeabi_dneg
    atan_x.o(i.____hardfp_atan$lsc) refers to atan_x.o(.constdata) for .constdata
    atan_x.o(i.____softfp_atan$lsc) refers (Special) to usenofp.o(x$fpl$usenofp) for __I$use$fp
    atan_x.o(i.____softfp_atan$lsc) refers to atan_x.o(i.____hardfp_atan$lsc) for ____hardfp_atan$lsc
    atan_x.o(i.__atan$lsc) refers (Special) to usenofp.o(x$fpl$usenofp) for __I$use$fp
    atan_x.o(i.__atan$lsc) refers to atan_x.o(i.____hardfp_atan$lsc) for ____hardfp_atan$lsc
    atan_x.o(.constdata) refers (Special) to usenofp.o(x$fpl$usenofp) for __I$use$fp
    cos.o(i.__hardfp_cos) refers (Special) to usenofp.o(x$fpl$usenofp) for __I$use$fp
    cos.o(i.__hardfp_cos) refers to _rserrno.o(.text) for __set_errno
    cos.o(i.__hardfp_cos) refers to dunder.o(i.__mathlib_dbl_invalid) for __mathlib_dbl_invalid
    cos.o(i.__hardfp_cos) refers to dunder.o(i.__mathlib_dbl_infnan) for __mathlib_dbl_infnan
    cos.o(i.__hardfp_cos) refers to rred.o(i.__ieee754_rem_pio2) for __ieee754_rem_pio2
    cos.o(i.__hardfp_cos) refers to sin_i.o(i.__kernel_sin) for __kernel_sin
    cos.o(i.__hardfp_cos) refers to cos_i.o(i.__kernel_cos) for __kernel_cos
    cos.o(i.__hardfp_cos) refers to basic.o(x$fpl$basic) for __aeabi_dneg
    cos.o(i.__softfp_cos) refers (Special) to usenofp.o(x$fpl$usenofp) for __I$use$fp
    cos.o(i.__softfp_cos) refers to cos.o(i.__hardfp_cos) for __hardfp_cos
    cos.o(i.cos) refers (Special) to usenofp.o(x$fpl$usenofp) for __I$use$fp
    cos.o(i.cos) refers to cos.o(i.__hardfp_cos) for __hardfp_cos
    cos_x.o(i.____hardfp_cos$lsc) refers (Special) to usenofp.o(x$fpl$usenofp) for __I$use$fp
    cos_x.o(i.____hardfp_cos$lsc) refers to _rserrno.o(.text) for __set_errno
    cos_x.o(i.____hardfp_cos$lsc) refers to dunder.o(i.__mathlib_dbl_infnan) for __mathlib_dbl_infnan
    cos_x.o(i.____hardfp_cos$lsc) refers to rred.o(i.__ieee754_rem_pio2) for __ieee754_rem_pio2
    cos_x.o(i.____hardfp_cos$lsc) refers to sin_i.o(i.__kernel_sin) for __kernel_sin
    cos_x.o(i.____hardfp_cos$lsc) refers to cos_i.o(i.__kernel_cos) for __kernel_cos
    cos_x.o(i.____hardfp_cos$lsc) refers to basic.o(x$fpl$basic) for __aeabi_dneg
    cos_x.o(i.____softfp_cos$lsc) refers (Special) to usenofp.o(x$fpl$usenofp) for __I$use$fp
    cos_x.o(i.____softfp_cos$lsc) refers to cos_x.o(i.____hardfp_cos$lsc) for ____hardfp_cos$lsc
    cos_x.o(i.__cos$lsc) refers (Special) to usenofp.o(x$fpl$usenofp) for __I$use$fp
    cos_x.o(i.__cos$lsc) refers to cos_x.o(i.____hardfp_cos$lsc) for ____hardfp_cos$lsc
    fabs.o(i.__hardfp_fabs) refers (Special) to usenofp.o(x$fpl$usenofp) for __I$use$fp
    fabs.o(i.__softfp_fabs) refers (Special) to usenofp.o(x$fpl$usenofp) for __I$use$fp
    fabs.o(i.fabs) refers (Special) to usenofp.o(x$fpl$usenofp) for __I$use$fp
    sin.o(i.__hardfp_sin) refers (Special) to usenofp.o(x$fpl$usenofp) for __I$use$fp
    sin.o(i.__hardfp_sin) refers to _rserrno.o(.text) for __set_errno
    sin.o(i.__hardfp_sin) refers to dunder.o(i.__mathlib_dbl_invalid) for __mathlib_dbl_invalid
    sin.o(i.__hardfp_sin) refers to dunder.o(i.__mathlib_dbl_infnan) for __mathlib_dbl_infnan
    sin.o(i.__hardfp_sin) refers to rred.o(i.__ieee754_rem_pio2) for __ieee754_rem_pio2
    sin.o(i.__hardfp_sin) refers to cos_i.o(i.__kernel_cos) for __kernel_cos
    sin.o(i.__hardfp_sin) refers to basic.o(x$fpl$basic) for __aeabi_dneg
    sin.o(i.__hardfp_sin) refers to sin_i.o(i.__kernel_sin) for __kernel_sin
    sin.o(i.__softfp_sin) refers (Special) to usenofp.o(x$fpl$usenofp) for __I$use$fp
    sin.o(i.__softfp_sin) refers to sin.o(i.__hardfp_sin) for __hardfp_sin
    sin.o(i.sin) refers (Special) to usenofp.o(x$fpl$usenofp) for __I$use$fp
    sin.o(i.sin) refers to sin.o(i.__hardfp_sin) for __hardfp_sin
    sin_x.o(i.____hardfp_sin$lsc) refers (Special) to usenofp.o(x$fpl$usenofp) for __I$use$fp
    sin_x.o(i.____hardfp_sin$lsc) refers to _rserrno.o(.text) for __set_errno
    sin_x.o(i.____hardfp_sin$lsc) refers to dunder.o(i.__mathlib_dbl_infnan) for __mathlib_dbl_infnan
    sin_x.o(i.____hardfp_sin$lsc) refers to rred.o(i.__ieee754_rem_pio2) for __ieee754_rem_pio2
    sin_x.o(i.____hardfp_sin$lsc) refers to cos_i.o(i.__kernel_cos) for __kernel_cos
    sin_x.o(i.____hardfp_sin$lsc) refers to basic.o(x$fpl$basic) for __aeabi_dneg
    sin_x.o(i.____hardfp_sin$lsc) refers to sin_i.o(i.__kernel_sin) for __kernel_sin
    sin_x.o(i.____softfp_sin$lsc) refers (Special) to usenofp.o(x$fpl$usenofp) for __I$use$fp
    sin_x.o(i.____softfp_sin$lsc) refers to sin_x.o(i.____hardfp_sin$lsc) for ____hardfp_sin$lsc
    sin_x.o(i.__sin$lsc) refers (Special) to usenofp.o(x$fpl$usenofp) for __I$use$fp
    sin_x.o(i.__sin$lsc) refers to sin_x.o(i.____hardfp_sin$lsc) for ____hardfp_sin$lsc
    tan.o(i.__hardfp_tan) refers (Special) to usenofp.o(x$fpl$usenofp) for __I$use$fp
    tan.o(i.__hardfp_tan) refers to _rserrno.o(.text) for __set_errno
    tan.o(i.__hardfp_tan) refers to dunder.o(i.__mathlib_dbl_invalid) for __mathlib_dbl_invalid
    tan.o(i.__hardfp_tan) refers to dunder.o(i.__mathlib_dbl_infnan) for __mathlib_dbl_infnan
    tan.o(i.__hardfp_tan) refers to rred.o(i.__ieee754_rem_pio2) for __ieee754_rem_pio2
    tan.o(i.__hardfp_tan) refers to tan_i.o(i.__kernel_tan) for __kernel_tan
    tan.o(i.__softfp_tan) refers (Special) to usenofp.o(x$fpl$usenofp) for __I$use$fp
    tan.o(i.__softfp_tan) refers to _rserrno.o(.text) for __set_errno
    tan.o(i.__softfp_tan) refers to dunder.o(i.__mathlib_dbl_invalid) for __mathlib_dbl_invalid
    tan.o(i.__softfp_tan) refers to dunder.o(i.__mathlib_dbl_infnan) for __mathlib_dbl_infnan
    tan.o(i.__softfp_tan) refers to rred.o(i.__ieee754_rem_pio2) for __ieee754_rem_pio2
    tan.o(i.__softfp_tan) refers to tan_i.o(i.__kernel_tan) for __kernel_tan
    tan.o(i.tan) refers (Special) to usenofp.o(x$fpl$usenofp) for __I$use$fp
    tan.o(i.tan) refers to _rserrno.o(.text) for __set_errno
    tan.o(i.tan) refers to dunder.o(i.__mathlib_dbl_invalid) for __mathlib_dbl_invalid
    tan.o(i.tan) refers to dunder.o(i.__mathlib_dbl_infnan) for __mathlib_dbl_infnan
    tan.o(i.tan) refers to rred.o(i.__ieee754_rem_pio2) for __ieee754_rem_pio2
    tan.o(i.tan) refers to tan_i.o(i.__kernel_tan) for __kernel_tan
    tan_x.o(i.____hardfp_tan$lsc) refers (Special) to usenofp.o(x$fpl$usenofp) for __I$use$fp
    tan_x.o(i.____hardfp_tan$lsc) refers to _rserrno.o(.text) for __set_errno
    tan_x.o(i.____hardfp_tan$lsc) refers to dunder.o(i.__mathlib_dbl_infnan) for __mathlib_dbl_infnan
    tan_x.o(i.____hardfp_tan$lsc) refers to rred.o(i.__ieee754_rem_pio2) for __ieee754_rem_pio2
    tan_x.o(i.____hardfp_tan$lsc) refers to tan_i.o(i.__kernel_tan) for __kernel_tan
    tan_x.o(i.____softfp_tan$lsc) refers (Special) to usenofp.o(x$fpl$usenofp) for __I$use$fp
    tan_x.o(i.____softfp_tan$lsc) refers to _rserrno.o(.text) for __set_errno
    tan_x.o(i.____softfp_tan$lsc) refers to dunder.o(i.__mathlib_dbl_infnan) for __mathlib_dbl_infnan
    tan_x.o(i.____softfp_tan$lsc) refers to rred.o(i.__ieee754_rem_pio2) for __ieee754_rem_pio2
    tan_x.o(i.____softfp_tan$lsc) refers to tan_i.o(i.__kernel_tan) for __kernel_tan
    tan_x.o(i.__tan$lsc) refers (Special) to usenofp.o(x$fpl$usenofp) for __I$use$fp
    tan_x.o(i.__tan$lsc) refers to _rserrno.o(.text) for __set_errno
    tan_x.o(i.__tan$lsc) refers to dunder.o(i.__mathlib_dbl_infnan) for __mathlib_dbl_infnan
    tan_x.o(i.__tan$lsc) refers to rred.o(i.__ieee754_rem_pio2) for __ieee754_rem_pio2
    tan_x.o(i.__tan$lsc) refers to tan_i.o(i.__kernel_tan) for __kernel_tan
    sqrt_full.o(i.__hardfp_sqrt) refers (Special) to usenofp.o(x$fpl$usenofp) for __I$use$fp
    sqrt_full.o(i.__hardfp_sqrt) refers to dsqrt_umaalclz.o(x$fpl$dsqrt) for _dsqrt
    sqrt_full.o(i.__hardfp_sqrt) refers to _rserrno.o(.text) for __set_errno
    sqrt_full.o(i.__softfp_sqrt) refers (Special) to usenofp.o(x$fpl$usenofp) for __I$use$fp
    sqrt_full.o(i.__softfp_sqrt) refers to dsqrt_umaalclz.o(x$fpl$dsqrt) for _dsqrt
    sqrt_full.o(i.__softfp_sqrt) refers to _rserrno.o(.text) for __set_errno
    sqrt_full.o(i.sqrt) refers (Special) to usenofp.o(x$fpl$usenofp) for __I$use$fp
    sqrt_full.o(i.sqrt) refers to dsqrt_umaalclz.o(x$fpl$dsqrt) for _dsqrt
    sqrt_full.o(i.sqrt) refers to _rserrno.o(.text) for __set_errno
    sqrt_full_x.o(i.____hardfp_sqrt$lsc) refers (Special) to usenofp.o(x$fpl$usenofp) for __I$use$fp
    sqrt_full_x.o(i.____hardfp_sqrt$lsc) refers to dleqf.o(x$fpl$dleqf) for __aeabi_cdcmple
    sqrt_full_x.o(i.____hardfp_sqrt$lsc) refers to _rserrno.o(.text) for __set_errno
    sqrt_full_x.o(i.____hardfp_sqrt$lsc) refers to dsqrt_umaalclz.o(x$fpl$dsqrt) for _dsqrt
    sqrt_full_x.o(i.____softfp_sqrt$lsc) refers (Special) to usenofp.o(x$fpl$usenofp) for __I$use$fp
    sqrt_full_x.o(i.____softfp_sqrt$lsc) refers to dleqf.o(x$fpl$dleqf) for __aeabi_cdcmple
    sqrt_full_x.o(i.____softfp_sqrt$lsc) refers to _rserrno.o(.text) for __set_errno
    sqrt_full_x.o(i.____softfp_sqrt$lsc) refers to dsqrt_umaalclz.o(x$fpl$dsqrt) for _dsqrt
    sqrt_full_x.o(i.__sqrt$lsc) refers (Special) to usenofp.o(x$fpl$usenofp) for __I$use$fp
    sqrt_full_x.o(i.__sqrt$lsc) refers to dleqf.o(x$fpl$dleqf) for __aeabi_cdcmple
    sqrt_full_x.o(i.__sqrt$lsc) refers to _rserrno.o(.text) for __set_errno
    sqrt_full_x.o(i.__sqrt$lsc) refers to dsqrt_umaalclz.o(x$fpl$dsqrt) for _dsqrt
    __rtentry.o(.ARM.Collect$$rtentry$$00000000) refers (Special) to __rtentry2.o(.ARM.Collect$$rtentry$$0000000A) for __rt_entry_li
    __rtentry.o(.ARM.Collect$$rtentry$$00000000) refers (Special) to __rtentry2.o(.ARM.Collect$$rtentry$$0000000D) for __rt_entry_main
    __rtentry.o(.ARM.Collect$$rtentry$$00000000) refers (Special) to __rtentry2.o(.ARM.Collect$$rtentry$$0000000C) for __rt_entry_postli_1
    __rtentry.o(.ARM.Collect$$rtentry$$00000000) refers (Special) to __rtentry2.o(.ARM.Collect$$rtentry$$00000009) for __rt_entry_postsh_1
    __rtentry.o(.ARM.Collect$$rtentry$$00000000) refers (Special) to __rtentry2.o(.ARM.Collect$$rtentry$$00000002) for __rt_entry_presh_1
    __rtentry.o(.ARM.Collect$$rtentry$$00000000) refers (Special) to __rtentry4.o(.ARM.Collect$$rtentry$$00000004) for __rt_entry_sh
    rt_heap_descriptor.o(.text) refers to rt_heap_descriptor.o(.bss) for __rt_heap_descriptor_data
    rt_heap_descriptor_intlibspace.o(.text) refers to libspace.o(.bss) for __libspace_start
    init_alloc.o(.text) refers (Special) to hguard.o(.text) for __heap$guard
    init_alloc.o(.text) refers (Special) to libinit2.o(.ARM.Collect$$libinit$$00000005) for __rt_lib_init_heap_2
    init_alloc.o(.text) refers (Special) to maybetermalloc1.o(.emb_text) for _maybe_terminate_alloc
    init_alloc.o(.text) refers to h1_extend.o(.text) for __Heap_ProvideMemory
    init_alloc.o(.text) refers to defsig_rtmem_outer.o(.text) for __rt_SIGRTMEM
    init_alloc.o(.text) refers to rt_heap_descriptor_intlibspace.o(.text) for __rt_heap_descriptor
    init_alloc.o(.text) refers to h1_init.o(.text) for __Heap_Initialize
    h1_init_mt.o(.text) refers to mutex_dummy.o(.text) for _mutex_initialize
    _rserrno.o(.text) refers to rt_errno_addr_intlibspace.o(.text) for __aeabi_errno_addr
    _get_argv.o(.text) refers (Special) to hrguard.o(.text) for __heap_region$guard
    _get_argv.o(.text) refers to h1_alloc.o(.text) for malloc
    _get_argv.o(.text) refers to defsig_rtmem_outer.o(.text) for __rt_SIGRTMEM
    _get_argv.o(.text) refers to sys_command.o(.text) for _sys_command_string
    libinit2.o(.ARM.Collect$$libinit$$00000001) refers to fpinit.o(x$fpl$fpinit) for _fp_init
    libinit2.o(.ARM.Collect$$libinit$$00000005) refers (Weak) to init_alloc.o(.text) for _init_alloc
    libinit2.o(.ARM.Collect$$libinit$$00000010) refers to libinit2.o(.ARM.Collect$$libinit$$0000000F) for .ARM.Collect$$libinit$$0000000F
    libinit2.o(.ARM.Collect$$libinit$$00000012) refers to libinit2.o(.ARM.Collect$$libinit$$0000000F) for .ARM.Collect$$libinit$$0000000F
    libinit2.o(.ARM.Collect$$libinit$$00000014) refers to libinit2.o(.ARM.Collect$$libinit$$0000000F) for .ARM.Collect$$libinit$$0000000F
    libinit2.o(.ARM.Collect$$libinit$$00000016) refers to libinit2.o(.ARM.Collect$$libinit$$0000000F) for .ARM.Collect$$libinit$$0000000F
    libinit2.o(.ARM.Collect$$libinit$$00000018) refers to libinit2.o(.ARM.Collect$$libinit$$0000000F) for .ARM.Collect$$libinit$$0000000F
    libinit2.o(.ARM.Collect$$libinit$$00000026) refers to argv_veneer.o(.emb_text) for __ARM_argv_veneer
    libinit2.o(.ARM.Collect$$libinit$$00000027) refers to argv_veneer.o(.emb_text) for __ARM_argv_veneer
    basic.o(x$fpl$basic) refers (Special) to usenofp.o(x$fpl$usenofp) for __I$use$fp
    dleqf.o(x$fpl$dleqf) refers (Special) to usenofp.o(x$fpl$usenofp) for __I$use$fp
    dleqf.o(x$fpl$dleqf) refers to dnaninf.o(x$fpl$dnaninf) for __fpl_dnaninf
    dleqf.o(x$fpl$dleqf) refers to dcmpi.o(x$fpl$dcmpinf) for __fpl_dcmp_Inf
    dnaninf.o(x$fpl$dnaninf) refers (Special) to usenofp.o(x$fpl$usenofp) for __I$use$fp
    dnaninf.o(x$fpl$dnaninf) refers to except.o(x$fpl$exception) for __fpl_exception
    dnaninf.o(x$fpl$dnaninf) refers to dunder_clz.o(x$fpl$dunder) for __dunder_d
    drenorm_clz.o(x$fpl$drenorm) refers (Special) to usenofp.o(x$fpl$usenofp) for __I$use$fp
    dretinf.o(x$fpl$dretinf) refers (Special) to usenofp.o(x$fpl$usenofp) for __I$use$fp
    dsqrt_umaalclz.o(x$fpl$dsqrt) refers (Special) to usenofp.o(x$fpl$usenofp) for __I$use$fp
    dsqrt_umaalclz.o(x$fpl$dsqrt) refers to except.o(x$fpl$exception) for __fpl_exception
    dsqrt_umaalclz.o(x$fpl$dsqrt) refers to drenorm_clz.o(x$fpl$drenorm) for __fpl_drenorm1
    dsqrt_umaalclz.o(x$fpl$dsqrt) refers to dnaninf.o(x$fpl$dnaninf) for __fpl_dnaninf
    dunder_clz.o(x$fpl$dunder) refers (Special) to usenofp.o(x$fpl$usenofp) for __I$use$fp
    dunder_clz.o(x$fpl$dunder) refers to except.o(x$fpl$exception) for __fpl_exception
    dunder_clz.o(x$fpl$dunder) refers to drenorm_clz.o(x$fpl$drenorm) for __fpl_drenorm1
    dunder_clz.o(x$fpl$dunder) refers to trapv.o(x$fpl$trapveneer) for _fp_trapveneer
    except.o(x$fpl$exception) refers (Special) to usenofp.o(x$fpl$usenofp) for __I$use$fp
    except.o(x$fpl$exception) refers to trapv.o(x$fpl$trapveneer) for _fp_trapveneer
    except.o(x$fpl$exception) refers to retnan.o(x$fpl$retnan) for __fpl_return_NaN
    fnaninf.o(x$fpl$fnaninf) refers (Special) to usenofp.o(x$fpl$usenofp) for __I$use$fp
    fnaninf.o(x$fpl$fnaninf) refers to except.o(x$fpl$exception) for __fpl_exception
    fnaninf.o(x$fpl$fnaninf) refers to funder_clz.o(x$fpl$funder) for __funder_d
    fretinf.o(x$fpl$fretinf) refers (Special) to usenofp.o(x$fpl$usenofp) for __I$use$fp
    funder_clz.o(x$fpl$funder) refers (Special) to usenofp.o(x$fpl$usenofp) for __I$use$fp
    funder_clz.o(x$fpl$funder) refers to except.o(x$fpl$exception) for __fpl_exception
    funder_clz.o(x$fpl$funder) refers to trapv.o(x$fpl$trapveneer) for _fp_trapveneer
    trapv.o(x$fpl$trapveneer) refers (Special) to usenofp.o(x$fpl$usenofp) for __I$use$fp
    trapv.o(x$fpl$trapveneer) refers to _fptrap.o(.text) for _fp_trap
    cos_i.o(i.__kernel_cos) refers (Special) to usenofp.o(x$fpl$usenofp) for __I$use$fp
    cos_i.o(i.__kernel_cos) refers to dfix.o(x$fpl$dfix) for __aeabi_d2iz
    cos_i.o(i.__kernel_cos) refers to dmul_clz.o(x$fpl$dmul) for __aeabi_dmul
    cos_i.o(i.__kernel_cos) refers to poly.o(i.__kernel_poly) for __kernel_poly
    cos_i.o(i.__kernel_cos) refers to daddsub_clz.o(x$fpl$dsub) for __aeabi_dsub
    cos_i.o(i.__kernel_cos) refers to daddsub_clz.o(x$fpl$drsb) for __aeabi_drsub
    cos_i.o(i.__kernel_cos) refers to cos_i.o(.constdata) for .constdata
    cos_i.o(.constdata) refers (Special) to usenofp.o(x$fpl$usenofp) for __I$use$fp
    dunder.o(i.__mathlib_dbl_divzero) refers to ddiv_clz.o(x$fpl$ddiv) for __aeabi_ddiv
    dunder.o(i.__mathlib_dbl_infnan) refers to daddsub_clz.o(x$fpl$dadd) for __aeabi_dadd
    dunder.o(i.__mathlib_dbl_infnan2) refers to daddsub_clz.o(x$fpl$dadd) for __aeabi_dadd
    dunder.o(i.__mathlib_dbl_invalid) refers to ddiv_clz.o(x$fpl$ddiv) for __aeabi_ddiv
    dunder.o(i.__mathlib_dbl_overflow) refers to dmul_clz.o(x$fpl$dmul) for __aeabi_dmul
    dunder.o(i.__mathlib_dbl_posinfnan) refers to dmul_clz.o(x$fpl$dmul) for __aeabi_dmul
    dunder.o(i.__mathlib_dbl_underflow) refers to dmul_clz.o(x$fpl$dmul) for __aeabi_dmul
    fpclassify.o(i.__ARM_fpclassify) refers (Special) to usenofp.o(x$fpl$usenofp) for __I$use$fp
    poly.o(i.__kernel_poly) refers (Special) to usenofp.o(x$fpl$usenofp) for __I$use$fp
    poly.o(i.__kernel_poly) refers to dmul_clz.o(x$fpl$dmul) for __aeabi_dmul
    poly.o(i.__kernel_poly) refers to daddsub_clz.o(x$fpl$dadd) for __aeabi_dadd
    rred.o(i.__ieee754_rem_pio2) refers (Special) to usenofp.o(x$fpl$usenofp) for __I$use$fp
    rred.o(i.__ieee754_rem_pio2) refers to daddsub_clz.o(x$fpl$dsub) for __aeabi_dsub
    rred.o(i.__ieee754_rem_pio2) refers to daddsub_clz.o(x$fpl$dadd) for __aeabi_dadd
    rred.o(i.__ieee754_rem_pio2) refers to fabs.o(i.fabs) for fabs
    rred.o(i.__ieee754_rem_pio2) refers to dmul_clz.o(x$fpl$dmul) for __aeabi_dmul
    rred.o(i.__ieee754_rem_pio2) refers to dfix.o(x$fpl$dfix) for __aeabi_d2iz
    rred.o(i.__ieee754_rem_pio2) refers to dflt_clz.o(x$fpl$dflt) for __aeabi_i2d
    rred.o(i.__ieee754_rem_pio2) refers to daddsub_clz.o(x$fpl$drsb) for __aeabi_drsub
    rred.o(i.__ieee754_rem_pio2) refers to basic.o(x$fpl$basic) for __aeabi_dneg
    rred.o(i.__ieee754_rem_pio2) refers to dflt_clz.o(x$fpl$dfltu) for __aeabi_ui2d
    rred.o(i.__ieee754_rem_pio2) refers to rred.o(.constdata) for .constdata
    rred.o(i.__use_accurate_range_reduction) refers (Special) to usenofp.o(x$fpl$usenofp) for __I$use$fp
    rred.o(.constdata) refers (Special) to usenofp.o(x$fpl$usenofp) for __I$use$fp
    sin_i.o(i.__kernel_sin) refers (Special) to usenofp.o(x$fpl$usenofp) for __I$use$fp
    sin_i.o(i.__kernel_sin) refers to fpclassify.o(i.__ARM_fpclassify) for __ARM_fpclassify
    sin_i.o(i.__kernel_sin) refers to dunder.o(i.__mathlib_dbl_underflow) for __mathlib_dbl_underflow
    sin_i.o(i.__kernel_sin) refers to dmul_clz.o(x$fpl$dmul) for __aeabi_dmul
    sin_i.o(i.__kernel_sin) refers to poly.o(i.__kernel_poly) for __kernel_poly
    sin_i.o(i.__kernel_sin) refers to daddsub_clz.o(x$fpl$dsub) for __aeabi_dsub
    sin_i.o(i.__kernel_sin) refers to daddsub_clz.o(x$fpl$drsb) for __aeabi_drsub
    sin_i.o(i.__kernel_sin) refers to daddsub_clz.o(x$fpl$dadd) for __aeabi_dadd
    sin_i.o(i.__kernel_sin) refers to sin_i.o(.constdata) for .constdata
    sin_i.o(.constdata) refers (Special) to usenofp.o(x$fpl$usenofp) for __I$use$fp
    sin_i_x.o(i.____kernel_sin$lsc) refers (Special) to usenofp.o(x$fpl$usenofp) for __I$use$fp
    sin_i_x.o(i.____kernel_sin$lsc) refers to dmul_clz.o(x$fpl$dmul) for __aeabi_dmul
    sin_i_x.o(i.____kernel_sin$lsc) refers to poly.o(i.__kernel_poly) for __kernel_poly
    sin_i_x.o(i.____kernel_sin$lsc) refers to daddsub_clz.o(x$fpl$dsub) for __aeabi_dsub
    sin_i_x.o(i.____kernel_sin$lsc) refers to daddsub_clz.o(x$fpl$drsb) for __aeabi_drsub
    sin_i_x.o(i.____kernel_sin$lsc) refers to daddsub_clz.o(x$fpl$dadd) for __aeabi_dadd
    sin_i_x.o(i.____kernel_sin$lsc) refers to sin_i_x.o(.constdata) for .constdata
    sin_i_x.o(.constdata) refers (Special) to usenofp.o(x$fpl$usenofp) for __I$use$fp
    tan_i.o(i.__kernel_tan) refers (Special) to usenofp.o(x$fpl$usenofp) for __I$use$fp
    tan_i.o(i.__kernel_tan) refers to dfix.o(x$fpl$dfix) for __aeabi_d2iz
    tan_i.o(i.__kernel_tan) refers to basic.o(x$fpl$basic) for __aeabi_dneg
    tan_i.o(i.__kernel_tan) refers to daddsub_clz.o(x$fpl$drsb) for __aeabi_drsub
    tan_i.o(i.__kernel_tan) refers to daddsub_clz.o(x$fpl$dsub) for __aeabi_dsub
    tan_i.o(i.__kernel_tan) refers to daddsub_clz.o(x$fpl$dadd) for __aeabi_dadd
    tan_i.o(i.__kernel_tan) refers to dmul_clz.o(x$fpl$dmul) for __aeabi_dmul
    tan_i.o(i.__kernel_tan) refers to poly.o(i.__kernel_poly) for __kernel_poly
    tan_i.o(i.__kernel_tan) refers to dflt_clz.o(x$fpl$dflt) for __aeabi_i2d
    tan_i.o(i.__kernel_tan) refers to ddiv_clz.o(x$fpl$ddiv) for __aeabi_ddiv
    tan_i.o(i.__kernel_tan) refers to fabs.o(i.fabs) for fabs
    tan_i.o(i.__kernel_tan) refers to fpclassify.o(i.__ARM_fpclassify) for __ARM_fpclassify
    tan_i.o(i.__kernel_tan) refers to dunder.o(i.__mathlib_dbl_underflow) for __mathlib_dbl_underflow
    tan_i.o(i.__kernel_tan) refers to tan_i.o(.constdata) for .constdata
    tan_i.o(.constdata) refers (Special) to usenofp.o(x$fpl$usenofp) for __I$use$fp
    tan_i_x.o(i.____kernel_tan$lsc) refers (Special) to usenofp.o(x$fpl$usenofp) for __I$use$fp
    tan_i_x.o(i.____kernel_tan$lsc) refers to dfix.o(x$fpl$dfix) for __aeabi_d2iz
    tan_i_x.o(i.____kernel_tan$lsc) refers to basic.o(x$fpl$basic) for __aeabi_dneg
    tan_i_x.o(i.____kernel_tan$lsc) refers to daddsub_clz.o(x$fpl$drsb) for __aeabi_drsub
    tan_i_x.o(i.____kernel_tan$lsc) refers to daddsub_clz.o(x$fpl$dsub) for __aeabi_dsub
    tan_i_x.o(i.____kernel_tan$lsc) refers to daddsub_clz.o(x$fpl$dadd) for __aeabi_dadd
    tan_i_x.o(i.____kernel_tan$lsc) refers to dmul_clz.o(x$fpl$dmul) for __aeabi_dmul
    tan_i_x.o(i.____kernel_tan$lsc) refers to poly.o(i.__kernel_poly) for __kernel_poly
    tan_i_x.o(i.____kernel_tan$lsc) refers to dflt_clz.o(x$fpl$dflt) for __aeabi_i2d
    tan_i_x.o(i.____kernel_tan$lsc) refers to ddiv_clz.o(x$fpl$ddiv) for __aeabi_ddiv
    tan_i_x.o(i.____kernel_tan$lsc) refers to fabs.o(i.fabs) for fabs
    tan_i_x.o(i.____kernel_tan$lsc) refers to tan_i_x.o(.constdata) for .constdata
    tan_i_x.o(.constdata) refers (Special) to usenofp.o(x$fpl$usenofp) for __I$use$fp
    sys_command.o(.text) refers (Special) to use_no_semi.o(.text) for __I$use$semihosting
    sys_command.o(.text) refers (Special) to indicate_semi.o(.text) for __semihosting_library_function
    libspace.o(.text) refers to libspace.o(.bss) for __libspace_start
    __rtentry2.o(.ARM.Collect$$rtentry$$00000008) refers to boardinit2.o(.text) for _platform_post_stackheap_init
    __rtentry2.o(.ARM.Collect$$rtentry$$0000000A) refers to libinit.o(.ARM.Collect$$libinit$$00000000) for __rt_lib_init
    __rtentry2.o(.ARM.Collect$$rtentry$$0000000B) refers to boardinit3.o(.text) for _platform_post_lib_init
    __rtentry2.o(.ARM.Collect$$rtentry$$0000000D) refers to main.o(i.main) for main
    __rtentry2.o(.ARM.Collect$$rtentry$$0000000D) refers to exit.o(.text) for exit
    __rtentry2.o(.ARM.exidx) refers to __rtentry2.o(.ARM.Collect$$rtentry$$00000001) for .ARM.Collect$$rtentry$$00000001
    __rtentry2.o(.ARM.exidx) refers to __rtentry2.o(.ARM.Collect$$rtentry$$00000008) for .ARM.Collect$$rtentry$$00000008
    __rtentry2.o(.ARM.exidx) refers to __rtentry2.o(.ARM.Collect$$rtentry$$0000000A) for .ARM.Collect$$rtentry$$0000000A
    __rtentry2.o(.ARM.exidx) refers to __rtentry2.o(.ARM.Collect$$rtentry$$0000000B) for .ARM.Collect$$rtentry$$0000000B
    __rtentry2.o(.ARM.exidx) refers to __rtentry2.o(.ARM.Collect$$rtentry$$0000000D) for .ARM.Collect$$rtentry$$0000000D
    __rtentry4.o(.ARM.Collect$$rtentry$$00000004) refers to sys_stackheap_outer.o(.text) for __user_setup_stackheap
    __rtentry4.o(.ARM.exidx) refers to __rtentry4.o(.ARM.Collect$$rtentry$$00000004) for .ARM.Collect$$rtentry$$00000004
    rt_errno_addr.o(.text) refers to rt_errno_addr.o(.bss) for __aeabi_errno_addr_data
    rt_errno_addr_intlibspace.o(.text) refers to libspace.o(.bss) for __libspace_start
    maybetermalloc2.o(.emb_text) refers (Special) to term_alloc.o(.text) for _terminate_alloc
    h1_extend.o(.text) refers to h1_free.o(.text) for free
    h1_extend_mt.o(.text) refers to h1_free_mt.o(.text) for _free_internal
    _fptrap.o(.text) refers to defsig_fpe_outer.o(.text) for __rt_SIGFPE
    defsig_rtmem_outer.o(.text) refers to defsig_rtmem_inner.o(.text) for __rt_SIGRTMEM_inner
    defsig_rtmem_outer.o(.text) refers to defsig_exit.o(.text) for __sig_exit
    defsig_rtmem_formal.o(.text) refers to rt_raise.o(.text) for __rt_raise
    heapauxa.o(.text) refers to heapauxa.o(.data) for .data
    argv_veneer.o(.emb_text) refers to no_argv.o(.text) for __ARM_get_argv
    dcmpi.o(x$fpl$dcmpinf) refers (Special) to usenofp.o(x$fpl$usenofp) for __I$use$fp
    dfix.o(x$fpl$dfix) refers (Special) to usenofp.o(x$fpl$usenofp) for __I$use$fp
    dfix.o(x$fpl$dfix) refers to except.o(x$fpl$exception) for __fpl_exception
    dfix.o(x$fpl$dfix) refers to dnaninf.o(x$fpl$dnaninf) for __fpl_dnaninf
    dfix.o(x$fpl$dfixr) refers (Special) to usenofp.o(x$fpl$usenofp) for __I$use$fp
    dfix.o(x$fpl$dfixr) refers to except.o(x$fpl$exception) for __fpl_exception
    dfix.o(x$fpl$dfixr) refers to dnaninf.o(x$fpl$dnaninf) for __fpl_dnaninf
    retnan.o(x$fpl$retnan) refers (Special) to usenofp.o(x$fpl$usenofp) for __I$use$fp
    retnan.o(x$fpl$retnan) refers to trapv.o(x$fpl$trapveneer) for __fpl_cmpreturn
    sys_stackheap_outer.o(.text) refers to libspace.o(.text) for __user_perproc_libspace
    sys_stackheap_outer.o(.text) refers to startup_stm32f407xx.o(.text) for __user_initial_stackheap
    rt_raise.o(.text) refers to __raise.o(.text) for __raise
    rt_raise.o(.text) refers to sys_exit.o(.text) for _sys_exit
    term_alloc.o(.text) refers (Special) to libshutdown2.o(.ARM.Collect$$libshutdown$$0000000D) for __rt_lib_shutdown_heap_2
    term_alloc.o(.text) refers to rt_heap_descriptor_intlibspace.o(.text) for __rt_heap_descriptor
    term_alloc.o(.text) refers to h1_final.o(.text) for __Heap_Finalize
    exit.o(.text) refers to rtexit.o(.ARM.Collect$$rtexit$$00000000) for __rt_exit
    defsig_exit.o(.text) refers to sys_exit.o(.text) for _sys_exit
    defsig_fpe_outer.o(.text) refers to defsig_fpe_inner.o(.text) for __rt_SIGFPE_inner
    defsig_fpe_outer.o(.text) refers to defsig_exit.o(.text) for __sig_exit
    defsig_fpe_formal.o(.text) refers to rt_raise.o(.text) for __rt_raise
    defsig_rtmem_inner.o(.text) refers to defsig_general.o(.text) for __default_signal_display
    _get_argv_nomalloc.o(.text) refers (Special) to hrguard.o(.text) for __heap_region$guard
    _get_argv_nomalloc.o(.text) refers to defsig_rtmem_outer.o(.text) for __rt_SIGRTMEM
    _get_argv_nomalloc.o(.text) refers to sys_command.o(.text) for _sys_command_string
    libinit.o(.ARM.Collect$$libinit$$00000000) refers (Special) to libinit2.o(.ARM.Collect$$libinit$$0000002E) for __rt_lib_init_alloca_1
    libinit.o(.ARM.Collect$$libinit$$00000000) refers (Special) to libinit2.o(.ARM.Collect$$libinit$$0000002C) for __rt_lib_init_argv_1
    libinit.o(.ARM.Collect$$libinit$$00000000) refers (Special) to libinit2.o(.ARM.Collect$$libinit$$0000001B) for __rt_lib_init_atexit_1
    libinit.o(.ARM.Collect$$libinit$$00000000) refers (Special) to libinit2.o(.ARM.Collect$$libinit$$00000021) for __rt_lib_init_clock_1
    libinit.o(.ARM.Collect$$libinit$$00000000) refers (Special) to libinit2.o(.ARM.Collect$$libinit$$00000032) for __rt_lib_init_cpp_1
    libinit.o(.ARM.Collect$$libinit$$00000000) refers (Special) to libinit2.o(.ARM.Collect$$libinit$$00000030) for __rt_lib_init_exceptions_1
    libinit.o(.ARM.Collect$$libinit$$00000000) refers (Special) to libinit2.o(.ARM.Collect$$libinit$$00000001) for __rt_lib_init_fp_1
    libinit.o(.ARM.Collect$$libinit$$00000000) refers (Special) to libinit2.o(.ARM.Collect$$libinit$$0000001F) for __rt_lib_init_fp_trap_1
    libinit.o(.ARM.Collect$$libinit$$00000000) refers (Special) to libinit2.o(.ARM.Collect$$libinit$$00000023) for __rt_lib_init_getenv_1
    libinit.o(.ARM.Collect$$libinit$$00000000) refers (Special) to libinit2.o(.ARM.Collect$$libinit$$0000000A) for __rt_lib_init_heap_1
    libinit.o(.ARM.Collect$$libinit$$00000000) refers (Special) to libinit2.o(.ARM.Collect$$libinit$$00000011) for __rt_lib_init_lc_collate_1
    libinit.o(.ARM.Collect$$libinit$$00000000) refers (Special) to libinit2.o(.ARM.Collect$$libinit$$00000013) for __rt_lib_init_lc_ctype_1
    libinit.o(.ARM.Collect$$libinit$$00000000) refers (Special) to libinit2.o(.ARM.Collect$$libinit$$00000015) for __rt_lib_init_lc_monetary_1
    libinit.o(.ARM.Collect$$libinit$$00000000) refers (Special) to libinit2.o(.ARM.Collect$$libinit$$00000017) for __rt_lib_init_lc_numeric_1
    libinit.o(.ARM.Collect$$libinit$$00000000) refers (Special) to libinit2.o(.ARM.Collect$$libinit$$00000019) for __rt_lib_init_lc_time_1
    libinit.o(.ARM.Collect$$libinit$$00000000) refers (Special) to libinit2.o(.ARM.Collect$$libinit$$00000004) for __rt_lib_init_preinit_1
    libinit.o(.ARM.Collect$$libinit$$00000000) refers (Special) to libinit2.o(.ARM.Collect$$libinit$$0000000E) for __rt_lib_init_rand_1
    libinit.o(.ARM.Collect$$libinit$$00000000) refers (Special) to libinit2.o(.ARM.Collect$$libinit$$00000033) for __rt_lib_init_return
    libinit.o(.ARM.Collect$$libinit$$00000000) refers (Special) to libinit2.o(.ARM.Collect$$libinit$$0000001D) for __rt_lib_init_signal_1
    libinit.o(.ARM.Collect$$libinit$$00000000) refers (Special) to libinit2.o(.ARM.Collect$$libinit$$00000025) for __rt_lib_init_stdio_1
    libinit.o(.ARM.Collect$$libinit$$00000000) refers (Special) to libinit2.o(.ARM.Collect$$libinit$$0000000C) for __rt_lib_init_user_alloc_1
    sys_exit.o(.text) refers (Special) to use_no_semi.o(.text) for __I$use$semihosting
    sys_exit.o(.text) refers (Special) to indicate_semi.o(.text) for __semihosting_library_function
    rtexit.o(.ARM.Collect$$rtexit$$00000000) refers (Special) to rtexit2.o(.ARM.Collect$$rtexit$$00000004) for __rt_exit_exit
    rtexit.o(.ARM.Collect$$rtexit$$00000000) refers (Special) to rtexit2.o(.ARM.Collect$$rtexit$$00000003) for __rt_exit_ls
    rtexit.o(.ARM.Collect$$rtexit$$00000000) refers (Special) to rtexit2.o(.ARM.Collect$$rtexit$$00000002) for __rt_exit_prels_1
    rtexit.o(.ARM.exidx) refers (Special) to rtexit2.o(.ARM.Collect$$rtexit$$00000004) for __rt_exit_exit
    rtexit.o(.ARM.exidx) refers (Special) to rtexit2.o(.ARM.Collect$$rtexit$$00000003) for __rt_exit_ls
    rtexit.o(.ARM.exidx) refers (Special) to rtexit2.o(.ARM.Collect$$rtexit$$00000002) for __rt_exit_prels_1
    rtexit.o(.ARM.exidx) refers to rtexit.o(.ARM.Collect$$rtexit$$00000000) for .ARM.Collect$$rtexit$$00000000
    __raise.o(.text) refers to defsig.o(CL$$defsig) for __default_signal_handler
    defsig_general.o(.text) refers to sys_wrch.o(.text) for _ttywrch
    defsig_fpe_inner.o(.text) refers to defsig_general.o(.text) for __default_signal_display
    libshutdown2.o(.ARM.Collect$$libshutdown$$0000000C) refers (Weak) to term_alloc.o(.text) for _terminate_alloc
    sys_wrch.o(.text) refers (Special) to use_no_semi.o(.text) for __I$use$semihosting
    sys_wrch.o(.text) refers (Special) to indicate_semi.o(.text) for __semihosting_library_function
    rtexit2.o(.ARM.Collect$$rtexit$$00000003) refers to libshutdown.o(.ARM.Collect$$libshutdown$$00000000) for __rt_lib_shutdown
    rtexit2.o(.ARM.Collect$$rtexit$$00000004) refers to sys_exit.o(.text) for _sys_exit
    rtexit2.o(.ARM.exidx) refers to rtexit2.o(.ARM.Collect$$rtexit$$00000001) for .ARM.Collect$$rtexit$$00000001
    rtexit2.o(.ARM.exidx) refers to rtexit2.o(.ARM.Collect$$rtexit$$00000003) for .ARM.Collect$$rtexit$$00000003
    rtexit2.o(.ARM.exidx) refers to rtexit2.o(.ARM.Collect$$rtexit$$00000004) for .ARM.Collect$$rtexit$$00000004
    defsig.o(CL$$defsig) refers to defsig_fpe_inner.o(.text) for __rt_SIGFPE_inner
    defsig.o(CL$$defsig) refers to defsig_rtmem_inner.o(.text) for __rt_SIGRTMEM_inner
    defsig_abrt_inner.o(.text) refers to defsig_general.o(.text) for __default_signal_display
    defsig_rtred_inner.o(.text) refers to defsig_general.o(.text) for __default_signal_display
    defsig_stak_inner.o(.text) refers to defsig_general.o(.text) for __default_signal_display
    defsig_pvfn_inner.o(.text) refers to defsig_general.o(.text) for __default_signal_display
    defsig_cppl_inner.o(.text) refers to defsig_general.o(.text) for __default_signal_display
    defsig_segv_inner.o(.text) refers to defsig_general.o(.text) for __default_signal_display
    defsig_other.o(.text) refers to defsig_general.o(.text) for __default_signal_display
    libshutdown.o(.ARM.Collect$$libshutdown$$00000000) refers (Special) to libshutdown2.o(.ARM.Collect$$libshutdown$$00000006) for __rt_lib_shutdown_fp_trap_1
    libshutdown.o(.ARM.Collect$$libshutdown$$00000000) refers (Special) to libshutdown2.o(.ARM.Collect$$libshutdown$$0000000E) for __rt_lib_shutdown_heap_1
    libshutdown.o(.ARM.Collect$$libshutdown$$00000000) refers (Special) to libshutdown2.o(.ARM.Collect$$libshutdown$$0000000F) for __rt_lib_shutdown_return
    libshutdown.o(.ARM.Collect$$libshutdown$$00000000) refers (Special) to libshutdown2.o(.ARM.Collect$$libshutdown$$00000009) for __rt_lib_shutdown_signal_1
    libshutdown.o(.ARM.Collect$$libshutdown$$00000000) refers (Special) to libshutdown2.o(.ARM.Collect$$libshutdown$$00000003) for __rt_lib_shutdown_stdio_1
    libshutdown.o(.ARM.Collect$$libshutdown$$00000000) refers (Special) to libshutdown2.o(.ARM.Collect$$libshutdown$$0000000B) for __rt_lib_shutdown_user_alloc_1


==============================================================================

Removing Unused input sections from the image.

    Removing main.o(.rev16_text), (4 bytes).
    Removing main.o(.revsh_text), (4 bytes).
    Removing main.o(.rrx_text), (6 bytes).
    Removing main.o(.bss), (24 bytes).
    Removing syssolve.o(.rev16_text), (4 bytes).
    Removing syssolve.o(.revsh_text), (4 bytes).
    Removing syssolve.o(.rrx_text), (6 bytes).
    Removing syssolve.o(i.det2), (26 bytes).
    Removing syssolve.o(i.det3), (232 bytes).
    Removing syssolve.o(i.det4), (588 bytes).
    Removing syssolve.o(i.mat2_inv), (72 bytes).
    Removing syssolve.o(i.mat_add), (70 bytes).
    Removing syssolve.o(i.mat_mul), (120 bytes).
    Removing syssolve.o(i.mat_sub), (70 bytes).
    Removing syssolve.o(i.system_solve), (276 bytes).
    Removing syssolve.o(i.transpose), (52 bytes).
    Removing syssolve.o(.bss), (196 bytes).
    Removing syssolve.o(.data), (2 bytes).
    Removing adxl345.o(.rev16_text), (4 bytes).
    Removing adxl345.o(.revsh_text), (4 bytes).
    Removing adxl345.o(.rrx_text), (6 bytes).
    Removing adxl345.o(i.ADXL345_GetAccel), (66 bytes).
    Removing telemetry.o(.rev16_text), (4 bytes).
    Removing telemetry.o(.revsh_text), (4 bytes).
    Removing telemetry.o(.rrx_text), (6 bytes).
    Removing telemetry.o(i.Message_FromByteArray), (84 bytes).
    Removing telemetry.o(i.send_to_uart), (24 bytes).
    Removing processing.o(.rev16_text), (4 bytes).
    Removing processing.o(.revsh_text), (4 bytes).
    Removing processing.o(.rrx_text), (6 bytes).
    Removing processing.o(i.Motors_CalcPwm), (200 bytes).
    Removing processing.o(i.calcAngleRate), (1088 bytes).
    Removing processing.o(i.force_from_freq2), (32 bytes).
    Removing processing.o(i.kalman2), (240 bytes).
    Removing processing.o(i.pid_control), (116 bytes).
    Removing processing.o(i.pwm_from_force), (36 bytes).
    Removing motors.o(.rev16_text), (4 bytes).
    Removing motors.o(.revsh_text), (4 bytes).
    Removing motors.o(.rrx_text), (6 bytes).
    Removing motors.o(i.Motors_EXTI_Init), (124 bytes).
    Removing motors.o(i.Motors_GPIO_Init), (324 bytes).
    Removing motors.o(i.Motors_Init), (16 bytes).
    Removing motors.o(i.Motors_SetPwm), (148 bytes).
    Removing motors.o(i.Motors_TIM_Init), (256 bytes).
    Removing motors.o(i.NVIC_EnableIRQ), (22 bytes).
    Removing motors.o(i.NVIC_SetPriority), (40 bytes).
    Removing adxrs453.o(.rev16_text), (4 bytes).
    Removing adxrs453.o(.revsh_text), (4 bytes).
    Removing adxrs453.o(.rrx_text), (6 bytes).
    Removing adxrs453.o(i.ADXRS453_Read), (94 bytes).
    Removing adxrs453.o(i.ADXRS_Calibr), (52 bytes).
    Removing adxrs453.o(i.SPI3_Transfer), (52 bytes).
    Removing adxrs290.o(.rev16_text), (4 bytes).
    Removing adxrs290.o(.revsh_text), (4 bytes).
    Removing adxrs290.o(.rrx_text), (6 bytes).
    Removing quaternion.o(i.Quat_FromAngleRate), (272 bytes).
    Removing quaternion.o(i.Quat_Mul), (100 bytes).
    Removing quaternion.o(i.Quat_ToEuler), (464 bytes).
    Removing quaternion.o(i.Vect3_Add), (48 bytes).
    Removing quaternion.o(i.Vect3_Mod), (112 bytes).
    Removing quaternion.o(i.Vect3_Mul), (38 bytes).
    Removing quaternion.o(i.Vect3_ScalarMul), (60 bytes).
    Removing quaternion.o(i.Vect3_VectorMul), (90 bytes).
    Removing mymath.o(i.nelder_mead), (1472 bytes).
    Removing filters.o(.rev16_text), (4 bytes).
    Removing filters.o(.revsh_text), (4 bytes).
    Removing filters.o(.rrx_text), (6 bytes).
    Removing system_stm32f4xx.o(.rev16_text), (4 bytes).
    Removing system_stm32f4xx.o(.revsh_text), (4 bytes).
    Removing system_stm32f4xx.o(.rrx_text), (6 bytes).
    Removing system_stm32f4xx.o(i.SystemCoreClockUpdate), (192 bytes).
    Removing system_stm32f4xx.o(.data), (20 bytes).
    Removing arm_fir_decimate_f32.o(.rev16_text), (4 bytes).
    Removing arm_fir_decimate_f32.o(.revsh_text), (4 bytes).
    Removing arm_fir_decimate_f32.o(.rrx_text), (6 bytes).
    Removing arm_fir_decimate_init_f32.o(.rev16_text), (4 bytes).
    Removing arm_fir_decimate_init_f32.o(.revsh_text), (4 bytes).
    Removing arm_fir_decimate_init_f32.o(.rrx_text), (6 bytes).

78 unused section(s) (total 7778 bytes) removed from the image.

==============================================================================

Memory Map of the image

  Image Entry point : 0x00000000

  Load Region LR_1 (Base: 0x08000000, Size: 0x00003b1c, Max: 0xffffffff, ABSOLUTE)

    Execution Region ER_RO (Base: 0x08000000, Size: 0x00002a58, Max: 0xffffffff, ABSOLUTE)

    Base Addr    Size         Type   Attr      Idx    E Section Name        Object

    0x08000000   0x00000188   Data   RO          976    RESET               startup_stm32f407xx.o
    0x08000188   0x00000008   Code   RO         1162  * !!!main             c_w.l(__main.o)
    0x08000190   0x00000002   Code   RO         1490    .ARM.Collect$$libinit$$00000000  c_w.l(libinit.o)
    0x08000192   0x00000004   Code   RO         1300    .ARM.Collect$$libinit$$00000001  c_w.l(libinit2.o)
    0x08000196   0x00000000   Code   RO         1303    .ARM.Collect$$libinit$$00000004  c_w.l(libinit2.o)
    0x08000196   0x00000000   Code   RO         1306    .ARM.Collect$$libinit$$0000000A  c_w.l(libinit2.o)
    0x08000196   0x00000000   Code   RO         1308    .ARM.Collect$$libinit$$0000000C  c_w.l(libinit2.o)
    0x08000196   0x00000000   Code   RO         1310    .ARM.Collect$$libinit$$0000000E  c_w.l(libinit2.o)
    0x08000196   0x00000000   Code   RO         1313    .ARM.Collect$$libinit$$00000011  c_w.l(libinit2.o)
    0x08000196   0x00000000   Code   RO         1315    .ARM.Collect$$libinit$$00000013  c_w.l(libinit2.o)
    0x08000196   0x00000000   Code   RO         1317    .ARM.Collect$$libinit$$00000015  c_w.l(libinit2.o)
    0x08000196   0x00000000   Code   RO         1319    .ARM.Collect$$libinit$$00000017  c_w.l(libinit2.o)
    0x08000196   0x00000000   Code   RO         1321    .ARM.Collect$$libinit$$00000019  c_w.l(libinit2.o)
    0x08000196   0x00000000   Code   RO         1323    .ARM.Collect$$libinit$$0000001B  c_w.l(libinit2.o)
    0x08000196   0x00000000   Code   RO         1325    .ARM.Collect$$libinit$$0000001D  c_w.l(libinit2.o)
    0x08000196   0x00000000   Code   RO         1327    .ARM.Collect$$libinit$$0000001F  c_w.l(libinit2.o)
    0x08000196   0x00000000   Code   RO         1329    .ARM.Collect$$libinit$$00000021  c_w.l(libinit2.o)
    0x08000196   0x00000000   Code   RO         1331    .ARM.Collect$$libinit$$00000023  c_w.l(libinit2.o)
    0x08000196   0x00000000   Code   RO         1333    .ARM.Collect$$libinit$$00000025  c_w.l(libinit2.o)
    0x08000196   0x00000000   Code   RO         1337    .ARM.Collect$$libinit$$0000002C  c_w.l(libinit2.o)
    0x08000196   0x00000000   Code   RO         1339    .ARM.Collect$$libinit$$0000002E  c_w.l(libinit2.o)
    0x08000196   0x00000000   Code   RO         1341    .ARM.Collect$$libinit$$00000030  c_w.l(libinit2.o)
    0x08000196   0x00000000   Code   RO         1343    .ARM.Collect$$libinit$$00000032  c_w.l(libinit2.o)
    0x08000196   0x00000002   Code   RO         1344    .ARM.Collect$$libinit$$00000033  c_w.l(libinit2.o)
    0x08000198   0x00000002   Code   RO         1547    .ARM.Collect$$libshutdown$$00000000  c_w.l(libshutdown.o)
    0x0800019a   0x00000000   Code   RO         1507    .ARM.Collect$$libshutdown$$00000003  c_w.l(libshutdown2.o)
    0x0800019a   0x00000000   Code   RO         1510    .ARM.Collect$$libshutdown$$00000006  c_w.l(libshutdown2.o)
    0x0800019a   0x00000000   Code   RO         1513    .ARM.Collect$$libshutdown$$00000009  c_w.l(libshutdown2.o)
    0x0800019a   0x00000000   Code   RO         1515    .ARM.Collect$$libshutdown$$0000000B  c_w.l(libshutdown2.o)
    0x0800019a   0x00000000   Code   RO         1518    .ARM.Collect$$libshutdown$$0000000E  c_w.l(libshutdown2.o)
    0x0800019a   0x00000002   Code   RO         1519    .ARM.Collect$$libshutdown$$0000000F  c_w.l(libshutdown2.o)
    0x0800019c   0x00000000   Code   RO         1270    .ARM.Collect$$rtentry$$00000000  c_w.l(__rtentry.o)
    0x0800019c   0x00000000   Code   RO         1414    .ARM.Collect$$rtentry$$00000002  c_w.l(__rtentry2.o)
    0x0800019c   0x00000006   Code   RO         1426    .ARM.Collect$$rtentry$$00000004  c_w.l(__rtentry4.o)
    0x080001a2   0x00000000   Code   RO         1416    .ARM.Collect$$rtentry$$00000009  c_w.l(__rtentry2.o)
    0x080001a2   0x00000004   Code   RO         1417    .ARM.Collect$$rtentry$$0000000A  c_w.l(__rtentry2.o)
    0x080001a6   0x00000000   Code   RO         1419    .ARM.Collect$$rtentry$$0000000C  c_w.l(__rtentry2.o)
    0x080001a6   0x00000008   Code   RO         1420    .ARM.Collect$$rtentry$$0000000D  c_w.l(__rtentry2.o)
    0x080001ae   0x00000002   Code   RO         1493    .ARM.Collect$$rtexit$$00000000  c_w.l(rtexit.o)
    0x080001b0   0x00000000   Code   RO         1523    .ARM.Collect$$rtexit$$00000002  c_w.l(rtexit2.o)
    0x080001b0   0x00000004   Code   RO         1524    .ARM.Collect$$rtexit$$00000003  c_w.l(rtexit2.o)
    0x080001b4   0x00000006   Code   RO         1525    .ARM.Collect$$rtexit$$00000004  c_w.l(rtexit2.o)
    0x080001ba   0x00000002   PAD
    0x080001bc   0x00000040   Code   RO          977  * .text               startup_stm32f407xx.o
    0x080001fc   0x0000043e   Code   RO         1020    .text               arm_cortexM4lf_math.lib(arm_fir_decimate_f32.o)
    0x0800063a   0x00000034   Code   RO         1069    .text               arm_cortexM4lf_math.lib(arm_fir_decimate_init_f32.o)
    0x0800066e   0x0000008a   Code   RO         1154    .text               c_w.l(rt_memcpy_v6.o)
    0x080006f8   0x00000064   Code   RO         1156    .text               c_w.l(rt_memcpy_w.o)
    0x0800075c   0x0000004e   Code   RO         1158    .text               c_w.l(rt_memclr_w.o)
    0x080007aa   0x00000006   Code   RO         1160    .text               c_w.l(heapauxi.o)
    0x080007b0   0x00000008   Code   RO         1410    .text               c_w.l(libspace.o)
    0x080007b8   0x00000002   Code   RO         1462    .text               c_w.l(use_no_semi.o)
    0x080007ba   0x00000000   Code   RO         1464    .text               c_w.l(indicate_semi.o)
    0x080007ba   0x0000004a   Code   RO         1465    .text               c_w.l(sys_stackheap_outer.o)
    0x08000804   0x0000000c   Code   RO         1471    .text               c_w.l(exit.o)
    0x08000810   0x0000000c   Code   RO         1491    .text               c_w.l(sys_exit.o)
    0x0800081c   0x00000048   Code   RO          200    i.ADXL345_Calibr    adxl345.o
    0x08000864   0x0000006c   Code   RO          201    i.ADXL345_DMA_Init  adxl345.o
    0x080008d0   0x00000078   Code   RO          203    i.ADXL345_Init      adxl345.o
    0x08000948   0x00000048   Code   RO          787    i.ADXRS290_Calibr   adxrs290.o
    0x08000990   0x000000ac   Code   RO          788    i.ADXRS290_EXTI_Init  adxrs290.o
    0x08000a3c   0x0000006a   Code   RO          789    i.ADXRS290_Init     adxrs290.o
    0x08000aa6   0x00000002   PAD
    0x08000aa8   0x00000024   Code   RO          790    i.ADXRS290_NSS_High  adxrs290.o
    0x08000acc   0x00000044   Code   RO          791    i.ADXRS290_NSS_Init  adxrs290.o
    0x08000b10   0x00000024   Code   RO          792    i.ADXRS290_NSS_Low  adxrs290.o
    0x08000b34   0x0000008c   Code   RO          679    i.ADXRS_DMA_Read    adxrs453.o
    0x08000bc0   0x0000003a   Code   RO          680    i.ADXRS_TIM_Init    adxrs453.o
    0x08000bfa   0x00000002   PAD
    0x08000bfc   0x0000004c   Code   RO          793    i.ARS_GetData       adxrs290.o
    0x08000c48   0x00000058   Code   RO          204    i.Accel_EXTI_Init   adxl345.o
    0x08000ca0   0x0000001c   Code   RO          205    i.Accel_GetData     adxl345.o
    0x08000cbc   0x0000001c   Code   RO          206    i.Accel_NSS_High    adxl345.o
    0x08000cd8   0x0000004c   Code   RO          207    i.Accel_NSS_Init    adxl345.o
    0x08000d24   0x0000001c   Code   RO          208    i.Accel_NSS_Low     adxl345.o
    0x08000d40   0x0000002c   Code   RO          209    i.Accel_UpdateFreq  adxl345.o
    0x08000d6c   0x00000060   Code   RO          210    i.Accel_VDD_Init    adxl345.o
    0x08000dcc   0x0000001c   Code   RO          794    i.All_NSS_High      adxrs290.o
    0x08000de8   0x000000fc   Code   RO          681    i.DMA1_Stream2_IRQHandler  adxrs453.o
    0x08000ee4   0x00000154   Code   RO          211    i.DMA1_Stream3_IRQHandler  adxl345.o
    0x08001038   0x00000028   Code   RO          212    i.DMA1_Stream4_IRQHandler  adxl345.o
    0x08001060   0x0000000c   Code   RO          682    i.DMA1_Stream5_IRQHandler  adxrs453.o
    0x0800106c   0x00000024   Code   RO          363    i.DMA2_Stream7_IRQHandler  telemetry.o
    0x08001090   0x00000028   Code   RO          213    i.Delay             adxl345.o
    0x080010b8   0x0000003c   Code   RO          795    i.EXTI15_10_IRQHandler  adxrs290.o
    0x080010f4   0x0000001c   Code   RO          214    i.EXTI1_IRQHandler  adxl345.o
    0x08001110   0x00000038   Code   RO          569    i.EXTI2_IRQHandler  motors.o
    0x08001148   0x00000034   Code   RO          570    i.EXTI4_IRQHandler  motors.o
    0x0800117c   0x00000044   Code   RO          365    i.Message_ToByteArray  telemetry.o
    0x080011c0   0x00000020   Code   RO          574    i.Motors_Run        motors.o
    0x080011e0   0x00000028   Code   RO          576    i.Motors_Stop       motors.o
    0x08001208   0x00000016   Code   RO          215    i.NVIC_EnableIRQ    adxl345.o
    0x0800121e   0x00000016   Code   RO          366    i.NVIC_EnableIRQ    telemetry.o
    0x08001234   0x00000016   Code   RO          683    i.NVIC_EnableIRQ    adxrs453.o
    0x0800124a   0x00000016   Code   RO          796    i.NVIC_EnableIRQ    adxrs290.o
    0x08001260   0x00000028   Code   RO          216    i.NVIC_SetPriority  adxl345.o
    0x08001288   0x00000028   Code   RO          684    i.NVIC_SetPriority  adxrs453.o
    0x080012b0   0x00000078   Code   RO          474    i.Processing_TIM_Init  processing.o
    0x08001328   0x00000040   Code   RO            4    i.RCC_Init          main.o
    0x08001368   0x000000e8   Code   RO          217    i.SPI2_GPIO_Init    adxl345.o
    0x08001450   0x000002f0   Code   RO          797    i.SPI2_IRQHandler   adxrs290.o
    0x08001740   0x00000070   Code   RO          218    i.SPI2_Init         adxl345.o
    0x080017b0   0x00000016   Code   RO          219    i.SPI2_Read         adxl345.o
    0x080017c6   0x00000002   PAD
    0x080017c8   0x00000074   Code   RO          798    i.SPI2_SensorsPoll  adxrs290.o
    0x0800183c   0x00000034   Code   RO          220    i.SPI2_Transfer     adxl345.o
    0x08001870   0x00000014   Code   RO          221    i.SPI2_Write        adxl345.o
    0x08001884   0x00000138   Code   RO          685    i.SPI3_GPIO_Init    adxrs453.o
    0x080019bc   0x0000005c   Code   RO          686    i.SPI3_Init         adxrs453.o
    0x08001a18   0x0000001c   Code   RO          687    i.SPI3_NSS_High     adxrs453.o
    0x08001a34   0x0000001c   Code   RO          688    i.SPI3_NSS_Low      adxrs453.o
    0x08001a50   0x0000003c   Code   RO          367    i.SendTelemetry     telemetry.o
    0x08001a8c   0x000000e0   Code   RO          985    i.SystemInit        system_stm32f4xx.o
    0x08001b6c   0x00000034   Code   RO          580    i.TIM1_BRK_TIM9_IRQHandler  motors.o
    0x08001ba0   0x00000024   Code   RO          690    i.TIM2_IRQHandler   adxrs453.o
    0x08001bc4   0x00000060   Code   RO          581    i.TIM3_IRQHandler   motors.o
    0x08001c24   0x00000034   Code   RO          582    i.TIM5_IRQHandler   motors.o
    0x08001c58   0x000000a4   Code   RO          475    i.TIM7_IRQHandler   processing.o
    0x08001cfc   0x00000054   Code   RO          368    i.Telemetry_DMA_Init  telemetry.o
    0x08001d50   0x00000678   Code   RO          369    i.USART1_IRQHandler  telemetry.o
    0x080023c8   0x00000104   Code   RO          370    i.USART_Init        telemetry.o
    0x080024cc   0x0000001c   Code   RO            5    i.checkCalibrationFinish  main.o
    0x080024e8   0x00000060   Code   RO          478    i.getFinalData      processing.o
    0x08002548   0x00000044   Code   RO          371    i.initWaitingForFloat  telemetry.o
    0x0800258c   0x0000002c   Code   RO          372    i.initWaitingForInt  telemetry.o
    0x080025b8   0x00000054   Code   RO          480    i.lowpass           processing.o
    0x0800260c   0x00000440   Code   RO            6    i.main              main.o
    0x08002a4c   0x0000000a   Code   RO         1458    x$fpl$fpinit        g_wm.l(fpinit.o)
    0x08002a56   0x00000002   PAD
    0x08002a58   0x00000000   Data   RO         1548    Region$$Table       anon$$obj.o


    Execution Region ER_RW (Base: 0x20000000, Size: 0x000010c4, Max: 0xffffffff, ABSOLUTE)

    Base Addr    Size         Type   Attr      Idx    E Section Name        Object

    0x20000000   0x00000040   Data   RW            8    .data               main.o
    0x20000040   0x00000030   Data   RW          223    .data               adxl345.o
    0x20000070   0x00000031   Data   RW          375    .data               telemetry.o
    0x200000a1   0x00000003   PAD
    0x200000a4   0x00000114   Data   RW          484    .data               processing.o
    0x200001b8   0x0000001e   Data   RW          583    .data               motors.o
    0x200001d6   0x00000002   PAD
    0x200001d8   0x00000022   Data   RW          691    .data               adxrs453.o
    0x200001fa   0x00000002   PAD
    0x200001fc   0x000006e9   Data   RW          800    .data               adxrs290.o
    0x200008e5   0x00000003   PAD
    0x200008e8   0x000007db   Data   RW          950    .data               filters.o


    Execution Region ER_ZI (Base: 0x200010c4, Size: 0x0000305c, Max: 0xffffffff, ABSOLUTE)

    Base Addr    Size         Type   Attr      Idx    E Section Name        Object

    0x200010c4   0x00000030   Zero   RW          222    .bss                adxl345.o
    0x200010f4   0x000000dc   Zero   RW          374    .bss                telemetry.o
    0x200011d0   0x000003d0   Zero   RW          483    .bss                processing.o
    0x200015a0   0x00000048   Zero   RW          799    .bss                adxrs290.o
    0x200015e8   0x00001ed8   Zero   RW          949    .bss                filters.o
    0x200034c0   0x00000060   Zero   RW         1411    .bss                c_w.l(libspace.o)
    0x20003520   0x00000400   Zero   RW          975    HEAP                startup_stm32f407xx.o
    0x20003920   0x00000800   Zero   RW          974    STACK               startup_stm32f407xx.o

