Component: ARM Compiler 5.05 update 1 (build 106) Tool: armlink [4d0efa]

==============================================================================

Section Cross References

    main.o(i.checkCalibrationFinish) refers to processing.o(i.Processing_TIM_Init) for Processing_TIM_Init
    main.o(i.checkCalibrationFinish) refers to adxrs453.o(.data) for adxrs_CalibrationOn
    main.o(i.checkCalibrationFinish) refers to adxl345.o(.data) for accelCalibrationOn
    main.o(i.main) refers to main.o(i.RCC_Init) for RCC_Init
    main.o(i.main) refers to adxl345.o(i.Accel_VDD_Init) for Accel_VDD_Init
    main.o(i.main) refers to adxl345.o(i.Accel_NSS_Init) for Accel_NSS_Init
    main.o(i.main) refers to adxl345.o(i.Accel_NSS_High) for Accel_NSS_High
    main.o(i.main) refers to adxrs290.o(i.ADXRS290_NSS_Init) for ADXRS290_NSS_Init
    main.o(i.main) refers to adxrs290.o(i.ADXRS290_NSS_High) for ADXRS290_NSS_High
    main.o(i.main) refers to adxl345.o(i.SPI2_Init) for SPI2_Init
    main.o(i.main) refers to adxl345.o(i.ADXL345_Init) for ADXL345_Init
    main.o(i.main) refers to adxl345.o(i.Accel_EXTI_Init) for Accel_EXTI_Init
    main.o(i.main) refers to adxl345.o(i.ADXL345_Calibr) for ADXL345_Calibr
    main.o(i.main) refers to adxrs290.o(i.ADXRS290_Init) for ADXRS290_Init
    main.o(i.main) refers to adxrs290.o(i.ADXRS290_EXTI_Init) for ADXRS290_EXTI_Init
    main.o(i.main) refers to adxrs453.o(i.SPI3_Init) for SPI3_Init
    main.o(i.main) refers to adxrs453.o(i.ADXRS_TIM_Init) for ADXRS_TIM_Init
    main.o(i.main) refers to adxrs453.o(i.ADXRS_Calibr) for ADXRS_Calibr
    main.o(i.main) refers to motors.o(i.Motors_Init) for Motors_Init
    main.o(i.main) refers to telemetry.o(i.USART_Init) for USART_Init
    main.o(i.main) refers to processing.o(i.lowpass) for lowpass
    main.o(i.main) refers to main.o(i.checkCalibrationFinish) for checkCalibrationFinish
    main.o(i.main) refers to telemetry.o(.data) for Message_Size
    main.o(i.main) refers to main.o(.data) for ENGRDY
    main.o(i.main) refers to processing.o(.data) for doAdxrsProcess
    main.o(i.main) refers to processing.o(.bss) for adxrsHistory
    main.o(i.main) refers to adxrs453.o(.data) for adxrs_CalibrationOn
    main.o(i.main) refers to adxrs290.o(.data) for ars_doProcess
    main.o(i.main) refers to adxrs290.o(.bss) for ars_termoData
    syssolve.o(i.mat2_inv) refers to syssolve.o(i.det2) for det2
    syssolve.o(i.system_solve) refers to h1_alloc.o(.text) for malloc
    syssolve.o(i.system_solve) refers to syssolve.o(i.transpose) for transpose
    syssolve.o(i.system_solve) refers to syssolve.o(i.mat_mul) for mat_mul
    syssolve.o(i.system_solve) refers to syssolve.o(i.det3) for det3
    syssolve.o(i.system_solve) refers to h1_free.o(.text) for free
    syssolve.o(i.system_solve) refers to rt_memcpy_w.o(.text) for __aeabi_memcpy4
    adxl345.o(i.ADXL345_Calibr) refers to adxl345.o(.data) for accel_xSum
    adxl345.o(i.ADXL345_DMA_Init) refers to adxl345.o(i.NVIC_SetPriority) for NVIC_SetPriority
    adxl345.o(i.ADXL345_DMA_Init) refers to adxl345.o(i.NVIC_EnableIRQ) for NVIC_EnableIRQ
    adxl345.o(i.ADXL345_DMA_Init) refers to adxl345.o(i.Accel_NSS_Low) for Accel_NSS_Low
    adxl345.o(i.ADXL345_DMA_Init) refers to adxl345.o(.bss) for accel
    adxl345.o(i.ADXL345_DMA_Init) refers to adxl345.o(.data) for accelRegisters
    adxl345.o(i.ADXL345_GetAccel) refers to adxl345.o(i.Accel_NSS_Low) for Accel_NSS_Low
    adxl345.o(i.ADXL345_GetAccel) refers to adxl345.o(i.SPI2_Read) for SPI2_Read
    adxl345.o(i.ADXL345_GetAccel) refers to adxl345.o(i.Accel_NSS_High) for Accel_NSS_High
    adxl345.o(i.ADXL345_Init) refers to adxl345.o(i.Accel_VDD_Init) for Accel_VDD_Init
    adxl345.o(i.ADXL345_Init) refers to adxl345.o(i.Accel_NSS_Init) for Accel_NSS_Init
    adxl345.o(i.ADXL345_Init) refers to adxl345.o(i.Delay) for Delay
    adxl345.o(i.ADXL345_Init) refers to adxl345.o(i.Accel_NSS_Low) for Accel_NSS_Low
    adxl345.o(i.ADXL345_Init) refers to adxl345.o(i.SPI2_Read) for SPI2_Read
    adxl345.o(i.ADXL345_Init) refers to adxl345.o(i.SPI2_Write) for SPI2_Write
    adxl345.o(i.ADXL345_Init) refers to adxl345.o(i.Accel_NSS_High) for Accel_NSS_High
    adxl345.o(i.ADXL345_Init) refers to adxl345.o(.data) for curFreq
    adxl345.o(i.Accel_EXTI_Init) refers to adxl345.o(i.NVIC_SetPriority) for NVIC_SetPriority
    adxl345.o(i.Accel_EXTI_Init) refers to adxl345.o(i.NVIC_EnableIRQ) for NVIC_EnableIRQ
    adxl345.o(i.Accel_GetData) refers to adxl345.o(i.ADXL345_DMA_Init) for ADXL345_DMA_Init
    adxl345.o(i.Accel_GetData) refers to adxrs290.o(.data) for SPI2_curUsing
    adxl345.o(i.Accel_NSS_High) refers to adxl345.o(.data) for ACCEL_NSS
    adxl345.o(i.Accel_NSS_Init) refers to adxl345.o(.data) for ACCEL_NSS
    adxl345.o(i.Accel_NSS_Low) refers to adxl345.o(.data) for ACCEL_NSS
    adxl345.o(i.Accel_UpdateFreq) refers to adxl345.o(i.Accel_NSS_Low) for Accel_NSS_Low
    adxl345.o(i.Accel_UpdateFreq) refers to adxl345.o(i.SPI2_Write) for SPI2_Write
[...]
    i.ADXRS290_NSS_High                      0x0800067c   Section        0  adxrs290.o(i.ADXRS290_NSS_High)
    i.ADXRS290_NSS_Init                      0x080006a0   Section        0  adxrs290.o(i.ADXRS290_NSS_Init)
    i.ADXRS290_NSS_Low                       0x080006e4   Section        0  adxrs290.o(i.ADXRS290_NSS_Low)
    i.ADXRS_Calibr                           0x08000708   Section        0  adxrs453.o(i.ADXRS_Calibr)
    i.ADXRS_DMA_Read                         0x0800073c   Section        0  adxrs453.o(i.ADXRS_DMA_Read)
    i.ADXRS_TIM_Init                         0x080007c8   Section        0  adxrs453.o(i.ADXRS_TIM_Init)
    i.ARS_GetData                            0x08000804   Section        0  adxrs290.o(i.ARS_GetData)
    i.Accel_EXTI_Init                        0x08000850   Section        0  adxl345.o(i.Accel_EXTI_Init)
    i.Accel_GetData                          0x080008a8   Section        0  adxl345.o(i.Accel_GetData)
    i.Accel_NSS_High                         0x080008c4   Section        0  adxl345.o(i.Accel_NSS_High)
    i.Accel_NSS_Init                         0x080008e0   Section        0  adxl345.o(i.Accel_NSS_Init)
    i.Accel_NSS_Low                          0x0800092c   Section        0  adxl345.o(i.Accel_NSS_Low)
    i.Accel_UpdateFreq                       0x08000948   Section        0  adxl345.o(i.Accel_UpdateFreq)
    i.Accel_VDD_Init                         0x08000974   Section        0  adxl345.o(i.Accel_VDD_Init)
    i.All_NSS_High                           0x080009d4   Section        0  adxrs290.o(i.All_NSS_High)
    i.DMA1_Stream2_IRQHandler                0x080009f0   Section        0  adxrs453.o(i.DMA1_Stream2_IRQHandler)
    i.DMA1_Stream3_IRQHandler                0x08000ac0   Section        0  adxl345.o(i.DMA1_Stream3_IRQHandler)
    i.DMA1_Stream4_IRQHandler                0x08000d0c   Section        0  adxl345.o(i.DMA1_Stream4_IRQHandler)
    i.DMA1_Stream5_IRQHandler                0x08000d34   Section        0  adxrs453.o(i.DMA1_Stream5_IRQHandler)
    i.DMA2_Stream7_IRQHandler                0x08000d40   Section        0  telemetry.o(i.DMA2_Stream7_IRQHandler)
    i.Delay                                  0x08000d64   Section        0  adxl345.o(i.Delay)
    i.EXTI15_10_IRQHandler                   0x08000d8c   Section        0  adxrs290.o(i.EXTI15_10_IRQHandler)
    i.EXTI1_IRQHandler                       0x08000dc8   Section        0  adxl345.o(i.EXTI1_IRQHandler)
    i.EXTI2_IRQHandler                       0x08000de4   Section        0  motors.o(i.EXTI2_IRQHandler)
    i.EXTI4_IRQHandler                       0x08000e1c   Section        0  motors.o(i.EXTI4_IRQHandler)
    i.Message_ToByteArray                    0x08000e50   Section        0  telemetry.o(i.Message_ToByteArray)
    i.Motors_EXTI_Init                       0x08000e94   Section        0  motors.o(i.Motors_EXTI_Init)
    i.Motors_GPIO_Init                       0x08000f10   Section        0  motors.o(i.Motors_GPIO_Init)
    i.Motors_Init                            0x08001054   Section        0  motors.o(i.Motors_Init)
    i.Motors_Run                             0x08001064   Section        0  motors.o(i.Motors_Run)
    i.Motors_Stop                            0x08001084   Section        0  motors.o(i.Motors_Stop)
    i.Motors_TIM_Init                        0x080010ac   Section        0  motors.o(i.Motors_TIM_Init)
    i.NVIC_EnableIRQ                         0x080011ac   Section        0  adxl345.o(i.NVIC_EnableIRQ)
    NVIC_EnableIRQ                           0x080011ad   Thumb Code    22  adxl345.o(i.NVIC_EnableIRQ)
    i.NVIC_EnableIRQ                         0x080011c2   Section        0  telemetry.o(i.NVIC_EnableIRQ)
    NVIC_EnableIRQ                           0x080011c3   Thumb Code    22  telemetry.o(i.NVIC_EnableIRQ)
    i.NVIC_EnableIRQ                         0x080011d8   Section        0  motors.o(i.NVIC_EnableIRQ)
    NVIC_EnableIRQ                           0x080011d9   Thumb Code    22  motors.o(i.NVIC_EnableIRQ)
    i.NVIC_EnableIRQ                         0x080011ee   Section        0  adxrs453.o(i.NVIC_EnableIRQ)
    NVIC_EnableIRQ                           0x080011ef   Thumb Code    22  adxrs453.o(i.NVIC_EnableIRQ)
    i.NVIC_EnableIRQ                         0x08001204   Section        0  adxrs290.o(i.NVIC_EnableIRQ)
    NVIC_EnableIRQ                           0x08001205   Thumb Code    22  adxrs290.o(i.NVIC_EnableIRQ)
    i.NVIC_SetPriority                       0x0800121c   Section        0  adxl345.o(i.NVIC_SetPriority)
    NVIC_SetPriority                         0x0800121d   Thumb Code    32  adxl345.o(i.NVIC_SetPriority)
    i.NVIC_SetPriority                       0x08001244   Section        0  motors.o(i.NVIC_SetPriority)
    NVIC_SetPriority                         0x08001245   Thumb Code    32  motors.o(i.NVIC_SetPriority)
    i.NVIC_SetPriority                       0x0800126c   Section        0  adxrs453.o(i.NVIC_SetPriority)
    NVIC_SetPriority                         0x0800126d   Thumb Code    32  adxrs453.o(i.NVIC_SetPriority)
    i.Processing_TIM_Init                    0x08001294   Section        0  processing.o(i.Processing_TIM_Init)
    i.RCC_Init                               0x0800130c   Section        0  main.o(i.RCC_Init)
    i.SPI2_GPIO_Init                         0x0800134c   Section        0  adxl345.o(i.SPI2_GPIO_Init)
    i.SPI2_IRQHandler                        0x08001434   Section        0  adxrs290.o(i.SPI2_IRQHandler)
    i.SPI2_Init                              0x080016fc   Section        0  adxl345.o(i.SPI2_Init)
    i.SPI2_Read                              0x0800176c   Section        0  adxl345.o(i.SPI2_Read)
    i.SPI2_SensorsPoll                       0x08001784   Section        0  adxrs290.o(i.SPI2_SensorsPoll)
    i.SPI2_Transfer                          0x080017f8   Section        0  adxl345.o(i.SPI2_Transfer)
    i.SPI2_Write                             0x0800182c   Section        0  adxl345.o(i.SPI2_Write)
    i.SPI3_GPIO_Init                         0x08001840   Section        0  adxrs453.o(i.SPI3_GPIO_Init)
    i.SPI3_Init                              0x08001978   Section        0  adxrs453.o(i.SPI3_Init)
    i.SPI3_NSS_High                          0x080019d4   Section        0  adxrs453.o(i.SPI3_NSS_High)
    i.SPI3_NSS_Low                           0x080019f0   Section        0  adxrs453.o(i.SPI3_NSS_Low)
    i.SendTelemetry                          0x08001a0c   Section        0  telemetry.o(i.SendTelemetry)
    i.SystemInit                             0x08001a48   Section        0  system_stm32f4xx.o(i.SystemInit)
    i.TIM1_BRK_TIM9_IRQHandler               0x08001b28   Section        0  motors.o(i.TIM1_BRK_TIM9_IRQHandler)
    i.TIM2_IRQHandler                        0x08001b5c   Section        0  adxrs453.o(i.TIM2_IRQHandler)
    i.TIM3_IRQHandler                        0x08001b80   Section        0  motors.o(i.TIM3_IRQHandler)
    i.TIM5_IRQHandler                        0x08001cd8   Section        0  motors.o(i.TIM5_IRQHandler)
    i.TIM7_IRQHandler                        0x08001d0c   Section        0  processing.o(i.TIM7_IRQHandler)
    i.Telemetry_DMA_Init                     0x08001e6c   Section        0  telemetry.o(i.Telemetry_DMA_Init)
    i.USART1_IRQHandler                      0x08001ec0   Section        0  telemetry.o(i.USART1_IRQHandler)
    i.USART_Init                             0x08002584   Section        0  telemetry.o(i.USART_Init)
    i.__ARM_fpclassify                       0x08002688   Section        0  fpclassify.o(i.__ARM_fpclassify)
    i.__ARM_fpclassifyf                      0x080026b8   Section        0  fpclassifyf.o(i.__ARM_fpclassifyf)
    i.__hardfp_atanf                         0x080026e0   Section        0  atanf.o(i.__hardfp_atanf)
    i.__hardfp_cos                           0x08002840   Section        0  cos.o(i.__hardfp_cos)
    i.__hardfp_sin                           0x08002908   Section        0  sin.o(i.__hardfp_sin)
    i.__hardfp_sqrt                          0x080029d0   Section        0  sqrt.o(i.__hardfp_sqrt)
    i.__hardfp_tan                           0x08002a50   Section        0  tan.o(i.__hardfp_tan)
    i.__ieee754_rem_pio2                     0x08002ad0   Section        0  rred.o(i.__ieee754_rem_pio2)
    i.__kernel_cos                           0x08002f08   Section        0  cos_i.o(i.__kernel_cos)
    i.__kernel_poly                          0x08003078   Section        0  poly.o(i.__kernel_poly)
    i.__kernel_sin                           0x08003170   Section        0  sin_i.o(i.__kernel_sin)
    i.__kernel_tan                           0x080032a0   Section        0  tan_i.o(i.__kernel_tan)
    i.__mathlib_dbl_infnan                   0x080035f0   Section        0  dunder.o(i.__mathlib_dbl_infnan)
    i.__mathlib_dbl_invalid                  0x08003608   Section        0  dunder.o(i.__mathlib_dbl_invalid)
    i.__mathlib_dbl_underflow                0x08003628   Section        0  dunder.o(i.__mathlib_dbl_underflow)
    i.__mathlib_flt_infnan                   0x08003648   Section        0  funder.o(i.__mathlib_flt_infnan)
    i.__mathlib_flt_underflow                0x08003650   Section        0  funder.o(i.__mathlib_flt_underflow)
    i.calcAngle                              0x08003660   Section        0  processing.o(i.calcAngle)
    i.calcAngleRate                          0x08003774   Section        0  processing.o(i.calcAngleRate)
    i.checkCalibrationFinish                 0x08003b68   Section        0  main.o(i.checkCalibrationFinish)
    i.det2                                   0x08003b84   Section        0  syssolve.o(i.det2)
    i.fabs                                   0x08003b9e   Section        0  fabs.o(i.fabs)
    i.getFinalData                           0x08003bb8   Section        0  processing.o(i.getFinalData)
    i.initWaitingForFloat                    0x08003c18   Section        0  telemetry.o(i.initWaitingForFloat)
    i.initWaitingForInt                      0x08003c5c   Section        0  telemetry.o(i.initWaitingForInt)
    i.kalman2                                0x08003c88   Section        0  processing.o(i.kalman2)
    i.lowpass                                0x08003d78   Section        0  processing.o(i.lowpass)
    i.main                                   0x08003dcc   Section        0  main.o(i.main)
    i.mat2_inv                               0x08004154   Section        0  syssolve.o(i.mat2_inv)
    i.mat_add                                0x0800419c   Section        0  syssolve.o(i.mat_add)
    i.mat_mul                                0x080041e4   Section        0  syssolve.o(i.mat_mul)
    i.mat_sub                                0x0800425c   Section        0  syssolve.o(i.mat_sub)
    i.transpose                              0x080042a2   Section        0  syssolve.o(i.transpose)
    x$fpl$basic                              0x080042d6   Section       24  basic.o(x$fpl$basic)
    $v0                                      0x080042d6   Number         0  basic.o(x$fpl$basic)
    x$fpl$d2f                                0x080042f0   Section       98  d2f.o(x$fpl$d2f)
    $v0                                      0x080042f0   Number         0  d2f.o(x$fpl$d2f)
    x$fpl$dadd                               0x08004354   Section      336  daddsub_clz.o(x$fpl$dadd)
    $v0                                      0x08004354   Number         0  daddsub_clz.o(x$fpl$dadd)
    _dadd1                                   0x08004365   Thumb Code     0  daddsub_clz.o(x$fpl$dadd)
    x$fpl$ddiv                               0x080044a4   Section      688  ddiv.o(x$fpl$ddiv)
    $v0                                      0x080044a4   Number         0  ddiv.o(x$fpl$ddiv)
    ddiv_entry                               0x080044ab   Thumb Code     0  ddiv.o(x$fpl$ddiv)
    x$fpl$dfix                               0x08004754   Section       94  dfix.o(x$fpl$dfix)
    $v0                                      0x08004754   Number         0  dfix.o(x$fpl$dfix)
    x$fpl$dflt                               0x080047b2   Section       46  dflt_clz.o(x$fpl$dflt)
    $v0                                      0x080047b2   Number         0  dflt_clz.o(x$fpl$dflt)
    x$fpl$dfltu                              0x080047e0   Section       38  dflt_clz.o(x$fpl$dfltu)
    $v0                                      0x080047e0   Number         0  dflt_clz.o(x$fpl$dfltu)
    x$fpl$dmul                               0x08004808   Section      340  dmul.o(x$fpl$dmul)
    $v0                                      0x08004808   Number         0  dmul.o(x$fpl$dmul)
    x$fpl$dnaninf                            0x0800495c   Section      156  dnaninf.o(x$fpl$dnaninf)
    $v0                                      0x0800495c   Number         0  dnaninf.o(x$fpl$dnaninf)
    x$fpl$dretinf                            0x080049f8   Section       12  dretinf.o(x$fpl$dretinf)
    $v0                                      0x080049f8   Number         0  dretinf.o(x$fpl$dretinf)
    x$fpl$drsb                               0x08004a04   Section       22  daddsub_clz.o(x$fpl$drsb)
    $v0                                      0x08004a04   Number         0  daddsub_clz.o(x$fpl$drsb)
    x$fpl$dsqrt                              0x08004a1c   Section      408  dsqrt_umaal.o(x$fpl$dsqrt)
    $v0                                      0x08004a1c   Number         0  dsqrt_umaal.o(x$fpl$dsqrt)
    x$fpl$dsub                               0x08004bb4   Section      468  daddsub_clz.o(x$fpl$dsub)
    $v0                                      0x08004bb4   Number         0  daddsub_clz.o(x$fpl$dsub)
    _dsub1                                   0x08004bc5   Thumb Code     0  daddsub_clz.o(x$fpl$dsub)
    x$fpl$f2d                                0x08004d88   Section       86  f2d.o(x$fpl$f2d)
    $v0                                      0x08004d88   Number         0  f2d.o(x$fpl$f2d)
    x$fpl$fnaninf                            0x08004dde   Section      140  fnaninf.o(x$fpl$fnaninf)
    $v0                                      0x08004dde   Number         0  fnaninf.o(x$fpl$fnaninf)
    x$fpl$fpinit                             0x08004e6a   Section       10  fpinit.o(x$fpl$fpinit)
    $v0                                      0x08004e6a   Number         0  fpinit.o(x$fpl$fpinit)
    x$fpl$fretinf                            0x08004e74   Section       10  fretinf.o(x$fpl$fretinf)
    $v0                                      0x08004e74   Number         0  fretinf.o(x$fpl$fretinf)
    x$fpl$usenofp                            0x08004e7e   Section        0  usenofp.o(x$fpl$usenofp)
    .constdata                               0x08004e80   Section       48  cos_i.o(.constdata)
    C                                        0x08004e80   Data          48  cos_i.o(.constdata)
    .constdata                               0x08004eb0   Section      200  rred.o(.constdata)
    pio2s                                    0x08004eb0   Data          48  rred.o(.constdata)
    twooverpi                                0x08004ee0   Data         152  rred.o(.constdata)
    .constdata                               0x08004f78   Section       40  sin_i.o(.constdata)
    S                                        0x08004f78   Data          40  sin_i.o(.constdata)
    .constdata                               0x08004fa0   Section       96  tan_i.o(.constdata)
    Todd                                     0x08004fa0   Data          48  tan_i.o(.constdata)
    Teven                                    0x08004fd0   Data          48  tan_i.o(.constdata)
    .data                                    0x20000000   Section       64  main.o(.data)
    .data                                    0x20000040   Section       52  adxl345.o(.data)
    .data                                    0x20000074   Section       49  telemetry.o(.data)
    .data                                    0x200000a8   Section     1076  processing.o(.data)
    .data                                    0x200004dc   Section       42  motors.o(.data)
    .data                                    0x20000508   Section       34  adxrs453.o(.data)
    .data                                    0x2000052c   Section      124  adxrs290.o(.data)
    .bss                                     0x200005a8   Section       24  main.o(.bss)
    .bss                                     0x200005c0   Section       12  adxl345.o(.bss)
    .bss                                     0x200005cc   Section      240  telemetry.o(.bss)
    .bss                                     0x200006bc   Section     1652  processing.o(.bss)
    .bss                                     0x20000d30   Section     4800  adxrs290.o(.bss)
    .bss                                     0x20001ff0   Section       96  libspace.o(.bss)
    HEAP                                     0x20002050   Section     1024  startup_stm32f407xx.o(HEAP)
    Heap_Mem                                 0x20002050   Data        1024  startup_stm32f407xx.o(HEAP)
    STACK                                    0x20002450   Section     2048  startup_stm32f407xx.o(STACK)
    Stack_Mem                                0x20002450   Data        2048  startup_stm32f407xx.o(STACK)
    __initial_sp                             0x20002c50   Data           0  startup_stm32f407xx.o(STACK)

    Global Symbols

    Symbol Name                              Value     Ov Type        Size  Object(Section)

    BuildAttributes$$THM_ISAv4$E$P$D$K$B$S$7EM$VFPi3$EXTD16$VFPS$VFMA$PE$A:L22UL41UL21$X:L11$S22US41US21$IEEE1$IW$USESV6$~STKCKD$USESV7$~SHL$OTIME$ROPI$IEEEX$EBA8$UX$STANDARDLIB$REQ8$PRES8$EABIv2 0x00000000   Number         0  anon$$obj.o ABSOLUTE
    __ARM_use_no_argv                        0x00000000   Number         0  main.o ABSOLUTE
    __ARM_exceptions_init                     - Undefined Weak Reference
    __alloca_initialize                       - Undefined Weak Reference
    __arm_preinit_                            - Undefined Weak Reference
    __cpp_initialize__aeabi_                  - Undefined Weak Reference
    __cxa_finalize                            - Undefined Weak Reference
    __rt_locale                               - Undefined Weak Reference
    __sigvec_lookup                           - Undefined Weak Reference
    __user_heap_extent                        - Undefined Weak Reference
    _atexit_init                              - Undefined Weak Reference
    _call_atexit_fns                          - Undefined Weak Reference
    _clock_init                               - Undefined Weak Reference
    _fp_trap_init                             - Undefined Weak Reference
    _fp_trap_shutdown                         - Undefined Weak Reference
    _get_lc_collate                           - Undefined Weak Reference
    _get_lc_ctype                             - Undefined Weak Reference
    _get_lc_monetary                          - Undefined Weak Reference
    _get_lc_numeric                           - Undefined Weak Reference
    _get_lc_time                              - Undefined Weak Reference
    _getenv_init                              - Undefined Weak Reference
    _handle_redirection                       - Undefined Weak Reference
    _initio                                   - Undefined Weak Reference
    _mutex_acquire                            - Undefined Weak Reference
    _mutex_free                               - Undefined Weak Reference
    _mutex_release                            - Undefined Weak Reference
    _rand_init                                - Undefined Weak Reference
    _signal_finish                            - Undefined Weak Reference
    _signal_init                              - Undefined Weak Reference
    _terminateio                              - Undefined Weak Reference
    __Vectors_Size                           0x00000188   Number         0  startup_stm32f407xx.o ABSOLUTE
    __Vectors                                0x08000000   Data           4  startup_stm32f407xx.o(RESET)
    __Vectors_End                            0x08000188   Data           0  startup_stm32f407xx.o(RESET)
    __main                                   0x08000189   Thumb Code     8  __main.o(!!!main)
    __scatterload                            0x08000191   Thumb Code     0  __scatter.o(!!!scatter)
    __scatterload_rt2                        0x08000191   Thumb Code    44  __scatter.o(!!!scatter)
    __scatterload_rt2_thumb_only             0x08000191   Thumb Code     0  __scatter.o(!!!scatter)
    __scatterload_null                       0x0800019f   Thumb Code     0  __scatter.o(!!!scatter)
    __decompress                             0x080001c5   Thumb Code   100  __dclz77c.o(!!dclz77c)
    __decompress2                            0x080001c5   Thumb Code     0  __dclz77c.o(!!dclz77c)
    __scatterload_zeroinit                   0x08000229   Thumb Code    28  __scatter_zi.o(!!handler_zi)
    __rt_lib_init                            0x08000245   Thumb Code     0  libinit.o(.ARM.Collect$$libinit$$00000000)
    __rt_lib_init_fp_1                       0x08000247   Thumb Code     0  libinit2.o(.ARM.Collect$$libinit$$00000001)
    __rt_lib_init_alloca_1                   0x0800024b   Thumb Code     0  libinit2.o(.ARM.Collect$$libinit$$0000002E)
    __rt_lib_init_argv_1                     0x0800024b   Thumb Code     0  libinit2.o(.ARM.Collect$$libinit$$0000002C)
    __rt_lib_init_atexit_1                   0x0800024b   Thumb Code     0  libinit2.o(.ARM.Collect$$libinit$$0000001B)
    __rt_lib_init_clock_1                    0x0800024b   Thumb Code     0  libinit2.o(.ARM.Collect$$libinit$$00000021)
    __rt_lib_init_cpp_1                      0x0800024b   Thumb Code     0  libinit2.o(.ARM.Collect$$libinit$$00000032)
    __rt_lib_init_exceptions_1               0x0800024b   Thumb Code     0  libinit2.o(.ARM.Collect$$libinit$$00000030)
    __rt_lib_init_fp_trap_1                  0x0800024b   Thumb Code     0  libinit2.o(.ARM.Collect$$libinit$$0000001F)
    __rt_lib_init_getenv_1                   0x0800024b   Thumb Code     0  libinit2.o(.ARM.Collect$$libinit$$00000023)
    __rt_lib_init_heap_1                     0x0800024b   Thumb Code     0  libinit2.o(.ARM.Collect$$libinit$$0000000A)
    __rt_lib_init_lc_collate_1               0x0800024b   Thumb Code     0  libinit2.o(.ARM.Collect$$libinit$$00000011)
    __rt_lib_init_lc_ctype_1                 0x0800024b   Thumb Code     0  libinit2.o(.ARM.Collect$$libinit$$00000013)
    __rt_lib_init_lc_monetary_1              0x0800024b   Thumb Code     0  libinit2.o(.ARM.Collect$$libinit$$00000015)
    __rt_lib_init_lc_numeric_1               0x0800024b   Thumb Code     0  libinit2.o(.ARM.Collect$$libinit$$00000017)
    __rt_lib_init_lc_time_1                  0x0800024b   Thumb Code     0  libinit2.o(.ARM.Collect$$libinit$$00000019)
    __rt_lib_init_preinit_1                  0x0800024b   Thumb Code     0  libinit2.o(.ARM.Collect$$libinit$$00000004)
    __rt_lib_init_rand_1                     0x0800024b   Thumb Code     0  libinit2.o(.ARM.Collect$$libinit$$0000000E)
    __rt_lib_init_return                     0x0800024b   Thumb Code     0  libinit2.o(.ARM.Collect$$libinit$$00000033)
    __rt_lib_init_signal_1                   0x0800024b   Thumb Code     0  libinit2.o(.ARM.Collect$$libinit$$0000001D)
    __rt_lib_init_stdio_1                    0x0800024b   Thumb Code     0  libinit2.o(.ARM.Collect$$libinit$$00000025)
    __rt_lib_init_user_alloc_1               0x0800024b   Thumb Code     0  libinit2.o(.ARM.Collect$$libinit$$0000000C)
    __rt_lib_shutdown                        0x0800024d   Thumb Code     0  libshutdown.o(.ARM.Collect$$libshutdown$$00000000)
    __rt_lib_shutdown_fp_trap_1              0x0800024f   Thumb Code     0  libshutdown2.o(.ARM.Collect$$libshutdown$$00000006)
    __rt_lib_shutdown_heap_1                 0x0800024f   Thumb Code     0  libshutdown2.o(.ARM.Collect$$libshutdown$$0000000E)
    __rt_lib_shutdown_return                 0x0800024f   Thumb Code     0  libshutdown2.o(.ARM.Collect$$libshutdown$$0000000F)
    __rt_lib_shutdown_signal_1               0x0800024f   Thumb Code     0  libshutdown2.o(.ARM.Collect$$libshutdown$$00000009)
    __rt_lib_shutdown_stdio_1                0x0800024f   Thumb Code     0  libshutdown2.o(.ARM.Collect$$libshutdown$$00000003)
    __rt_lib_shutdown_user_alloc_1           0x0800024f   Thumb Code     0  libshutdown2.o(.ARM.Collect$$libshutdown$$0000000B)
    __rt_entry                               0x08000251   Thumb Code     0  __rtentry.o(.ARM.Collect$$rtentry$$00000000)
    __rt_entry_presh_1                       0x08000251   Thumb Code     0  __rtentry2.o(.ARM.Collect$$rtentry$$00000002)
    __rt_entry_sh                            0x08000251   Thumb Code     0  __rtentry4.o(.ARM.Collect$$rtentry$$00000004)
    __rt_entry_li                            0x08000257   Thumb Code     0  __rtentry2.o(.ARM.Collect$$rtentry$$0000000A)
    __rt_entry_postsh_1                      0x08000257   Thumb Code     0  __rtentry2.o(.ARM.Collect$$rtentry$$00000009)
    __rt_entry_main                          0x0800025b   Thumb Code     0  __rtentry2.o(.ARM.Collect$$rtentry$$0000000D)
    __rt_entry_postli_1                      0x0800025b   Thumb Code     0  __rtentry2.o(.ARM.Collect$$rtentry$$0000000C)
    __rt_exit                                0x08000263   Thumb Code     0  rtexit.o(.ARM.Collect$$rtexit$$00000000)
    __rt_exit_ls                             0x08000265   Thumb Code     0  rtexit2.o(.ARM.Collect$$rtexit$$00000003)
    __rt_exit_prels_1                        0x08000265   Thumb Code     0  rtexit2.o(.ARM.Collect$$rtexit$$00000002)
    __rt_exit_exit                           0x08000269   Thumb Code     0  rtexit2.o(.ARM.Collect$$rtexit$$00000004)
    Reset_Handler                            0x08000271   Thumb Code     8  startup_stm32f407xx.o(.text)
    NMI_Handler                              0x08000279   Thumb Code     2  startup_stm32f407xx.o(.text)
    HardFault_Handler                        0x0800027b   Thumb Code     2  startup_stm32f407xx.o(.text)
    MemManage_Handler                        0x0800027d   Thumb Code     2  startup_stm32f407xx.o(.text)
    BusFault_Handler                         0x0800027f   Thumb Code     2  startup_stm32f407xx.o(.text)
    UsageFault_Handler                       0x08000281   Thumb Code     2  startup_stm32f407xx.o(.text)
    SVC_Handler                              0x08000283   Thumb Code     2  startup_stm32f407xx.o(.text)
    DebugMon_Handler                         0x08000285   Thumb Code     2  startup_stm32f407xx.o(.text)
    PendSV_Handler                           0x08000287   Thumb Code     2  startup_stm32f407xx.o(.text)
    SysTick_Handler                          0x08000289   Thumb Code     2  startup_stm32f407xx.o(.text)
    ADC_IRQHandler                           0x0800028b   Thumb Code     0  startup_stm32f407xx.o(.text)
    CAN1_RX0_IRQHandler                      0x0800028b   Thumb Code     0  startup_stm32f407xx.o(.text)
    CAN1_RX1_IRQHandler                      0x0800028b   Thumb Code     0  startup_stm32f407xx.o(.text)
    CAN1_SCE_IRQHandler                      0x0800028b   Thumb Code     0  startup_stm32f407xx.o(.text)
    CAN1_TX_IRQHandler                       0x0800028b   Thumb Code     0  startup_stm32f407xx.o(.text)
    CAN2_RX0_IRQHandler                      0x0800028b   Thumb Code     0  startup_stm32f407xx.o(.text)
    CAN2_RX1_IRQHandler                      0x0800028b   Thumb Code     0  startup_stm32f407xx.o(.text)
    CAN2_SCE_IRQHandler                      0x0800028b   Thumb Code     0  startup_stm32f407xx.o(.text)
    CAN2_TX_IRQHandler                       0x0800028b   Thumb Code     0  startup_stm32f407xx.o(.text)
    DCMI_IRQHandler                          0x0800028b   Thumb Code     0  startup_stm32f407xx.o(.text)
    DMA1_Stream0_IRQHandler                  0x0800028b   Thumb Code     0  startup_stm32f407xx.o(.text)
    DMA1_Stream1_IRQHandler                  0x0800028b   Thumb Code     0  startup_stm32f407xx.o(.text)
    DMA1_Stream6_IRQHandler                  0x0800028b   Thumb Code     0  startup_stm32f407xx.o(.text)
    DMA1_Stream7_IRQHandler                  0x0800028b   Thumb Code     0  startup_stm32f407xx.o(.text)
    DMA2_Stream0_IRQHandler                  0x0800028b   Thumb Code     0  startup_stm32f407xx.o(.text)
    DMA2_Stream1_IRQHandler                  0x0800028b   Thumb Code     0  startup_stm32f407xx.o(.text)
    DMA2_Stream2_IRQHandler                  0x0800028b   Thumb Code     0  startup_stm32f407xx.o(.text)
    DMA2_Stream3_IRQHandler                  0x0800028b   Thumb Code     0  startup_stm32f407xx.o(.text)
    DMA2_Stream4_IRQHandler                  0x0800028b   Thumb Code     0  startup_stm32f407xx.o(.text)
    DMA2_Stream5_IRQHandler                  0x0800028b   Thumb Code     0  startup_stm32f407xx.o(.text)
    DMA2_Stream6_IRQHandler                  0x0800028b   Thumb Code     0  startup_stm32f407xx.o(.text)
    ETH_IRQHandler                           0x0800028b   Thumb Code     0  startup_stm32f407xx.o(.text)
    ETH_WKUP_IRQHandler                      0x0800028b   Thumb Code     0  startup_stm32f407xx.o(.text)
    EXTI0_IRQHandler                         0x0800028b   Thumb Code     0  startup_stm32f407xx.o(.text)
    EXTI3_IRQHandler                         0x0800028b   Thumb Code     0  startup_stm32f407xx.o(.text)
    EXTI9_5_IRQHandler                       0x0800028b   Thumb Code     0  startup_stm32f407xx.o(.text)
    FLASH_IRQHandler                         0x0800028b   Thumb Code     0  startup_stm32f407xx.o(.text)
    FMC_IRQHandler                           0x0800028b   Thumb Code     0  startup_stm32f407xx.o(.text)
    FPU_IRQHandler                           0x0800028b   Thumb Code     0  startup_stm32f407xx.o(.text)
    HASH_RNG_IRQHandler                      0x0800028b   Thumb Code     0  startup_stm32f407xx.o(.text)
    I2C1_ER_IRQHandler                       0x0800028b   Thumb Code     0  startup_stm32f407xx.o(.text)
    I2C1_EV_IRQHandler                       0x0800028b   Thumb Code     0  startup_stm32f407xx.o(.text)
    I2C2_ER_IRQHandler                       0x0800028b   Thumb Code     0  startup_stm32f407xx.o(.text)
    I2C2_EV_IRQHandler                       0x0800028b   Thumb Code     0  startup_stm32f407xx.o(.text)
    I2C3_ER_IRQHandler                       0x0800028b   Thumb Code     0  startup_stm32f407xx.o(.text)
    I2C3_EV_IRQHandler                       0x0800028b   Thumb Code     0  startup_stm32f407xx.o(.text)
    OTG_FS_IRQHandler                        0x0800028b   Thumb Code     0  startup_stm32f407xx.o(.text)
    OTG_FS_WKUP_IRQHandler                   0x0800028b   Thumb Code     0  startup_stm32f407xx.o(.text)
    OTG_HS_EP1_IN_IRQHandler                 0x0800028b   Thumb Code     0  startup_stm32f407xx.o(.text)
    OTG_HS_EP1_OUT_IRQHandler                0x0800028b   Thumb Code     0  startup_stm32f407xx.o(.text)
    OTG_HS_IRQHandler                        0x0800028b   Thumb Code     0  startup_stm32f407xx.o(.text)
    OTG_HS_WKUP_IRQHandler                   0x0800028b   Thumb Code     0  startup_stm32f407xx.o(.text)
    PVD_IRQHandler                           0x0800028b   Thumb Code     0  startup_stm32f407xx.o(.text)
    RCC_IRQHandler                           0x0800028b   Thumb Code     0  startup_stm32f407xx.o(.text)
    RTC_Alarm_IRQHandler                     0x0800028b   Thumb Code     0  startup_stm32f407xx.o(.text)
    RTC_WKUP_IRQHandler                      0x0800028b   Thumb Code     0  startup_stm32f407xx.o(.text)
    SDIO_IRQHandler                          0x0800028b   Thumb Code     0  startup_stm32f407xx.o(.text)
    SPI1_IRQHandler                          0x0800028b   Thumb Code     0  startup_stm32f407xx.o(.text)
    SPI3_IRQHandler                          0x0800028b   Thumb Code     0  startup_stm32f407xx.o(.text)
    TAMP_STAMP_IRQHandler                    0x0800028b   Thumb Code     0  startup_stm32f407xx.o(.text)
    TIM1_CC_IRQHandler                       0x0800028b   Thumb Code     0  startup_stm32f407xx.o(.text)
    TIM1_TRG_COM_TIM11_IRQHandler            0x0800028b   Thumb Code     0  startup_stm32f407xx.o(.text)
    TIM1_UP_TIM10_IRQHandler                 0x0800028b   Thumb Code     0  startup_stm32f407xx.o(.text)
    TIM4_IRQHandler                          0x0800028b   Thumb Code     0  startup_stm32f407xx.o(.text)
    TIM6_DAC_IRQHandler                      0x0800028b   Thumb Code     0  startup_stm32f407xx.o(.text)
    TIM8_BRK_TIM12_IRQHandler                0x0800028b   Thumb Code     0  startup_stm32f407xx.o(.text)
    TIM8_CC_IRQHandler                       0x0800028b   Thumb Code     0  startup_stm32f407xx.o(.text)
    TIM8_TRG_COM_TIM14_IRQHandler            0x0800028b   Thumb Code     0  startup_stm32f407xx.o(.text)
    TIM8_UP_TIM13_IRQHandler                 0x0800028b   Thumb Code     0  startup_stm32f407xx.o(.text)
    UART4_IRQHandler                         0x0800028b   Thumb Code     0  startup_stm32f407xx.o(.text)
    UART5_IRQHandler                         0x0800028b   Thumb Code     0  startup_stm32f407xx.o(.text)
    USART2_IRQHandler                        0x0800028b   Thumb Code     0  startup_stm32f407xx.o(.text)
    USART3_IRQHandler                        0x0800028b   Thumb Code     0  startup_stm32f407xx.o(.text)
    USART6_IRQHandler                        0x0800028b   Thumb Code     0  startup_stm32f407xx.o(.text)
    WWDG_IRQHandler                          0x0800028b   Thumb Code     0  startup_stm32f407xx.o(.text)
    __user_initial_stackheap                 0x0800028d   Thumb Code     0  startup_stm32f407xx.o(.text)
    __aeabi_memcpy                           0x080002b1   Thumb Code     0  rt_memcpy_v6.o(.text)
    __rt_memcpy                              0x080002b1   Thumb Code   138  rt_memcpy_v6.o(.text)
    _memcpy_lastbytes                        0x08000317   Thumb Code     0  rt_memcpy_v6.o(.text)
    __aeabi_memcpy4                          0x0800033b   Thumb Code     0  rt_memcpy_w.o(.text)
    __aeabi_memcpy8                          0x0800033b   Thumb Code     0  rt_memcpy_w.o(.text)
    __rt_memcpy_w                            0x0800033b   Thumb Code   100  rt_memcpy_w.o(.text)
    _memcpy_lastbytes_aligned                0x08000383   Thumb Code     0  rt_memcpy_w.o(.text)
    __use_two_region_memory                  0x0800039f   Thumb Code     2  heapauxi.o(.text)
    __rt_heap_escrow                         0x080003a1   Thumb Code     2  heapauxi.o(.text)
    __rt_heap_expand                         0x080003a3   Thumb Code     2  heapauxi.o(.text)
    __read_errno                             0x080003a5   Thumb Code    10  _rserrno.o(.text)
    __set_errno                              0x080003af   Thumb Code    12  _rserrno.o(.text)
    __user_libspace                          0x080003bd   Thumb Code     8  libspace.o(.text)
    __user_perproc_libspace                  0x080003bd   Thumb Code     0  libspace.o(.text)
    __user_perthread_libspace                0x080003bd   Thumb Code     0  libspace.o(.text)
    __aeabi_errno_addr                       0x080003c5   Thumb Code     8  rt_errno_addr_intlibspace.o(.text)
    __errno$intlibspace                      0x080003c5   Thumb Code     0  rt_errno_addr_intlibspace.o(.text)
    __rt_errno_addr$intlibspace              0x080003c5   Thumb Code     0  rt_errno_addr_intlibspace.o(.text)
    __I$use$semihosting                      0x080003cd   Thumb Code     0  use_no_semi.o(.text)
    __use_no_semihosting_swi                 0x080003cd   Thumb Code     2  use_no_semi.o(.text)
    __semihosting_library_function           0x080003cf   Thumb Code     0  indicate_semi.o(.text)
    __user_setup_stackheap                   0x080003cf   Thumb Code    74  sys_stackheap_outer.o(.text)
    exit                                     0x08000419   Thumb Code    12  exit.o(.text)
    _sys_exit                                0x08000425   Thumb Code     8  sys_exit.o(.text)
    ADXL345_Calibr                           0x08000431   Thumb Code    52  adxl345.o(i.ADXL345_Calibr)
    ADXL345_DMA_Init                         0x08000481   Thumb Code    88  adxl345.o(i.ADXL345_DMA_Init)
    ADXL345_Init                             0x080004ed   Thumb Code   116  adxl345.o(i.ADXL345_Init)
    ADXRS290_EXTI_Init                       0x08000565   Thumb Code   146  adxrs290.o(i.ADXRS290_EXTI_Init)
    ADXRS290_Init                            0x08000611   Thumb Code   106  adxrs290.o(i.ADXRS290_Init)
    ADXRS290_NSS_High                        0x0800067d   Thumb Code    28  adxrs290.o(i.ADXRS290_NSS_High)
    ADXRS290_NSS_Init                        0x080006a1   Thumb Code    58  adxrs290.o(i.ADXRS290_NSS_Init)
    ADXRS290_NSS_Low                         0x080006e5   Thumb Code    28  adxrs290.o(i.ADXRS290_NSS_Low)
    ADXRS_Calibr                             0x08000709   Thumb Code    32  adxrs453.o(i.ADXRS_Calibr)
    ADXRS_DMA_Read                           0x0800073d   Thumb Code   114  adxrs453.o(i.ADXRS_DMA_Read)
    ADXRS_TIM_Init                           0x080007c9   Thumb Code    58  adxrs453.o(i.ADXRS_TIM_Init)
    ARS_GetData                              0x08000805   Thumb Code    58  adxrs290.o(i.ARS_GetData)
    Accel_EXTI_Init                          0x08000851   Thumb Code    76  adxl345.o(i.Accel_EXTI_Init)
    Accel_GetData                            0x080008a9   Thumb Code    22  adxl345.o(i.Accel_GetData)
    Accel_NSS_High                           0x080008c5   Thumb Code    20  adxl345.o(i.Accel_NSS_High)
    Accel_NSS_Init                           0x080008e1   Thumb Code    66  adxl345.o(i.Accel_NSS_Init)
    Accel_NSS_Low                            0x0800092d   Thumb Code    20  adxl345.o(i.Accel_NSS_Low)
    Accel_UpdateFreq                         0x08000949   Thumb Code    34  adxl345.o(i.Accel_UpdateFreq)
    Accel_VDD_Init                           0x08000975   Thumb Code    86  adxl345.o(i.Accel_VDD_Init)
    All_NSS_High                             0x080009d5   Thumb Code    28  adxrs290.o(i.All_NSS_High)
    DMA1_Stream2_IRQHandler                  0x080009f1   Thumb Code   164  adxrs453.o(i.DMA1_Stream2_IRQHandler)
    DMA1_Stream3_IRQHandler                  0x08000ac1   Thumb Code   490  adxl345.o(i.DMA1_Stream3_IRQHandler)
    DMA1_Stream4_IRQHandler                  0x08000d0d   Thumb Code    34  adxl345.o(i.DMA1_Stream4_IRQHandler)
    DMA1_Stream5_IRQHandler                  0x08000d35   Thumb Code     6  adxrs453.o(i.DMA1_Stream5_IRQHandler)
    DMA2_Stream7_IRQHandler                  0x08000d41   Thumb Code    28  telemetry.o(i.DMA2_Stream7_IRQHandler)
    Delay                                    0x08000d65   Thumb Code    40  adxl345.o(i.Delay)
    EXTI15_10_IRQHandler                     0x08000d8d   Thumb Code    52  adxrs290.o(i.EXTI15_10_IRQHandler)
    EXTI1_IRQHandler                         0x08000dc9   Thumb Code    24  adxl345.o(i.EXTI1_IRQHandler)
    EXTI2_IRQHandler                         0x08000de5   Thumb Code    44  motors.o(i.EXTI2_IRQHandler)
    EXTI4_IRQHandler                         0x08000e1d   Thumb Code    40  motors.o(i.EXTI4_IRQHandler)
    Message_ToByteArray                      0x08000e51   Thumb Code    64  telemetry.o(i.Message_ToByteArray)
    Motors_EXTI_Init                         0x08000e95   Thumb Code   116  motors.o(i.Motors_EXTI_Init)
    Motors_GPIO_Init                         0x08000f11   Thumb Code   298  motors.o(i.Motors_GPIO_Init)
    Motors_Init                              0x08001055   Thumb Code    16  motors.o(i.Motors_Init)
    Motors_Run                               0x08001065   Thumb Code    20  motors.o(i.Motors_Run)
    Motors_Stop                              0x08001085   Thumb Code    26  motors.o(i.Motors_Stop)
    Motors_TIM_Init                          0x080010ad   Thumb Code   236  motors.o(i.Motors_TIM_Init)
    Processing_TIM_Init                      0x08001295   Thumb Code   108  processing.o(i.Processing_TIM_Init)
    RCC_Init                                 0x0800130d   Thumb Code    46  main.o(i.RCC_Init)
    SPI2_GPIO_Init                           0x0800134d   Thumb Code   216  adxl345.o(i.SPI2_GPIO_Init)
    SPI2_IRQHandler                          0x08001435   Thumb Code   642  adxrs290.o(i.SPI2_IRQHandler)
    SPI2_Init                                0x080016fd   Thumb Code   108  adxl345.o(i.SPI2_Init)
    SPI2_Read                                0x0800176d   Thumb Code    22  adxl345.o(i.SPI2_Read)
    SPI2_SensorsPoll                         0x08001785   Thumb Code    90  adxrs290.o(i.SPI2_SensorsPoll)
    SPI2_Transfer                            0x080017f9   Thumb Code    46  adxl345.o(i.SPI2_Transfer)
    SPI2_Write                               0x0800182d   Thumb Code    20  adxl345.o(i.SPI2_Write)
    SPI3_GPIO_Init                           0x08001841   Thumb Code   286  adxrs453.o(i.SPI3_GPIO_Init)
    SPI3_Init                                0x08001979   Thumb Code    88  adxrs453.o(i.SPI3_Init)
    SPI3_NSS_High                            0x080019d5   Thumb Code    20  adxrs453.o(i.SPI3_NSS_High)
    SPI3_NSS_Low                             0x080019f1   Thumb Code    20  adxrs453.o(i.SPI3_NSS_Low)
    SendTelemetry                            0x08001a0d   Thumb Code    40  telemetry.o(i.SendTelemetry)
    SystemInit                               0x08001a49   Thumb Code   202  system_stm32f4xx.o(i.SystemInit)
    TIM1_BRK_TIM9_IRQHandler                 0x08001b29   Thumb Code    38  motors.o(i.TIM1_BRK_TIM9_IRQHandler)
    TIM2_IRQHandler                          0x08001b5d   Thumb Code    36  adxrs453.o(i.TIM2_IRQHandler)
    TIM3_IRQHandler                          0x08001b81   Thumb Code   302  motors.o(i.TIM3_IRQHandler)
    TIM5_IRQHandler                          0x08001cd9   Thumb Code    38  motors.o(i.TIM5_IRQHandler)
    TIM7_IRQHandler                          0x08001d0d   Thumb Code   262  processing.o(i.TIM7_IRQHandler)
    Telemetry_DMA_Init                       0x08001e6d   Thumb Code    58  telemetry.o(i.Telemetry_DMA_Init)
    USART1_IRQHandler                        0x08001ec1   Thumb Code  1634  telemetry.o(i.USART1_IRQHandler)
    USART_Init                               0x08002585   Thumb Code   236  telemetry.o(i.USART_Init)
    __ARM_fpclassify                         0x08002689   Thumb Code    48  fpclassify.o(i.__ARM_fpclassify)
    __ARM_fpclassifyf                        0x080026b9   Thumb Code    38  fpclassifyf.o(i.__ARM_fpclassifyf)
    __hardfp_atanf                           0x080026e1   Thumb Code   296  atanf.o(i.__hardfp_atanf)
    __hardfp_cos                             0x08002841   Thumb Code   180  cos.o(i.__hardfp_cos)
    __hardfp_sin                             0x08002909   Thumb Code   180  sin.o(i.__hardfp_sin)
    __hardfp_sqrt                            0x080029d1   Thumb Code   122  sqrt.o(i.__hardfp_sqrt)
    __hardfp_tan                             0x08002a51   Thumb Code   108  tan.o(i.__hardfp_tan)
    __ieee754_rem_pio2                       0x08002ad1   Thumb Code   938  rred.o(i.__ieee754_rem_pio2)
    __kernel_cos                             0x08002f09   Thumb Code   322  cos_i.o(i.__kernel_cos)
    __kernel_poly                            0x08003079   Thumb Code   248  poly.o(i.__kernel_poly)
    __kernel_sin                             0x08003171   Thumb Code   280  sin_i.o(i.__kernel_sin)
    __kernel_tan                             0x080032a1   Thumb Code   764  tan_i.o(i.__kernel_tan)
    __mathlib_dbl_infnan                     0x080035f1   Thumb Code    20  dunder.o(i.__mathlib_dbl_infnan)
    __mathlib_dbl_invalid                    0x08003609   Thumb Code    24  dunder.o(i.__mathlib_dbl_invalid)
    __mathlib_dbl_underflow                  0x08003629   Thumb Code    24  dunder.o(i.__mathlib_dbl_underflow)
    __mathlib_flt_infnan                     0x08003649   Thumb Code     6  funder.o(i.__mathlib_flt_infnan)
    __mathlib_flt_underflow                  0x08003651   Thumb Code    10  funder.o(i.__mathlib_flt_underflow)
    calcAngle                                0x08003661   Thumb Code   248  processing.o(i.calcAngle)
    calcAngleRate                            0x08003775   Thumb Code   948  processing.o(i.calcAngleRate)
    checkCalibrationFinish                   0x08003b69   Thumb Code    20  main.o(i.checkCalibrationFinish)
    det2                                     0x08003b85   Thumb Code    26  syssolve.o(i.det2)
    fabs                                     0x08003b9f   Thumb Code    24  fabs.o(i.fabs)
    getFinalData                             0x08003bb9   Thumb Code    60  processing.o(i.getFinalData)
    initWaitingForFloat                      0x08003c19   Thumb Code    44  telemetry.o(i.initWaitingForFloat)
    initWaitingForInt                        0x08003c5d   Thumb Code    26  telemetry.o(i.initWaitingForInt)
    kalman2                                  0x08003c89   Thumb Code   236  processing.o(i.kalman2)
    lowpass                                  0x08003d79   Thumb Code    78  processing.o(i.lowpass)
    main                                     0x08003dcd   Thumb Code   762  main.o(i.main)
    mat2_inv                                 0x08004155   Thumb Code    72  syssolve.o(i.mat2_inv)
    mat_add                                  0x0800419d   Thumb Code    70  syssolve.o(i.mat_add)
    mat_mul                                  0x080041e5   Thumb Code   116  syssolve.o(i.mat_mul)
    mat_sub                                  0x0800425d   Thumb Code    70  syssolve.o(i.mat_sub)
    transpose                                0x080042a3   Thumb Code    52  syssolve.o(i.transpose)
    __aeabi_dneg                             0x080042d7   Thumb Code     0  basic.o(x$fpl$basic)
    _dneg                                    0x080042d7   Thumb Code     6  basic.o(x$fpl$basic)
    __aeabi_fneg                             0x080042dd   Thumb Code     0  basic.o(x$fpl$basic)
    _fneg                                    0x080042dd   Thumb Code     6  basic.o(x$fpl$basic)
    _dabs                                    0x080042e3   Thumb Code     6  basic.o(x$fpl$basic)
    _fabs                                    0x080042e9   Thumb Code     6  basic.o(x$fpl$basic)
    __aeabi_d2f                              0x080042f1   Thumb Code     0  d2f.o(x$fpl$d2f)
    _d2f                                     0x080042f1   Thumb Code    98  d2f.o(x$fpl$d2f)
    __aeabi_dadd                             0x08004355   Thumb Code     0  daddsub_clz.o(x$fpl$dadd)
    _dadd                                    0x08004355   Thumb Code   332  daddsub_clz.o(x$fpl$dadd)
    __aeabi_ddiv                             0x080044a5   Thumb Code     0  ddiv.o(x$fpl$ddiv)
    _ddiv                                    0x080044a5   Thumb Code   552  ddiv.o(x$fpl$ddiv)
    __aeabi_d2iz                             0x08004755   Thumb Code     0  dfix.o(x$fpl$dfix)
    _dfix                                    0x08004755   Thumb Code    94  dfix.o(x$fpl$dfix)
    __aeabi_i2d                              0x080047b3   Thumb Code     0  dflt_clz.o(x$fpl$dflt)
    _dflt                                    0x080047b3   Thumb Code    46  dflt_clz.o(x$fpl$dflt)
    __aeabi_ui2d                             0x080047e1   Thumb Code     0  dflt_clz.o(x$fpl$dfltu)
    _dfltu                                   0x080047e1   Thumb Code    38  dflt_clz.o(x$fpl$dfltu)
    __aeabi_dmul                             0x08004809   Thumb Code     0  dmul.o(x$fpl$dmul)
    _dmul                                    0x08004809   Thumb Code   332  dmul.o(x$fpl$dmul)
    __fpl_dnaninf                            0x0800495d   Thumb Code   156  dnaninf.o(x$fpl$dnaninf)
    __fpl_dretinf                            0x080049f9   Thumb Code    12  dretinf.o(x$fpl$dretinf)
    __aeabi_drsub                            0x08004a05   Thumb Code     0  daddsub_clz.o(x$fpl$drsb)
    _drsb                                    0x08004a05   Thumb Code    22  daddsub_clz.o(x$fpl$drsb)
    _dsqrt                                   0x08004a1d   Thumb Code   404  dsqrt_umaal.o(x$fpl$dsqrt)
    __aeabi_dsub                             0x08004bb5   Thumb Code     0  daddsub_clz.o(x$fpl$dsub)
    _dsub                                    0x08004bb5   Thumb Code   464  daddsub_clz.o(x$fpl$dsub)
    __aeabi_f2d                              0x08004d89   Thumb Code     0  f2d.o(x$fpl$f2d)
    _f2d                                     0x08004d89   Thumb Code    86  f2d.o(x$fpl$f2d)
    __fpl_fnaninf                            0x08004ddf   Thumb Code   140  fnaninf.o(x$fpl$fnaninf)
    _fp_init                                 0x08004e6b   Thumb Code    10  fpinit.o(x$fpl$fpinit)
    __fplib_config_fpu_vfp                   0x08004e73   Thumb Code     0  fpinit.o(x$fpl$fpinit)
    __fplib_config_pureend_doubles           0x08004e73   Thumb Code     0  fpinit.o(x$fpl$fpinit)
    __fpl_fretinf                            0x08004e75   Thumb Code    10  fretinf.o(x$fpl$fretinf)
    __I$use$fp                               0x08004e7e   Number         0  usenofp.o(x$fpl$usenofp)
    Region$$Table$$Base                      0x08005000   Number         0  anon$$obj.o(Region$$Table)
    Region$$Table$$Limit                     0x08005020   Number         0  anon$$obj.o(Region$$Table)
    orient                                   0x20000000   Data          16  main.o(.data)
    ax                                       0x20000010   Data           2  main.o(.data)
    ay                                       0x20000012   Data           2  main.o(.data)
    az                                       0x20000014   Data           2  main.o(.data)
    ENGRDY                                   0x20000016   Data           1  main.o(.data)
    pwm                                      0x20000018   Data           4  main.o(.data)
    pwm1                                     0x2000001c   Data           4  main.o(.data)
    pwm2                                     0x20000020   Data           4  main.o(.data)
    COUNT1                                   0x20000024   Data           4  main.o(.data)
    COUNT2                                   0x20000028   Data           4  main.o(.data)
    F                                        0x2000002c   Data           4  main.o(.data)
    Kp                                       0x20000030   Data           4  main.o(.data)
    Kd                                       0x20000034   Data           4  main.o(.data)
    Ki                                       0x20000038   Data           4  main.o(.data)
    filterScale                              0x2000003c   Data           4  main.o(.data)
    SPI2_SCK                                 0x20000040   Data           1  adxl345.o(.data)
    SPI2_MISO                                0x20000041   Data           1  adxl345.o(.data)
    SPI2_MOSI                                0x20000042   Data           1  adxl345.o(.data)
    ACCEL_NSS                                0x20000043   Data           1  adxl345.o(.data)
    ACCEL_INT1                               0x20000044   Data           1  adxl345.o(.data)
    ACCEL_VDD                                0x20000045   Data           1  adxl345.o(.data)
    accelRegisters                           0x20000046   Data          12  adxl345.o(.data)
    accelCalibrationOn                       0x20000052   Data           1  adxl345.o(.data)
    accelCalibrIndex                         0x20000054   Data           4  adxl345.o(.data)
    accelCalibrNumber                        0x20000058   Data           4  adxl345.o(.data)
    accel_xSum                               0x2000005c   Data           4  adxl345.o(.data)
    accel_ySum                               0x20000060   Data           4  adxl345.o(.data)
    accel_zSum                               0x20000064   Data           4  adxl345.o(.data)
    xOffset                                  0x20000068   Data           2  adxl345.o(.data)
    yOffset                                  0x2000006a   Data           2  adxl345.o(.data)
    zOffset                                  0x2000006c   Data           2  adxl345.o(.data)
    freshFreq                                0x2000006e   Data           1  adxl345.o(.data)
    curFreq                                  0x2000006f   Data           1  adxl345.o(.data)
    curDT                                    0x20000070   Data           4  adxl345.o(.data)
    UART1_TX                                 0x20000074   Data           1  telemetry.o(.data)
    UART1_RX                                 0x20000075   Data           1  telemetry.o(.data)
    Message_Size                             0x20000076   Data           1  telemetry.o(.data)
    received                                 0x20000077   Data           1  telemetry.o(.data)
    i                                        0x20000078   Data           4  telemetry.o(.data)
    st                                       0x2000007c   Data           4  telemetry.o(.data)
    intValue                                 0x20000080   Data           4  telemetry.o(.data)
    k                                        0x20000084   Data           4  telemetry.o(.data)
    my_pow                                   0x20000088   Data           4  telemetry.o(.data)
    d_st                                     0x2000008c   Data           4  telemetry.o(.data)
    floatValue                               0x20000090   Data           4  telemetry.o(.data)
    curWaiting                               0x20000094   Data           1  telemetry.o(.data)
    curWaitingForInt                         0x20000095   Data           1  telemetry.o(.data)
    curWaitingForFloat                       0x20000096   Data           1  telemetry.o(.data)
    telemetryOn                              0x20000097   Data           1  telemetry.o(.data)
    recalibrate                              0x20000098   Data           1  telemetry.o(.data)
    turnUselessOn                            0x20000099   Data           1  telemetry.o(.data)
    gyroRecalibrationOn                      0x2000009a   Data           1  telemetry.o(.data)
    len                                      0x2000009b   Data           1  telemetry.o(.data)
    j                                        0x2000009c   Data           1  telemetry.o(.data)
    rst                                      0x200000a0   Data           4  telemetry.o(.data)
    USART_DMA_transferComleted               0x200000a4   Data           1  telemetry.o(.data)
    maxAngle                                 0x200000a8   Data           4  processing.o(.data)
    accelDeviation                           0x200000ac   Data           4  processing.o(.data)
    angleFromAccel                           0x200000b0   Data           1  processing.o(.data)
    maxAngVel                                0x200000b4   Data           4  processing.o(.data)
    research                                 0x200000b8   Data           1  processing.o(.data)
    researchIndex                            0x200000bc   Data           4  processing.o(.data)
    researchAmplitude                        0x200000c0   Data           4  processing.o(.data)
    researchFrequency                        0x200000c4   Data           4  processing.o(.data)
    processCounter                           0x200000c8   Data           1  processing.o(.data)
    adxrs_b                                  0x200000cc   Data         360  processing.o(.data)
    adxrsHistoryIndex                        0x20000234   Data           1  processing.o(.data)
    adxrsCurHistoryIndex                     0x20000235   Data           1  processing.o(.data)
    filteredVel                              0x20000238   Data           4  processing.o(.data)
    accel_b                                  0x2000023c   Data         428  processing.o(.data)
    azHistoryIndex                           0x200003e8   Data           1  processing.o(.data)
    azCurHistoryIndex                        0x200003e9   Data           1  processing.o(.data)
    filteredAZ                               0x200003ea   Data           2  processing.o(.data)
    finalAZ                                  0x200003ec   Data           2  processing.o(.data)
    axHistoryIndex                           0x200003ee   Data           1  processing.o(.data)
    axCurHistoryIndex                        0x200003ef   Data           1  processing.o(.data)
    filteredAX                               0x200003f0   Data           2  processing.o(.data)
    finalAX                                  0x200003f2   Data           2  processing.o(.data)
    finalAY                                  0x200003f4   Data           2  processing.o(.data)
    doAccelProcess                           0x200003f6   Data           1  processing.o(.data)
    doGyroProcess                            0x200003f7   Data           1  processing.o(.data)
    doAdxrsProcess                           0x200003f8   Data           1  processing.o(.data)
    lowpassOn                                0x200003f9   Data           1  processing.o(.data)
    accelLowpassReady                        0x200003fa   Data           1  processing.o(.data)
    angleIntegral                            0x200003fc   Data           4  processing.o(.data)
    angleIntegralMax                         0x20000400   Data           4  processing.o(.data)
    angleAcceleration                        0x20000404   Data           4  processing.o(.data)
    prevAngularVelocity                      0x20000408   Data           4  processing.o(.data)
    Aappr                                    0x2000040c   Data           4  processing.o(.data)
    Bappr                                    0x20000410   Data           4  processing.o(.data)
    Cappr                                    0x20000414   Data           4  processing.o(.data)
    D                                        0x20000418   Data           4  processing.o(.data)
    x1                                       0x2000041c   Data           4  processing.o(.data)
    x2                                       0x20000420   Data           4  processing.o(.data)
    minF                                     0x20000424   Data           4  processing.o(.data)
    identificationReady                      0x20000428   Data           1  processing.o(.data)
    boundaryAngle                            0x2000042c   Data           4  processing.o(.data)
    angularVelocityHistoryIndex              0x20000430   Data           1  processing.o(.data)
    phi                                      0x20000434   Data           4  processing.o(.data)
    teta                                     0x20000438   Data           4  processing.o(.data)
    psi                                      0x2000043c   Data           4  processing.o(.data)
    tranquilityTime                          0x20000440   Data           1  processing.o(.data)
    tranquilityCount                         0x20000441   Data           1  processing.o(.data)
    angVelSmall                              0x20000444   Data           4  processing.o(.data)
    roll                                     0x20000448   Data           4  processing.o(.data)
    pitch                                    0x2000044c   Data           4  processing.o(.data)
    Edes                                     0x20000450   Data           4  processing.o(.data)
    pwmStep                                  0x20000454   Data           4  processing.o(.data)
    everyN                                   0x20000458   Data           1  processing.o(.data)
    A                                        0x2000045c   Data          16  processing.o(.data)
    I                                        0x2000046c   Data          16  processing.o(.data)
    Xroll                                    0x2000047c   Data           8  processing.o(.data)
    Zroll                                    0x20000484   Data           8  processing.o(.data)
    Qroll                                    0x2000048c   Data          16  processing.o(.data)
    Rroll                                    0x2000049c   Data          16  processing.o(.data)
    Xpitch                                   0x200004ac   Data           8  processing.o(.data)
    Zpitch                                   0x200004b4   Data           8  processing.o(.data)
    Qpitch                                   0x200004bc   Data          16  processing.o(.data)
    Rpitch                                   0x200004cc   Data          16  processing.o(.data)
    MOT_PWM1                                 0x200004dc   Data           1  motors.o(.data)
    MOT_PWM2                                 0x200004dd   Data           1  motors.o(.data)
    MOT_FREQ1                                0x200004de   Data           1  motors.o(.data)
    MOT_FREQ2                                0x200004df   Data           1  motors.o(.data)
    minPwm                                   0x200004e0   Data           4  motors.o(.data)
    maxPwm                                   0x200004e4   Data           4  motors.o(.data)
    tim3_status                              0x200004e8   Data           1  motors.o(.data)
    start_pwm                                0x200004ec   Data           4  motors.o(.data)
    timer                                    0x200004f0   Data           4  motors.o(.data)
    timer_1000                               0x200004f4   Data           4  motors.o(.data)
    timer_2000                               0x200004f8   Data           4  motors.o(.data)
    pwm_step                                 0x200004fc   Data           4  motors.o(.data)
    pwmstartmax                              0x20000500   Data           4  motors.o(.data)
    Motor1Off                                0x20000504   Data           1  motors.o(.data)
    Motor2Off                                0x20000505   Data           1  motors.o(.data)
    SPI3_SCK                                 0x20000508   Data           1  adxrs453.o(.data)
    SPI3_MISO                                0x20000509   Data           1  adxrs453.o(.data)
    SPI3_MOSI                                0x2000050a   Data           1  adxrs453.o(.data)
    SPI3_NSS                                 0x2000050b   Data           1  adxrs453.o(.data)
    adxrs_Sum                                0x2000050c   Data           4  adxrs453.o(.data)
    adxrs_CalibrIndex                        0x20000510   Data           2  adxrs453.o(.data)
    adxrs_CalibrNumber                       0x20000512   Data           2  adxrs453.o(.data)
    adxrs_CalibrationOn                      0x20000514   Data           1  adxrs453.o(.data)
    adxrs_Offset                             0x20000518   Data           4  adxrs453.o(.data)
    adxrsCommands                            0x2000051c   Data           4  adxrs453.o(.data)
    adxrsResponses                           0x20000520   Data           4  adxrs453.o(.data)
    transferFinished                         0x20000524   Data           1  adxrs453.o(.data)
    adxrs_data                               0x20000526   Data           2  adxrs453.o(.data)
    adxrsProcessCounter                      0x20000528   Data           1  adxrs453.o(.data)
    adxrsLowpassReady                        0x20000529   Data           1  adxrs453.o(.data)
    SPI2_curUsing                            0x2000052c   Data           1  adxrs290.o(.data)
    adxrs290_regs                            0x2000052d   Data           6  adxrs290.o(.data)
    ADXRS290_NSS_PORT                        0x20000534   Data          16  adxrs290.o(.data)
    ADXRS290_NSS_PIN                         0x20000544   Data           4  adxrs290.o(.data)
    ADXRS290_EXTI_PORTCODE                   0x20000548   Data           4  adxrs290.o(.data)
    ADXRS290_EXTI_PORT                       0x2000054c   Data          16  adxrs290.o(.data)
    ADXRS290_EXTI_PIN                        0x2000055c   Data           4  adxrs290.o(.data)
    ars_spiIndex                             0x20000560   Data           4  adxrs290.o(.data)
    ars_calibrationOn                        0x20000564   Data           4  adxrs290.o(.data)
    ars_historyIndex                         0x20000568   Data           8  adxrs290.o(.data)
    ars_curHistoryIndex                      0x20000570   Data           8  adxrs290.o(.data)
    ars_processIndex                         0x20000578   Data           4  adxrs290.o(.data)
    ars_processNumber                        0x2000057c   Data           1  adxrs290.o(.data)
    ars_lowpassReady                         0x2000057d   Data           4  adxrs290.o(.data)
    ars_doProcess                            0x20000581   Data           4  adxrs290.o(.data)
    ars_termoCf                              0x20000588   Data          32  adxrs290.o(.data)
    angleRate                                0x200005a8   Data          12  main.o(.bss)
    angle                                    0x200005b4   Data          12  main.o(.bss)
    accel                                    0x200005c0   Data          12  adxl345.o(.bss)
    message                                  0x200005cc   Data          40  telemetry.o(.bss)
    str                                      0x200005f4   Data         100  telemetry.o(.bss)
    tele                                     0x20000658   Data         100  telemetry.o(.bss)
    adxrsHistory                             0x200006bc   Data         512  processing.o(.bss)
    azHistory                                0x200008bc   Data         512  processing.o(.bss)
    axHistory                                0x20000abc   Data         512  processing.o(.bss)
    angularVelocityHistory                   0x20000cbc   Data          20  processing.o(.bss)
    T                                        0x20000cd0   Data          36  processing.o(.bss)
    eulerAngleRate                           0x20000cf4   Data          12  processing.o(.bss)
    curRotation                              0x20000d00   Data          16  processing.o(.bss)
    Proll                                    0x20000d10   Data          16  processing.o(.bss)
    Ppitch                                   0x20000d20   Data          16  processing.o(.bss)
    adxrs290_filterCfs                       0x20000d30   Data         464  adxrs290.o(.bss)
    ars_rawData                              0x20000f00   Data          24  adxrs290.o(.bss)
    ars_data                                 0x20000f18   Data          24  adxrs290.o(.bss)
    ars_termoData                            0x20000f30   Data          32  adxrs290.o(.bss)
    ars_filteredData                         0x20000f50   Data          32  adxrs290.o(.bss)
    ars_angleRate                            0x20000f70   Data          32  adxrs290.o(.bss)
    ars_calibrIndex                          0x20000f90   Data          16  adxrs290.o(.bss)
    ars_calibrNumber                         0x20000fa0   Data          16  adxrs290.o(.bss)
    ars_offset                               0x20000fb0   Data          32  adxrs290.o(.bss)
    ars_sum                                  0x20000fd0   Data          32  adxrs290.o(.bss)
    ars_history                              0x20000ff0   Data        4096  adxrs290.o(.bss)
    __libspace_start                         0x20001ff0   Data          96  libspace.o(.bss)
    __temporary_stack_top$libspace           0x20002050   Data           0  libspace.o(.bss)



==============================================================================

Memory Map of the image

  Image Entry point : 0x08000271

  Load Region LR_1 (Base: 0x08000000, Size: 0x000055c8, Max: 0xffffffff, ABSOLUTE, COMPRESSED[0x00005390])

    Execution Region ER_RO (Base: 0x08000000, Size: 0x00005020, Max: 0xffffffff, ABSOLUTE)

    Base Addr    Size         Type   Attr      Idx    E Section Name        Object

    0x08000000   0x00000188   Data   RO          970    RESET               startup_stm32f407xx.o
    0x08000188   0x00000008   Code   RO         1081  * !!!main             c_w.l(__main.o)
    0x08000190   0x00000034   Code   RO         1481    !!!scatter          c_w.l(__scatter.o)
    0x080001c4   0x00000064   Code   RO         1479    !!dclz77c           c_w.l(__dclz77c.o)
    0x08000228   0x0000001c   Code   RO         1483    !!handler_zi        c_w.l(__scatter_zi.o)
    0x08000244   0x00000002   Code   RO         1419    .ARM.Collect$$libinit$$00000000  c_w.l(libinit.o)
    0x08000246   0x00000004   Code   RO         1231    .ARM.Collect$$libinit$$00000001  c_w.l(libinit2.o)
    0x0800024a   0x00000000   Code   RO         1234    .ARM.Collect$$libinit$$00000004  c_w.l(libinit2.o)
    0x0800024a   0x00000000   Code   RO         1237    .ARM.Collect$$libinit$$0000000A  c_w.l(libinit2.o)
    0x0800024a   0x00000000   Code   RO         1239    .ARM.Collect$$libinit$$0000000C  c_w.l(libinit2.o)
    0x0800024a   0x00000000   Code   RO         1241    .ARM.Collect$$libinit$$0000000E  c_w.l(libinit2.o)
    0x0800024a   0x00000000   Code   RO         1244    .ARM.Collect$$libinit$$00000011  c_w.l(libinit2.o)
    0x0800024a   0x00000000   Code   RO         1246    .ARM.Collect$$libinit$$00000013  c_w.l(libinit2.o)
    0x0800024a   0x00000000   Code   RO         1248    .ARM.Collect$$libinit$$00000015  c_w.l(libinit2.o)
    0x0800024a   0x00000000   Code   RO         1250    .ARM.Collect$$libinit$$00000017  c_w.l(libinit2.o)
    0x0800024a   0x00000000   Code   RO         1252    .ARM.Collect$$libinit$$00000019  c_w.l(libinit2.o)
    0x0800024a   0x00000000   Code   RO         1254    .ARM.Collect$$libinit$$0000001B  c_w.l(libinit2.o)
    0x0800024a   0x00000000   Code   RO         1256    .ARM.Collect$$libinit$$0000001D  c_w.l(libinit2.o)
    0x0800024a   0x00000000   Code   RO         1258    .ARM.Collect$$libinit$$0000001F  c_w.l(libinit2.o)
    0x0800024a   0x00000000   Code   RO         1260    .ARM.Collect$$libinit$$00000021  c_w.l(libinit2.o)
    0x0800024a   0x00000000   Code   RO         1262    .ARM.Collect$$libinit$$00000023  c_w.l(libinit2.o)
    0x0800024a   0x00000000   Code   RO         1264    .ARM.Collect$$libinit$$00000025  c_w.l(libinit2.o)
    0x0800024a   0x00000000   Code   RO         1268    .ARM.Collect$$libinit$$0000002C  c_w.l(libinit2.o)
    0x0800024a   0x00000000   Code   RO         1270    .ARM.Collect$$libinit$$0000002E  c_w.l(libinit2.o)
    0x0800024a   0x00000000   Code   RO         1272    .ARM.Collect$$libinit$$00000030  c_w.l(libinit2.o)
    0x0800024a   0x00000000   Code   RO         1274    .ARM.Collect$$libinit$$00000032  c_w.l(libinit2.o)
    0x0800024a   0x00000002   Code   RO         1275    .ARM.Collect$$libinit$$00000033  c_w.l(libinit2.o)
    0x0800024c   0x00000002   Code   RO         1476    .ARM.Collect$$libshutdown$$00000000  c_w.l(libshutdown.o)
    0x0800024e   0x00000000   Code   RO         1434    .ARM.Collect$$libshutdown$$00000003  c_w.l(libshutdown2.o)
    0x0800024e   0x00000000   Code   RO         1437    .ARM.Collect$$libshutdown$$00000006  c_w.l(libshutdown2.o)
    0x0800024e   0x00000000   Code   RO         1440    .ARM.Collect$$libshutdown$$00000009  c_w.l(libshutdown2.o)
    0x0800024e   0x00000000   Code   RO         1442    .ARM.Collect$$libshutdown$$0000000B  c_w.l(libshutdown2.o)
    0x0800024e   0x00000000   Code   RO         1445    .ARM.Collect$$libshutdown$$0000000E  c_w.l(libshutdown2.o)
    0x0800024e   0x00000002   Code   RO         1446    .ARM.Collect$$libshutdown$$0000000F  c_w.l(libshutdown2.o)
    0x08000250   0x00000000   Code   RO         1201    .ARM.Collect$$rtentry$$00000000  c_w.l(__rtentry.o)
    0x08000250   0x00000000   Code   RO         1351    .ARM.Collect$$rtentry$$00000002  c_w.l(__rtentry2.o)
    0x08000250   0x00000006   Code   RO         1363    .ARM.Collect$$rtentry$$00000004  c_w.l(__rtentry4.o)
    0x08000256   0x00000000   Code   RO         1353    .ARM.Collect$$rtentry$$00000009  c_w.l(__rtentry2.o)
    0x08000256   0x00000004   Code   RO         1354    .ARM.Collect$$rtentry$$0000000A  c_w.l(__rtentry2.o)
    0x0800025a   0x00000000   Code   RO         1356    .ARM.Collect$$rtentry$$0000000C  c_w.l(__rtentry2.o)
    0x0800025a   0x00000008   Code   RO         1357    .ARM.Collect$$rtentry$$0000000D  c_w.l(__rtentry2.o)
    0x08000262   0x00000002   Code   RO         1422    .ARM.Collect$$rtexit$$00000000  c_w.l(rtexit.o)
    0x08000264   0x00000000   Code   RO         1450    .ARM.Collect$$rtexit$$00000002  c_w.l(rtexit2.o)
    0x08000264   0x00000004   Code   RO         1451    .ARM.Collect$$rtexit$$00000003  c_w.l(rtexit2.o)
    0x08000268   0x00000006   Code   RO         1452    .ARM.Collect$$rtexit$$00000004  c_w.l(rtexit2.o)
    0x0800026e   0x00000002   PAD
    0x08000270   0x00000040   Code   RO          971  * .text               startup_stm32f407xx.o
    0x080002b0   0x0000008a   Code   RO         1075    .text               c_w.l(rt_memcpy_v6.o)
    0x0800033a   0x00000064   Code   RO         1077    .text               c_w.l(rt_memcpy_w.o)
    0x0800039e   0x00000006   Code   RO         1079    .text               c_w.l(heapauxi.o)
    0x080003a4   0x00000016   Code   RO         1227    .text               c_w.l(_rserrno.o)
    0x080003ba   0x00000002   PAD
    0x080003bc   0x00000008   Code   RO         1347    .text               c_w.l(libspace.o)
    0x080003c4   0x00000008   Code   RO         1368    .text               c_w.l(rt_errno_addr_intlibspace.o)
    0x080003cc   0x00000002   Code   RO         1395    .text               c_w.l(use_no_semi.o)
    0x080003ce   0x00000000   Code   RO         1397    .text               c_w.l(indicate_semi.o)
    0x080003ce   0x0000004a   Code   RO         1398    .text               c_w.l(sys_stackheap_outer.o)
    0x08000418   0x0000000c   Code   RO         1404    .text               c_w.l(exit.o)
    0x08000424   0x0000000c   Code   RO         1420    .text               c_w.l(sys_exit.o)
    0x08000430   0x00000050   Code   RO          189    i.ADXL345_Calibr    adxl345.o
    0x08000480   0x0000006c   Code   RO          190    i.ADXL345_DMA_Init  adxl345.o
    0x080004ec   0x00000078   Code   RO          192    i.ADXL345_Init      adxl345.o
    0x08000564   0x000000ac   Code   RO          822    i.ADXRS290_EXTI_Init  adxrs290.o
    0x08000610   0x0000006a   Code   RO          823    i.ADXRS290_Init     adxrs290.o
    0x0800067a   0x00000002   PAD
    0x0800067c   0x00000024   Code   RO          824    i.ADXRS290_NSS_High  adxrs290.o
    0x080006a0   0x00000044   Code   RO          825    i.ADXRS290_NSS_Init  adxrs290.o
    0x080006e4   0x00000024   Code   RO          826    i.ADXRS290_NSS_Low  adxrs290.o
    0x08000708   0x00000034   Code   RO          712    i.ADXRS_Calibr      adxrs453.o
    0x0800073c   0x0000008c   Code   RO          713    i.ADXRS_DMA_Read    adxrs453.o
    0x080007c8   0x0000003a   Code   RO          714    i.ADXRS_TIM_Init    adxrs453.o
    0x08000802   0x00000002   PAD
    0x08000804   0x0000004c   Code   RO          827    i.ARS_GetData       adxrs290.o
    0x08000850   0x00000058   Code   RO          193    i.Accel_EXTI_Init   adxl345.o
    0x080008a8   0x0000001c   Code   RO          194    i.Accel_GetData     adxl345.o
    0x080008c4   0x0000001c   Code   RO          195    i.Accel_NSS_High    adxl345.o
    0x080008e0   0x0000004c   Code   RO          196    i.Accel_NSS_Init    adxl345.o
    0x0800092c   0x0000001c   Code   RO          197    i.Accel_NSS_Low     adxl345.o
    0x08000948   0x0000002c   Code   RO          198    i.Accel_UpdateFreq  adxl345.o
    0x08000974   0x00000060   Code   RO          199    i.Accel_VDD_Init    adxl345.o
    0x080009d4   0x0000001c   Code   RO          828    i.All_NSS_High      adxrs290.o
    0x080009f0   0x000000d0   Code   RO          715    i.DMA1_Stream2_IRQHandler  adxrs453.o
    0x08000ac0   0x0000024c   Code   RO          200    i.DMA1_Stream3_IRQHandler  adxl345.o
    0x08000d0c   0x00000028   Code   RO          201    i.DMA1_Stream4_IRQHandler  adxl345.o
    0x08000d34   0x0000000c   Code   RO          716    i.DMA1_Stream5_IRQHandler  adxrs453.o
    0x08000d40   0x00000024   Code   RO          353    i.DMA2_Stream7_IRQHandler  telemetry.o
    0x08000d64   0x00000028   Code   RO          202    i.Delay             adxl345.o
    0x08000d8c   0x0000003c   Code   RO          829    i.EXTI15_10_IRQHandler  adxrs290.o
    0x08000dc8   0x0000001c   Code   RO          203    i.EXTI1_IRQHandler  adxl345.o
    0x08000de4   0x00000038   Code   RO          603    i.EXTI2_IRQHandler  motors.o
    0x08000e1c   0x00000034   Code   RO          604    i.EXTI4_IRQHandler  motors.o
    0x08000e50   0x00000044   Code   RO          355    i.Message_ToByteArray  telemetry.o
    0x08000e94   0x0000007c   Code   RO          605    i.Motors_EXTI_Init  motors.o
    0x08000f10   0x00000144   Code   RO          606    i.Motors_GPIO_Init  motors.o
    0x08001054   0x00000010   Code   RO          607    i.Motors_Init       motors.o
    0x08001064   0x00000020   Code   RO          608    i.Motors_Run        motors.o
    0x08001084   0x00000028   Code   RO          610    i.Motors_Stop       motors.o
    0x080010ac   0x00000100   Code   RO          611    i.Motors_TIM_Init   motors.o
    0x080011ac   0x00000016   Code   RO          204    i.NVIC_EnableIRQ    adxl345.o
    0x080011c2   0x00000016   Code   RO          356    i.NVIC_EnableIRQ    telemetry.o
    0x080011d8   0x00000016   Code   RO          612    i.NVIC_EnableIRQ    motors.o
    0x080011ee   0x00000016   Code   RO          717    i.NVIC_EnableIRQ    adxrs453.o
    0x08001204   0x00000016   Code   RO          830    i.NVIC_EnableIRQ    adxrs290.o
    0x0800121a   0x00000002   PAD
    0x0800121c   0x00000028   Code   RO          205    i.NVIC_SetPriority  adxl345.o
    0x08001244   0x00000028   Code   RO          613    i.NVIC_SetPriority  motors.o
    0x0800126c   0x00000028   Code   RO          718    i.NVIC_SetPriority  adxrs453.o
    0x08001294   0x00000078   Code   RO          463    i.Processing_TIM_Init  processing.o
    0x0800130c   0x00000040   Code   RO            4    i.RCC_Init          main.o
    0x0800134c   0x000000e8   Code   RO          206    i.SPI2_GPIO_Init    adxl345.o
    0x08001434   0x000002c8   Code   RO          831    i.SPI2_IRQHandler   adxrs290.o
    0x080016fc   0x00000070   Code   RO          207    i.SPI2_Init         adxl345.o
    0x0800176c   0x00000016   Code   RO          208    i.SPI2_Read         adxl345.o
    0x08001782   0x00000002   PAD
    0x08001784   0x00000074   Code   RO          832    i.SPI2_SensorsPoll  adxrs290.o
    0x080017f8   0x00000034   Code   RO          209    i.SPI2_Transfer     adxl345.o
    0x0800182c   0x00000014   Code   RO          210    i.SPI2_Write        adxl345.o
    0x08001840   0x00000138   Code   RO          719    i.SPI3_GPIO_Init    adxrs453.o
    0x08001978   0x0000005c   Code   RO          720    i.SPI3_Init         adxrs453.o
    0x080019d4   0x0000001c   Code   RO          721    i.SPI3_NSS_High     adxrs453.o
    0x080019f0   0x0000001c   Code   RO          722    i.SPI3_NSS_Low      adxrs453.o
    0x08001a0c   0x0000003c   Code   RO          357    i.SendTelemetry     telemetry.o
    0x08001a48   0x000000e0   Code   RO          979    i.SystemInit        system_stm32f4xx.o
    0x08001b28   0x00000034   Code   RO          614    i.TIM1_BRK_TIM9_IRQHandler  motors.o
    0x08001b5c   0x00000024   Code   RO          724    i.TIM2_IRQHandler   adxrs453.o
    0x08001b80   0x00000158   Code   RO          615    i.TIM3_IRQHandler   motors.o
    0x08001cd8   0x00000034   Code   RO          616    i.TIM5_IRQHandler   motors.o
    0x08001d0c   0x00000160   Code   RO          464    i.TIM7_IRQHandler   processing.o
    0x08001e6c   0x00000054   Code   RO          358    i.Telemetry_DMA_Init  telemetry.o
    0x08001ec0   0x000006c4   Code   RO          359    i.USART1_IRQHandler  telemetry.o
    0x08002584   0x00000104   Code   RO          360    i.USART_Init        telemetry.o
    0x08002688   0x00000030   Code   RO         1308    i.__ARM_fpclassify  m_wm.l(fpclassify.o)
    0x080026b8   0x00000026   Code   RO         1310    i.__ARM_fpclassifyf  m_wm.l(fpclassifyf.o)
    0x080026de   0x00000002   PAD
    0x080026e0   0x00000160   Code   RO         1133    i.__hardfp_atanf    m_wm.l(atanf.o)
    0x08002840   0x000000c8   Code   RO         1145    i.__hardfp_cos      m_wm.l(cos.o)
    0x08002908   0x000000c8   Code   RO         1163    i.__hardfp_sin      m_wm.l(sin.o)
    0x080029d0   0x0000007a   Code   RO         1175    i.__hardfp_sqrt     m_wm.l(sqrt.o)
    0x08002a4a   0x00000006   PAD
    0x08002a50   0x00000080   Code   RO         1187    i.__hardfp_tan      m_wm.l(tan.o)
    0x08002ad0   0x00000438   Code   RO         1328    i.__ieee754_rem_pio2  m_wm.l(rred.o)
    0x08002f08   0x00000170   Code   RO         1291    i.__kernel_cos      m_wm.l(cos_i.o)
    0x08003078   0x000000f8   Code   RO         1326    i.__kernel_poly     m_wm.l(poly.o)
    0x08003170   0x00000130   Code   RO         1333    i.__kernel_sin      m_wm.l(sin_i.o)
    0x080032a0   0x00000350   Code   RO         1339    i.__kernel_tan      m_wm.l(tan_i.o)
    0x080035f0   0x00000014   Code   RO         1295    i.__mathlib_dbl_infnan  m_wm.l(dunder.o)
    0x08003604   0x00000004   PAD
    0x08003608   0x00000020   Code   RO         1297    i.__mathlib_dbl_invalid  m_wm.l(dunder.o)
    0x08003628   0x00000020   Code   RO         1300    i.__mathlib_dbl_underflow  m_wm.l(dunder.o)
    0x08003648   0x00000006   Code   RO         1313    i.__mathlib_flt_infnan  m_wm.l(funder.o)
    0x0800364e   0x00000002   PAD
    0x08003650   0x00000010   Code   RO         1318    i.__mathlib_flt_underflow  m_wm.l(funder.o)
    0x08003660   0x00000114   Code   RO          466    i.calcAngle         processing.o
    0x08003774   0x000003f4   Code   RO          467    i.calcAngleRate     processing.o
    0x08003b68   0x0000001c   Code   RO            5    i.checkCalibrationFinish  main.o
    0x08003b84   0x0000001a   Code   RO          104    i.det2              syssolve.o
    0x08003b9e   0x00000018   Code   RO         1159    i.fabs              m_wm.l(fabs.o)
    0x08003bb6   0x00000002   PAD
    0x08003bb8   0x00000060   Code   RO          472    i.getFinalData      processing.o
    0x08003c18   0x00000044   Code   RO          361    i.initWaitingForFloat  telemetry.o
    0x08003c5c   0x0000002c   Code   RO          362    i.initWaitingForInt  telemetry.o
    0x08003c88   0x000000f0   Code   RO          473    i.kalman2           processing.o
    0x08003d78   0x00000054   Code   RO          474    i.lowpass           processing.o
    0x08003dcc   0x00000388   Code   RO            6    i.main              main.o
    0x08004154   0x00000048   Code   RO          107    i.mat2_inv          syssolve.o
    0x0800419c   0x00000046   Code   RO          108    i.mat_add           syssolve.o
    0x080041e2   0x00000002   PAD
    0x080041e4   0x00000078   Code   RO          109    i.mat_mul           syssolve.o
    0x0800425c   0x00000046   Code   RO          110    i.mat_sub           syssolve.o
    0x080042a2   0x00000034   Code   RO          112    i.transpose         syssolve.o
    0x080042d6   0x00000018   Code   RO         1276    x$fpl$basic         fz_wm.l(basic.o)
    0x080042ee   0x00000002   PAD
    0x080042f0   0x00000062   Code   RO         1083    x$fpl$d2f           fz_wm.l(d2f.o)
    0x08004352   0x00000002   PAD
    0x08004354   0x00000150   Code   RO         1085    x$fpl$dadd          fz_wm.l(daddsub_clz.o)
    0x080044a4   0x000002b0   Code   RO         1092    x$fpl$ddiv          fz_wm.l(ddiv.o)
    0x08004754   0x0000005e   Code   RO         1095    x$fpl$dfix          fz_wm.l(dfix.o)
    0x080047b2   0x0000002e   Code   RO         1388    x$fpl$dflt          fz_wm.l(dflt_clz.o)
    0x080047e0   0x00000026   Code   RO         1387    x$fpl$dfltu         fz_wm.l(dflt_clz.o)
    0x08004806   0x00000002   PAD
    0x08004808   0x00000154   Code   RO         1101    x$fpl$dmul          fz_wm.l(dmul.o)
    0x0800495c   0x0000009c   Code   RO         1280    x$fpl$dnaninf       fz_wm.l(dnaninf.o)
    0x080049f8   0x0000000c   Code   RO         1282    x$fpl$dretinf       fz_wm.l(dretinf.o)
    0x08004a04   0x00000016   Code   RO         1086    x$fpl$drsb          fz_wm.l(daddsub_clz.o)
    0x08004a1a   0x00000002   PAD
    0x08004a1c   0x00000198   Code   RO         1284    x$fpl$dsqrt         fz_wm.l(dsqrt_umaal.o)
    0x08004bb4   0x000001d4   Code   RO         1087    x$fpl$dsub          fz_wm.l(daddsub_clz.o)
    0x08004d88   0x00000056   Code   RO         1103    x$fpl$f2d           fz_wm.l(f2d.o)
    0x08004dde   0x0000008c   Code   RO         1286    x$fpl$fnaninf       fz_wm.l(fnaninf.o)
    0x08004e6a   0x0000000a   Code   RO         1393    x$fpl$fpinit        fz_wm.l(fpinit.o)
    0x08004e74   0x0000000a   Code   RO         1288    x$fpl$fretinf       fz_wm.l(fretinf.o)
    0x08004e7e   0x00000000   Code   RO         1290    x$fpl$usenofp       fz_wm.l(usenofp.o)
    0x08004e7e   0x00000002   PAD
    0x08004e80   0x00000030   Data   RO         1292    .constdata          m_wm.l(cos_i.o)
    0x08004eb0   0x000000c8   Data   RO         1330    .constdata          m_wm.l(rred.o)
    0x08004f78   0x00000028   Data   RO         1334    .constdata          m_wm.l(sin_i.o)
    0x08004fa0   0x00000060   Data   RO         1340    .constdata          m_wm.l(tan_i.o)
    0x08005000   0x00000020   Data   RO         1477    Region$$Table       anon$$obj.o


    Execution Region ER_RW (Base: 0x20000000, Size: 0x000005a8, Max: 0xffffffff, ABSOLUTE, COMPRESSED[0x00000370])

    Base Addr    Size         Type   Attr      Idx    E Section Name        Object

    0x20000000   0x00000040   Data   RW            8    .data               main.o
    0x20000040   0x00000034   Data   RW          212    .data               adxl345.o
    0x20000074   0x00000031   Data   RW          365    .data               telemetry.o
    0x200000a5   0x00000003   PAD
    0x200000a8   0x00000434   Data   RW          480    .data               processing.o
    0x200004dc   0x0000002a   Data   RW          617    .data               motors.o
    0x20000506   0x00000002   PAD
    0x20000508   0x00000022   Data   RW          725    .data               adxrs453.o
    0x2000052a   0x00000002   PAD
    0x2000052c   0x0000007c   Data   RW          834    .data               adxrs290.o


    Execution Region ER_ZI (Base: 0x200005a8, Size: 0x000026a8, Max: 0xffffffff, ABSOLUTE)

    Base Addr    Size         Type   Attr      Idx    E Section Name        Object

    0x200005a8   0x00000018   Zero   RW            7    .bss                main.o
    0x200005c0   0x0000000c   Zero   RW          211    .bss                adxl345.o
    0x200005cc   0x000000f0   Zero   RW          364    .bss                telemetry.o
    0x200006bc   0x00000674   Zero   RW          479    .bss                processing.o
    0x20000d30   0x000012c0   Zero   RW          833    .bss                adxrs290.o
    0x20001ff0   0x00000060   Zero   RW         1348    .bss                c_w.l(libspace.o)
    0x20002050   0x00000400   Zero   RW          969    HEAP                startup_stm32f407xx.o
    0x20002450   0x00000800   Zero   RW          968    STACK               startup_stm32f407xx.o


==============================================================================

Image component sizes


      Code (inc. data)   RO Data    RW Data    ZI Data      Debug   Object Name

      1892        258          0         52         12      38073   adxl345.o
      1432        174          0        124       4800       8053   adxrs290.o
      1028        150          0         34          0       7094   adxrs453.o
       996        168          0         64         24     247615   main.o
      1410        182          0         42          0       7003   motors.o
      2180        240          0       1076       1652       9408   processing.o
        64         26        392          0       3072        864   startup_stm32f407xx.o
       410          4          0          0          0       3808   syssolve.o
       224         22          0          0          0        585   system_stm32f4xx.o
      2374        448          0         49        240      34555   telemetry.o

    ----------------------------------------------------------------------
     12020       1672        424       1448       9800     357058   Object Totals
         0          0         32          0          0          0   (incl. Generated)
        10          0          0          7          0          0   (incl. Padding)

    ----------------------------------------------------------------------

      Code (inc. data)   RO Data    RW Data    ZI Data      Debug   Library Member Name

       100          0          0          0          0          0   __dclz77c.o
         8          0          0          0          0         68   __main.o
         0          0          0          0          0          0   __rtentry.o
        12          0          0          0          0          0   __rtentry2.o
         6          0          0          0          0          0   __rtentry4.o
        52          8          0          0          0          0   __scatter.o
        28          0          0          0          0          0   __scatter_zi.o
        22          0          0          0          0        100   _rserrno.o
        12          0          0          0          0         72   exit.o
         6          0          0          0          0        152   heapauxi.o
         0          0          0          0          0          0   indicate_semi.o
         2          0          0          0          0          0   libinit.o
         6          0          0          0          0          0   libinit2.o
         2          0          0          0          0          0   libshutdown.o
         2          0          0          0          0          0   libshutdown2.o
         8          4          0          0         96         68   libspace.o
         8          4          0          0          0         68   rt_errno_addr_intlibspace.o
       138          0          0          0          0         68   rt_memcpy_v6.o
       100          0          0          0          0         80   rt_memcpy_w.o
         2          0          0          0          0          0   rtexit.o
        10          0          0          0          0          0   rtexit2.o
        12          4          0          0          0         68   sys_exit.o
        74          0          0          0          0         80   sys_stackheap_outer.o
         2          0          0          0          0         68   use_no_semi.o
        24          0          0          0          0        164   basic.o
        98          4          0          0          0        140   d2f.o
       826         16          0          0          0        492   daddsub_clz.o
       688        140          0          0          0        256   ddiv.o
        94          4          0          0          0        140   dfix.o
        84          0          0          0          0        232   dflt_clz.o
       340         12          0          0          0        152   dmul.o
       156          4          0          0          0        140   dnaninf.o
        12          0          0          0          0        116   dretinf.o
       408         56          0          0          0        168   dsqrt_umaal.o
        86          4          0          0          0        132   f2d.o
       140          4          0          0          0        132   fnaninf.o
        10          0          0          0          0        116   fpinit.o
        10          0          0          0          0        116   fretinf.o
         0          0          0          0          0          0   usenofp.o
       352         56          0          0          0        172   atanf.o
       200         20          0          0          0        164   cos.o
       368         46         48          0          0        200   cos_i.o
        84         16          0          0          0        372   dunder.o
        24          0          0          0          0        124   fabs.o
        48          0          0          0          0        124   fpclassify.o
        38          0          0          0          0        116   fpclassifyf.o
        22          6          0          0          0        232   funder.o
       248          0          0          0          0        152   poly.o
      1080        142        200          0          0        188   rred.o
       200         20          0          0          0        164   sin.o
       304         24         40          0          0        208   sin_i.o
       122          0          0          0          0        148   sqrt.o
       128         20          0          0          0        144   tan.o
       848         84         96          0          0        196   tan_i.o

    ----------------------------------------------------------------------
      7684        698        384          0         96       6092   Library Totals
        30          0          0          0          0          0   (incl. Padding)

    ----------------------------------------------------------------------

      Code (inc. data)   RO Data    RW Data    ZI Data      Debug   Library Name

       612         20          0          0         96        892   c_w.l
      2976        244          0          0          0       2496   fz_wm.l
      4066        434        384          0          0       2704   m_wm.l

    ----------------------------------------------------------------------
      7684        698        384          0         96       6092   Library Totals

    ----------------------------------------------------------------------

==============================================================================


      Code (inc. data)   RO Data    RW Data    ZI Data      Debug   

     19704       2370        808       1448       9896     352186   Grand Totals
     19704       2370        808        880       9896     352186   ELF Image Totals (compressed)
     19704       2370        808        880          0          0   ROM Totals

==============================================================================

    Total RO  Size (Code + RO Data)                20512 (  20.03kB)
    Total RW  Size (RW Data + ZI Data)             11344 (  11.08kB)
    Total ROM Size (Code + RO Data + RW Data)      21392 (  20.89kB)

==============================================================================

