Component: ARM Compiler 5.05 update 1 (build 106) Tool: armlink [4d0efa]

==============================================================================

Section Cross References

    main.o(i.EXTI_Init) refers to main.o(i.NVIC_EnableIRQ) for NVIC_EnableIRQ
    main.o(i.GPIO_init) refers to main.o(.data) for MOT_PWM1
    main.o(i.TIM3_IRQHandler) refers to main.o(.data) for status
    main.o(i.TIM7_IRQHandler) refers to telemetry.o(i.SendTelemetry) for SendTelemetry
    main.o(i.TIMERS_init) refers to main.o(i.NVIC_EnableIRQ) for NVIC_EnableIRQ
    main.o(i.TIMERS_init) refers to main.o(.data) for pwm
    main.o(i.USART_init) refers to main.o(i.NVIC_EnableIRQ) for NVIC_EnableIRQ
    main.o(i.USART_init) refers to main.o(.data) for UART2_TX
    main.o(i.main) refers to main.o(i.RCC_Init) for RCC_Init
    main.o(i.main) refers to adxl345.o(i.ADXL345_Init) for ADXL345_Init
    main.o(i.main) refers to adxl345.o(i.ADXL345_Calibr) for ADXL345_Calibr
    main.o(i.main) refers to adxl345.o(i.Accel_EXTI_Init) for Accel_EXTI_Init
    main.o(i.main) refers to main.o(i.USART_init) for USART_init
    main.o(i.main) refers to main.o(i.GPIO_init) for GPIO_init
    main.o(i.main) refers to main.o(i.TIMERS_init) for TIMERS_init
    main.o(i.main) refers to main.o(.data) for ENGRDY
    syssolve.o(i.det3) refers to dmul.o(x$fpl$dmul) for __aeabi_dmul
    syssolve.o(i.det3) refers to daddsub_clz.o(x$fpl$dsub) for __aeabi_dsub
    syssolve.o(i.det3) refers to daddsub_clz.o(x$fpl$dadd) for __aeabi_dadd
    syssolve.o(i.mat_mul) refers to dmul.o(x$fpl$dmul) for __aeabi_dmul
    syssolve.o(i.mat_mul) refers to daddsub_clz.o(x$fpl$dadd) for __aeabi_dadd
    syssolve.o(i.system_solve) refers to h1_alloc.o(.text) for malloc
    syssolve.o(i.system_solve) refers to syssolve.o(i.transpose) for transpose
    syssolve.o(i.system_solve) refers to syssolve.o(i.mat_mul) for mat_mul
    syssolve.o(i.system_solve) refers to syssolve.o(i.det3) for det3
    syssolve.o(i.system_solve) refers to rt_memcpy_w.o(.text) for __aeabi_memcpy4
    syssolve.o(i.system_solve) refers to ddiv.o(x$fpl$ddiv) for __aeabi_ddiv
    syssolve.o(i.system_solve) refers to h1_free.o(.text) for free
    adxl345.o(i.ADXL345_AccelVCCInit) refers to adxl345.o(i.Delay) for Delay
    adxl345.o(i.ADXL345_AccelVCCInit) refers to main.o(.data) for ACCEL_VCC
    adxl345.o(i.ADXL345_Calibr) refers to adxl345.o(i.ADXL345_GetAccel) for ADXL345_GetAccel
    adxl345.o(i.ADXL345_Calibr) refers to dflt_clz.o(x$fpl$dflt) for __aeabi_i2d
    adxl345.o(i.ADXL345_Calibr) refers to daddsub_clz.o(x$fpl$dadd) for __aeabi_dadd
    adxl345.o(i.ADXL345_Calibr) refers to ddiv.o(x$fpl$ddiv) for __aeabi_ddiv
    adxl345.o(i.ADXL345_Calibr) refers to dfix.o(x$fpl$dfix) for __aeabi_d2iz
    adxl345.o(i.ADXL345_Calibr) refers to main.o(.data) for ACCEL_INT1
    adxl345.o(i.ADXL345_DMA_Init) refers to adxl345.o(i.NVIC_EnableIRQ) for NVIC_EnableIRQ
    adxl345.o(i.ADXL345_DMA_Init) refers to adxl345.o(.bss) for accel
    adxl345.o(i.ADXL345_DMA_Init) refers to adxl345.o(.data) for accelRegisters
    adxl345.o(i.ADXL345_GetAccel) refers to adxl345.o(i.NSS_Low) for NSS_Low
    adxl345.o(i.ADXL345_GetAccel) refers to adxl345.o(i.ADXL345_Read) for ADXL345_Read
    adxl345.o(i.ADXL345_GetAccel) refers to adxl345.o(i.NSS_High) for NSS_High
    adxl345.o(i.ADXL345_Init) refers to adxl345.o(i.ADXL345_AccelVCCInit) for ADXL345_AccelVCCInit
    adxl345.o(i.ADXL345_Init) refers to adxl345.o(i.SPI2_Init) for SPI2_Init
    adxl345.o(i.ADXL345_Init) refers to adxl345.o(i.NSS_Low) for NSS_Low
    adxl345.o(i.ADXL345_Init) refers to adxl345.o(i.ADXL345_Read) for ADXL345_Read
    adxl345.o(i.ADXL345_Init) refers to adxl345.o(i.ADXL345_Write) for ADXL345_Write
    adxl345.o(i.ADXL345_Init) refers to adxl345.o(i.NSS_High) for NSS_High
    adxl345.o(i.ADXL345_Init) refers to adxl345.o(.data) for test
    adxl345.o(i.ADXL345_Read) refers to adxl345.o(i.SPI1_Transfer) for SPI1_Transfer
    adxl345.o(i.ADXL345_Write) refers to adxl345.o(i.SPI1_Transfer) for SPI1_Transfer
    adxl345.o(i.Accel_EXTI_Init) refers to adxl345.o(i.NVIC_EnableIRQ) for NVIC_EnableIRQ
    adxl345.o(i.DMA1_Stream3_IRQHandler) refers to adxl345.o(i.ADXL345_DMA_Init) for ADXL345_DMA_Init
    adxl345.o(i.DMA1_Stream3_IRQHandler) refers to adxl345.o(i.NSS_High) for NSS_High
    adxl345.o(i.DMA1_Stream3_IRQHandler) refers to processing.o(i.kalman) for kalman
    adxl345.o(i.DMA1_Stream3_IRQHandler) refers to processing.o(i.control) for control
    adxl345.o(i.DMA1_Stream3_IRQHandler) refers to adxl345.o(.bss) for accel
    adxl345.o(i.DMA1_Stream3_IRQHandler) refers to main.o(.data) for ax
    adxl345.o(i.EXTI1_IRQHandler) refers to adxl345.o(i.NSS_Low) for NSS_Low
    adxl345.o(i.EXTI1_IRQHandler) refers to adxl345.o(i.ADXL345_DMA_Init) for ADXL345_DMA_Init
    adxl345.o(i.NSS_High) refers to main.o(.data) for SPI2_NSS
    adxl345.o(i.NSS_Low) refers to main.o(.data) for SPI2_NSS
[...]
    ../clib/libinit.s                        0x00000000   Number         0  libshutdown2.o ABSOLUTE
    ../clib/locale.s                         0x00000000   Number         0  lc_numeric_c.o ABSOLUTE
    ../clib/longlong.s                       0x00000000   Number         0  lludiv10.o ABSOLUTE
    ../clib/memcpset.s                       0x00000000   Number         0  rt_memcpy_w.o ABSOLUTE
    ../clib/memcpset.s                       0x00000000   Number         0  strcmpv7m.o ABSOLUTE
    ../clib/misc.s                           0x00000000   Number         0  printf_stubs.o ABSOLUTE
    ../clib/printf.c                         0x00000000   Number         0  __printf_flags.o ABSOLUTE
    ../clib/printf.c                         0x00000000   Number         0  __printf_ss.o ABSOLUTE
    ../clib/printf.c                         0x00000000   Number         0  __printf_flags_ss.o ABSOLUTE
    ../clib/printf.c                         0x00000000   Number         0  __printf_wp.o ABSOLUTE
    ../clib/printf.c                         0x00000000   Number         0  __printf_flags_wp.o ABSOLUTE
    ../clib/printf.c                         0x00000000   Number         0  __printf_ss_wp.o ABSOLUTE
    ../clib/printf.c                         0x00000000   Number         0  __printf_flags_ss_wp.o ABSOLUTE
    ../clib/printf.c                         0x00000000   Number         0  _printf_char_common.o ABSOLUTE
    ../clib/printf.c                         0x00000000   Number         0  _printf_fp_dec.o ABSOLUTE
    ../clib/printf.c                         0x00000000   Number         0  _sputc.o ABSOLUTE
    ../clib/printf.c                         0x00000000   Number         0  _printf_intcommon.o ABSOLUTE
    ../clib/printf.c                         0x00000000   Number         0  _printf_fp_infnan.o ABSOLUTE
    ../clib/printf.c                         0x00000000   Number         0  __printf_nopercent.o ABSOLUTE
    ../clib/printf.c                         0x00000000   Number         0  __2sprintf.o ABSOLUTE
    ../clib/printf.c                         0x00000000   Number         0  noretval__2sprintf.o ABSOLUTE
    ../clib/printf.c                         0x00000000   Number         0  __printf.o ABSOLUTE
    ../clib/printf.c                         0x00000000   Number         0  _printf_pad.o ABSOLUTE
    ../clib/printf.c                         0x00000000   Number         0  _printf_truncate.o ABSOLUTE
    ../clib/printf.c                         0x00000000   Number         0  _printf_dec.o ABSOLUTE
    ../clib/printf_percent.s                 0x00000000   Number         0  _printf_percent_end.o ABSOLUTE
    ../clib/printf_percent.s                 0x00000000   Number         0  _printf_percent.o ABSOLUTE
    ../clib/printf_percent.s                 0x00000000   Number         0  _printf_f.o ABSOLUTE
    ../clib/printf_percent.s                 0x00000000   Number         0  _printf_d.o ABSOLUTE
    ../clib/signal.c                         0x00000000   Number         0  defsig_stak_inner.o ABSOLUTE
    ../clib/signal.c                         0x00000000   Number         0  defsig_segv_inner.o ABSOLUTE
    ../clib/signal.c                         0x00000000   Number         0  defsig_cppl_inner.o ABSOLUTE
    ../clib/signal.c                         0x00000000   Number         0  defsig_pvfn_inner.o ABSOLUTE
    ../clib/signal.c                         0x00000000   Number         0  defsig_rtred_inner.o ABSOLUTE
    ../clib/signal.c                         0x00000000   Number         0  defsig_general.o ABSOLUTE
    ../clib/signal.c                         0x00000000   Number         0  defsig_fpe_inner.o ABSOLUTE
    ../clib/signal.c                         0x00000000   Number         0  defsig_abrt_inner.o ABSOLUTE
    ../clib/signal.c                         0x00000000   Number         0  defsig_exit.o ABSOLUTE
    ../clib/signal.c                         0x00000000   Number         0  defsig_rtmem_inner.o ABSOLUTE
    ../clib/signal.c                         0x00000000   Number         0  __raise.o ABSOLUTE
    ../clib/signal.c                         0x00000000   Number         0  defsig_rtmem_formal.o ABSOLUTE
    ../clib/signal.c                         0x00000000   Number         0  defsig_rtmem_outer.o ABSOLUTE
    ../clib/signal.c                         0x00000000   Number         0  defsig_other.o ABSOLUTE
    ../clib/signal.s                         0x00000000   Number         0  defsig.o ABSOLUTE
    ../clib/stdlib.c                         0x00000000   Number         0  exit.o ABSOLUTE
    ../clib/string.c                         0x00000000   Number         0  strlen.o ABSOLUTE
    ../fplib/basic.s                         0x00000000   Number         0  basic.o ABSOLUTE
    ../fplib/daddsub.s                       0x00000000   Number         0  daddsub_clz.o ABSOLUTE
    ../fplib/dcmpi.s                         0x00000000   Number         0  dcmpi.o ABSOLUTE
    ../fplib/ddiv.s                          0x00000000   Number         0  ddiv.o ABSOLUTE
    ../fplib/dfix.s                          0x00000000   Number         0  dfix.o ABSOLUTE
    ../fplib/dflt.s                          0x00000000   Number         0  dflt_clz.o ABSOLUTE
    ../fplib/dleqf.s                         0x00000000   Number         0  dleqf.o ABSOLUTE
    ../fplib/dmul.s                          0x00000000   Number         0  dmul.o ABSOLUTE
    ../fplib/dnaninf.s                       0x00000000   Number         0  dnaninf.o ABSOLUTE
    ../fplib/dretinf.s                       0x00000000   Number         0  dretinf.o ABSOLUTE
    ../fplib/drleqf.s                        0x00000000   Number         0  drleqf.o ABSOLUTE
    ../fplib/dsqrt.s                         0x00000000   Number         0  dsqrt_umaal.o ABSOLUTE
    ../fplib/fpinit.s                        0x00000000   Number         0  fpinit.o ABSOLUTE
    ../fplib/istatus.s                       0x00000000   Number         0  istatus.o ABSOLUTE
    ../fplib/printf1.s                       0x00000000   Number         0  printf1.o ABSOLUTE
    ../fplib/usenofp.s                       0x00000000   Number         0  usenofp.o ABSOLUTE
    ../mathlib/atan.c                        0x00000000   Number         0  atan_x.o ABSOLUTE
    ../mathlib/atan.c                        0x00000000   Number         0  atan.o ABSOLUTE
    ../mathlib/dunder.c                      0x00000000   Number         0  dunder.o ABSOLUTE
    ../mathlib/fabs.c                        0x00000000   Number         0  fabs.o ABSOLUTE
    ../mathlib/fpclassify.c                  0x00000000   Number         0  fpclassify.o ABSOLUTE
    ../mathlib/poly.c                        0x00000000   Number         0  poly.o ABSOLUTE
    ../mathlib/sqrt.c                        0x00000000   Number         0  sqrt_x.o ABSOLUTE
    ../mathlib/sqrt.c                        0x00000000   Number         0  sqrt.o ABSOLUTE
    RTE\Device\STM32F407VGTx\startup_stm32f407xx.s 0x00000000   Number         0  startup_stm32f407xx.o ABSOLUTE
    RTE\Device\STM32F407VGTx\system_stm32f4xx.c 0x00000000   Number         0  system_stm32f4xx.o ABSOLUTE
    RTE\\Device\\STM32F407VGTx\\system_stm32f4xx.c 0x00000000   Number         0  system_stm32f4xx.o ABSOLUTE
    adxl345.c                                0x00000000   Number         0  adxl345.o ABSOLUTE
    adxl345.c                                0x00000000   Number         0  adxl345.o ABSOLUTE
    dc.s                                     0x00000000   Number         0  dc.o ABSOLUTE
    main.c                                   0x00000000   Number         0  main.o ABSOLUTE
    main.c                                   0x00000000   Number         0  main.o ABSOLUTE
    processing.c                             0x00000000   Number         0  processing.o ABSOLUTE
    processing.c                             0x00000000   Number         0  processing.o ABSOLUTE
    syssolve.c                               0x00000000   Number         0  syssolve.o ABSOLUTE
    telemetry.c                              0x00000000   Number         0  telemetry.o ABSOLUTE
    telemetry.c                              0x00000000   Number         0  telemetry.o ABSOLUTE
    RESET                                    0x08000000   Section      392  startup_stm32f407xx.o(RESET)
    !!!main                                  0x08000188   Section        8  __main.o(!!!main)
    !!!scatter                               0x08000190   Section       52  __scatter.o(!!!scatter)
    !!dczerorl2                              0x080001c4   Section       90  __dczerorl2.o(!!dczerorl2)
    !!handler_zi                             0x08000220   Section       28  __scatter_zi.o(!!handler_zi)
    .ARM.Collect$$_printf_percent$$00000000  0x0800023c   Section        0  _printf_percent.o(.ARM.Collect$$_printf_percent$$00000000)
    .ARM.Collect$$_printf_percent$$00000003  0x0800023c   Section        6  _printf_f.o(.ARM.Collect$$_printf_percent$$00000003)
    .ARM.Collect$$_printf_percent$$00000009  0x08000242   Section        6  _printf_d.o(.ARM.Collect$$_printf_percent$$00000009)
    .ARM.Collect$$_printf_percent$$00000017  0x08000248   Section        4  _printf_percent_end.o(.ARM.Collect$$_printf_percent$$00000017)
    .ARM.Collect$$libinit$$00000000          0x0800024c   Section        2  libinit.o(.ARM.Collect$$libinit$$00000000)
    .ARM.Collect$$libinit$$00000001          0x0800024e   Section        4  libinit2.o(.ARM.Collect$$libinit$$00000001)
    .ARM.Collect$$libinit$$00000004          0x08000252   Section        0  libinit2.o(.ARM.Collect$$libinit$$00000004)
    .ARM.Collect$$libinit$$0000000A          0x08000252   Section        0  libinit2.o(.ARM.Collect$$libinit$$0000000A)
    .ARM.Collect$$libinit$$0000000C          0x08000252   Section        0  libinit2.o(.ARM.Collect$$libinit$$0000000C)
    .ARM.Collect$$libinit$$0000000E          0x08000252   Section        0  libinit2.o(.ARM.Collect$$libinit$$0000000E)
    .ARM.Collect$$libinit$$0000000F          0x08000252   Section        6  libinit2.o(.ARM.Collect$$libinit$$0000000F)
    .ARM.Collect$$libinit$$00000011          0x08000258   Section        0  libinit2.o(.ARM.Collect$$libinit$$00000011)
    .ARM.Collect$$libinit$$00000013          0x08000258   Section        0  libinit2.o(.ARM.Collect$$libinit$$00000013)
    .ARM.Collect$$libinit$$00000015          0x08000258   Section        0  libinit2.o(.ARM.Collect$$libinit$$00000015)
    .ARM.Collect$$libinit$$00000016          0x08000258   Section       10  libinit2.o(.ARM.Collect$$libinit$$00000016)
    .ARM.Collect$$libinit$$00000017          0x08000262   Section        0  libinit2.o(.ARM.Collect$$libinit$$00000017)
    .ARM.Collect$$libinit$$00000019          0x08000262   Section        0  libinit2.o(.ARM.Collect$$libinit$$00000019)
    .ARM.Collect$$libinit$$0000001B          0x08000262   Section        0  libinit2.o(.ARM.Collect$$libinit$$0000001B)
    .ARM.Collect$$libinit$$0000001D          0x08000262   Section        0  libinit2.o(.ARM.Collect$$libinit$$0000001D)
    .ARM.Collect$$libinit$$0000001F          0x08000262   Section        0  libinit2.o(.ARM.Collect$$libinit$$0000001F)
    .ARM.Collect$$libinit$$00000021          0x08000262   Section        0  libinit2.o(.ARM.Collect$$libinit$$00000021)
    .ARM.Collect$$libinit$$00000023          0x08000262   Section        0  libinit2.o(.ARM.Collect$$libinit$$00000023)
    .ARM.Collect$$libinit$$00000025          0x08000262   Section        0  libinit2.o(.ARM.Collect$$libinit$$00000025)
    .ARM.Collect$$libinit$$0000002C          0x08000262   Section        0  libinit2.o(.ARM.Collect$$libinit$$0000002C)
    .ARM.Collect$$libinit$$0000002E          0x08000262   Section        0  libinit2.o(.ARM.Collect$$libinit$$0000002E)
    .ARM.Collect$$libinit$$00000030          0x08000262   Section        0  libinit2.o(.ARM.Collect$$libinit$$00000030)
    .ARM.Collect$$libinit$$00000032          0x08000262   Section        0  libinit2.o(.ARM.Collect$$libinit$$00000032)
    .ARM.Collect$$libinit$$00000033          0x08000262   Section        2  libinit2.o(.ARM.Collect$$libinit$$00000033)
    .ARM.Collect$$libshutdown$$00000000      0x08000264   Section        2  libshutdown.o(.ARM.Collect$$libshutdown$$00000000)
    .ARM.Collect$$libshutdown$$00000003      0x08000266   Section        0  libshutdown2.o(.ARM.Collect$$libshutdown$$00000003)
    .ARM.Collect$$libshutdown$$00000006      0x08000266   Section        0  libshutdown2.o(.ARM.Collect$$libshutdown$$00000006)
    .ARM.Collect$$libshutdown$$00000009      0x08000266   Section        0  libshutdown2.o(.ARM.Collect$$libshutdown$$00000009)
    .ARM.Collect$$libshutdown$$0000000B      0x08000266   Section        0  libshutdown2.o(.ARM.Collect$$libshutdown$$0000000B)
    .ARM.Collect$$libshutdown$$0000000E      0x08000266   Section        0  libshutdown2.o(.ARM.Collect$$libshutdown$$0000000E)
    .ARM.Collect$$libshutdown$$0000000F      0x08000266   Section        2  libshutdown2.o(.ARM.Collect$$libshutdown$$0000000F)
    .ARM.Collect$$rtentry$$00000000          0x08000268   Section        0  __rtentry.o(.ARM.Collect$$rtentry$$00000000)
    .ARM.Collect$$rtentry$$00000002          0x08000268   Section        0  __rtentry2.o(.ARM.Collect$$rtentry$$00000002)
    .ARM.Collect$$rtentry$$00000004          0x08000268   Section        6  __rtentry4.o(.ARM.Collect$$rtentry$$00000004)
    .ARM.Collect$$rtentry$$00000009          0x0800026e   Section        0  __rtentry2.o(.ARM.Collect$$rtentry$$00000009)
    .ARM.Collect$$rtentry$$0000000A          0x0800026e   Section        4  __rtentry2.o(.ARM.Collect$$rtentry$$0000000A)
    .ARM.Collect$$rtentry$$0000000C          0x08000272   Section        0  __rtentry2.o(.ARM.Collect$$rtentry$$0000000C)
    .ARM.Collect$$rtentry$$0000000D          0x08000272   Section        8  __rtentry2.o(.ARM.Collect$$rtentry$$0000000D)
    .ARM.Collect$$rtexit$$00000000           0x0800027a   Section        2  rtexit.o(.ARM.Collect$$rtexit$$00000000)
    .ARM.Collect$$rtexit$$00000002           0x0800027c   Section        0  rtexit2.o(.ARM.Collect$$rtexit$$00000002)
    .ARM.Collect$$rtexit$$00000003           0x0800027c   Section        4  rtexit2.o(.ARM.Collect$$rtexit$$00000003)
    .ARM.Collect$$rtexit$$00000004           0x08000280   Section        6  rtexit2.o(.ARM.Collect$$rtexit$$00000004)
    .text                                    0x08000288   Section       64  startup_stm32f407xx.o(.text)
    $v0                                      0x08000288   Number         0  startup_stm32f407xx.o(.text)
    .text                                    0x080002c8   Section        0  noretval__2sprintf.o(.text)
    .text                                    0x080002f0   Section        0  _printf_pad.o(.text)
    .text                                    0x0800033e   Section        0  _printf_truncate.o(.text)
    .text                                    0x08000364   Section        0  _printf_dec.o(.text)
    .text                                    0x080003dc   Section        0  __printf_ss_wp.o(.text)
    .text                                    0x0800053c   Section        0  strlen.o(.text)
    .text                                    0x0800057a   Section        0  heapauxi.o(.text)
    .text                                    0x08000580   Section        0  _rserrno.o(.text)
    .text                                    0x08000596   Section        0  _printf_intcommon.o(.text)
    .text                                    0x08000648   Section        0  _printf_fp_dec.o(.text)
    _fp_digits                               0x0800064b   Thumb Code   428  _printf_fp_dec.o(.text)
    .text                                    0x08000a64   Section        0  _printf_char_common.o(.text)
    _printf_input_char                       0x08000a65   Thumb Code    10  _printf_char_common.o(.text)
    .text                                    0x08000a94   Section        0  _sputc.o(.text)
    .text                                    0x08000aa0   Section        8  libspace.o(.text)
    .text                                    0x08000aa8   Section        8  rt_locale_intlibspace.o(.text)
    .text                                    0x08000ab0   Section        8  rt_errno_addr_intlibspace.o(.text)
    .text                                    0x08000ab8   Section      138  lludiv10.o(.text)
    .text                                    0x08000b44   Section        0  _printf_fp_infnan.o(.text)
    .text                                    0x08000bc4   Section        0  bigflt0.o(.text)
    .text                                    0x08000ca0   Section        2  use_no_semi.o(.text)
    .text                                    0x08000ca2   Section        0  indicate_semi.o(.text)
    .text                                    0x08000ca2   Section       74  sys_stackheap_outer.o(.text)
    .text                                    0x08000cec   Section        0  exit.o(.text)
    .text                                    0x08000cf8   Section      128  strcmpv7m.o(.text)
    .text                                    0x08000d78   Section        0  sys_exit.o(.text)
    CL$$btod_d2e                             0x08000d84   Section       62  btod.o(CL$$btod_d2e)
    CL$$btod_d2e_denorm_low                  0x08000dc2   Section       70  btod.o(CL$$btod_d2e_denorm_low)
    CL$$btod_d2e_norm_op1                    0x08000e08   Section       96  btod.o(CL$$btod_d2e_norm_op1)
    CL$$btod_div_common                      0x08000e68   Section      824  btod.o(CL$$btod_div_common)
    CL$$btod_e2e                             0x080011a0   Section      198  btod.o(CL$$btod_e2e)
    CL$$btod_ediv                            0x08001266   Section       40  btod.o(CL$$btod_ediv)
    CL$$btod_emul                            0x0800128e   Section       40  btod.o(CL$$btod_emul)
    CL$$btod_mult_common                     0x080012b6   Section      580  btod.o(CL$$btod_mult_common)
    i.ADXL345_AccelVCCInit                   0x080014fc   Section        0  adxl345.o(i.ADXL345_AccelVCCInit)
    i.ADXL345_Calibr                         0x08001560   Section        0  adxl345.o(i.ADXL345_Calibr)
    i.ADXL345_DMA_Init                       0x08001704   Section        0  adxl345.o(i.ADXL345_DMA_Init)
    i.ADXL345_GetAccel                       0x08001770   Section        0  adxl345.o(i.ADXL345_GetAccel)
    i.ADXL345_Init                           0x080017b4   Section        0  adxl345.o(i.ADXL345_Init)
    i.ADXL345_Read                           0x08001830   Section        0  adxl345.o(i.ADXL345_Read)
    i.ADXL345_Write                          0x08001846   Section        0  adxl345.o(i.ADXL345_Write)
    i.Accel_EXTI_Init                        0x0800185c   Section        0  adxl345.o(i.Accel_EXTI_Init)
    i.DMA1_Stream3_IRQHandler                0x080018a4   Section        0  adxl345.o(i.DMA1_Stream3_IRQHandler)
    i.DMA1_Stream4_IRQHandler                0x08001958   Section        0  adxl345.o(i.DMA1_Stream4_IRQHandler)
    i.Delay                                  0x08001980   Section        0  adxl345.o(i.Delay)
    i.EXTI1_IRQHandler                       0x0800199c   Section        0  adxl345.o(i.EXTI1_IRQHandler)
    i.GPIO_init                              0x080019c4   Section        0  main.o(i.GPIO_init)
    i.NSS_High                               0x08001a80   Section        0  adxl345.o(i.NSS_High)
    i.NSS_Low                                0x08001a9c   Section        0  adxl345.o(i.NSS_Low)
    i.NVIC_EnableIRQ                         0x08001ab8   Section        0  main.o(i.NVIC_EnableIRQ)
    NVIC_EnableIRQ                           0x08001ab9   Thumb Code    22  main.o(i.NVIC_EnableIRQ)
    i.NVIC_EnableIRQ                         0x08001ace   Section        0  adxl345.o(i.NVIC_EnableIRQ)
    NVIC_EnableIRQ                           0x08001acf   Thumb Code    22  adxl345.o(i.NVIC_EnableIRQ)
    i.RCC_Init                               0x08001ae4   Section        0  main.o(i.RCC_Init)
    i.SPI1_Transfer                          0x08001b20   Section        0  adxl345.o(i.SPI1_Transfer)
    i.SPI2_GPIO_Init                         0x08001b54   Section        0  adxl345.o(i.SPI2_GPIO_Init)
    i.SPI2_Init                              0x08001c4c   Section        0  adxl345.o(i.SPI2_Init)
    i.SendTelemetry                          0x08001cbc   Section        0  telemetry.o(i.SendTelemetry)
    i.SystemInit                             0x08001ddc   Section        0  system_stm32f4xx.o(i.SystemInit)
    i.TIM3_IRQHandler                        0x08001e78   Section        0  main.o(i.TIM3_IRQHandler)
    i.TIM7_IRQHandler                        0x08001f84   Section        0  main.o(i.TIM7_IRQHandler)
    i.TIMERS_init                            0x08001f9c   Section        0  main.o(i.TIMERS_init)
    i.USART2_IRQHandler                      0x08002130   Section        0  telemetry.o(i.USART2_IRQHandler)
    i.USART_init                             0x08002448   Section        0  main.o(i.USART_init)
    i.__ARM_fpclassify                       0x08002518   Section        0  fpclassify.o(i.__ARM_fpclassify)
    i.__hardfp_atan                          0x08002548   Section        0  atan.o(i.__hardfp_atan)
    i.__hardfp_fabs                          0x08002820   Section        0  fabs.o(i.__hardfp_fabs)
    i.__hardfp_sqrt                          0x08002834   Section        0  sqrt.o(i.__hardfp_sqrt)
    i.__kernel_poly                          0x080028ae   Section        0  poly.o(i.__kernel_poly)
    i.__mathlib_dbl_infnan                   0x080029a6   Section        0  dunder.o(i.__mathlib_dbl_infnan)
    i.__mathlib_dbl_underflow                0x080029c0   Section        0  dunder.o(i.__mathlib_dbl_underflow)
    i._is_digit                              0x080029e0   Section        0  __printf_wp.o(i._is_digit)
    i.chooseRoot                             0x080029f0   Section        0  processing.o(i.chooseRoot)
    i.control                                0x08002b70   Section        0  processing.o(i.control)
    i.fabs                                   0x08002e78   Section        0  fabs.o(i.fabs)
    i.initWaitingForFloat                    0x08002e90   Section        0  telemetry.o(i.initWaitingForFloat)
    i.initWaitingForInt                      0x08002ee8   Section        0  telemetry.o(i.initWaitingForInt)
    i.kalman                                 0x08002f14   Section        0  processing.o(i.kalman)
    i.main                                   0x0800340c   Section        0  main.o(i.main)
    i.send_to_uart                           0x0800344c   Section        0  telemetry.o(i.send_to_uart)
    locale$$code                             0x08003468   Section       44  lc_numeric_c.o(locale$$code)
    x$fpl$basic                              0x08003494   Section       24  basic.o(x$fpl$basic)
    $v0                                      0x08003494   Number         0  basic.o(x$fpl$basic)
    x$fpl$dadd                               0x080034ac   Section      336  daddsub_clz.o(x$fpl$dadd)
    $v0                                      0x080034ac   Number         0  daddsub_clz.o(x$fpl$dadd)
    _dadd1                                   0x080034bd   Thumb Code     0  daddsub_clz.o(x$fpl$dadd)
    x$fpl$dcmpinf                            0x080035fc   Section       24  dcmpi.o(x$fpl$dcmpinf)
    $v0                                      0x080035fc   Number         0  dcmpi.o(x$fpl$dcmpinf)
    x$fpl$ddiv                               0x08003614   Section      688  ddiv.o(x$fpl$ddiv)
    $v0                                      0x08003614   Number         0  ddiv.o(x$fpl$ddiv)
    ddiv_entry                               0x0800361b   Thumb Code     0  ddiv.o(x$fpl$ddiv)
    x$fpl$dfix                               0x080038c4   Section       94  dfix.o(x$fpl$dfix)
    $v0                                      0x080038c4   Number         0  dfix.o(x$fpl$dfix)
    x$fpl$dflt                               0x08003922   Section       46  dflt_clz.o(x$fpl$dflt)
    $v0                                      0x08003922   Number         0  dflt_clz.o(x$fpl$dflt)
    x$fpl$dfltu                              0x08003950   Section       38  dflt_clz.o(x$fpl$dfltu)
    $v0                                      0x08003950   Number         0  dflt_clz.o(x$fpl$dfltu)
    x$fpl$dleqf                              0x08003978   Section      120  dleqf.o(x$fpl$dleqf)
    $v0                                      0x08003978   Number         0  dleqf.o(x$fpl$dleqf)
    x$fpl$dmul                               0x080039f0   Section      340  dmul.o(x$fpl$dmul)
    $v0                                      0x080039f0   Number         0  dmul.o(x$fpl$dmul)
    x$fpl$dnaninf                            0x08003b44   Section      156  dnaninf.o(x$fpl$dnaninf)
    $v0                                      0x08003b44   Number         0  dnaninf.o(x$fpl$dnaninf)
    x$fpl$dretinf                            0x08003be0   Section       12  dretinf.o(x$fpl$dretinf)
    $v0                                      0x08003be0   Number         0  dretinf.o(x$fpl$dretinf)
    x$fpl$drleqf                             0x08003bec   Section      108  drleqf.o(x$fpl$drleqf)
    $v0                                      0x08003bec   Number         0  drleqf.o(x$fpl$drleqf)
    x$fpl$drsb                               0x08003c58   Section       22  daddsub_clz.o(x$fpl$drsb)
    $v0                                      0x08003c58   Number         0  daddsub_clz.o(x$fpl$drsb)
    x$fpl$dsqrt                              0x08003c70   Section      408  dsqrt_umaal.o(x$fpl$dsqrt)
    $v0                                      0x08003c70   Number         0  dsqrt_umaal.o(x$fpl$dsqrt)
    x$fpl$dsub                               0x08003e08   Section      468  daddsub_clz.o(x$fpl$dsub)
    $v0                                      0x08003e08   Number         0  daddsub_clz.o(x$fpl$dsub)
    _dsub1                                   0x08003e19   Thumb Code     0  daddsub_clz.o(x$fpl$dsub)
    x$fpl$fpinit                             0x08003fdc   Section       10  fpinit.o(x$fpl$fpinit)
    $v0                                      0x08003fdc   Number         0  fpinit.o(x$fpl$fpinit)
    x$fpl$printf1                            0x08003fe6   Section        4  printf1.o(x$fpl$printf1)
    $v0                                      0x08003fe6   Number         0  printf1.o(x$fpl$printf1)
    x$fpl$usenofp                            0x08003fea   Section        0  usenofp.o(x$fpl$usenofp)
    .constdata                               0x08003ff0   Section      152  atan.o(.constdata)
    atanhi                                   0x08003ff0   Data          32  atan.o(.constdata)
    atanlo                                   0x08004010   Data          32  atan.o(.constdata)
    aTodd                                    0x08004030   Data          40  atan.o(.constdata)
    aTeven                                   0x08004058   Data          48  atan.o(.constdata)
    .constdata                               0x08004088   Section      148  bigflt0.o(.constdata)
    tenpwrs_x                                0x08004088   Data          60  bigflt0.o(.constdata)
    tenpwrs_i                                0x080040c4   Data          64  bigflt0.o(.constdata)
    locale$$data                             0x0800413c   Section       28  lc_numeric_c.o(locale$$data)
    __lcnum_c_name                           0x08004140   Data           2  lc_numeric_c.o(locale$$data)
    __lcnum_c_start                          0x08004148   Data           0  lc_numeric_c.o(locale$$data)
    __lcnum_c_point                          0x08004154   Data           0  lc_numeric_c.o(locale$$data)
    __lcnum_c_thousands                      0x08004156   Data           0  lc_numeric_c.o(locale$$data)
    __lcnum_c_grouping                       0x08004157   Data           0  lc_numeric_c.o(locale$$data)
    __lcnum_c_end                            0x08004158   Data           0  lc_numeric_c.o(locale$$data)
    .data                                    0x20000000   Section      133  main.o(.data)
    .data                                    0x20000086   Section       13  adxl345.o(.data)
    .data                                    0x20000098   Section       21  telemetry.o(.data)
    .data                                    0x200000b0   Section      304  processing.o(.data)
    .bss                                     0x200001e0   Section      496  main.o(.bss)
    .bss                                     0x200003d0   Section       12  adxl345.o(.bss)
    .bss                                     0x200003dc   Section       96  libspace.o(.bss)
    HEAP                                     0x20000440   Section      512  startup_stm32f407xx.o(HEAP)
    Heap_Mem                                 0x20000440   Data         512  startup_stm32f407xx.o(HEAP)
    STACK                                    0x20000640   Section     1024  startup_stm32f407xx.o(STACK)
    Stack_Mem                                0x20000640   Data        1024  startup_stm32f407xx.o(STACK)
    __initial_sp                             0x20000a40   Data           0  startup_stm32f407xx.o(STACK)

    Global Symbols

    Symbol Name                              Value     Ov Type        Size  Object(Section)

    BuildAttributes$$THM_ISAv4$E$P$D$K$B$S$7EM$VFPi3$EXTD16$VFPS$VFMA$PE$A:L22UL41UL21$X:L11$S22US41US21$IEEE1$IW$USESV6$~STKCKD$USESV7$~SHL$OTIME$ROPI$IEEEX$EBA8$UX$STANDARDLIB$REQ8$PRES8$EABIv2 0x00000000   Number         0  anon$$obj.o ABSOLUTE
    __ARM_use_no_argv                        0x00000000   Number         0  main.o ABSOLUTE
    _printf_flags                            0x00000000   Number         0  printf_stubs.o ABSOLUTE
    _printf_return_value                     0x00000000   Number         0  printf_stubs.o ABSOLUTE
    _printf_sizespec                         0x00000000   Number         0  printf_stubs.o ABSOLUTE
    _printf_widthprec                        0x00000000   Number         0  printf_stubs.o ABSOLUTE
    __ARM_exceptions_init                     - Undefined Weak Reference
    __alloca_initialize                       - Undefined Weak Reference
    __arm_preinit_                            - Undefined Weak Reference
    __cpp_initialize__aeabi_                  - Undefined Weak Reference
    __cxa_finalize                            - Undefined Weak Reference
    __sigvec_lookup                           - Undefined Weak Reference
    __user_heap_extent                        - Undefined Weak Reference
    _atexit_init                              - Undefined Weak Reference
    _call_atexit_fns                          - Undefined Weak Reference
    _clock_init                               - Undefined Weak Reference
    _fp_trap_init                             - Undefined Weak Reference
    _fp_trap_shutdown                         - Undefined Weak Reference
    _get_lc_collate                           - Undefined Weak Reference
    _get_lc_ctype                             - Undefined Weak Reference
    _get_lc_monetary                          - Undefined Weak Reference
    _get_lc_time                              - Undefined Weak Reference
    _getenv_init                              - Undefined Weak Reference
    _handle_redirection                       - Undefined Weak Reference
    _initio                                   - Undefined Weak Reference
    _mutex_acquire                            - Undefined Weak Reference
    _mutex_free                               - Undefined Weak Reference
    _mutex_release                            - Undefined Weak Reference
    _rand_init                                - Undefined Weak Reference
    _signal_finish                            - Undefined Weak Reference
    _signal_init                              - Undefined Weak Reference
    _terminateio                              - Undefined Weak Reference
    __Vectors_Size                           0x00000188   Number         0  startup_stm32f407xx.o ABSOLUTE
    __Vectors                                0x08000000   Data           4  startup_stm32f407xx.o(RESET)
    __Vectors_End                            0x08000188   Data           0  startup_stm32f407xx.o(RESET)
    __main                                   0x08000189   Thumb Code     8  __main.o(!!!main)
    __scatterload                            0x08000191   Thumb Code     0  __scatter.o(!!!scatter)
    __scatterload_rt2                        0x08000191   Thumb Code    44  __scatter.o(!!!scatter)
    __scatterload_rt2_thumb_only             0x08000191   Thumb Code     0  __scatter.o(!!!scatter)
    __scatterload_null                       0x0800019f   Thumb Code     0  __scatter.o(!!!scatter)
    __decompress                             0x080001c5   Thumb Code    90  __dczerorl2.o(!!dczerorl2)
    __decompress1                            0x080001c5   Thumb Code     0  __dczerorl2.o(!!dczerorl2)
    __scatterload_zeroinit                   0x08000221   Thumb Code    28  __scatter_zi.o(!!handler_zi)
    _printf_f                                0x0800023d   Thumb Code     0  _printf_f.o(.ARM.Collect$$_printf_percent$$00000003)
    _printf_percent                          0x0800023d   Thumb Code     0  _printf_percent.o(.ARM.Collect$$_printf_percent$$00000000)
    _printf_d                                0x08000243   Thumb Code     0  _printf_d.o(.ARM.Collect$$_printf_percent$$00000009)
    _printf_percent_end                      0x08000249   Thumb Code     0  _printf_percent_end.o(.ARM.Collect$$_printf_percent$$00000017)
    __rt_lib_init                            0x0800024d   Thumb Code     0  libinit.o(.ARM.Collect$$libinit$$00000000)
    __rt_lib_init_fp_1                       0x0800024f   Thumb Code     0  libinit2.o(.ARM.Collect$$libinit$$00000001)
    __rt_lib_init_heap_1                     0x08000253   Thumb Code     0  libinit2.o(.ARM.Collect$$libinit$$0000000A)
    __rt_lib_init_lc_common                  0x08000253   Thumb Code     0  libinit2.o(.ARM.Collect$$libinit$$0000000F)
    __rt_lib_init_preinit_1                  0x08000253   Thumb Code     0  libinit2.o(.ARM.Collect$$libinit$$00000004)
    __rt_lib_init_rand_1                     0x08000253   Thumb Code     0  libinit2.o(.ARM.Collect$$libinit$$0000000E)
    __rt_lib_init_user_alloc_1               0x08000253   Thumb Code     0  libinit2.o(.ARM.Collect$$libinit$$0000000C)
    __rt_lib_init_lc_collate_1               0x08000259   Thumb Code     0  libinit2.o(.ARM.Collect$$libinit$$00000011)
    __rt_lib_init_lc_ctype_1                 0x08000259   Thumb Code     0  libinit2.o(.ARM.Collect$$libinit$$00000013)
    __rt_lib_init_lc_monetary_1              0x08000259   Thumb Code     0  libinit2.o(.ARM.Collect$$libinit$$00000015)
    __rt_lib_init_lc_numeric_2               0x08000259   Thumb Code     0  libinit2.o(.ARM.Collect$$libinit$$00000016)
    __rt_lib_init_alloca_1                   0x08000263   Thumb Code     0  libinit2.o(.ARM.Collect$$libinit$$0000002E)
    __rt_lib_init_argv_1                     0x08000263   Thumb Code     0  libinit2.o(.ARM.Collect$$libinit$$0000002C)
    __rt_lib_init_atexit_1                   0x08000263   Thumb Code     0  libinit2.o(.ARM.Collect$$libinit$$0000001B)
    __rt_lib_init_clock_1                    0x08000263   Thumb Code     0  libinit2.o(.ARM.Collect$$libinit$$00000021)
    __rt_lib_init_cpp_1                      0x08000263   Thumb Code     0  libinit2.o(.ARM.Collect$$libinit$$00000032)
    __rt_lib_init_exceptions_1               0x08000263   Thumb Code     0  libinit2.o(.ARM.Collect$$libinit$$00000030)
    __rt_lib_init_fp_trap_1                  0x08000263   Thumb Code     0  libinit2.o(.ARM.Collect$$libinit$$0000001F)
    __rt_lib_init_getenv_1                   0x08000263   Thumb Code     0  libinit2.o(.ARM.Collect$$libinit$$00000023)
    __rt_lib_init_lc_numeric_1               0x08000263   Thumb Code     0  libinit2.o(.ARM.Collect$$libinit$$00000017)
    __rt_lib_init_lc_time_1                  0x08000263   Thumb Code     0  libinit2.o(.ARM.Collect$$libinit$$00000019)
    __rt_lib_init_return                     0x08000263   Thumb Code     0  libinit2.o(.ARM.Collect$$libinit$$00000033)
    __rt_lib_init_signal_1                   0x08000263   Thumb Code     0  libinit2.o(.ARM.Collect$$libinit$$0000001D)
    __rt_lib_init_stdio_1                    0x08000263   Thumb Code     0  libinit2.o(.ARM.Collect$$libinit$$00000025)
    __rt_lib_shutdown                        0x08000265   Thumb Code     0  libshutdown.o(.ARM.Collect$$libshutdown$$00000000)
    __rt_lib_shutdown_fp_trap_1              0x08000267   Thumb Code     0  libshutdown2.o(.ARM.Collect$$libshutdown$$00000006)
    __rt_lib_shutdown_heap_1                 0x08000267   Thumb Code     0  libshutdown2.o(.ARM.Collect$$libshutdown$$0000000E)
    __rt_lib_shutdown_return                 0x08000267   Thumb Code     0  libshutdown2.o(.ARM.Collect$$libshutdown$$0000000F)
    __rt_lib_shutdown_signal_1               0x08000267   Thumb Code     0  libshutdown2.o(.ARM.Collect$$libshutdown$$00000009)
    __rt_lib_shutdown_stdio_1                0x08000267   Thumb Code     0  libshutdown2.o(.ARM.Collect$$libshutdown$$00000003)
    __rt_lib_shutdown_user_alloc_1           0x08000267   Thumb Code     0  libshutdown2.o(.ARM.Collect$$libshutdown$$0000000B)
    __rt_entry                               0x08000269   Thumb Code     0  __rtentry.o(.ARM.Collect$$rtentry$$00000000)
    __rt_entry_presh_1                       0x08000269   Thumb Code     0  __rtentry2.o(.ARM.Collect$$rtentry$$00000002)
    __rt_entry_sh                            0x08000269   Thumb Code     0  __rtentry4.o(.ARM.Collect$$rtentry$$00000004)
    __rt_entry_li                            0x0800026f   Thumb Code     0  __rtentry2.o(.ARM.Collect$$rtentry$$0000000A)
    __rt_entry_postsh_1                      0x0800026f   Thumb Code     0  __rtentry2.o(.ARM.Collect$$rtentry$$00000009)
    __rt_entry_main                          0x08000273   Thumb Code     0  __rtentry2.o(.ARM.Collect$$rtentry$$0000000D)
    __rt_entry_postli_1                      0x08000273   Thumb Code     0  __rtentry2.o(.ARM.Collect$$rtentry$$0000000C)
    __rt_exit                                0x0800027b   Thumb Code     0  rtexit.o(.ARM.Collect$$rtexit$$00000000)
    __rt_exit_ls                             0x0800027d   Thumb Code     0  rtexit2.o(.ARM.Collect$$rtexit$$00000003)
    __rt_exit_prels_1                        0x0800027d   Thumb Code     0  rtexit2.o(.ARM.Collect$$rtexit$$00000002)
    __rt_exit_exit                           0x08000281   Thumb Code     0  rtexit2.o(.ARM.Collect$$rtexit$$00000004)
    Reset_Handler                            0x08000289   Thumb Code     8  startup_stm32f407xx.o(.text)
    NMI_Handler                              0x08000291   Thumb Code     2  startup_stm32f407xx.o(.text)
    HardFault_Handler                        0x08000293   Thumb Code     2  startup_stm32f407xx.o(.text)
    MemManage_Handler                        0x08000295   Thumb Code     2  startup_stm32f407xx.o(.text)
    BusFault_Handler                         0x08000297   Thumb Code     2  startup_stm32f407xx.o(.text)
    UsageFault_Handler                       0x08000299   Thumb Code     2  startup_stm32f407xx.o(.text)
    SVC_Handler                              0x0800029b   Thumb Code     2  startup_stm32f407xx.o(.text)
    DebugMon_Handler                         0x0800029d   Thumb Code     2  startup_stm32f407xx.o(.text)
    PendSV_Handler                           0x0800029f   Thumb Code     2  startup_stm32f407xx.o(.text)
    SysTick_Handler                          0x080002a1   Thumb Code     2  startup_stm32f407xx.o(.text)
    ADC_IRQHandler                           0x080002a3   Thumb Code     0  startup_stm32f407xx.o(.text)
    CAN1_RX0_IRQHandler                      0x080002a3   Thumb Code     0  startup_stm32f407xx.o(.text)
    CAN1_RX1_IRQHandler                      0x080002a3   Thumb Code     0  startup_stm32f407xx.o(.text)
    CAN1_SCE_IRQHandler                      0x080002a3   Thumb Code     0  startup_stm32f407xx.o(.text)
    CAN1_TX_IRQHandler                       0x080002a3   Thumb Code     0  startup_stm32f407xx.o(.text)
    CAN2_RX0_IRQHandler                      0x080002a3   Thumb Code     0  startup_stm32f407xx.o(.text)
    CAN2_RX1_IRQHandler                      0x080002a3   Thumb Code     0  startup_stm32f407xx.o(.text)
    CAN2_SCE_IRQHandler                      0x080002a3   Thumb Code     0  startup_stm32f407xx.o(.text)
    CAN2_TX_IRQHandler                       0x080002a3   Thumb Code     0  startup_stm32f407xx.o(.text)
    DCMI_IRQHandler                          0x080002a3   Thumb Code     0  startup_stm32f407xx.o(.text)
    DMA1_Stream0_IRQHandler                  0x080002a3   Thumb Code     0  startup_stm32f407xx.o(.text)
    DMA1_Stream1_IRQHandler                  0x080002a3   Thumb Code     0  startup_stm32f407xx.o(.text)
    DMA1_Stream2_IRQHandler                  0x080002a3   Thumb Code     0  startup_stm32f407xx.o(.text)
    DMA1_Stream5_IRQHandler                  0x080002a3   Thumb Code     0  startup_stm32f407xx.o(.text)
    DMA1_Stream6_IRQHandler                  0x080002a3   Thumb Code     0  startup_stm32f407xx.o(.text)
    DMA1_Stream7_IRQHandler                  0x080002a3   Thumb Code     0  startup_stm32f407xx.o(.text)
    DMA2_Stream0_IRQHandler                  0x080002a3   Thumb Code     0  startup_stm32f407xx.o(.text)
    DMA2_Stream1_IRQHandler                  0x080002a3   Thumb Code     0  startup_stm32f407xx.o(.text)
    DMA2_Stream2_IRQHandler                  0x080002a3   Thumb Code     0  startup_stm32f407xx.o(.text)
    DMA2_Stream3_IRQHandler                  0x080002a3   Thumb Code     0  startup_stm32f407xx.o(.text)
    DMA2_Stream4_IRQHandler                  0x080002a3   Thumb Code     0  startup_stm32f407xx.o(.text)
    DMA2_Stream5_IRQHandler                  0x080002a3   Thumb Code     0  startup_stm32f407xx.o(.text)
    DMA2_Stream6_IRQHandler                  0x080002a3   Thumb Code     0  startup_stm32f407xx.o(.text)
    DMA2_Stream7_IRQHandler                  0x080002a3   Thumb Code     0  startup_stm32f407xx.o(.text)
    ETH_IRQHandler                           0x080002a3   Thumb Code     0  startup_stm32f407xx.o(.text)
    ETH_WKUP_IRQHandler                      0x080002a3   Thumb Code     0  startup_stm32f407xx.o(.text)
    EXTI0_IRQHandler                         0x080002a3   Thumb Code     0  startup_stm32f407xx.o(.text)
    EXTI15_10_IRQHandler                     0x080002a3   Thumb Code     0  startup_stm32f407xx.o(.text)
    EXTI2_IRQHandler                         0x080002a3   Thumb Code     0  startup_stm32f407xx.o(.text)
    EXTI3_IRQHandler                         0x080002a3   Thumb Code     0  startup_stm32f407xx.o(.text)
    EXTI4_IRQHandler                         0x080002a3   Thumb Code     0  startup_stm32f407xx.o(.text)
    EXTI9_5_IRQHandler                       0x080002a3   Thumb Code     0  startup_stm32f407xx.o(.text)
    FLASH_IRQHandler                         0x080002a3   Thumb Code     0  startup_stm32f407xx.o(.text)
    FMC_IRQHandler                           0x080002a3   Thumb Code     0  startup_stm32f407xx.o(.text)
    FPU_IRQHandler                           0x080002a3   Thumb Code     0  startup_stm32f407xx.o(.text)
    HASH_RNG_IRQHandler                      0x080002a3   Thumb Code     0  startup_stm32f407xx.o(.text)
    I2C1_ER_IRQHandler                       0x080002a3   Thumb Code     0  startup_stm32f407xx.o(.text)
    I2C1_EV_IRQHandler                       0x080002a3   Thumb Code     0  startup_stm32f407xx.o(.text)
    I2C2_ER_IRQHandler                       0x080002a3   Thumb Code     0  startup_stm32f407xx.o(.text)
    I2C2_EV_IRQHandler                       0x080002a3   Thumb Code     0  startup_stm32f407xx.o(.text)
    I2C3_ER_IRQHandler                       0x080002a3   Thumb Code     0  startup_stm32f407xx.o(.text)
    I2C3_EV_IRQHandler                       0x080002a3   Thumb Code     0  startup_stm32f407xx.o(.text)
    OTG_FS_IRQHandler                        0x080002a3   Thumb Code     0  startup_stm32f407xx.o(.text)
    OTG_FS_WKUP_IRQHandler                   0x080002a3   Thumb Code     0  startup_stm32f407xx.o(.text)
    OTG_HS_EP1_IN_IRQHandler                 0x080002a3   Thumb Code     0  startup_stm32f407xx.o(.text)
    OTG_HS_EP1_OUT_IRQHandler                0x080002a3   Thumb Code     0  startup_stm32f407xx.o(.text)
    OTG_HS_IRQHandler                        0x080002a3   Thumb Code     0  startup_stm32f407xx.o(.text)
    OTG_HS_WKUP_IRQHandler                   0x080002a3   Thumb Code     0  startup_stm32f407xx.o(.text)
    PVD_IRQHandler                           0x080002a3   Thumb Code     0  startup_stm32f407xx.o(.text)
    RCC_IRQHandler                           0x080002a3   Thumb Code     0  startup_stm32f407xx.o(.text)
    RTC_Alarm_IRQHandler                     0x080002a3   Thumb Code     0  startup_stm32f407xx.o(.text)
    RTC_WKUP_IRQHandler                      0x080002a3   Thumb Code     0  startup_stm32f407xx.o(.text)
    SDIO_IRQHandler                          0x080002a3   Thumb Code     0  startup_stm32f407xx.o(.text)
    SPI1_IRQHandler                          0x080002a3   Thumb Code     0  startup_stm32f407xx.o(.text)
    SPI2_IRQHandler                          0x080002a3   Thumb Code     0  startup_stm32f407xx.o(.text)
    SPI3_IRQHandler                          0x080002a3   Thumb Code     0  startup_stm32f407xx.o(.text)
    TAMP_STAMP_IRQHandler                    0x080002a3   Thumb Code     0  startup_stm32f407xx.o(.text)
    TIM1_BRK_TIM9_IRQHandler                 0x080002a3   Thumb Code     0  startup_stm32f407xx.o(.text)
    TIM1_CC_IRQHandler                       0x080002a3   Thumb Code     0  startup_stm32f407xx.o(.text)
    TIM1_TRG_COM_TIM11_IRQHandler            0x080002a3   Thumb Code     0  startup_stm32f407xx.o(.text)
    TIM1_UP_TIM10_IRQHandler                 0x080002a3   Thumb Code     0  startup_stm32f407xx.o(.text)
    TIM2_IRQHandler                          0x080002a3   Thumb Code     0  startup_stm32f407xx.o(.text)
    TIM4_IRQHandler                          0x080002a3   Thumb Code     0  startup_stm32f407xx.o(.text)
    TIM5_IRQHandler                          0x080002a3   Thumb Code     0  startup_stm32f407xx.o(.text)
    TIM6_DAC_IRQHandler                      0x080002a3   Thumb Code     0  startup_stm32f407xx.o(.text)
    TIM8_BRK_TIM12_IRQHandler                0x080002a3   Thumb Code     0  startup_stm32f407xx.o(.text)
    TIM8_CC_IRQHandler                       0x080002a3   Thumb Code     0  startup_stm32f407xx.o(.text)
    TIM8_TRG_COM_TIM14_IRQHandler            0x080002a3   Thumb Code     0  startup_stm32f407xx.o(.text)
    TIM8_UP_TIM13_IRQHandler                 0x080002a3   Thumb Code     0  startup_stm32f407xx.o(.text)
    UART4_IRQHandler                         0x080002a3   Thumb Code     0  startup_stm32f407xx.o(.text)
    UART5_IRQHandler                         0x080002a3   Thumb Code     0  startup_stm32f407xx.o(.text)
    USART1_IRQHandler                        0x080002a3   Thumb Code     0  startup_stm32f407xx.o(.text)
    USART3_IRQHandler                        0x080002a3   Thumb Code     0  startup_stm32f407xx.o(.text)
    USART6_IRQHandler                        0x080002a3   Thumb Code     0  startup_stm32f407xx.o(.text)
    WWDG_IRQHandler                          0x080002a3   Thumb Code     0  startup_stm32f407xx.o(.text)
    __user_initial_stackheap                 0x080002a5   Thumb Code     0  startup_stm32f407xx.o(.text)
    __2sprintf                               0x080002c9   Thumb Code    34  noretval__2sprintf.o(.text)
    _printf_pre_padding                      0x080002f1   Thumb Code    44  _printf_pad.o(.text)
    _printf_post_padding                     0x0800031d   Thumb Code    34  _printf_pad.o(.text)
    _printf_truncate_signed                  0x0800033f   Thumb Code    18  _printf_truncate.o(.text)
    _printf_truncate_unsigned                0x08000351   Thumb Code    18  _printf_truncate.o(.text)
    _printf_int_dec                          0x08000365   Thumb Code   104  _printf_dec.o(.text)
    __printf                                 0x080003dd   Thumb Code   352  __printf_ss_wp.o(.text)
    strlen                                   0x0800053d   Thumb Code    62  strlen.o(.text)
    __use_two_region_memory                  0x0800057b   Thumb Code     2  heapauxi.o(.text)
    __rt_heap_escrow                         0x0800057d   Thumb Code     2  heapauxi.o(.text)
    __rt_heap_expand                         0x0800057f   Thumb Code     2  heapauxi.o(.text)
    __read_errno                             0x08000581   Thumb Code    10  _rserrno.o(.text)
    __set_errno                              0x0800058b   Thumb Code    12  _rserrno.o(.text)
    _printf_int_common                       0x08000597   Thumb Code   178  _printf_intcommon.o(.text)
    __lib_sel_fp_printf                      0x08000649   Thumb Code     2  _printf_fp_dec.o(.text)
    _printf_fp_dec_real                      0x080007f7   Thumb Code   620  _printf_fp_dec.o(.text)
    _printf_char_common                      0x08000a6f   Thumb Code    32  _printf_char_common.o(.text)
    _sputc                                   0x08000a95   Thumb Code    10  _sputc.o(.text)
    __user_libspace                          0x08000aa1   Thumb Code     8  libspace.o(.text)
    __user_perproc_libspace                  0x08000aa1   Thumb Code     0  libspace.o(.text)
    __user_perthread_libspace                0x08000aa1   Thumb Code     0  libspace.o(.text)
    __rt_locale                              0x08000aa9   Thumb Code     8  rt_locale_intlibspace.o(.text)
    __aeabi_errno_addr                       0x08000ab1   Thumb Code     8  rt_errno_addr_intlibspace.o(.text)
    __errno$intlibspace                      0x08000ab1   Thumb Code     0  rt_errno_addr_intlibspace.o(.text)
    __rt_errno_addr$intlibspace              0x08000ab1   Thumb Code     0  rt_errno_addr_intlibspace.o(.text)
    _ll_udiv10                               0x08000ab9   Thumb Code   138  lludiv10.o(.text)
    _printf_fp_infnan                        0x08000b45   Thumb Code   112  _printf_fp_infnan.o(.text)
    _btod_etento                             0x08000bc5   Thumb Code   216  bigflt0.o(.text)
    __I$use$semihosting                      0x08000ca1   Thumb Code     0  use_no_semi.o(.text)
    __use_no_semihosting_swi                 0x08000ca1   Thumb Code     2  use_no_semi.o(.text)
    __semihosting_library_function           0x08000ca3   Thumb Code     0  indicate_semi.o(.text)
    __user_setup_stackheap                   0x08000ca3   Thumb Code    74  sys_stackheap_outer.o(.text)
    exit                                     0x08000ced   Thumb Code    12  exit.o(.text)
    strcmp                                   0x08000cf9   Thumb Code   128  strcmpv7m.o(.text)
    _sys_exit                                0x08000d79   Thumb Code     8  sys_exit.o(.text)
    _btod_d2e                                0x08000d85   Thumb Code    62  btod.o(CL$$btod_d2e)
    _d2e_denorm_low                          0x08000dc3   Thumb Code    70  btod.o(CL$$btod_d2e_denorm_low)
    _d2e_norm_op1                            0x08000e09   Thumb Code    96  btod.o(CL$$btod_d2e_norm_op1)
    __btod_div_common                        0x08000e69   Thumb Code   696  btod.o(CL$$btod_div_common)
    _e2e                                     0x080011a1   Thumb Code   198  btod.o(CL$$btod_e2e)
    _btod_ediv                               0x08001267   Thumb Code    40  btod.o(CL$$btod_ediv)
    _btod_emul                               0x0800128f   Thumb Code    40  btod.o(CL$$btod_emul)
    __btod_mult_common                       0x080012b7   Thumb Code   580  btod.o(CL$$btod_mult_common)
    ADXL345_AccelVCCInit                     0x080014fd   Thumb Code    92  adxl345.o(i.ADXL345_AccelVCCInit)
    ADXL345_Calibr                           0x08001561   Thumb Code   370  adxl345.o(i.ADXL345_Calibr)
    ADXL345_DMA_Init                         0x08001705   Thumb Code    88  adxl345.o(i.ADXL345_DMA_Init)
    ADXL345_GetAccel                         0x08001771   Thumb Code    66  adxl345.o(i.ADXL345_GetAccel)
    ADXL345_Init                             0x080017b5   Thumb Code   120  adxl345.o(i.ADXL345_Init)
    ADXL345_Read                             0x08001831   Thumb Code    22  adxl345.o(i.ADXL345_Read)
    ADXL345_Write                            0x08001847   Thumb Code    20  adxl345.o(i.ADXL345_Write)
    Accel_EXTI_Init                          0x0800185d   Thumb Code    58  adxl345.o(i.Accel_EXTI_Init)
    DMA1_Stream3_IRQHandler                  0x080018a5   Thumb Code   144  adxl345.o(i.DMA1_Stream3_IRQHandler)
    DMA1_Stream4_IRQHandler                  0x08001959   Thumb Code    34  adxl345.o(i.DMA1_Stream4_IRQHandler)
    Delay                                    0x08001981   Thumb Code    28  adxl345.o(i.Delay)
    EXTI1_IRQHandler                         0x0800199d   Thumb Code    34  adxl345.o(i.EXTI1_IRQHandler)
    GPIO_init                                0x080019c5   Thumb Code   174  main.o(i.GPIO_init)
    NSS_High                                 0x08001a81   Thumb Code    20  adxl345.o(i.NSS_High)
    NSS_Low                                  0x08001a9d   Thumb Code    20  adxl345.o(i.NSS_Low)
    RCC_Init                                 0x08001ae5   Thumb Code    46  main.o(i.RCC_Init)
    SPI1_Transfer                            0x08001b21   Thumb Code    46  adxl345.o(i.SPI1_Transfer)
    SPI2_GPIO_Init                           0x08001b55   Thumb Code   226  adxl345.o(i.SPI2_GPIO_Init)
    SPI2_Init                                0x08001c4d   Thumb Code   108  adxl345.o(i.SPI2_Init)
    SendTelemetry                            0x08001cbd   Thumb Code   198  telemetry.o(i.SendTelemetry)
    SystemInit                               0x08001ddd   Thumb Code   140  system_stm32f4xx.o(i.SystemInit)
    TIM3_IRQHandler                          0x08001e79   Thumb Code   232  main.o(i.TIM3_IRQHandler)
    TIM7_IRQHandler                          0x08001f85   Thumb Code    20  main.o(i.TIM7_IRQHandler)
    TIMERS_init                              0x08001f9d   Thumb Code   366  main.o(i.TIMERS_init)
    USART2_IRQHandler                        0x08002131   Thumb Code   700  telemetry.o(i.USART2_IRQHandler)
    USART_init                               0x08002449   Thumb Code   190  main.o(i.USART_init)
    __ARM_fpclassify                         0x08002519   Thumb Code    48  fpclassify.o(i.__ARM_fpclassify)
    __hardfp_atan                            0x08002549   Thumb Code   622  atan.o(i.__hardfp_atan)
    __hardfp_fabs                            0x08002821   Thumb Code    20  fabs.o(i.__hardfp_fabs)
    __hardfp_sqrt                            0x08002835   Thumb Code   122  sqrt.o(i.__hardfp_sqrt)
    __kernel_poly                            0x080028af   Thumb Code   248  poly.o(i.__kernel_poly)
    __mathlib_dbl_infnan                     0x080029a7   Thumb Code    20  dunder.o(i.__mathlib_dbl_infnan)
    __mathlib_dbl_underflow                  0x080029c1   Thumb Code    24  dunder.o(i.__mathlib_dbl_underflow)
    _is_digit                                0x080029e1   Thumb Code    14  __printf_wp.o(i._is_digit)
    chooseRoot                               0x080029f1   Thumb Code   330  processing.o(i.chooseRoot)
    control                                  0x08002b71   Thumb Code   676  processing.o(i.control)
    fabs                                     0x08002e79   Thumb Code    24  fabs.o(i.fabs)
    initWaitingForFloat                      0x08002e91   Thumb Code    44  telemetry.o(i.initWaitingForFloat)
    initWaitingForInt                        0x08002ee9   Thumb Code    26  telemetry.o(i.initWaitingForInt)
    kalman                                   0x08002f15   Thumb Code  1246  processing.o(i.kalman)
    main                                     0x0800340d   Thumb Code    54  main.o(i.main)
    send_to_uart                             0x0800344d   Thumb Code    22  telemetry.o(i.send_to_uart)
    _get_lc_numeric                          0x08003469   Thumb Code    44  lc_numeric_c.o(locale$$code)
    __aeabi_dneg                             0x08003495   Thumb Code     0  basic.o(x$fpl$basic)
    _dneg                                    0x08003495   Thumb Code     6  basic.o(x$fpl$basic)
    __aeabi_fneg                             0x0800349b   Thumb Code     0  basic.o(x$fpl$basic)
    _fneg                                    0x0800349b   Thumb Code     6  basic.o(x$fpl$basic)
    _dabs                                    0x080034a1   Thumb Code     6  basic.o(x$fpl$basic)
    _fabs                                    0x080034a7   Thumb Code     6  basic.o(x$fpl$basic)
    __aeabi_dadd                             0x080034ad   Thumb Code     0  daddsub_clz.o(x$fpl$dadd)
    _dadd                                    0x080034ad   Thumb Code   332  daddsub_clz.o(x$fpl$dadd)
    __fpl_dcmp_Inf                           0x080035fd   Thumb Code    24  dcmpi.o(x$fpl$dcmpinf)
    __aeabi_ddiv                             0x08003615   Thumb Code     0  ddiv.o(x$fpl$ddiv)
    _ddiv                                    0x08003615   Thumb Code   552  ddiv.o(x$fpl$ddiv)
    __aeabi_d2iz                             0x080038c5   Thumb Code     0  dfix.o(x$fpl$dfix)
    _dfix                                    0x080038c5   Thumb Code    94  dfix.o(x$fpl$dfix)
    __aeabi_i2d                              0x08003923   Thumb Code     0  dflt_clz.o(x$fpl$dflt)
    _dflt                                    0x08003923   Thumb Code    46  dflt_clz.o(x$fpl$dflt)
    __aeabi_ui2d                             0x08003951   Thumb Code     0  dflt_clz.o(x$fpl$dfltu)
    _dfltu                                   0x08003951   Thumb Code    38  dflt_clz.o(x$fpl$dfltu)
    __aeabi_cdcmple                          0x08003979   Thumb Code     0  dleqf.o(x$fpl$dleqf)
    _dcmple                                  0x08003979   Thumb Code   120  dleqf.o(x$fpl$dleqf)
    __fpl_dcmple_InfNaN                      0x080039db   Thumb Code     0  dleqf.o(x$fpl$dleqf)
    __aeabi_dmul                             0x080039f1   Thumb Code     0  dmul.o(x$fpl$dmul)
    _dmul                                    0x080039f1   Thumb Code   332  dmul.o(x$fpl$dmul)
    __fpl_dnaninf                            0x08003b45   Thumb Code   156  dnaninf.o(x$fpl$dnaninf)
    __fpl_dretinf                            0x08003be1   Thumb Code    12  dretinf.o(x$fpl$dretinf)
    __aeabi_cdrcmple                         0x08003bed   Thumb Code     0  drleqf.o(x$fpl$drleqf)
    _drcmple                                 0x08003bed   Thumb Code   108  drleqf.o(x$fpl$drleqf)
    __aeabi_drsub                            0x08003c59   Thumb Code     0  daddsub_clz.o(x$fpl$drsb)
    _drsb                                    0x08003c59   Thumb Code    22  daddsub_clz.o(x$fpl$drsb)
    _dsqrt                                   0x08003c71   Thumb Code   404  dsqrt_umaal.o(x$fpl$dsqrt)
    __aeabi_dsub                             0x08003e09   Thumb Code     0  daddsub_clz.o(x$fpl$dsub)
    _dsub                                    0x08003e09   Thumb Code   464  daddsub_clz.o(x$fpl$dsub)
    _fp_init                                 0x08003fdd   Thumb Code    10  fpinit.o(x$fpl$fpinit)
    __fplib_config_fpu_vfp                   0x08003fe5   Thumb Code     0  fpinit.o(x$fpl$fpinit)
    __fplib_config_pureend_doubles           0x08003fe5   Thumb Code     0  fpinit.o(x$fpl$fpinit)
    _printf_fp_dec                           0x08003fe7   Thumb Code     4  printf1.o(x$fpl$printf1)
    __I$use$fp                               0x08003fea   Number         0  usenofp.o(x$fpl$usenofp)
    Region$$Table$$Base                      0x0800411c   Number         0  anon$$obj.o(Region$$Table)
    Region$$Table$$Limit                     0x0800413c   Number         0  anon$$obj.o(Region$$Table)
    SPI2_SCK                                 0x20000000   Data           1  main.o(.data)
    SPI2_MISO                                0x20000001   Data           1  main.o(.data)
    SPI2_MOSI                                0x20000002   Data           1  main.o(.data)
    SPI2_NSS                                 0x20000003   Data           1  main.o(.data)
    ACCEL_INT1                               0x20000004   Data           1  main.o(.data)
    ACCEL_VCC                                0x20000005   Data           1  main.o(.data)
    MOT_PWM1                                 0x20000006   Data           1  main.o(.data)
    MOT_PWM2                                 0x20000007   Data           1  main.o(.data)
    MOT_FREQ1                                0x20000008   Data           1  main.o(.data)
    MOT_FREQ2                                0x20000009   Data           1  main.o(.data)
    BUTTON                                   0x2000000a   Data           1  main.o(.data)
    UART2_TX                                 0x2000000b   Data           1  main.o(.data)
    UART2_RX                                 0x2000000c   Data           1  main.o(.data)
    SERV_PWM                                 0x2000000d   Data           1  main.o(.data)
    ax                                       0x2000000e   Data           2  main.o(.data)
    ay                                       0x20000010   Data           2  main.o(.data)
    az                                       0x20000012   Data           2  main.o(.data)
    param                                    0x20000014   Data           4  main.o(.data)
    xoff                                     0x20000018   Data           4  main.o(.data)
    yoff                                     0x2000001c   Data           4  main.o(.data)
    zoff                                     0x20000020   Data           4  main.o(.data)
    ENGRDY                                   0x20000024   Data           4  main.o(.data)
    COUNT1                                   0x20000028   Data           4  main.o(.data)
    COUNT2                                   0x2000002c   Data           4  main.o(.data)
    NEW_PWM_RV                               0x20000030   Data           1  main.o(.data)
    received                                 0x20000031   Data           1  main.o(.data)
    PWM_RX                                   0x20000034   Data           4  main.o(.data)
    pwm                                      0x20000038   Data           4  main.o(.data)
    i                                        0x2000003c   Data           4  main.o(.data)
    st                                       0x20000040   Data           4  main.o(.data)
    SEND_TELEMETRY_FLAG                      0x20000044   Data           1  main.o(.data)
    anglesAccumulated                        0x20000045   Data           1  main.o(.data)
    row                                      0x20000046   Data           1  main.o(.data)
    xOffset                                  0x20000048   Data           2  main.o(.data)
    yOffset                                  0x2000004a   Data           2  main.o(.data)
    zOffset                                  0x2000004c   Data           2  main.o(.data)
    status                                   0x2000004e   Data           1  main.o(.data)
    timer                                    0x20000050   Data           4  main.o(.data)
    timer_1000                               0x20000054   Data           4  main.o(.data)
    timer_2000                               0x20000058   Data           4  main.o(.data)
    pwm_step                                 0x2000005c   Data           4  main.o(.data)
    KOEFF_RX                                 0x20000060   Data           1  main.o(.data)
    KOEFF2_RX                                0x20000061   Data           1  main.o(.data)
    koeff                                    0x20000068   Data           8  main.o(.data)
    my_pow                                   0x20000070   Data           8  main.o(.data)
    d_st                                     0x20000078   Data           8  main.o(.data)
    k                                        0x20000080   Data           4  main.o(.data)
    value                                    0x20000084   Data           1  main.o(.data)
    accelRegisters                           0x20000086   Data          12  adxl345.o(.data)
    test                                     0x20000092   Data           1  adxl345.o(.data)
    intValue                                 0x20000098   Data           4  telemetry.o(.data)
    floatValue                               0x200000a0   Data           8  telemetry.o(.data)
    curWaiting                               0x200000a8   Data           1  telemetry.o(.data)
    curWaitingForInt                         0x200000a9   Data           1  telemetry.o(.data)
    curWaitingForFloat                       0x200000aa   Data           1  telemetry.o(.data)
    telemetryOn                              0x200000ab   Data           1  telemetry.o(.data)
    curTelemetryMode                         0x200000ac   Data           1  telemetry.o(.data)
    Ak                                       0x200000b0   Data           8  processing.o(.data)
    Hk                                       0x200000b8   Data           8  processing.o(.data)
    Qk                                       0x200000c0   Data           8  processing.o(.data)
    Rkx                                      0x200000c8   Data           8  processing.o(.data)
    Rky                                      0x200000d0   Data           8  processing.o(.data)
    Rkz                                      0x200000d8   Data           8  processing.o(.data)
    Kx                                       0x200000e0   Data           8  processing.o(.data)
    Ky                                       0x200000e8   Data           8  processing.o(.data)
    Kz                                       0x200000f0   Data           8  processing.o(.data)
    predictedAx                              0x200000f8   Data           8  processing.o(.data)
    predictedAy                              0x20000100   Data           8  processing.o(.data)
    predictedAz                              0x20000108   Data           8  processing.o(.data)
    predictedPx                              0x20000110   Data           8  processing.o(.data)
    predictedPy                              0x20000118   Data           8  processing.o(.data)
    predictedPz                              0x20000120   Data           8  processing.o(.data)
    Px                                       0x20000128   Data           8  processing.o(.data)
    Py                                       0x20000130   Data           8  processing.o(.data)
    Pz                                       0x20000138   Data           8  processing.o(.data)
    Ax                                       0x20000140   Data           8  processing.o(.data)
    Ay                                       0x20000148   Data           8  processing.o(.data)
    Az                                       0x20000150   Data           8  processing.o(.data)
    F                                        0x20000158   Data           8  processing.o(.data)
    k1                                       0x20000160   Data           8  processing.o(.data)
    k2                                       0x20000168   Data           8  processing.o(.data)
    firstAngleMeasurement                    0x20000170   Data           1  processing.o(.data)
    angle                                    0x20000178   Data           8  processing.o(.data)
    prevAngle                                0x20000180   Data           8  processing.o(.data)
    angularVelocity                          0x20000188   Data           8  processing.o(.data)
    pwm1                                     0x20000190   Data           4  processing.o(.data)
    pwm2                                     0x20000194   Data           4  processing.o(.data)
    stabilizationOn                          0x20000198   Data           1  processing.o(.data)
    Aappr                                    0x200001a0   Data           8  processing.o(.data)
    Bappr                                    0x200001a8   Data           8  processing.o(.data)
    Cappr                                    0x200001b0   Data           8  processing.o(.data)
    D                                        0x200001b8   Data           8  processing.o(.data)
    x1                                       0x200001c0   Data           8  processing.o(.data)
    x2                                       0x200001c8   Data           8  processing.o(.data)
    angleCount                               0x200001d0   Data           1  processing.o(.data)
    angleSum                                 0x200001d8   Data           8  processing.o(.data)
    str                                      0x200001e0   Data         100  main.o(.bss)
    y                                        0x20000248   Data          24  main.o(.bss)
    u                                        0x20000260   Data          24  main.o(.bss)
    w                                        0x20000278   Data          24  main.o(.bss)
    Afull                                    0x20000290   Data         240  main.o(.bss)
    Bfull                                    0x20000380   Data          80  main.o(.bss)
    accel                                    0x200003d0   Data          12  adxl345.o(.bss)
    __libspace_start                         0x200003dc   Data          96  libspace.o(.bss)
    __temporary_stack_top$libspace           0x2000043c   Data           0  libspace.o(.bss)



==============================================================================

Memory Map of the image

  Image Entry point : 0x08000289

  Load Region LR_1 (Base: 0x08000000, Size: 0x00004338, Max: 0xffffffff, ABSOLUTE, COMPRESSED[0x000041d8])

    Execution Region ER_RO (Base: 0x08000000, Size: 0x00004158, Max: 0xffffffff, ABSOLUTE)

    Base Addr    Size         Type   Attr      Idx    E Section Name        Object

    0x08000000   0x00000188   Data   RO          401    RESET               startup_stm32f407xx.o
    0x08000188   0x00000008   Code   RO          547  * !!!main             c_w.l(__main.o)
    0x08000190   0x00000034   Code   RO          897    !!!scatter          c_w.l(__scatter.o)
    0x080001c4   0x0000005a   Code   RO          895    !!dczerorl2         c_w.l(__dczerorl2.o)
    0x0800021e   0x00000002   PAD
    0x08000220   0x0000001c   Code   RO          899    !!handler_zi        c_w.l(__scatter_zi.o)
    0x0800023c   0x00000000   Code   RO          540    .ARM.Collect$$_printf_percent$$00000000  c_w.l(_printf_percent.o)
    0x0800023c   0x00000006   Code   RO          539    .ARM.Collect$$_printf_percent$$00000003  c_w.l(_printf_f.o)
    0x08000242   0x00000006   Code   RO          538    .ARM.Collect$$_printf_percent$$00000009  c_w.l(_printf_d.o)
    0x08000248   0x00000004   Code   RO          649    .ARM.Collect$$_printf_percent$$00000017  c_w.l(_printf_percent_end.o)
    0x0800024c   0x00000002   Code   RO          835    .ARM.Collect$$libinit$$00000000  c_w.l(libinit.o)
    0x0800024e   0x00000004   Code   RO          652    .ARM.Collect$$libinit$$00000001  c_w.l(libinit2.o)
    0x08000252   0x00000000   Code   RO          655    .ARM.Collect$$libinit$$00000004  c_w.l(libinit2.o)
    0x08000252   0x00000000   Code   RO          658    .ARM.Collect$$libinit$$0000000A  c_w.l(libinit2.o)
    0x08000252   0x00000000   Code   RO          660    .ARM.Collect$$libinit$$0000000C  c_w.l(libinit2.o)
    0x08000252   0x00000000   Code   RO          662    .ARM.Collect$$libinit$$0000000E  c_w.l(libinit2.o)
    0x08000252   0x00000006   Code   RO          663    .ARM.Collect$$libinit$$0000000F  c_w.l(libinit2.o)
    0x08000258   0x00000000   Code   RO          665    .ARM.Collect$$libinit$$00000011  c_w.l(libinit2.o)
    0x08000258   0x00000000   Code   RO          667    .ARM.Collect$$libinit$$00000013  c_w.l(libinit2.o)
    0x08000258   0x00000000   Code   RO          669    .ARM.Collect$$libinit$$00000015  c_w.l(libinit2.o)
    0x08000258   0x0000000a   Code   RO          670    .ARM.Collect$$libinit$$00000016  c_w.l(libinit2.o)
    0x08000262   0x00000000   Code   RO          671    .ARM.Collect$$libinit$$00000017  c_w.l(libinit2.o)
    0x08000262   0x00000000   Code   RO          673    .ARM.Collect$$libinit$$00000019  c_w.l(libinit2.o)
    0x08000262   0x00000000   Code   RO          675    .ARM.Collect$$libinit$$0000001B  c_w.l(libinit2.o)
    0x08000262   0x00000000   Code   RO          677    .ARM.Collect$$libinit$$0000001D  c_w.l(libinit2.o)
    0x08000262   0x00000000   Code   RO          679    .ARM.Collect$$libinit$$0000001F  c_w.l(libinit2.o)
    0x08000262   0x00000000   Code   RO          681    .ARM.Collect$$libinit$$00000021  c_w.l(libinit2.o)
    0x08000262   0x00000000   Code   RO          683    .ARM.Collect$$libinit$$00000023  c_w.l(libinit2.o)
    0x08000262   0x00000000   Code   RO          685    .ARM.Collect$$libinit$$00000025  c_w.l(libinit2.o)
    0x08000262   0x00000000   Code   RO          689    .ARM.Collect$$libinit$$0000002C  c_w.l(libinit2.o)
    0x08000262   0x00000000   Code   RO          691    .ARM.Collect$$libinit$$0000002E  c_w.l(libinit2.o)
    0x08000262   0x00000000   Code   RO          693    .ARM.Collect$$libinit$$00000030  c_w.l(libinit2.o)
    0x08000262   0x00000000   Code   RO          695    .ARM.Collect$$libinit$$00000032  c_w.l(libinit2.o)
    0x08000262   0x00000002   Code   RO          696    .ARM.Collect$$libinit$$00000033  c_w.l(libinit2.o)
    0x08000264   0x00000002   Code   RO          892    .ARM.Collect$$libshutdown$$00000000  c_w.l(libshutdown.o)
    0x08000266   0x00000000   Code   RO          850    .ARM.Collect$$libshutdown$$00000003  c_w.l(libshutdown2.o)
    0x08000266   0x00000000   Code   RO          853    .ARM.Collect$$libshutdown$$00000006  c_w.l(libshutdown2.o)
    0x08000266   0x00000000   Code   RO          856    .ARM.Collect$$libshutdown$$00000009  c_w.l(libshutdown2.o)
    0x08000266   0x00000000   Code   RO          858    .ARM.Collect$$libshutdown$$0000000B  c_w.l(libshutdown2.o)
    0x08000266   0x00000000   Code   RO          861    .ARM.Collect$$libshutdown$$0000000E  c_w.l(libshutdown2.o)
    0x08000266   0x00000002   Code   RO          862    .ARM.Collect$$libshutdown$$0000000F  c_w.l(libshutdown2.o)
    0x08000268   0x00000000   Code   RO          613    .ARM.Collect$$rtentry$$00000000  c_w.l(__rtentry.o)
    0x08000268   0x00000000   Code   RO          730    .ARM.Collect$$rtentry$$00000002  c_w.l(__rtentry2.o)
    0x08000268   0x00000006   Code   RO          742    .ARM.Collect$$rtentry$$00000004  c_w.l(__rtentry4.o)
    0x0800026e   0x00000000   Code   RO          732    .ARM.Collect$$rtentry$$00000009  c_w.l(__rtentry2.o)
    0x0800026e   0x00000004   Code   RO          733    .ARM.Collect$$rtentry$$0000000A  c_w.l(__rtentry2.o)
    0x08000272   0x00000000   Code   RO          735    .ARM.Collect$$rtentry$$0000000C  c_w.l(__rtentry2.o)
    0x08000272   0x00000008   Code   RO          736    .ARM.Collect$$rtentry$$0000000D  c_w.l(__rtentry2.o)
    0x0800027a   0x00000002   Code   RO          838    .ARM.Collect$$rtexit$$00000000  c_w.l(rtexit.o)
    0x0800027c   0x00000000   Code   RO          866    .ARM.Collect$$rtexit$$00000002  c_w.l(rtexit2.o)
    0x0800027c   0x00000004   Code   RO          867    .ARM.Collect$$rtexit$$00000003  c_w.l(rtexit2.o)
    0x08000280   0x00000006   Code   RO          868    .ARM.Collect$$rtexit$$00000004  c_w.l(rtexit2.o)
    0x08000286   0x00000002   PAD
    0x08000288   0x00000040   Code   RO          402  * .text               startup_stm32f407xx.o
    0x080002c8   0x00000028   Code   RO          508    .text               c_w.l(noretval__2sprintf.o)
    0x080002f0   0x0000004e   Code   RO          512    .text               c_w.l(_printf_pad.o)
    0x0800033e   0x00000024   Code   RO          514    .text               c_w.l(_printf_truncate.o)
    0x08000362   0x00000002   PAD
    0x08000364   0x00000078   Code   RO          516    .text               c_w.l(_printf_dec.o)
    0x080003dc   0x00000160   Code   RO          533    .text               c_w.l(__printf_ss_wp.o)
    0x0800053c   0x0000003e   Code   RO          541    .text               c_w.l(strlen.o)
    0x0800057a   0x00000006   Code   RO          545    .text               c_w.l(heapauxi.o)
    0x08000580   0x00000016   Code   RO          639    .text               c_w.l(_rserrno.o)
    0x08000596   0x000000b2   Code   RO          641    .text               c_w.l(_printf_intcommon.o)
    0x08000648   0x0000041a   Code   RO          643    .text               c_w.l(_printf_fp_dec.o)
    0x08000a62   0x00000002   PAD
    0x08000a64   0x00000030   Code   RO          645    .text               c_w.l(_printf_char_common.o)
    0x08000a94   0x0000000a   Code   RO          647    .text               c_w.l(_sputc.o)
    0x08000a9e   0x00000002   PAD
    0x08000aa0   0x00000008   Code   RO          726    .text               c_w.l(libspace.o)
    0x08000aa8   0x00000008   Code   RO          747    .text               c_w.l(rt_locale_intlibspace.o)
    0x08000ab0   0x00000008   Code   RO          752    .text               c_w.l(rt_errno_addr_intlibspace.o)
    0x08000ab8   0x0000008a   Code   RO          762    .text               c_w.l(lludiv10.o)
    0x08000b42   0x00000002   PAD
    0x08000b44   0x00000080   Code   RO          764    .text               c_w.l(_printf_fp_infnan.o)
    0x08000bc4   0x000000dc   Code   RO          768    .text               c_w.l(bigflt0.o)
    0x08000ca0   0x00000002   Code   RO          809    .text               c_w.l(use_no_semi.o)
    0x08000ca2   0x00000000   Code   RO          811    .text               c_w.l(indicate_semi.o)
    0x08000ca2   0x0000004a   Code   RO          812    .text               c_w.l(sys_stackheap_outer.o)
    0x08000cec   0x0000000c   Code   RO          818    .text               c_w.l(exit.o)
    0x08000cf8   0x00000080   Code   RO          824    .text               c_w.l(strcmpv7m.o)
    0x08000d78   0x0000000c   Code   RO          836    .text               c_w.l(sys_exit.o)
    0x08000d84   0x0000003e   Code   RO          771    CL$$btod_d2e        c_w.l(btod.o)
    0x08000dc2   0x00000046   Code   RO          773    CL$$btod_d2e_denorm_low  c_w.l(btod.o)
    0x08000e08   0x00000060   Code   RO          772    CL$$btod_d2e_norm_op1  c_w.l(btod.o)
    0x08000e68   0x00000338   Code   RO          781    CL$$btod_div_common  c_w.l(btod.o)
    0x080011a0   0x000000c6   Code   RO          778    CL$$btod_e2e        c_w.l(btod.o)
    0x08001266   0x00000028   Code   RO          775    CL$$btod_ediv       c_w.l(btod.o)
    0x0800128e   0x00000028   Code   RO          774    CL$$btod_emul       c_w.l(btod.o)
    0x080012b6   0x00000244   Code   RO          780    CL$$btod_mult_common  c_w.l(btod.o)
    0x080014fa   0x00000002   PAD
    0x080014fc   0x00000064   Code   RO          166    i.ADXL345_AccelVCCInit  adxl345.o
    0x08001560   0x000001a4   Code   RO          167    i.ADXL345_Calibr    adxl345.o
    0x08001704   0x0000006c   Code   RO          168    i.ADXL345_DMA_Init  adxl345.o
    0x08001770   0x00000042   Code   RO          169    i.ADXL345_GetAccel  adxl345.o
    0x080017b2   0x00000002   PAD
    0x080017b4   0x0000007c   Code   RO          170    i.ADXL345_Init      adxl345.o
    0x08001830   0x00000016   Code   RO          171    i.ADXL345_Read      adxl345.o
    0x08001846   0x00000014   Code   RO          172    i.ADXL345_Write     adxl345.o
    0x0800185a   0x00000002   PAD
    0x0800185c   0x00000048   Code   RO          173    i.Accel_EXTI_Init   adxl345.o
    0x080018a4   0x000000b4   Code   RO          174    i.DMA1_Stream3_IRQHandler  adxl345.o
    0x08001958   0x00000028   Code   RO          175    i.DMA1_Stream4_IRQHandler  adxl345.o
    0x08001980   0x0000001c   Code   RO          176    i.Delay             adxl345.o
    0x0800199c   0x00000028   Code   RO          177    i.EXTI1_IRQHandler  adxl345.o
    0x080019c4   0x000000bc   Code   RO            5    i.GPIO_init         main.o
    0x08001a80   0x0000001c   Code   RO          178    i.NSS_High          adxl345.o
    0x08001a9c   0x0000001c   Code   RO          179    i.NSS_Low           adxl345.o
    0x08001ab8   0x00000016   Code   RO            6    i.NVIC_EnableIRQ    main.o
    0x08001ace   0x00000016   Code   RO          180    i.NVIC_EnableIRQ    adxl345.o
    0x08001ae4   0x0000003c   Code   RO            7    i.RCC_Init          main.o
    0x08001b20   0x00000034   Code   RO          181    i.SPI1_Transfer     adxl345.o
    0x08001b54   0x000000f8   Code   RO          182    i.SPI2_GPIO_Init    adxl345.o
    0x08001c4c   0x00000070   Code   RO          183    i.SPI2_Init         adxl345.o
    0x08001cbc   0x00000120   Code   RO          306    i.SendTelemetry     telemetry.o
    0x08001ddc   0x0000009c   Code   RO          410    i.SystemInit        system_stm32f4xx.o
    0x08001e78   0x0000010c   Code   RO            8    i.TIM3_IRQHandler   main.o
    0x08001f84   0x00000018   Code   RO            9    i.TIM7_IRQHandler   main.o
    0x08001f9c   0x00000194   Code   RO           10    i.TIMERS_init       main.o
    0x08002130   0x00000318   Code   RO          307    i.USART2_IRQHandler  telemetry.o
    0x08002448   0x000000d0   Code   RO           11    i.USART_init        main.o
    0x08002518   0x00000030   Code   RO          720    i.__ARM_fpclassify  m_wm.l(fpclassify.o)
    0x08002548   0x000002d8   Code   RO          579    i.__hardfp_atan     m_wm.l(atan.o)
    0x08002820   0x00000014   Code   RO          593    i.__hardfp_fabs     m_wm.l(fabs.o)
    0x08002834   0x0000007a   Code   RO          599    i.__hardfp_sqrt     m_wm.l(sqrt.o)
    0x080028ae   0x000000f8   Code   RO          722    i.__kernel_poly     m_wm.l(poly.o)
    0x080029a6   0x00000014   Code   RO          707    i.__mathlib_dbl_infnan  m_wm.l(dunder.o)
    0x080029ba   0x00000006   PAD
    0x080029c0   0x00000020   Code   RO          712    i.__mathlib_dbl_underflow  m_wm.l(dunder.o)
    0x080029e0   0x0000000e   Code   RO          528    i._is_digit         c_w.l(__printf_wp.o)
    0x080029ee   0x00000002   PAD
    0x080029f0   0x00000180   Code   RO          362    i.chooseRoot        processing.o
    0x08002b70   0x00000308   Code   RO          363    i.control           processing.o
    0x08002e78   0x00000018   Code   RO          595    i.fabs              m_wm.l(fabs.o)
    0x08002e90   0x00000058   Code   RO          308    i.initWaitingForFloat  telemetry.o
    0x08002ee8   0x0000002c   Code   RO          309    i.initWaitingForInt  telemetry.o
    0x08002f14   0x000004f8   Code   RO          364    i.kalman            processing.o
    0x0800340c   0x00000040   Code   RO           12    i.main              main.o
    0x0800344c   0x0000001c   Code   RO          310    i.send_to_uart      telemetry.o
    0x08003468   0x0000002c   Code   RO          794    locale$$code        c_w.l(lc_numeric_c.o)
    0x08003494   0x00000018   Code   RO          549    x$fpl$basic         fz_wm.l(basic.o)
    0x080034ac   0x00000150   Code   RO          551    x$fpl$dadd          fz_wm.l(daddsub_clz.o)
    0x080035fc   0x00000018   Code   RO          697    x$fpl$dcmpinf       fz_wm.l(dcmpi.o)
    0x08003614   0x000002b0   Code   RO          558    x$fpl$ddiv          fz_wm.l(ddiv.o)
    0x080038c4   0x0000005e   Code   RO          561    x$fpl$dfix          fz_wm.l(dfix.o)
    0x08003922   0x0000002e   Code   RO          566    x$fpl$dflt          fz_wm.l(dflt_clz.o)
    0x08003950   0x00000026   Code   RO          565    x$fpl$dfltu         fz_wm.l(dflt_clz.o)
    0x08003976   0x00000002   PAD
    0x08003978   0x00000078   Code   RO          571    x$fpl$dleqf         fz_wm.l(dleqf.o)
    0x080039f0   0x00000154   Code   RO          573    x$fpl$dmul          fz_wm.l(dmul.o)
    0x08003b44   0x0000009c   Code   RO          699    x$fpl$dnaninf       fz_wm.l(dnaninf.o)
    0x08003be0   0x0000000c   Code   RO          701    x$fpl$dretinf       fz_wm.l(dretinf.o)
    0x08003bec   0x0000006c   Code   RO          575    x$fpl$drleqf        fz_wm.l(drleqf.o)
    0x08003c58   0x00000016   Code   RO          552    x$fpl$drsb          fz_wm.l(daddsub_clz.o)
    0x08003c6e   0x00000002   PAD
    0x08003c70   0x00000198   Code   RO          703    x$fpl$dsqrt         fz_wm.l(dsqrt_umaal.o)
    0x08003e08   0x000001d4   Code   RO          553    x$fpl$dsub          fz_wm.l(daddsub_clz.o)
    0x08003fdc   0x0000000a   Code   RO          805    x$fpl$fpinit        fz_wm.l(fpinit.o)
    0x08003fe6   0x00000004   Code   RO          577    x$fpl$printf1       fz_wm.l(printf1.o)
    0x08003fea   0x00000000   Code   RO          705    x$fpl$usenofp       fz_wm.l(usenofp.o)
    0x08003fea   0x00000006   PAD
    0x08003ff0   0x00000098   Data   RO          582    .constdata          m_wm.l(atan.o)
    0x08004088   0x00000094   Data   RO          769    .constdata          c_w.l(bigflt0.o)
    0x0800411c   0x00000020   Data   RO          893    Region$$Table       anon$$obj.o
    0x0800413c   0x0000001c   Data   RO          793    locale$$data        c_w.l(lc_numeric_c.o)


    Execution Region ER_RW (Base: 0x20000000, Size: 0x000001e0, Max: 0xffffffff, ABSOLUTE, COMPRESSED[0x00000080])

    Base Addr    Size         Type   Attr      Idx    E Section Name        Object

    0x20000000   0x00000085   Data   RW           14    .data               main.o
    0x20000085   0x00000001   PAD
    0x20000086   0x0000000d   Data   RW          185    .data               adxl345.o
    0x20000093   0x00000005   PAD
    0x20000098   0x00000015   Data   RW          311    .data               telemetry.o
    0x200000ad   0x00000003   PAD
    0x200000b0   0x00000130   Data   RW          365    .data               processing.o


    Execution Region ER_ZI (Base: 0x200001e0, Size: 0x00000860, Max: 0xffffffff, ABSOLUTE)

    Base Addr    Size         Type   Attr      Idx    E Section Name        Object

    0x200001e0   0x000001f0   Zero   RW           13    .bss                main.o
    0x200003d0   0x0000000c   Zero   RW          184    .bss                adxl345.o
    0x200003dc   0x00000060   Zero   RW          727    .bss                c_w.l(libspace.o)
    0x2000043c   0x00000004   PAD
    0x20000440   0x00000200   Zero   RW          400    HEAP                startup_stm32f407xx.o
    0x20000640   0x00000400   Zero   RW          399    STACK               startup_stm32f407xx.o


==============================================================================

Image component sizes


      Code (inc. data)   RO Data    RW Data    ZI Data      Debug   Object Name

      1710        192          0         13         12      36166   adxl345.o
      1238        134          0        133        496     277455   main.o
      2432        284          0        304          0       3152   processing.o
        64         26        392          0       1536        864   startup_stm32f407xx.o
       156         16          0          0          0        553   system_stm32f4xx.o
      1240        264          0         21          0       4543   telemetry.o

    ----------------------------------------------------------------------
      6844        916        424        480       2044     322733   Object Totals
         0          0         32          0          0          0   (incl. Generated)
         4          0          0          9          0          0   (incl. Padding)

    ----------------------------------------------------------------------

      Code (inc. data)   RO Data    RW Data    ZI Data      Debug   Library Member Name

        90          0          0          0          0          0   __dczerorl2.o
         8          0          0          0          0         68   __main.o
       352          0          0          0          0         88   __printf_ss_wp.o
        14          0          0          0          0         68   __printf_wp.o
         0          0          0          0          0          0   __rtentry.o
        12          0          0          0          0          0   __rtentry2.o
         6          0          0          0          0          0   __rtentry4.o
        52          8          0          0          0          0   __scatter.o
        28          0          0          0          0          0   __scatter_zi.o
        48          6          0          0          0         96   _printf_char_common.o
         6          0          0          0          0          0   _printf_d.o
       120         16          0          0          0         92   _printf_dec.o
         6          0          0          0          0          0   _printf_f.o
      1050          0          0          0          0        216   _printf_fp_dec.o
       128         16          0          0          0         84   _printf_fp_infnan.o
       178          0          0          0          0         88   _printf_intcommon.o
        78          0          0          0          0        108   _printf_pad.o
         0          0          0          0          0          0   _printf_percent.o
         4          0          0          0          0          0   _printf_percent_end.o
        36          0          0          0          0         84   _printf_truncate.o
        22          0          0          0          0        100   _rserrno.o
        10          0          0          0          0         68   _sputc.o
       220          4        148          0          0         96   bigflt0.o
      1910        128          0          0          0        672   btod.o
        12          0          0          0          0         72   exit.o
         6          0          0          0          0        152   heapauxi.o
         0          0          0          0          0          0   indicate_semi.o
        44         10         28          0          0         76   lc_numeric_c.o
         2          0          0          0          0          0   libinit.o
        22          0          0          0          0          0   libinit2.o
         2          0          0          0          0          0   libshutdown.o
         2          0          0          0          0          0   libshutdown2.o
         8          4          0          0         96         68   libspace.o
       138          0          0          0          0         80   lludiv10.o
        40          6          0          0          0         84   noretval__2sprintf.o
         8          4          0          0          0         68   rt_errno_addr_intlibspace.o
         8          4          0          0          0         68   rt_locale_intlibspace.o
         2          0          0          0          0          0   rtexit.o
        10          0          0          0          0          0   rtexit2.o
       128          0          0          0          0         68   strcmpv7m.o
        62          0          0          0          0         76   strlen.o
        12          4          0          0          0         68   sys_exit.o
        74          0          0          0          0         80   sys_stackheap_outer.o
         2          0          0          0          0         68   use_no_semi.o
        24          0          0          0          0        164   basic.o
       826         16          0          0          0        492   daddsub_clz.o
        24          0          0          0          0        116   dcmpi.o
       688        140          0          0          0        256   ddiv.o
        94          4          0          0          0        140   dfix.o
        84          0          0          0          0        232   dflt_clz.o
       120          4          0          0          0        140   dleqf.o
       340         12          0          0          0        152   dmul.o
       156          4          0          0          0        140   dnaninf.o
        12          0          0          0          0        116   dretinf.o
       108          0          0          0          0        128   drleqf.o
       408         56          0          0          0        168   dsqrt_umaal.o
        10          0          0          0          0        116   fpinit.o
         4          0          0          0          0        116   printf1.o
         0          0          0          0          0          0   usenofp.o
       728        106        152          0          0        228   atan.o
        52          8          0          0          0        248   dunder.o
        44          0          0          0          0        248   fabs.o
        48          0          0          0          0        124   fpclassify.o
       248          0          0          0          0        152   poly.o
       122          0          0          0          0        148   sqrt.o

    ----------------------------------------------------------------------
      9132        560        328          0        100       6580   Library Totals
        32          0          0          0          4          0   (incl. Padding)

    ----------------------------------------------------------------------

      Code (inc. data)   RO Data    RW Data    ZI Data      Debug   Library Name

      4960        210        176          0         96       2956   c_w.l
      2898        236          0          0          0       2476   fz_wm.l
      1242        114        152          0          0       1148   m_wm.l

    ----------------------------------------------------------------------
      9132        560        328          0        100       6580   Library Totals

    ----------------------------------------------------------------------

==============================================================================


      Code (inc. data)   RO Data    RW Data    ZI Data      Debug   

     15976       1476        752        480       2144     322401   Grand Totals
     15976       1476        752        128       2144     322401   ELF Image Totals (compressed)
     15976       1476        752        128          0          0   ROM Totals

==============================================================================

    Total RO  Size (Code + RO Data)                16728 (  16.34kB)
    Total RW  Size (RW Data + ZI Data)              2624 (   2.56kB)
    Total ROM Size (Code + RO Data + RW Data)      16856 (  16.46kB)

==============================================================================

