Component: ARM Compiler 5.05 update 1 (build 106) Tool: armlink [4d0efa]

==============================================================================

Section Cross References

    main.o(i.main) refers to main.o(i.RCC_Init) for RCC_Init
    main.o(i.main) refers to adxl345.o(i.ADXL345_Init) for ADXL345_Init
    main.o(i.main) refers to adxl345.o(i.ADXL345_Calibr) for ADXL345_Calibr
    main.o(i.main) refers to gyro.o(i.Gyro_Init) for Gyro_Init
    main.o(i.main) refers to gyro.o(i.Gyro_Calibr) for Gyro_Calibr
    main.o(i.main) refers to motors.o(i.Motors_Init) for Motors_Init
    main.o(i.main) refers to telemetry.o(i.USART_Init) for USART_Init
    main.o(i.main) refers to adxl345.o(i.Accel_EXTI_Init) for Accel_EXTI_Init
    main.o(i.main) refers to gyro.o(i.Gyro_EXTI_Init) for Gyro_EXTI_Init
    main.o(i.main) refers to main.o(.data) for ENGRDY
    syssolve.o(i.system_solve) refers to h1_alloc.o(.text) for malloc
    syssolve.o(i.system_solve) refers to syssolve.o(i.transpose) for transpose
    syssolve.o(i.system_solve) refers to syssolve.o(i.mat_mul) for mat_mul
    syssolve.o(i.system_solve) refers to syssolve.o(i.det3) for det3
    syssolve.o(i.system_solve) refers to rt_memcpy_w.o(.text) for __aeabi_memcpy4
    syssolve.o(i.system_solve) refers to h1_free.o(.text) for free
    adxl345.o(i.ADXL345_AccelVCCInit) refers to adxl345.o(i.Delay) for Delay
    adxl345.o(i.ADXL345_AccelVCCInit) refers to adxl345.o(.data) for ACCEL_VCC
    adxl345.o(i.ADXL345_Calibr) refers to adxl345.o(i.ADXL345_GetAccel) for ADXL345_GetAccel
    adxl345.o(i.ADXL345_Calibr) refers to adxl345.o(.data) for ACCEL_INT1
    adxl345.o(i.ADXL345_Calibr) refers to main.o(.data) for az
    adxl345.o(i.ADXL345_DMA_Init) refers to adxl345.o(i.NVIC_SetPriority) for NVIC_SetPriority
    adxl345.o(i.ADXL345_DMA_Init) refers to adxl345.o(i.NVIC_EnableIRQ) for NVIC_EnableIRQ
    adxl345.o(i.ADXL345_DMA_Init) refers to adxl345.o(.bss) for accel
    adxl345.o(i.ADXL345_DMA_Init) refers to adxl345.o(.data) for accelRegisters
    adxl345.o(i.ADXL345_GetAccel) refers to adxl345.o(i.NSS_Low) for NSS_Low
    adxl345.o(i.ADXL345_GetAccel) refers to adxl345.o(i.ADXL345_Read) for ADXL345_Read
    adxl345.o(i.ADXL345_GetAccel) refers to adxl345.o(i.NSS_High) for NSS_High
    adxl345.o(i.ADXL345_Init) refers to adxl345.o(i.ADXL345_AccelVCCInit) for ADXL345_AccelVCCInit
    adxl345.o(i.ADXL345_Init) refers to adxl345.o(i.SPI2_Init) for SPI2_Init
    adxl345.o(i.ADXL345_Init) refers to processing.o(i.allocAveraging) for allocAveraging
    adxl345.o(i.ADXL345_Init) refers to adxl345.o(i.NSS_Low) for NSS_Low
    adxl345.o(i.ADXL345_Init) refers to adxl345.o(i.ADXL345_Read) for ADXL345_Read
    adxl345.o(i.ADXL345_Init) refers to adxl345.o(i.ADXL345_Write) for ADXL345_Write
    adxl345.o(i.ADXL345_Init) refers to adxl345.o(i.NSS_High) for NSS_High
    adxl345.o(i.ADXL345_Read) refers to adxl345.o(i.SPI1_Transfer) for SPI1_Transfer
    adxl345.o(i.ADXL345_Write) refers to adxl345.o(i.SPI1_Transfer) for SPI1_Transfer
    adxl345.o(i.Accel_EXTI_Init) refers to adxl345.o(i.NVIC_SetPriority) for NVIC_SetPriority
    adxl345.o(i.Accel_EXTI_Init) refers to adxl345.o(i.NVIC_EnableIRQ) for NVIC_EnableIRQ
    adxl345.o(i.DMA1_Stream3_IRQHandler) refers to adxl345.o(i.ADXL345_DMA_Init) for ADXL345_DMA_Init
    adxl345.o(i.DMA1_Stream3_IRQHandler) refers to adxl345.o(i.NSS_High) for NSS_High
    adxl345.o(i.DMA1_Stream3_IRQHandler) refers to adxl345.o(i.updateFreq) for updateFreq
    adxl345.o(i.DMA1_Stream3_IRQHandler) refers to processing.o(i.process) for process
    adxl345.o(i.DMA1_Stream3_IRQHandler) refers to adxl345.o(.bss) for accel
    adxl345.o(i.DMA1_Stream3_IRQHandler) refers to main.o(.data) for ax
    adxl345.o(i.DMA1_Stream3_IRQHandler) refers to adxl345.o(.data) for xOffset
    adxl345.o(i.EXTI1_IRQHandler) refers to adxl345.o(i.NSS_Low) for NSS_Low
    adxl345.o(i.EXTI1_IRQHandler) refers to adxl345.o(i.ADXL345_DMA_Init) for ADXL345_DMA_Init
    adxl345.o(i.NSS_High) refers to adxl345.o(.data) for SPI2_NSS
    adxl345.o(i.NSS_Low) refers to adxl345.o(.data) for SPI2_NSS
    adxl345.o(i.SPI2_GPIO_Init) refers to adxl345.o(i.NSS_High) for NSS_High
    adxl345.o(i.SPI2_GPIO_Init) refers to adxl345.o(.data) for SPI2_SCK
    adxl345.o(i.SPI2_Init) refers to adxl345.o(i.SPI2_GPIO_Init) for SPI2_GPIO_Init
    adxl345.o(i.updateFreq) refers to adxl345.o(i.NSS_Low) for NSS_Low
    adxl345.o(i.updateFreq) refers to adxl345.o(i.ADXL345_Write) for ADXL345_Write
    adxl345.o(i.updateFreq) refers to adxl345.o(i.NSS_High) for NSS_High
    adxl345.o(i.updateFreq) refers to telemetry.o(.data) for freshFreq
    telemetry.o(i.DMA1_Stream6_IRQHandler) refers to telemetry.o(.data) for USART_DMA_transferComleted
    telemetry.o(i.SendTelemetry) refers to _printf_truncate.o(.text) for _printf_truncate_signed
    telemetry.o(i.SendTelemetry) refers to _printf_percent.o(.ARM.Collect$$_printf_percent$$00000000) for _printf_percent
[...]
    .text                                    0x08000ea0   Section        0  indicate_semi.o(.text)
    .text                                    0x08000ea0   Section       74  sys_stackheap_outer.o(.text)
    .text                                    0x08000eea   Section        0  exit.o(.text)
    .text                                    0x08000ef6   Section        0  defsig_exit.o(.text)
    .text                                    0x08000f00   Section        0  defsig_rtmem_inner.o(.text)
    .text                                    0x08000f50   Section      128  strcmpv7m.o(.text)
    .text                                    0x08000fd0   Section        0  sys_exit.o(.text)
    .text                                    0x08000fdc   Section        0  defsig_general.o(.text)
    .text                                    0x0800100e   Section        0  sys_wrch.o(.text)
    CL$$btod_d2e                             0x0800101c   Section       62  btod.o(CL$$btod_d2e)
    CL$$btod_d2e_denorm_low                  0x0800105a   Section       70  btod.o(CL$$btod_d2e_denorm_low)
    CL$$btod_d2e_norm_op1                    0x080010a0   Section       96  btod.o(CL$$btod_d2e_norm_op1)
    CL$$btod_div_common                      0x08001100   Section      824  btod.o(CL$$btod_div_common)
    CL$$btod_e2e                             0x08001438   Section      198  btod.o(CL$$btod_e2e)
    CL$$btod_ediv                            0x080014fe   Section       40  btod.o(CL$$btod_ediv)
    CL$$btod_emul                            0x08001526   Section       40  btod.o(CL$$btod_emul)
    CL$$btod_mult_common                     0x0800154e   Section      580  btod.o(CL$$btod_mult_common)
    i.ADXL345_AccelVCCInit                   0x08001794   Section        0  adxl345.o(i.ADXL345_AccelVCCInit)
    i.ADXL345_Calibr                         0x080017f8   Section        0  adxl345.o(i.ADXL345_Calibr)
    i.ADXL345_DMA_Init                       0x08001950   Section        0  adxl345.o(i.ADXL345_DMA_Init)
    i.ADXL345_GetAccel                       0x080019c0   Section        0  adxl345.o(i.ADXL345_GetAccel)
    i.ADXL345_Init                           0x08001a02   Section        0  adxl345.o(i.ADXL345_Init)
    i.ADXL345_Read                           0x08001a74   Section        0  adxl345.o(i.ADXL345_Read)
    i.ADXL345_Write                          0x08001a8a   Section        0  adxl345.o(i.ADXL345_Write)
    i.Accel_EXTI_Init                        0x08001aa0   Section        0  adxl345.o(i.Accel_EXTI_Init)
    i.DMA1_Stream0_IRQHandler                0x08001af0   Section        0  gyro.o(i.DMA1_Stream0_IRQHandler)
    i.DMA1_Stream3_IRQHandler                0x08001c20   Section        0  adxl345.o(i.DMA1_Stream3_IRQHandler)
    i.DMA1_Stream4_IRQHandler                0x08001cf8   Section        0  adxl345.o(i.DMA1_Stream4_IRQHandler)
    i.DMA1_Stream6_IRQHandler                0x08001d20   Section        0  telemetry.o(i.DMA1_Stream6_IRQHandler)
    i.Delay                                  0x08001d44   Section        0  adxl345.o(i.Delay)
    i.EXTI1_IRQHandler                       0x08001d60   Section        0  adxl345.o(i.EXTI1_IRQHandler)
    i.EXTI2_IRQHandler                       0x08001d90   Section        0  motors.o(i.EXTI2_IRQHandler)
    i.EXTI3_IRQHandler                       0x08001dec   Section        0  gyro.o(i.EXTI3_IRQHandler)
    i.EXTI4_IRQHandler                       0x08001e08   Section        0  motors.o(i.EXTI4_IRQHandler)
    i.Gyro_Calibr                            0x08001e58   Section        0  gyro.o(i.Gyro_Calibr)
    i.Gyro_DMA_Init                          0x08001fa0   Section        0  gyro.o(i.Gyro_DMA_Init)
    i.Gyro_EXTI_Init                         0x08001fe0   Section        0  gyro.o(i.Gyro_EXTI_Init)
    i.Gyro_Init                              0x08002048   Section        0  gyro.o(i.Gyro_Init)
    i.Gyro_MultipleBytesRead                 0x08002094   Section        0  gyro.o(i.Gyro_MultipleBytesRead)
    i.Gyro_ReadWithInterrupt                 0x0800221c   Section        0  gyro.o(i.Gyro_ReadWithInterrupt)
    i.Gyro_SingleByteRead                    0x0800226c   Section        0  gyro.o(i.Gyro_SingleByteRead)
    i.Gyro_SingleByteWrite                   0x08002384   Section        0  gyro.o(i.Gyro_SingleByteWrite)
    i.I2C1_EV_IRQHandler                     0x08002444   Section        0  gyro.o(i.I2C1_EV_IRQHandler)
    i.I2C1_GPIO_Init                         0x080024d0   Section        0  gyro.o(i.I2C1_GPIO_Init)
    i.I2C1_Init                              0x080025a0   Section        0  gyro.o(i.I2C1_Init)
    i.Motors_EXTI_Init                       0x080025d8   Section        0  motors.o(i.Motors_EXTI_Init)
    i.Motors_GPIO_Init                       0x08002654   Section        0  motors.o(i.Motors_GPIO_Init)
    i.Motors_Init                            0x08002798   Section        0  motors.o(i.Motors_Init)
    i.Motors_Stop                            0x080027a8   Section        0  motors.o(i.Motors_Stop)
    i.Motors_TIM_Init                        0x080027d4   Section        0  motors.o(i.Motors_TIM_Init)
    i.NSS_High                               0x08002890   Section        0  adxl345.o(i.NSS_High)
    i.NSS_Low                                0x080028ac   Section        0  adxl345.o(i.NSS_Low)
    i.NVIC_EnableIRQ                         0x080028c8   Section        0  adxl345.o(i.NVIC_EnableIRQ)
    NVIC_EnableIRQ                           0x080028c9   Thumb Code    22  adxl345.o(i.NVIC_EnableIRQ)
    i.NVIC_EnableIRQ                         0x080028de   Section        0  telemetry.o(i.NVIC_EnableIRQ)
    NVIC_EnableIRQ                           0x080028df   Thumb Code    22  telemetry.o(i.NVIC_EnableIRQ)
    i.NVIC_EnableIRQ                         0x080028f4   Section        0  motors.o(i.NVIC_EnableIRQ)
    NVIC_EnableIRQ                           0x080028f5   Thumb Code    22  motors.o(i.NVIC_EnableIRQ)
    i.NVIC_EnableIRQ                         0x0800290a   Section        0  gyro.o(i.NVIC_EnableIRQ)
    NVIC_EnableIRQ                           0x0800290b   Thumb Code    22  gyro.o(i.NVIC_EnableIRQ)
    i.NVIC_SetPriority                       0x08002920   Section        0  adxl345.o(i.NVIC_SetPriority)
    NVIC_SetPriority                         0x08002921   Thumb Code    32  adxl345.o(i.NVIC_SetPriority)
    i.NVIC_SetPriority                       0x08002948   Section        0  telemetry.o(i.NVIC_SetPriority)
    NVIC_SetPriority                         0x08002949   Thumb Code    32  telemetry.o(i.NVIC_SetPriority)
    i.NVIC_SetPriority                       0x08002970   Section        0  motors.o(i.NVIC_SetPriority)
    NVIC_SetPriority                         0x08002971   Thumb Code    32  motors.o(i.NVIC_SetPriority)
    i.NVIC_SetPriority                       0x08002998   Section        0  gyro.o(i.NVIC_SetPriority)
    NVIC_SetPriority                         0x08002999   Thumb Code    32  gyro.o(i.NVIC_SetPriority)
    i.RCC_Init                               0x080029c0   Section        0  main.o(i.RCC_Init)
    i.SPI1_Transfer                          0x080029fc   Section        0  adxl345.o(i.SPI1_Transfer)
    i.SPI2_GPIO_Init                         0x08002a30   Section        0  adxl345.o(i.SPI2_GPIO_Init)
    i.SPI2_Init                              0x08002b28   Section        0  adxl345.o(i.SPI2_Init)
    i.SendTelemetry                          0x08002b90   Section        0  telemetry.o(i.SendTelemetry)
    i.SystemInit                             0x08002ddc   Section        0  system_stm32f4xx.o(i.SystemInit)
    i.TIM3_IRQHandler                        0x08002e78   Section        0  motors.o(i.TIM3_IRQHandler)
    i.TIM7_IRQHandler                        0x08002fd8   Section        0  telemetry.o(i.TIM7_IRQHandler)
    i.Telemetry_DMA_Init                     0x08002ff0   Section        0  telemetry.o(i.Telemetry_DMA_Init)
    i.USART2_IRQHandler                      0x0800304c   Section        0  telemetry.o(i.USART2_IRQHandler)
    i.USART_Init                             0x0800347c   Section        0  telemetry.o(i.USART_Init)
    i.__ARM_fpclassify                       0x08003564   Section        0  fpclassify.o(i.__ARM_fpclassify)
    i.__hardfp_atan                          0x08003598   Section        0  atan.o(i.__hardfp_atan)
    i.__hardfp_fabs                          0x08003870   Section        0  fabs.o(i.__hardfp_fabs)
    i.__hardfp_sqrt                          0x08003884   Section        0  sqrt.o(i.__hardfp_sqrt)
    i.__kernel_poly                          0x080038fe   Section        0  poly.o(i.__kernel_poly)
    i.__mathlib_dbl_infnan                   0x080039f6   Section        0  dunder.o(i.__mathlib_dbl_infnan)
    i.__mathlib_dbl_underflow                0x08003a10   Section        0  dunder.o(i.__mathlib_dbl_underflow)
    i._is_digit                              0x08003a30   Section        0  __printf_wp.o(i._is_digit)
    i.allocAngVelAveraging                   0x08003a40   Section        0  processing.o(i.allocAngVelAveraging)
    i.allocAngleAveraging                    0x08003ae0   Section        0  processing.o(i.allocAngleAveraging)
    i.allocAveraging                         0x08003b80   Section        0  processing.o(i.allocAveraging)
    i.angVelAveraging                        0x08003bcc   Section        0  processing.o(i.angVelAveraging)
    i.angleAveraging                         0x08003c70   Section        0  processing.o(i.angleAveraging)
    i.chooseRoot                             0x08003d14   Section        0  processing.o(i.chooseRoot)
    i.control                                0x08003e94   Section        0  processing.o(i.control)
    i.delay                                  0x080040d0   Section        0  gyro.o(i.delay)
    i.fabs                                   0x080040e6   Section        0  fabs.o(i.fabs)
    i.initWaitingForFloat                    0x08004100   Section        0  telemetry.o(i.initWaitingForFloat)
    i.initWaitingForInt                      0x08004144   Section        0  telemetry.o(i.initWaitingForInt)
    i.kalman                                 0x08004170   Section        0  processing.o(i.kalman)
    i.main                                   0x08004300   Section        0  main.o(i.main)
    i.mat_add                                0x08004354   Section        0  syssolve.o(i.mat_add)
    i.mat_mul                                0x0800439c   Section        0  syssolve.o(i.mat_mul)
    i.mat_sub                                0x08004414   Section        0  syssolve.o(i.mat_sub)
    i.process                                0x0800445c   Section        0  processing.o(i.process)
    i.updateFreq                             0x08004558   Section        0  adxl345.o(i.updateFreq)
    locale$$code                             0x08004584   Section       44  lc_numeric_c.o(locale$$code)
    x$fpl$basic                              0x080045b0   Section       24  basic.o(x$fpl$basic)
    $v0                                      0x080045b0   Number         0  basic.o(x$fpl$basic)
    x$fpl$d2f                                0x080045c8   Section       98  d2f.o(x$fpl$d2f)
    $v0                                      0x080045c8   Number         0  d2f.o(x$fpl$d2f)
    x$fpl$dadd                               0x0800462c   Section      336  daddsub_clz.o(x$fpl$dadd)
    $v0                                      0x0800462c   Number         0  daddsub_clz.o(x$fpl$dadd)
    _dadd1                                   0x0800463d   Thumb Code     0  daddsub_clz.o(x$fpl$dadd)
    x$fpl$ddiv                               0x0800477c   Section      688  ddiv.o(x$fpl$ddiv)
    $v0                                      0x0800477c   Number         0  ddiv.o(x$fpl$ddiv)
    ddiv_entry                               0x08004783   Thumb Code     0  ddiv.o(x$fpl$ddiv)
    x$fpl$dmul                               0x08004a2c   Section      340  dmul.o(x$fpl$dmul)
    $v0                                      0x08004a2c   Number         0  dmul.o(x$fpl$dmul)
    x$fpl$dnaninf                            0x08004b80   Section      156  dnaninf.o(x$fpl$dnaninf)
    $v0                                      0x08004b80   Number         0  dnaninf.o(x$fpl$dnaninf)
    x$fpl$dretinf                            0x08004c1c   Section       12  dretinf.o(x$fpl$dretinf)
    $v0                                      0x08004c1c   Number         0  dretinf.o(x$fpl$dretinf)
    x$fpl$drsb                               0x08004c28   Section       22  daddsub_clz.o(x$fpl$drsb)
    $v0                                      0x08004c28   Number         0  daddsub_clz.o(x$fpl$drsb)
    x$fpl$dsqrt                              0x08004c40   Section      408  dsqrt_umaal.o(x$fpl$dsqrt)
    $v0                                      0x08004c40   Number         0  dsqrt_umaal.o(x$fpl$dsqrt)
    x$fpl$dsub                               0x08004dd8   Section      468  daddsub_clz.o(x$fpl$dsub)
    $v0                                      0x08004dd8   Number         0  daddsub_clz.o(x$fpl$dsub)
    _dsub1                                   0x08004de9   Thumb Code     0  daddsub_clz.o(x$fpl$dsub)
    x$fpl$f2d                                0x08004fac   Section       86  f2d.o(x$fpl$f2d)
    $v0                                      0x08004fac   Number         0  f2d.o(x$fpl$f2d)
    x$fpl$fnaninf                            0x08005002   Section      140  fnaninf.o(x$fpl$fnaninf)
    $v0                                      0x08005002   Number         0  fnaninf.o(x$fpl$fnaninf)
    x$fpl$fpinit                             0x0800508e   Section       10  fpinit.o(x$fpl$fpinit)
    $v0                                      0x0800508e   Number         0  fpinit.o(x$fpl$fpinit)
    x$fpl$fretinf                            0x08005098   Section       10  fretinf.o(x$fpl$fretinf)
    $v0                                      0x08005098   Number         0  fretinf.o(x$fpl$fretinf)
    x$fpl$printf1                            0x080050a2   Section        4  printf1.o(x$fpl$printf1)
    $v0                                      0x080050a2   Number         0  printf1.o(x$fpl$printf1)
    x$fpl$usenofp                            0x080050a6   Section        0  usenofp.o(x$fpl$usenofp)
    .constdata                               0x080050a8   Section      152  atan.o(.constdata)
    atanhi                                   0x080050a8   Data          32  atan.o(.constdata)
    atanlo                                   0x080050c8   Data          32  atan.o(.constdata)
    aTodd                                    0x080050e8   Data          40  atan.o(.constdata)
    aTeven                                   0x08005110   Data          48  atan.o(.constdata)
    .constdata                               0x08005140   Section      148  bigflt0.o(.constdata)
    tenpwrs_x                                0x08005140   Data          60  bigflt0.o(.constdata)
    tenpwrs_i                                0x0800517c   Data          64  bigflt0.o(.constdata)
    locale$$data                             0x080051f4   Section       28  lc_numeric_c.o(locale$$data)
    __lcnum_c_name                           0x080051f8   Data           2  lc_numeric_c.o(locale$$data)
    __lcnum_c_start                          0x08005200   Data           0  lc_numeric_c.o(locale$$data)
    __lcnum_c_point                          0x0800520c   Data           0  lc_numeric_c.o(locale$$data)
    __lcnum_c_thousands                      0x0800520e   Data           0  lc_numeric_c.o(locale$$data)
    __lcnum_c_grouping                       0x0800520f   Data           0  lc_numeric_c.o(locale$$data)
    __lcnum_c_end                            0x08005210   Data           0  lc_numeric_c.o(locale$$data)
    .data                                    0x20000000   Section       62  main.o(.data)
    .data                                    0x2000003e   Section       24  adxl345.o(.data)
    .data                                    0x20000058   Section       46  telemetry.o(.data)
    .data                                    0x20000088   Section      196  processing.o(.data)
    .data                                    0x2000014c   Section       36  motors.o(.data)
    .data                                    0x20000170   Section       26  gyro.o(.data)
    .bss                                     0x2000018c   Section       12  adxl345.o(.bss)
    .bss                                     0x20000198   Section      200  telemetry.o(.bss)
    .bss                                     0x20000260   Section       16  processing.o(.bss)
    .bss                                     0x20000270   Section       96  libspace.o(.bss)
    HEAP                                     0x200002d0   Section      512  startup_stm32f407xx.o(HEAP)
    Heap_Mem                                 0x200002d0   Data         512  startup_stm32f407xx.o(HEAP)
    STACK                                    0x200004d0   Section     1024  startup_stm32f407xx.o(STACK)
    Stack_Mem                                0x200004d0   Data        1024  startup_stm32f407xx.o(STACK)
    __initial_sp                             0x200008d0   Data           0  startup_stm32f407xx.o(STACK)

    Global Symbols

    Symbol Name                              Value     Ov Type        Size  Object(Section)

    BuildAttributes$$THM_ISAv4$E$P$D$K$B$S$7EM$VFPi3$EXTD16$VFPS$VFMA$PE$A:L22UL41UL21$X:L11$S22US41US21$IEEE1$IW$USESV6$~STKCKD$USESV7$~SHL$OTIME$ROPI$IEEEX$EBA8$UX$STANDARDLIB$REQ8$PRES8$EABIv2 0x00000000   Number         0  anon$$obj.o ABSOLUTE
    __ARM_use_no_argv                        0x00000000   Number         0  main.o ABSOLUTE
    _printf_flags                            0x00000000   Number         0  printf_stubs.o ABSOLUTE
    _printf_return_value                     0x00000000   Number         0  printf_stubs.o ABSOLUTE
    _printf_sizespec                         0x00000000   Number         0  printf_stubs.o ABSOLUTE
    _printf_widthprec                        0x00000000   Number         0  printf_stubs.o ABSOLUTE
    __ARM_exceptions_init                     - Undefined Weak Reference
    __alloca_initialize                       - Undefined Weak Reference
    __arm_preinit_                            - Undefined Weak Reference
    __cpp_initialize__aeabi_                  - Undefined Weak Reference
    __cxa_finalize                            - Undefined Weak Reference
    __sigvec_lookup                           - Undefined Weak Reference
    __user_heap_extent                        - Undefined Weak Reference
    _atexit_init                              - Undefined Weak Reference
    _call_atexit_fns                          - Undefined Weak Reference
    _clock_init                               - Undefined Weak Reference
    _fp_trap_init                             - Undefined Weak Reference
    _fp_trap_shutdown                         - Undefined Weak Reference
    _get_lc_collate                           - Undefined Weak Reference
    _get_lc_ctype                             - Undefined Weak Reference
    _get_lc_monetary                          - Undefined Weak Reference
    _get_lc_time                              - Undefined Weak Reference
    _getenv_init                              - Undefined Weak Reference
    _handle_redirection                       - Undefined Weak Reference
    _initio                                   - Undefined Weak Reference
    _mutex_acquire                            - Undefined Weak Reference
    _mutex_free                               - Undefined Weak Reference
    _mutex_release                            - Undefined Weak Reference
    _printf_post_padding                      - Undefined Weak Reference
    _printf_pre_padding                       - Undefined Weak Reference
    _rand_init                                - Undefined Weak Reference
    _signal_finish                            - Undefined Weak Reference
    _signal_init                              - Undefined Weak Reference
    _terminateio                              - Undefined Weak Reference
    __Vectors_Size                           0x00000188   Number         0  startup_stm32f407xx.o ABSOLUTE
    __Vectors                                0x08000000   Data           4  startup_stm32f407xx.o(RESET)
    __Vectors_End                            0x08000188   Data           0  startup_stm32f407xx.o(RESET)
    __main                                   0x08000189   Thumb Code     8  __main.o(!!!main)
    __scatterload                            0x08000191   Thumb Code     0  __scatter.o(!!!scatter)
    __scatterload_rt2                        0x08000191   Thumb Code    44  __scatter.o(!!!scatter)
    __scatterload_rt2_thumb_only             0x08000191   Thumb Code     0  __scatter.o(!!!scatter)
    __scatterload_null                       0x0800019f   Thumb Code     0  __scatter.o(!!!scatter)
    __decompress                             0x080001c5   Thumb Code    90  __dczerorl2.o(!!dczerorl2)
    __decompress1                            0x080001c5   Thumb Code     0  __dczerorl2.o(!!dczerorl2)
    __scatterload_zeroinit                   0x08000221   Thumb Code    28  __scatter_zi.o(!!handler_zi)
    _printf_f                                0x0800023d   Thumb Code     0  _printf_f.o(.ARM.Collect$$_printf_percent$$00000003)
    _printf_percent                          0x0800023d   Thumb Code     0  _printf_percent.o(.ARM.Collect$$_printf_percent$$00000000)
    _printf_d                                0x08000243   Thumb Code     0  _printf_d.o(.ARM.Collect$$_printf_percent$$00000009)
    _printf_percent_end                      0x08000249   Thumb Code     0  _printf_percent_end.o(.ARM.Collect$$_printf_percent$$00000017)
    __rt_lib_init                            0x0800024d   Thumb Code     0  libinit.o(.ARM.Collect$$libinit$$00000000)
    __rt_lib_init_fp_1                       0x0800024f   Thumb Code     0  libinit2.o(.ARM.Collect$$libinit$$00000001)
    __rt_lib_init_heap_2                     0x08000253   Thumb Code     0  libinit2.o(.ARM.Collect$$libinit$$00000005)
    __rt_lib_init_preinit_1                  0x08000253   Thumb Code     0  libinit2.o(.ARM.Collect$$libinit$$00000004)
    __rt_lib_init_heap_1                     0x0800025b   Thumb Code     0  libinit2.o(.ARM.Collect$$libinit$$0000000A)
    __rt_lib_init_lc_common                  0x0800025b   Thumb Code     0  libinit2.o(.ARM.Collect$$libinit$$0000000F)
    __rt_lib_init_rand_1                     0x0800025b   Thumb Code     0  libinit2.o(.ARM.Collect$$libinit$$0000000E)
    __rt_lib_init_user_alloc_1               0x0800025b   Thumb Code     0  libinit2.o(.ARM.Collect$$libinit$$0000000C)
    __rt_lib_init_lc_collate_1               0x08000261   Thumb Code     0  libinit2.o(.ARM.Collect$$libinit$$00000011)
    __rt_lib_init_lc_ctype_1                 0x08000261   Thumb Code     0  libinit2.o(.ARM.Collect$$libinit$$00000013)
    __rt_lib_init_lc_monetary_1              0x08000261   Thumb Code     0  libinit2.o(.ARM.Collect$$libinit$$00000015)
    __rt_lib_init_lc_numeric_2               0x08000261   Thumb Code     0  libinit2.o(.ARM.Collect$$libinit$$00000016)
    __rt_lib_init_alloca_1                   0x0800026b   Thumb Code     0  libinit2.o(.ARM.Collect$$libinit$$0000002E)
    __rt_lib_init_argv_1                     0x0800026b   Thumb Code     0  libinit2.o(.ARM.Collect$$libinit$$0000002C)
    __rt_lib_init_atexit_1                   0x0800026b   Thumb Code     0  libinit2.o(.ARM.Collect$$libinit$$0000001B)
    __rt_lib_init_clock_1                    0x0800026b   Thumb Code     0  libinit2.o(.ARM.Collect$$libinit$$00000021)
    __rt_lib_init_cpp_1                      0x0800026b   Thumb Code     0  libinit2.o(.ARM.Collect$$libinit$$00000032)
    __rt_lib_init_exceptions_1               0x0800026b   Thumb Code     0  libinit2.o(.ARM.Collect$$libinit$$00000030)
    __rt_lib_init_fp_trap_1                  0x0800026b   Thumb Code     0  libinit2.o(.ARM.Collect$$libinit$$0000001F)
    __rt_lib_init_getenv_1                   0x0800026b   Thumb Code     0  libinit2.o(.ARM.Collect$$libinit$$00000023)
    __rt_lib_init_lc_numeric_1               0x0800026b   Thumb Code     0  libinit2.o(.ARM.Collect$$libinit$$00000017)
    __rt_lib_init_lc_time_1                  0x0800026b   Thumb Code     0  libinit2.o(.ARM.Collect$$libinit$$00000019)
    __rt_lib_init_return                     0x0800026b   Thumb Code     0  libinit2.o(.ARM.Collect$$libinit$$00000033)
    __rt_lib_init_signal_1                   0x0800026b   Thumb Code     0  libinit2.o(.ARM.Collect$$libinit$$0000001D)
    __rt_lib_init_stdio_1                    0x0800026b   Thumb Code     0  libinit2.o(.ARM.Collect$$libinit$$00000025)
    __rt_lib_shutdown                        0x0800026d   Thumb Code     0  libshutdown.o(.ARM.Collect$$libshutdown$$00000000)
    __rt_lib_shutdown_fp_trap_1              0x0800026f   Thumb Code     0  libshutdown2.o(.ARM.Collect$$libshutdown$$00000006)
    __rt_lib_shutdown_heap_1                 0x0800026f   Thumb Code     0  libshutdown2.o(.ARM.Collect$$libshutdown$$0000000E)
    __rt_lib_shutdown_return                 0x0800026f   Thumb Code     0  libshutdown2.o(.ARM.Collect$$libshutdown$$0000000F)
    __rt_lib_shutdown_signal_1               0x0800026f   Thumb Code     0  libshutdown2.o(.ARM.Collect$$libshutdown$$00000009)
    __rt_lib_shutdown_stdio_1                0x0800026f   Thumb Code     0  libshutdown2.o(.ARM.Collect$$libshutdown$$00000003)
    __rt_lib_shutdown_user_alloc_1           0x0800026f   Thumb Code     0  libshutdown2.o(.ARM.Collect$$libshutdown$$0000000B)
    __rt_entry                               0x08000271   Thumb Code     0  __rtentry.o(.ARM.Collect$$rtentry$$00000000)
    __rt_entry_presh_1                       0x08000271   Thumb Code     0  __rtentry2.o(.ARM.Collect$$rtentry$$00000002)
    __rt_entry_sh                            0x08000271   Thumb Code     0  __rtentry4.o(.ARM.Collect$$rtentry$$00000004)
    __rt_entry_li                            0x08000277   Thumb Code     0  __rtentry2.o(.ARM.Collect$$rtentry$$0000000A)
    __rt_entry_postsh_1                      0x08000277   Thumb Code     0  __rtentry2.o(.ARM.Collect$$rtentry$$00000009)
    __rt_entry_main                          0x0800027b   Thumb Code     0  __rtentry2.o(.ARM.Collect$$rtentry$$0000000D)
    __rt_entry_postli_1                      0x0800027b   Thumb Code     0  __rtentry2.o(.ARM.Collect$$rtentry$$0000000C)
    __rt_exit                                0x08000283   Thumb Code     0  rtexit.o(.ARM.Collect$$rtexit$$00000000)
    __rt_exit_ls                             0x08000285   Thumb Code     0  rtexit2.o(.ARM.Collect$$rtexit$$00000003)
    __rt_exit_prels_1                        0x08000285   Thumb Code     0  rtexit2.o(.ARM.Collect$$rtexit$$00000002)
    __rt_exit_exit                           0x08000289   Thumb Code     0  rtexit2.o(.ARM.Collect$$rtexit$$00000004)
    Reset_Handler                            0x08000291   Thumb Code     8  startup_stm32f407xx.o(.text)
    _maybe_terminate_alloc                   0x08000291   Thumb Code     0  maybetermalloc1.o(.emb_text)
    NMI_Handler                              0x08000299   Thumb Code     2  startup_stm32f407xx.o(.text)
    HardFault_Handler                        0x0800029b   Thumb Code     2  startup_stm32f407xx.o(.text)
    MemManage_Handler                        0x0800029d   Thumb Code     2  startup_stm32f407xx.o(.text)
    BusFault_Handler                         0x0800029f   Thumb Code     2  startup_stm32f407xx.o(.text)
    UsageFault_Handler                       0x080002a1   Thumb Code     2  startup_stm32f407xx.o(.text)
    SVC_Handler                              0x080002a3   Thumb Code     2  startup_stm32f407xx.o(.text)
    DebugMon_Handler                         0x080002a5   Thumb Code     2  startup_stm32f407xx.o(.text)
    PendSV_Handler                           0x080002a7   Thumb Code     2  startup_stm32f407xx.o(.text)
    SysTick_Handler                          0x080002a9   Thumb Code     2  startup_stm32f407xx.o(.text)
    ADC_IRQHandler                           0x080002ab   Thumb Code     0  startup_stm32f407xx.o(.text)
    CAN1_RX0_IRQHandler                      0x080002ab   Thumb Code     0  startup_stm32f407xx.o(.text)
    CAN1_RX1_IRQHandler                      0x080002ab   Thumb Code     0  startup_stm32f407xx.o(.text)
    CAN1_SCE_IRQHandler                      0x080002ab   Thumb Code     0  startup_stm32f407xx.o(.text)
    CAN1_TX_IRQHandler                       0x080002ab   Thumb Code     0  startup_stm32f407xx.o(.text)
    CAN2_RX0_IRQHandler                      0x080002ab   Thumb Code     0  startup_stm32f407xx.o(.text)
    CAN2_RX1_IRQHandler                      0x080002ab   Thumb Code     0  startup_stm32f407xx.o(.text)
    CAN2_SCE_IRQHandler                      0x080002ab   Thumb Code     0  startup_stm32f407xx.o(.text)
    CAN2_TX_IRQHandler                       0x080002ab   Thumb Code     0  startup_stm32f407xx.o(.text)
    DCMI_IRQHandler                          0x080002ab   Thumb Code     0  startup_stm32f407xx.o(.text)
    DMA1_Stream1_IRQHandler                  0x080002ab   Thumb Code     0  startup_stm32f407xx.o(.text)
    DMA1_Stream2_IRQHandler                  0x080002ab   Thumb Code     0  startup_stm32f407xx.o(.text)
    DMA1_Stream5_IRQHandler                  0x080002ab   Thumb Code     0  startup_stm32f407xx.o(.text)
    DMA1_Stream7_IRQHandler                  0x080002ab   Thumb Code     0  startup_stm32f407xx.o(.text)
    DMA2_Stream0_IRQHandler                  0x080002ab   Thumb Code     0  startup_stm32f407xx.o(.text)
    DMA2_Stream1_IRQHandler                  0x080002ab   Thumb Code     0  startup_stm32f407xx.o(.text)
    DMA2_Stream2_IRQHandler                  0x080002ab   Thumb Code     0  startup_stm32f407xx.o(.text)
    DMA2_Stream3_IRQHandler                  0x080002ab   Thumb Code     0  startup_stm32f407xx.o(.text)
    DMA2_Stream4_IRQHandler                  0x080002ab   Thumb Code     0  startup_stm32f407xx.o(.text)
    DMA2_Stream5_IRQHandler                  0x080002ab   Thumb Code     0  startup_stm32f407xx.o(.text)
    DMA2_Stream6_IRQHandler                  0x080002ab   Thumb Code     0  startup_stm32f407xx.o(.text)
    DMA2_Stream7_IRQHandler                  0x080002ab   Thumb Code     0  startup_stm32f407xx.o(.text)
    ETH_IRQHandler                           0x080002ab   Thumb Code     0  startup_stm32f407xx.o(.text)
    ETH_WKUP_IRQHandler                      0x080002ab   Thumb Code     0  startup_stm32f407xx.o(.text)
    EXTI0_IRQHandler                         0x080002ab   Thumb Code     0  startup_stm32f407xx.o(.text)
    EXTI15_10_IRQHandler                     0x080002ab   Thumb Code     0  startup_stm32f407xx.o(.text)
    EXTI9_5_IRQHandler                       0x080002ab   Thumb Code     0  startup_stm32f407xx.o(.text)
    FLASH_IRQHandler                         0x080002ab   Thumb Code     0  startup_stm32f407xx.o(.text)
    FMC_IRQHandler                           0x080002ab   Thumb Code     0  startup_stm32f407xx.o(.text)
    FPU_IRQHandler                           0x080002ab   Thumb Code     0  startup_stm32f407xx.o(.text)
    HASH_RNG_IRQHandler                      0x080002ab   Thumb Code     0  startup_stm32f407xx.o(.text)
    I2C1_ER_IRQHandler                       0x080002ab   Thumb Code     0  startup_stm32f407xx.o(.text)
    I2C2_ER_IRQHandler                       0x080002ab   Thumb Code     0  startup_stm32f407xx.o(.text)
    I2C2_EV_IRQHandler                       0x080002ab   Thumb Code     0  startup_stm32f407xx.o(.text)
    I2C3_ER_IRQHandler                       0x080002ab   Thumb Code     0  startup_stm32f407xx.o(.text)
    I2C3_EV_IRQHandler                       0x080002ab   Thumb Code     0  startup_stm32f407xx.o(.text)
    OTG_FS_IRQHandler                        0x080002ab   Thumb Code     0  startup_stm32f407xx.o(.text)
    OTG_FS_WKUP_IRQHandler                   0x080002ab   Thumb Code     0  startup_stm32f407xx.o(.text)
    OTG_HS_EP1_IN_IRQHandler                 0x080002ab   Thumb Code     0  startup_stm32f407xx.o(.text)
    OTG_HS_EP1_OUT_IRQHandler                0x080002ab   Thumb Code     0  startup_stm32f407xx.o(.text)
    OTG_HS_IRQHandler                        0x080002ab   Thumb Code     0  startup_stm32f407xx.o(.text)
    OTG_HS_WKUP_IRQHandler                   0x080002ab   Thumb Code     0  startup_stm32f407xx.o(.text)
    PVD_IRQHandler                           0x080002ab   Thumb Code     0  startup_stm32f407xx.o(.text)
    RCC_IRQHandler                           0x080002ab   Thumb Code     0  startup_stm32f407xx.o(.text)
    RTC_Alarm_IRQHandler                     0x080002ab   Thumb Code     0  startup_stm32f407xx.o(.text)
    RTC_WKUP_IRQHandler                      0x080002ab   Thumb Code     0  startup_stm32f407xx.o(.text)
    SDIO_IRQHandler                          0x080002ab   Thumb Code     0  startup_stm32f407xx.o(.text)
    SPI1_IRQHandler                          0x080002ab   Thumb Code     0  startup_stm32f407xx.o(.text)
    SPI2_IRQHandler                          0x080002ab   Thumb Code     0  startup_stm32f407xx.o(.text)
    SPI3_IRQHandler                          0x080002ab   Thumb Code     0  startup_stm32f407xx.o(.text)
    TAMP_STAMP_IRQHandler                    0x080002ab   Thumb Code     0  startup_stm32f407xx.o(.text)
    TIM1_BRK_TIM9_IRQHandler                 0x080002ab   Thumb Code     0  startup_stm32f407xx.o(.text)
    TIM1_CC_IRQHandler                       0x080002ab   Thumb Code     0  startup_stm32f407xx.o(.text)
    TIM1_TRG_COM_TIM11_IRQHandler            0x080002ab   Thumb Code     0  startup_stm32f407xx.o(.text)
    TIM1_UP_TIM10_IRQHandler                 0x080002ab   Thumb Code     0  startup_stm32f407xx.o(.text)
    TIM2_IRQHandler                          0x080002ab   Thumb Code     0  startup_stm32f407xx.o(.text)
    TIM4_IRQHandler                          0x080002ab   Thumb Code     0  startup_stm32f407xx.o(.text)
    TIM5_IRQHandler                          0x080002ab   Thumb Code     0  startup_stm32f407xx.o(.text)
    TIM6_DAC_IRQHandler                      0x080002ab   Thumb Code     0  startup_stm32f407xx.o(.text)
    TIM8_BRK_TIM12_IRQHandler                0x080002ab   Thumb Code     0  startup_stm32f407xx.o(.text)
    TIM8_CC_IRQHandler                       0x080002ab   Thumb Code     0  startup_stm32f407xx.o(.text)
    TIM8_TRG_COM_TIM14_IRQHandler            0x080002ab   Thumb Code     0  startup_stm32f407xx.o(.text)
    TIM8_UP_TIM13_IRQHandler                 0x080002ab   Thumb Code     0  startup_stm32f407xx.o(.text)
    UART4_IRQHandler                         0x080002ab   Thumb Code     0  startup_stm32f407xx.o(.text)
    UART5_IRQHandler                         0x080002ab   Thumb Code     0  startup_stm32f407xx.o(.text)
    USART1_IRQHandler                        0x080002ab   Thumb Code     0  startup_stm32f407xx.o(.text)
    USART3_IRQHandler                        0x080002ab   Thumb Code     0  startup_stm32f407xx.o(.text)
    USART6_IRQHandler                        0x080002ab   Thumb Code     0  startup_stm32f407xx.o(.text)
    WWDG_IRQHandler                          0x080002ab   Thumb Code     0  startup_stm32f407xx.o(.text)
    __user_initial_stackheap                 0x080002ad   Thumb Code     0  startup_stm32f407xx.o(.text)
    malloc                                   0x080002d1   Thumb Code    94  h1_alloc.o(.text)
    free                                     0x0800032f   Thumb Code    78  h1_free.o(.text)
    __2sprintf                               0x0800037d   Thumb Code    34  noretval__2sprintf.o(.text)
    _printf_truncate_signed                  0x080003a5   Thumb Code    18  _printf_truncate.o(.text)
    _printf_truncate_unsigned                0x080003b7   Thumb Code    18  _printf_truncate.o(.text)
    _printf_int_dec                          0x080003c9   Thumb Code   104  _printf_dec.o(.text)
    __printf                                 0x08000441   Thumb Code   352  __printf_ss_wp.o(.text)
    strlen                                   0x080005a1   Thumb Code    62  strlen.o(.text)
    __aeabi_memcpy4                          0x080005df   Thumb Code     0  rt_memcpy_w.o(.text)
    __aeabi_memcpy8                          0x080005df   Thumb Code     0  rt_memcpy_w.o(.text)
    __rt_memcpy_w                            0x080005df   Thumb Code   100  rt_memcpy_w.o(.text)
    _memcpy_lastbytes_aligned                0x08000627   Thumb Code     0  rt_memcpy_w.o(.text)
    __aeabi_memclr4                          0x08000643   Thumb Code     0  rt_memclr_w.o(.text)
    __aeabi_memclr8                          0x08000643   Thumb Code     0  rt_memclr_w.o(.text)
    __rt_memclr_w                            0x08000643   Thumb Code    78  rt_memclr_w.o(.text)
    _memset_w                                0x08000647   Thumb Code     0  rt_memclr_w.o(.text)
    __use_two_region_memory                  0x08000691   Thumb Code     2  heapauxi.o(.text)
    __rt_heap_escrow                         0x08000693   Thumb Code     2  heapauxi.o(.text)
    __rt_heap_expand                         0x08000695   Thumb Code     2  heapauxi.o(.text)
    __rt_heap_descriptor                     0x08000699   Thumb Code     8  rt_heap_descriptor_intlibspace.o(.text)
    __use_no_heap                            0x080006a1   Thumb Code     2  hguard.o(.text)
    __heap$guard                             0x080006a3   Thumb Code     2  hguard.o(.text)
    _terminate_user_alloc                    0x080006a5   Thumb Code     2  init_alloc.o(.text)
    _init_user_alloc                         0x080006a7   Thumb Code     2  init_alloc.o(.text)
    __Heap_Full                              0x080006a9   Thumb Code    34  init_alloc.o(.text)
    __Heap_Broken                            0x080006cb   Thumb Code     6  init_alloc.o(.text)
    _init_alloc                              0x080006d1   Thumb Code    94  init_alloc.o(.text)
    __Heap_Initialize                        0x0800072f   Thumb Code    10  h1_init.o(.text)
    __Heap_DescSize                          0x08000739   Thumb Code     4  h1_init.o(.text)
    __read_errno                             0x0800073d   Thumb Code    10  _rserrno.o(.text)
    __set_errno                              0x08000747   Thumb Code    12  _rserrno.o(.text)
    _printf_int_common                       0x08000753   Thumb Code   178  _printf_intcommon.o(.text)
    __lib_sel_fp_printf                      0x08000805   Thumb Code     2  _printf_fp_dec.o(.text)
    _printf_fp_dec_real                      0x080009b3   Thumb Code   620  _printf_fp_dec.o(.text)
    _printf_char_common                      0x08000c2b   Thumb Code    32  _printf_char_common.o(.text)
    _sputc                                   0x08000c51   Thumb Code    10  _sputc.o(.text)
    __user_libspace                          0x08000c5d   Thumb Code     8  libspace.o(.text)
    __user_perproc_libspace                  0x08000c5d   Thumb Code     0  libspace.o(.text)
    __user_perthread_libspace                0x08000c5d   Thumb Code     0  libspace.o(.text)
    __rt_locale                              0x08000c65   Thumb Code     8  rt_locale_intlibspace.o(.text)
    __aeabi_errno_addr                       0x08000c6d   Thumb Code     8  rt_errno_addr_intlibspace.o(.text)
    __errno$intlibspace                      0x08000c6d   Thumb Code     0  rt_errno_addr_intlibspace.o(.text)
    __rt_errno_addr$intlibspace              0x08000c6d   Thumb Code     0  rt_errno_addr_intlibspace.o(.text)
    __Heap_ProvideMemory                     0x08000c75   Thumb Code    52  h1_extend.o(.text)
    _ll_udiv10                               0x08000ca9   Thumb Code   138  lludiv10.o(.text)
    _printf_fp_infnan                        0x08000d35   Thumb Code   112  _printf_fp_infnan.o(.text)
    _btod_etento                             0x08000db5   Thumb Code   216  bigflt0.o(.text)
    __rt_SIGRTMEM                            0x08000e91   Thumb Code    14  defsig_rtmem_outer.o(.text)
    __I$use$semihosting                      0x08000e9f   Thumb Code     0  use_no_semi.o(.text)
    __use_no_semihosting_swi                 0x08000e9f   Thumb Code     2  use_no_semi.o(.text)
    __semihosting_library_function           0x08000ea1   Thumb Code     0  indicate_semi.o(.text)
    __user_setup_stackheap                   0x08000ea1   Thumb Code    74  sys_stackheap_outer.o(.text)
    exit                                     0x08000eeb   Thumb Code    12  exit.o(.text)
    __sig_exit                               0x08000ef7   Thumb Code    10  defsig_exit.o(.text)
    __rt_SIGRTMEM_inner                      0x08000f01   Thumb Code    22  defsig_rtmem_inner.o(.text)
    strcmp                                   0x08000f51   Thumb Code   128  strcmpv7m.o(.text)
    _sys_exit                                0x08000fd1   Thumb Code     8  sys_exit.o(.text)
    __default_signal_display                 0x08000fdd   Thumb Code    50  defsig_general.o(.text)
    _ttywrch                                 0x0800100f   Thumb Code    14  sys_wrch.o(.text)
    _btod_d2e                                0x0800101d   Thumb Code    62  btod.o(CL$$btod_d2e)
    _d2e_denorm_low                          0x0800105b   Thumb Code    70  btod.o(CL$$btod_d2e_denorm_low)
    _d2e_norm_op1                            0x080010a1   Thumb Code    96  btod.o(CL$$btod_d2e_norm_op1)
    __btod_div_common                        0x08001101   Thumb Code   696  btod.o(CL$$btod_div_common)
    _e2e                                     0x08001439   Thumb Code   198  btod.o(CL$$btod_e2e)
    _btod_ediv                               0x080014ff   Thumb Code    40  btod.o(CL$$btod_ediv)
    _btod_emul                               0x08001527   Thumb Code    40  btod.o(CL$$btod_emul)
    __btod_mult_common                       0x0800154f   Thumb Code   580  btod.o(CL$$btod_mult_common)
    ADXL345_AccelVCCInit                     0x08001795   Thumb Code    92  adxl345.o(i.ADXL345_AccelVCCInit)
    ADXL345_Calibr                           0x080017f9   Thumb Code   302  adxl345.o(i.ADXL345_Calibr)
    ADXL345_DMA_Init                         0x08001951   Thumb Code    90  adxl345.o(i.ADXL345_DMA_Init)
    ADXL345_GetAccel                         0x080019c1   Thumb Code    66  adxl345.o(i.ADXL345_GetAccel)
    ADXL345_Init                             0x08001a03   Thumb Code   114  adxl345.o(i.ADXL345_Init)
    ADXL345_Read                             0x08001a75   Thumb Code    22  adxl345.o(i.ADXL345_Read)
    ADXL345_Write                            0x08001a8b   Thumb Code    20  adxl345.o(i.ADXL345_Write)
    Accel_EXTI_Init                          0x08001aa1   Thumb Code    66  adxl345.o(i.Accel_EXTI_Init)
    DMA1_Stream0_IRQHandler                  0x08001af1   Thumb Code   258  gyro.o(i.DMA1_Stream0_IRQHandler)
    DMA1_Stream3_IRQHandler                  0x08001c21   Thumb Code   174  adxl345.o(i.DMA1_Stream3_IRQHandler)
    DMA1_Stream4_IRQHandler                  0x08001cf9   Thumb Code    34  adxl345.o(i.DMA1_Stream4_IRQHandler)
    DMA1_Stream6_IRQHandler                  0x08001d21   Thumb Code    26  telemetry.o(i.DMA1_Stream6_IRQHandler)
    Delay                                    0x08001d45   Thumb Code    28  adxl345.o(i.Delay)
    EXTI1_IRQHandler                         0x08001d61   Thumb Code    40  adxl345.o(i.EXTI1_IRQHandler)
    EXTI2_IRQHandler                         0x08001d91   Thumb Code    78  motors.o(i.EXTI2_IRQHandler)
    EXTI3_IRQHandler                         0x08001ded   Thumb Code    24  gyro.o(i.EXTI3_IRQHandler)
    EXTI4_IRQHandler                         0x08001e09   Thumb Code    68  motors.o(i.EXTI4_IRQHandler)
    Gyro_Calibr                              0x08001e59   Thumb Code   288  gyro.o(i.Gyro_Calibr)
    Gyro_DMA_Init                            0x08001fa1   Thumb Code    48  gyro.o(i.Gyro_DMA_Init)
    Gyro_EXTI_Init                           0x08001fe1   Thumb Code    88  gyro.o(i.Gyro_EXTI_Init)
    Gyro_Init                                0x08002049   Thumb Code    74  gyro.o(i.Gyro_Init)
    Gyro_MultipleBytesRead                   0x08002095   Thumb Code   362  gyro.o(i.Gyro_MultipleBytesRead)
    Gyro_ReadWithInterrupt                   0x0800221d   Thumb Code    64  gyro.o(i.Gyro_ReadWithInterrupt)
    Gyro_SingleByteRead                      0x0800226d   Thumb Code   274  gyro.o(i.Gyro_SingleByteRead)
    Gyro_SingleByteWrite                     0x08002385   Thumb Code   186  gyro.o(i.Gyro_SingleByteWrite)
    I2C1_EV_IRQHandler                       0x08002445   Thumb Code   124  gyro.o(i.I2C1_EV_IRQHandler)
    I2C1_GPIO_Init                           0x080024d1   Thumb Code   194  gyro.o(i.I2C1_GPIO_Init)
    I2C1_Init                                0x080025a1   Thumb Code    50  gyro.o(i.I2C1_Init)
    Motors_EXTI_Init                         0x080025d9   Thumb Code   116  motors.o(i.Motors_EXTI_Init)
    Motors_GPIO_Init                         0x08002655   Thumb Code   298  motors.o(i.Motors_GPIO_Init)
    Motors_Init                              0x08002799   Thumb Code    16  motors.o(i.Motors_Init)
    Motors_Stop                              0x080027a9   Thumb Code    32  motors.o(i.Motors_Stop)
    Motors_TIM_Init                          0x080027d5   Thumb Code   166  motors.o(i.Motors_TIM_Init)
    NSS_High                                 0x08002891   Thumb Code    20  adxl345.o(i.NSS_High)
    NSS_Low                                  0x080028ad   Thumb Code    20  adxl345.o(i.NSS_Low)
    RCC_Init                                 0x080029c1   Thumb Code    46  main.o(i.RCC_Init)
    SPI1_Transfer                            0x080029fd   Thumb Code    46  adxl345.o(i.SPI1_Transfer)
    SPI2_GPIO_Init                           0x08002a31   Thumb Code   226  adxl345.o(i.SPI2_GPIO_Init)
    SPI2_Init                                0x08002b29   Thumb Code    98  adxl345.o(i.SPI2_Init)
    SendTelemetry                            0x08002b91   Thumb Code   400  telemetry.o(i.SendTelemetry)
    SystemInit                               0x08002ddd   Thumb Code   140  system_stm32f4xx.o(i.SystemInit)
    TIM3_IRQHandler                          0x08002e79   Thumb Code   308  motors.o(i.TIM3_IRQHandler)
    TIM7_IRQHandler                          0x08002fd9   Thumb Code    20  telemetry.o(i.TIM7_IRQHandler)
    Telemetry_DMA_Init                       0x08002ff1   Thumb Code    68  telemetry.o(i.Telemetry_DMA_Init)
    USART2_IRQHandler                        0x0800304d   Thumb Code   934  telemetry.o(i.USART2_IRQHandler)
    USART_Init                               0x0800347d   Thumb Code   214  telemetry.o(i.USART_Init)
    __ARM_fpclassify                         0x08003565   Thumb Code    48  fpclassify.o(i.__ARM_fpclassify)
    __hardfp_atan                            0x08003599   Thumb Code   622  atan.o(i.__hardfp_atan)
    __hardfp_fabs                            0x08003871   Thumb Code    20  fabs.o(i.__hardfp_fabs)
    __hardfp_sqrt                            0x08003885   Thumb Code   122  sqrt.o(i.__hardfp_sqrt)
    __kernel_poly                            0x080038ff   Thumb Code   248  poly.o(i.__kernel_poly)
    __mathlib_dbl_infnan                     0x080039f7   Thumb Code    20  dunder.o(i.__mathlib_dbl_infnan)
    __mathlib_dbl_underflow                  0x08003a11   Thumb Code    24  dunder.o(i.__mathlib_dbl_underflow)
    _is_digit                                0x08003a31   Thumb Code    14  __printf_wp.o(i._is_digit)
    allocAngVelAveraging                     0x08003a41   Thumb Code   142  processing.o(i.allocAngVelAveraging)
    allocAngleAveraging                      0x08003ae1   Thumb Code   142  processing.o(i.allocAngleAveraging)
    allocAveraging                           0x08003b81   Thumb Code    60  processing.o(i.allocAveraging)
    angVelAveraging                          0x08003bcd   Thumb Code   144  processing.o(i.angVelAveraging)
    angleAveraging                           0x08003c71   Thumb Code   144  processing.o(i.angleAveraging)
    chooseRoot                               0x08003d15   Thumb Code   354  processing.o(i.chooseRoot)
    control                                  0x08003e95   Thumb Code   496  processing.o(i.control)
    delay                                    0x080040d1   Thumb Code    22  gyro.o(i.delay)
    fabs                                     0x080040e7   Thumb Code    24  fabs.o(i.fabs)
    initWaitingForFloat                      0x08004101   Thumb Code    44  telemetry.o(i.initWaitingForFloat)
    initWaitingForInt                        0x08004145   Thumb Code    26  telemetry.o(i.initWaitingForInt)
    kalman                                   0x08004171   Thumb Code   346  processing.o(i.kalman)
    main                                     0x08004301   Thumb Code    74  main.o(i.main)
    mat_add                                  0x08004355   Thumb Code    70  syssolve.o(i.mat_add)
    mat_mul                                  0x0800439d   Thumb Code   116  syssolve.o(i.mat_mul)
    mat_sub                                  0x08004415   Thumb Code    70  syssolve.o(i.mat_sub)
    process                                  0x0800445d   Thumb Code   206  processing.o(i.process)
    updateFreq                               0x08004559   Thumb Code    34  adxl345.o(i.updateFreq)
    _get_lc_numeric                          0x08004585   Thumb Code    44  lc_numeric_c.o(locale$$code)
    __aeabi_dneg                             0x080045b1   Thumb Code     0  basic.o(x$fpl$basic)
    _dneg                                    0x080045b1   Thumb Code     6  basic.o(x$fpl$basic)
    __aeabi_fneg                             0x080045b7   Thumb Code     0  basic.o(x$fpl$basic)
    _fneg                                    0x080045b7   Thumb Code     6  basic.o(x$fpl$basic)
    _dabs                                    0x080045bd   Thumb Code     6  basic.o(x$fpl$basic)
    _fabs                                    0x080045c3   Thumb Code     6  basic.o(x$fpl$basic)
    __aeabi_d2f                              0x080045c9   Thumb Code     0  d2f.o(x$fpl$d2f)
    _d2f                                     0x080045c9   Thumb Code    98  d2f.o(x$fpl$d2f)
    __aeabi_dadd                             0x0800462d   Thumb Code     0  daddsub_clz.o(x$fpl$dadd)
    _dadd                                    0x0800462d   Thumb Code   332  daddsub_clz.o(x$fpl$dadd)
    __aeabi_ddiv                             0x0800477d   Thumb Code     0  ddiv.o(x$fpl$ddiv)
    _ddiv                                    0x0800477d   Thumb Code   552  ddiv.o(x$fpl$ddiv)
    __aeabi_dmul                             0x08004a2d   Thumb Code     0  dmul.o(x$fpl$dmul)
    _dmul                                    0x08004a2d   Thumb Code   332  dmul.o(x$fpl$dmul)
    __fpl_dnaninf                            0x08004b81   Thumb Code   156  dnaninf.o(x$fpl$dnaninf)
    __fpl_dretinf                            0x08004c1d   Thumb Code    12  dretinf.o(x$fpl$dretinf)
    __aeabi_drsub                            0x08004c29   Thumb Code     0  daddsub_clz.o(x$fpl$drsb)
    _drsb                                    0x08004c29   Thumb Code    22  daddsub_clz.o(x$fpl$drsb)
    _dsqrt                                   0x08004c41   Thumb Code   404  dsqrt_umaal.o(x$fpl$dsqrt)
    __aeabi_dsub                             0x08004dd9   Thumb Code     0  daddsub_clz.o(x$fpl$dsub)
    _dsub                                    0x08004dd9   Thumb Code   464  daddsub_clz.o(x$fpl$dsub)
    __aeabi_f2d                              0x08004fad   Thumb Code     0  f2d.o(x$fpl$f2d)
    _f2d                                     0x08004fad   Thumb Code    86  f2d.o(x$fpl$f2d)
    __fpl_fnaninf                            0x08005003   Thumb Code   140  fnaninf.o(x$fpl$fnaninf)
    _fp_init                                 0x0800508f   Thumb Code    10  fpinit.o(x$fpl$fpinit)
    __fplib_config_fpu_vfp                   0x08005097   Thumb Code     0  fpinit.o(x$fpl$fpinit)
    __fplib_config_pureend_doubles           0x08005097   Thumb Code     0  fpinit.o(x$fpl$fpinit)
    __fpl_fretinf                            0x08005099   Thumb Code    10  fretinf.o(x$fpl$fretinf)
    _printf_fp_dec                           0x080050a3   Thumb Code     4  printf1.o(x$fpl$printf1)
    __I$use$fp                               0x080050a6   Number         0  usenofp.o(x$fpl$usenofp)
    Region$$Table$$Base                      0x080051d4   Number         0  anon$$obj.o(Region$$Table)
    Region$$Table$$Limit                     0x080051f4   Number         0  anon$$obj.o(Region$$Table)
    ax                                       0x20000000   Data           2  main.o(.data)
    ay                                       0x20000002   Data           2  main.o(.data)
    az                                       0x20000004   Data           2  main.o(.data)
    gx                                       0x20000006   Data           2  main.o(.data)
    gy                                       0x20000008   Data           2  main.o(.data)
    gz                                       0x2000000a   Data           2  main.o(.data)
    ENGRDY                                   0x2000000c   Data           1  main.o(.data)
    STABRDY                                  0x2000000d   Data           1  main.o(.data)
    pwm1                                     0x20000010   Data           4  main.o(.data)
    pwm2                                     0x20000014   Data           4  main.o(.data)
    COUNT1                                   0x20000018   Data           4  main.o(.data)
    COUNT2                                   0x2000001c   Data           4  main.o(.data)
    F                                        0x20000020   Data           4  main.o(.data)
    Kp                                       0x20000024   Data           4  main.o(.data)
    Kd                                       0x20000028   Data           4  main.o(.data)
    Ki                                       0x2000002c   Data           4  main.o(.data)
    angle                                    0x20000030   Data           4  main.o(.data)
    angularVelocity                          0x20000034   Data           4  main.o(.data)
    gyros                                    0x20000038   Data           6  main.o(.data)
    SPI2_SCK                                 0x2000003e   Data           1  adxl345.o(.data)
    SPI2_MISO                                0x2000003f   Data           1  adxl345.o(.data)
    SPI2_MOSI                                0x20000040   Data           1  adxl345.o(.data)
    SPI2_NSS                                 0x20000041   Data           1  adxl345.o(.data)
    ACCEL_INT1                               0x20000042   Data           1  adxl345.o(.data)
    ACCEL_VCC                                0x20000043   Data           1  adxl345.o(.data)
    accelRegisters                           0x20000044   Data          12  adxl345.o(.data)
    xOffset                                  0x20000050   Data           2  adxl345.o(.data)
    yOffset                                  0x20000052   Data           2  adxl345.o(.data)
    zOffset                                  0x20000054   Data           2  adxl345.o(.data)
    UART2_TX                                 0x20000058   Data           1  telemetry.o(.data)
    UART2_RX                                 0x20000059   Data           1  telemetry.o(.data)
    received                                 0x2000005a   Data           1  telemetry.o(.data)
    i                                        0x2000005c   Data           4  telemetry.o(.data)
    st                                       0x20000060   Data           4  telemetry.o(.data)
    intValue                                 0x20000064   Data           4  telemetry.o(.data)
    k                                        0x20000068   Data           4  telemetry.o(.data)
    my_pow                                   0x2000006c   Data           4  telemetry.o(.data)
    d_st                                     0x20000070   Data           4  telemetry.o(.data)
    floatValue                               0x20000074   Data           4  telemetry.o(.data)
    curWaiting                               0x20000078   Data           1  telemetry.o(.data)
    curWaitingForInt                         0x20000079   Data           1  telemetry.o(.data)
    curWaitingForFloat                       0x2000007a   Data           1  telemetry.o(.data)
    telemetryOn                              0x2000007b   Data           1  telemetry.o(.data)
    curTelemetryMode                         0x2000007c   Data           1  telemetry.o(.data)
    curFreq                                  0x2000007d   Data           1  telemetry.o(.data)
    freshFreq                                0x2000007e   Data           1  telemetry.o(.data)
    displayAngle                             0x2000007f   Data           1  telemetry.o(.data)
    displayAngularVelocity                   0x20000080   Data           1  telemetry.o(.data)
    displayF                                 0x20000081   Data           1  telemetry.o(.data)
    displayPwm                               0x20000082   Data           1  telemetry.o(.data)
    len                                      0x20000083   Data           1  telemetry.o(.data)
    j                                        0x20000084   Data           1  telemetry.o(.data)
    USART_DMA_transferComleted               0x20000085   Data           1  telemetry.o(.data)
    Ax                                       0x20000088   Data           4  processing.o(.data)
    Ay                                       0x2000008c   Data           4  processing.o(.data)
    Az                                       0x20000090   Data           4  processing.o(.data)
    prevAngle                                0x20000094   Data           4  processing.o(.data)
    angleIntegral                            0x20000098   Data           4  processing.o(.data)
    angleIntegralMax                         0x2000009c   Data           4  processing.o(.data)
    stabilizationOn                          0x200000a0   Data           1  processing.o(.data)
    kalmanOn                                 0x200000a1   Data           1  processing.o(.data)
    angleAveragingOn                         0x200000a2   Data           1  processing.o(.data)
    angVelAveragingOn                        0x200000a3   Data           1  processing.o(.data)
    impulseOn                                0x200000a4   Data           1  processing.o(.data)
    angleWindowSize                          0x200000a5   Data           1  processing.o(.data)
    angVelWindowSize                         0x200000a6   Data           1  processing.o(.data)
    A                                        0x200000a8   Data          16  processing.o(.data)
    At                                       0x200000b8   Data          16  processing.o(.data)
    H                                        0x200000c8   Data           8  processing.o(.data)
    Ht                                       0x200000d0   Data           8  processing.o(.data)
    Xaposteriori                             0x200000d8   Data           8  processing.o(.data)
    Paposteriori                             0x200000e0   Data          16  processing.o(.data)
    R                                        0x200000f0   Data           4  processing.o(.data)
    Q                                        0x200000f4   Data          16  processing.o(.data)
    I                                        0x20000104   Data          16  processing.o(.data)
    Xapriori                                 0x20000114   Data           8  processing.o(.data)
    Aappr                                    0x2000011c   Data           4  processing.o(.data)
    Bappr                                    0x20000120   Data           4  processing.o(.data)
    Cappr                                    0x20000124   Data           4  processing.o(.data)
    D                                        0x20000128   Data           4  processing.o(.data)
    x1                                       0x2000012c   Data           4  processing.o(.data)
    x2                                       0x20000130   Data           4  processing.o(.data)
    angleIndex                               0x20000134   Data           1  processing.o(.data)
    angleSum                                 0x20000138   Data           4  processing.o(.data)
    angles                                   0x2000013c   Data           4  processing.o(.data)
    angVelIndex                              0x20000140   Data           1  processing.o(.data)
    angVelSum                                0x20000144   Data           4  processing.o(.data)
    angVels                                  0x20000148   Data           4  processing.o(.data)
    MOT_PWM1                                 0x2000014c   Data           1  motors.o(.data)
    MOT_PWM2                                 0x2000014d   Data           1  motors.o(.data)
    MOT_FREQ1                                0x2000014e   Data           1  motors.o(.data)
    MOT_FREQ2                                0x2000014f   Data           1  motors.o(.data)
    minPwm                                   0x20000150   Data           4  motors.o(.data)
    tim3_status                              0x20000154   Data           1  motors.o(.data)
    pwm                                      0x20000158   Data           4  motors.o(.data)
    timer                                    0x2000015c   Data           4  motors.o(.data)
    timer_1000                               0x20000160   Data           4  motors.o(.data)
    timer_2000                               0x20000164   Data           4  motors.o(.data)
    pwm_step                                 0x20000168   Data           4  motors.o(.data)
    pwmstartmax                              0x2000016c   Data           4  motors.o(.data)
    I2C1_SCL                                 0x20000170   Data           1  gyro.o(.data)
    I2C1_SDA                                 0x20000171   Data           1  gyro.o(.data)
    gyro                                     0x20000172   Data           6  gyro.o(.data)
    gyroRegisters                            0x20000178   Data           6  gyro.o(.data)
    GYRO_ADDR                                0x2000017e   Data           1  gyro.o(.data)
    read                                     0x2000017f   Data           1  gyro.o(.data)
    addr                                     0x20000180   Data           1  gyro.o(.data)
    gyro_val                                 0x20000181   Data           1  gyro.o(.data)
    gyroIndex                                0x20000182   Data           1  gyro.o(.data)
    gyro_xOffset                             0x20000184   Data           2  gyro.o(.data)
    gyro_yOffset                             0x20000186   Data           2  gyro.o(.data)
    gyro_zOffset                             0x20000188   Data           2  gyro.o(.data)
    accel                                    0x2000018c   Data          12  adxl345.o(.bss)
    str                                      0x20000198   Data         100  telemetry.o(.bss)
    tele                                     0x200001fc   Data         100  telemetry.o(.bss)
    Papriori                                 0x20000260   Data          16  processing.o(.bss)
    __libspace_start                         0x20000270   Data          96  libspace.o(.bss)
    __temporary_stack_top$libspace           0x200002d0   Data           0  libspace.o(.bss)



==============================================================================

Memory Map of the image

  Image Entry point : 0x08000291

  Load Region LR_1 (Base: 0x08000000, Size: 0x0000539c, Max: 0xffffffff, ABSOLUTE, COMPRESSED[0x000052a0])

    Execution Region ER_RO (Base: 0x08000000, Size: 0x00005210, Max: 0xffffffff, ABSOLUTE)

    Base Addr    Size         Type   Attr      Idx    E Section Name        Object

    0x08000000   0x00000188   Data   RO          715    RESET               startup_stm32f407xx.o
    0x08000188   0x00000008   Code   RO          861  * !!!main             c_w.l(__main.o)
    0x08000190   0x00000034   Code   RO         1207    !!!scatter          c_w.l(__scatter.o)
    0x080001c4   0x0000005a   Code   RO         1205    !!dczerorl2         c_w.l(__dczerorl2.o)
    0x0800021e   0x00000002   PAD
    0x08000220   0x0000001c   Code   RO         1209    !!handler_zi        c_w.l(__scatter_zi.o)
    0x0800023c   0x00000000   Code   RO          852    .ARM.Collect$$_printf_percent$$00000000  c_w.l(_printf_percent.o)
    0x0800023c   0x00000006   Code   RO          851    .ARM.Collect$$_printf_percent$$00000003  c_w.l(_printf_f.o)
    0x08000242   0x00000006   Code   RO          850    .ARM.Collect$$_printf_percent$$00000009  c_w.l(_printf_d.o)
    0x08000248   0x00000004   Code   RO          951    .ARM.Collect$$_printf_percent$$00000017  c_w.l(_printf_percent_end.o)
    0x0800024c   0x00000002   Code   RO         1145    .ARM.Collect$$libinit$$00000000  c_w.l(libinit.o)
    0x0800024e   0x00000004   Code   RO          954    .ARM.Collect$$libinit$$00000001  c_w.l(libinit2.o)
    0x08000252   0x00000000   Code   RO          957    .ARM.Collect$$libinit$$00000004  c_w.l(libinit2.o)
    0x08000252   0x00000008   Code   RO          958    .ARM.Collect$$libinit$$00000005  c_w.l(libinit2.o)
    0x0800025a   0x00000000   Code   RO          960    .ARM.Collect$$libinit$$0000000A  c_w.l(libinit2.o)
    0x0800025a   0x00000000   Code   RO          962    .ARM.Collect$$libinit$$0000000C  c_w.l(libinit2.o)
    0x0800025a   0x00000000   Code   RO          964    .ARM.Collect$$libinit$$0000000E  c_w.l(libinit2.o)
    0x0800025a   0x00000006   Code   RO          965    .ARM.Collect$$libinit$$0000000F  c_w.l(libinit2.o)
    0x08000260   0x00000000   Code   RO          967    .ARM.Collect$$libinit$$00000011  c_w.l(libinit2.o)
    0x08000260   0x00000000   Code   RO          969    .ARM.Collect$$libinit$$00000013  c_w.l(libinit2.o)
    0x08000260   0x00000000   Code   RO          971    .ARM.Collect$$libinit$$00000015  c_w.l(libinit2.o)
    0x08000260   0x0000000a   Code   RO          972    .ARM.Collect$$libinit$$00000016  c_w.l(libinit2.o)
    0x0800026a   0x00000000   Code   RO          973    .ARM.Collect$$libinit$$00000017  c_w.l(libinit2.o)
    0x0800026a   0x00000000   Code   RO          975    .ARM.Collect$$libinit$$00000019  c_w.l(libinit2.o)
    0x0800026a   0x00000000   Code   RO          977    .ARM.Collect$$libinit$$0000001B  c_w.l(libinit2.o)
    0x0800026a   0x00000000   Code   RO          979    .ARM.Collect$$libinit$$0000001D  c_w.l(libinit2.o)
    0x0800026a   0x00000000   Code   RO          981    .ARM.Collect$$libinit$$0000001F  c_w.l(libinit2.o)
    0x0800026a   0x00000000   Code   RO          983    .ARM.Collect$$libinit$$00000021  c_w.l(libinit2.o)
    0x0800026a   0x00000000   Code   RO          985    .ARM.Collect$$libinit$$00000023  c_w.l(libinit2.o)
    0x0800026a   0x00000000   Code   RO          987    .ARM.Collect$$libinit$$00000025  c_w.l(libinit2.o)
    0x0800026a   0x00000000   Code   RO          991    .ARM.Collect$$libinit$$0000002C  c_w.l(libinit2.o)
    0x0800026a   0x00000000   Code   RO          993    .ARM.Collect$$libinit$$0000002E  c_w.l(libinit2.o)
    0x0800026a   0x00000000   Code   RO          995    .ARM.Collect$$libinit$$00000030  c_w.l(libinit2.o)
    0x0800026a   0x00000000   Code   RO          997    .ARM.Collect$$libinit$$00000032  c_w.l(libinit2.o)
    0x0800026a   0x00000002   Code   RO          998    .ARM.Collect$$libinit$$00000033  c_w.l(libinit2.o)
    0x0800026c   0x00000002   Code   RO         1202    .ARM.Collect$$libshutdown$$00000000  c_w.l(libshutdown.o)
    0x0800026e   0x00000000   Code   RO         1160    .ARM.Collect$$libshutdown$$00000003  c_w.l(libshutdown2.o)
    0x0800026e   0x00000000   Code   RO         1163    .ARM.Collect$$libshutdown$$00000006  c_w.l(libshutdown2.o)
    0x0800026e   0x00000000   Code   RO         1166    .ARM.Collect$$libshutdown$$00000009  c_w.l(libshutdown2.o)
    0x0800026e   0x00000000   Code   RO         1168    .ARM.Collect$$libshutdown$$0000000B  c_w.l(libshutdown2.o)
    0x0800026e   0x00000000   Code   RO         1171    .ARM.Collect$$libshutdown$$0000000E  c_w.l(libshutdown2.o)
    0x0800026e   0x00000002   Code   RO         1172    .ARM.Collect$$libshutdown$$0000000F  c_w.l(libshutdown2.o)
    0x08000270   0x00000000   Code   RO          915    .ARM.Collect$$rtentry$$00000000  c_w.l(__rtentry.o)
    0x08000270   0x00000000   Code   RO         1038    .ARM.Collect$$rtentry$$00000002  c_w.l(__rtentry2.o)
    0x08000270   0x00000006   Code   RO         1050    .ARM.Collect$$rtentry$$00000004  c_w.l(__rtentry4.o)
    0x08000276   0x00000000   Code   RO         1040    .ARM.Collect$$rtentry$$00000009  c_w.l(__rtentry2.o)
    0x08000276   0x00000004   Code   RO         1041    .ARM.Collect$$rtentry$$0000000A  c_w.l(__rtentry2.o)
    0x0800027a   0x00000000   Code   RO         1043    .ARM.Collect$$rtentry$$0000000C  c_w.l(__rtentry2.o)
    0x0800027a   0x00000008   Code   RO         1044    .ARM.Collect$$rtentry$$0000000D  c_w.l(__rtentry2.o)
    0x08000282   0x00000002   Code   RO         1148    .ARM.Collect$$rtexit$$00000000  c_w.l(rtexit.o)
    0x08000284   0x00000000   Code   RO         1176    .ARM.Collect$$rtexit$$00000002  c_w.l(rtexit2.o)
    0x08000284   0x00000004   Code   RO         1177    .ARM.Collect$$rtexit$$00000003  c_w.l(rtexit2.o)
    0x08000288   0x00000006   Code   RO         1178    .ARM.Collect$$rtexit$$00000004  c_w.l(rtexit2.o)
    0x0800028e   0x00000002   PAD
    0x08000290   0x00000000   Code   RO         1064    .emb_text           c_w.l(maybetermalloc1.o)
    0x08000290   0x00000040   Code   RO          716  * .text               startup_stm32f407xx.o
    0x080002d0   0x0000005e   Code   RO          762    .text               c_w.l(h1_alloc.o)
    0x0800032e   0x0000004e   Code   RO          764    .text               c_w.l(h1_free.o)
    0x0800037c   0x00000028   Code   RO          822    .text               c_w.l(noretval__2sprintf.o)
    0x080003a4   0x00000024   Code   RO          826    .text               c_w.l(_printf_truncate.o)
    0x080003c8   0x00000078   Code   RO          828    .text               c_w.l(_printf_dec.o)
    0x08000440   0x00000160   Code   RO          845    .text               c_w.l(__printf_ss_wp.o)
    0x080005a0   0x0000003e   Code   RO          853    .text               c_w.l(strlen.o)
    0x080005de   0x00000064   Code   RO          855    .text               c_w.l(rt_memcpy_w.o)
    0x08000642   0x0000004e   Code   RO          857    .text               c_w.l(rt_memclr_w.o)
    0x08000690   0x00000006   Code   RO          859    .text               c_w.l(heapauxi.o)
    0x08000696   0x00000002   PAD
    0x08000698   0x00000008   Code   RO          919    .text               c_w.l(rt_heap_descriptor_intlibspace.o)
    0x080006a0   0x00000004   Code   RO          921    .text               c_w.l(hguard.o)
    0x080006a4   0x0000008a   Code   RO          923    .text               c_w.l(init_alloc.o)
    0x0800072e   0x0000000e   Code   RO          927    .text               c_w.l(h1_init.o)
    0x0800073c   0x00000016   Code   RO          941    .text               c_w.l(_rserrno.o)
    0x08000752   0x000000b2   Code   RO          943    .text               c_w.l(_printf_intcommon.o)
    0x08000804   0x0000041a   Code   RO          945    .text               c_w.l(_printf_fp_dec.o)
    0x08000c1e   0x00000002   PAD
    0x08000c20   0x00000030   Code   RO          947    .text               c_w.l(_printf_char_common.o)
    0x08000c50   0x0000000a   Code   RO          949    .text               c_w.l(_sputc.o)
    0x08000c5a   0x00000002   PAD
    0x08000c5c   0x00000008   Code   RO         1034    .text               c_w.l(libspace.o)
    0x08000c64   0x00000008   Code   RO         1055    .text               c_w.l(rt_locale_intlibspace.o)
    0x08000c6c   0x00000008   Code   RO         1060    .text               c_w.l(rt_errno_addr_intlibspace.o)
    0x08000c74   0x00000034   Code   RO         1066    .text               c_w.l(h1_extend.o)
    0x08000ca8   0x0000008a   Code   RO         1070    .text               c_w.l(lludiv10.o)
    0x08000d32   0x00000002   PAD
    0x08000d34   0x00000080   Code   RO         1072    .text               c_w.l(_printf_fp_infnan.o)
    0x08000db4   0x000000dc   Code   RO         1076    .text               c_w.l(bigflt0.o)
    0x08000e90   0x0000000e   Code   RO         1104    .text               c_w.l(defsig_rtmem_outer.o)
    0x08000e9e   0x00000002   Code   RO         1119    .text               c_w.l(use_no_semi.o)
    0x08000ea0   0x00000000   Code   RO         1121    .text               c_w.l(indicate_semi.o)
    0x08000ea0   0x0000004a   Code   RO         1122    .text               c_w.l(sys_stackheap_outer.o)
    0x08000eea   0x0000000c   Code   RO         1128    .text               c_w.l(exit.o)
    0x08000ef6   0x0000000a   Code   RO         1130    .text               c_w.l(defsig_exit.o)
    0x08000f00   0x00000050   Code   RO         1132    .text               c_w.l(defsig_rtmem_inner.o)
    0x08000f50   0x00000080   Code   RO         1134    .text               c_w.l(strcmpv7m.o)
    0x08000fd0   0x0000000c   Code   RO         1146    .text               c_w.l(sys_exit.o)
    0x08000fdc   0x00000032   Code   RO         1156    .text               c_w.l(defsig_general.o)
    0x0800100e   0x0000000e   Code   RO         1173    .text               c_w.l(sys_wrch.o)
    0x0800101c   0x0000003e   Code   RO         1079    CL$$btod_d2e        c_w.l(btod.o)
    0x0800105a   0x00000046   Code   RO         1081    CL$$btod_d2e_denorm_low  c_w.l(btod.o)
    0x080010a0   0x00000060   Code   RO         1080    CL$$btod_d2e_norm_op1  c_w.l(btod.o)
    0x08001100   0x00000338   Code   RO         1089    CL$$btod_div_common  c_w.l(btod.o)
    0x08001438   0x000000c6   Code   RO         1086    CL$$btod_e2e        c_w.l(btod.o)
    0x080014fe   0x00000028   Code   RO         1083    CL$$btod_ediv       c_w.l(btod.o)
    0x08001526   0x00000028   Code   RO         1082    CL$$btod_emul       c_w.l(btod.o)
    0x0800154e   0x00000244   Code   RO         1088    CL$$btod_mult_common  c_w.l(btod.o)
    0x08001792   0x00000002   PAD
    0x08001794   0x00000064   Code   RO          152    i.ADXL345_AccelVCCInit  adxl345.o
    0x080017f8   0x00000158   Code   RO          153    i.ADXL345_Calibr    adxl345.o
    0x08001950   0x00000070   Code   RO          154    i.ADXL345_DMA_Init  adxl345.o
    0x080019c0   0x00000042   Code   RO          155    i.ADXL345_GetAccel  adxl345.o
    0x08001a02   0x00000072   Code   RO          156    i.ADXL345_Init      adxl345.o
    0x08001a74   0x00000016   Code   RO          157    i.ADXL345_Read      adxl345.o
    0x08001a8a   0x00000014   Code   RO          158    i.ADXL345_Write     adxl345.o
    0x08001a9e   0x00000002   PAD
    0x08001aa0   0x00000050   Code   RO          159    i.Accel_EXTI_Init   adxl345.o
    0x08001af0   0x00000130   Code   RO          601    i.DMA1_Stream0_IRQHandler  gyro.o
    0x08001c20   0x000000d8   Code   RO          160    i.DMA1_Stream3_IRQHandler  adxl345.o
    0x08001cf8   0x00000028   Code   RO          161    i.DMA1_Stream4_IRQHandler  adxl345.o
    0x08001d20   0x00000024   Code   RO          304    i.DMA1_Stream6_IRQHandler  telemetry.o
    0x08001d44   0x0000001c   Code   RO          162    i.Delay             adxl345.o
    0x08001d60   0x00000030   Code   RO          163    i.EXTI1_IRQHandler  adxl345.o
    0x08001d90   0x0000005c   Code   RO          511    i.EXTI2_IRQHandler  motors.o
    0x08001dec   0x0000001c   Code   RO          602    i.EXTI3_IRQHandler  gyro.o
    0x08001e08   0x00000050   Code   RO          512    i.EXTI4_IRQHandler  motors.o
    0x08001e58   0x00000148   Code   RO          603    i.Gyro_Calibr       gyro.o
    0x08001fa0   0x00000040   Code   RO          604    i.Gyro_DMA_Init     gyro.o
    0x08001fe0   0x00000068   Code   RO          605    i.Gyro_EXTI_Init    gyro.o
    0x08002048   0x0000004a   Code   RO          606    i.Gyro_Init         gyro.o
    0x08002092   0x00000002   PAD
    0x08002094   0x00000188   Code   RO          607    i.Gyro_MultipleBytesRead  gyro.o
    0x0800221c   0x00000050   Code   RO          608    i.Gyro_ReadWithInterrupt  gyro.o
    0x0800226c   0x00000118   Code   RO          609    i.Gyro_SingleByteRead  gyro.o
    0x08002384   0x000000c0   Code   RO          610    i.Gyro_SingleByteWrite  gyro.o
    0x08002444   0x0000008c   Code   RO          611    i.I2C1_EV_IRQHandler  gyro.o
    0x080024d0   0x000000d0   Code   RO          612    i.I2C1_GPIO_Init    gyro.o
    0x080025a0   0x00000038   Code   RO          613    i.I2C1_Init         gyro.o
    0x080025d8   0x0000007c   Code   RO          513    i.Motors_EXTI_Init  motors.o
    0x08002654   0x00000144   Code   RO          514    i.Motors_GPIO_Init  motors.o
    0x08002798   0x00000010   Code   RO          515    i.Motors_Init       motors.o
    0x080027a8   0x0000002c   Code   RO          517    i.Motors_Stop       motors.o
    0x080027d4   0x000000bc   Code   RO          518    i.Motors_TIM_Init   motors.o
    0x08002890   0x0000001c   Code   RO          164    i.NSS_High          adxl345.o
    0x080028ac   0x0000001c   Code   RO          165    i.NSS_Low           adxl345.o
    0x080028c8   0x00000016   Code   RO          166    i.NVIC_EnableIRQ    adxl345.o
    0x080028de   0x00000016   Code   RO          305    i.NVIC_EnableIRQ    telemetry.o
    0x080028f4   0x00000016   Code   RO          519    i.NVIC_EnableIRQ    motors.o
    0x0800290a   0x00000016   Code   RO          614    i.NVIC_EnableIRQ    gyro.o
    0x08002920   0x00000028   Code   RO          167    i.NVIC_SetPriority  adxl345.o
    0x08002948   0x00000028   Code   RO          306    i.NVIC_SetPriority  telemetry.o
    0x08002970   0x00000028   Code   RO          520    i.NVIC_SetPriority  motors.o
    0x08002998   0x00000028   Code   RO          615    i.NVIC_SetPriority  gyro.o
    0x080029c0   0x0000003c   Code   RO            4    i.RCC_Init          main.o
    0x080029fc   0x00000034   Code   RO          168    i.SPI1_Transfer     adxl345.o
    0x08002a30   0x000000f8   Code   RO          169    i.SPI2_GPIO_Init    adxl345.o
    0x08002b28   0x00000068   Code   RO          170    i.SPI2_Init         adxl345.o
    0x08002b90   0x0000024c   Code   RO          307    i.SendTelemetry     telemetry.o
    0x08002ddc   0x0000009c   Code   RO          724    i.SystemInit        system_stm32f4xx.o
    0x08002e78   0x00000160   Code   RO          521    i.TIM3_IRQHandler   motors.o
    0x08002fd8   0x00000018   Code   RO          308    i.TIM7_IRQHandler   telemetry.o
    0x08002ff0   0x0000005c   Code   RO          309    i.Telemetry_DMA_Init  telemetry.o
    0x0800304c   0x00000430   Code   RO          311    i.USART2_IRQHandler  telemetry.o
    0x0800347c   0x000000e8   Code   RO          312    i.USART_Init        telemetry.o
    0x08003564   0x00000030   Code   RO         1028    i.__ARM_fpclassify  m_wm.l(fpclassify.o)
    0x08003594   0x00000004   PAD
    0x08003598   0x000002d8   Code   RO          881    i.__hardfp_atan     m_wm.l(atan.o)
    0x08003870   0x00000014   Code   RO          895    i.__hardfp_fabs     m_wm.l(fabs.o)
    0x08003884   0x0000007a   Code   RO          901    i.__hardfp_sqrt     m_wm.l(sqrt.o)
    0x080038fe   0x000000f8   Code   RO         1030    i.__kernel_poly     m_wm.l(poly.o)
    0x080039f6   0x00000014   Code   RO         1015    i.__mathlib_dbl_infnan  m_wm.l(dunder.o)
    0x08003a0a   0x00000006   PAD
    0x08003a10   0x00000020   Code   RO         1020    i.__mathlib_dbl_underflow  m_wm.l(dunder.o)
    0x08003a30   0x0000000e   Code   RO          840    i._is_digit         c_w.l(__printf_wp.o)
    0x08003a3e   0x00000002   PAD
    0x08003a40   0x000000a0   Code   RO          407    i.allocAngVelAveraging  processing.o
    0x08003ae0   0x000000a0   Code   RO          408    i.allocAngleAveraging  processing.o
    0x08003b80   0x0000004c   Code   RO          409    i.allocAveraging    processing.o
    0x08003bcc   0x000000a4   Code   RO          410    i.angVelAveraging   processing.o
    0x08003c70   0x000000a4   Code   RO          411    i.angleAveraging    processing.o
    0x08003d14   0x00000180   Code   RO          412    i.chooseRoot        processing.o
    0x08003e94   0x0000023c   Code   RO          413    i.control           processing.o
    0x080040d0   0x00000016   Code   RO          616    i.delay             gyro.o
    0x080040e6   0x00000018   Code   RO          897    i.fabs              m_wm.l(fabs.o)
    0x080040fe   0x00000002   PAD
    0x08004100   0x00000044   Code   RO          313    i.initWaitingForFloat  telemetry.o
    0x08004144   0x0000002c   Code   RO          314    i.initWaitingForInt  telemetry.o
    0x08004170   0x00000190   Code   RO          414    i.kalman            processing.o
    0x08004300   0x00000054   Code   RO            5    i.main              main.o
    0x08004354   0x00000046   Code   RO           86    i.mat_add           syssolve.o
    0x0800439a   0x00000002   PAD
    0x0800439c   0x00000078   Code   RO           87    i.mat_mul           syssolve.o
    0x08004414   0x00000046   Code   RO           88    i.mat_sub           syssolve.o
    0x0800445a   0x00000002   PAD
    0x0800445c   0x000000fc   Code   RO          416    i.process           processing.o
    0x08004558   0x0000002c   Code   RO          171    i.updateFreq        adxl345.o
    0x08004584   0x0000002c   Code   RO         1102    locale$$code        c_w.l(lc_numeric_c.o)
    0x080045b0   0x00000018   Code   RO          999    x$fpl$basic         fz_wm.l(basic.o)
    0x080045c8   0x00000062   Code   RO          863    x$fpl$d2f           fz_wm.l(d2f.o)
    0x0800462a   0x00000002   PAD
    0x0800462c   0x00000150   Code   RO          865    x$fpl$dadd          fz_wm.l(daddsub_clz.o)
    0x0800477c   0x000002b0   Code   RO          872    x$fpl$ddiv          fz_wm.l(ddiv.o)
    0x08004a2c   0x00000154   Code   RO          875    x$fpl$dmul          fz_wm.l(dmul.o)
    0x08004b80   0x0000009c   Code   RO         1003    x$fpl$dnaninf       fz_wm.l(dnaninf.o)
    0x08004c1c   0x0000000c   Code   RO         1005    x$fpl$dretinf       fz_wm.l(dretinf.o)
    0x08004c28   0x00000016   Code   RO          866    x$fpl$drsb          fz_wm.l(daddsub_clz.o)
    0x08004c3e   0x00000002   PAD
    0x08004c40   0x00000198   Code   RO         1007    x$fpl$dsqrt         fz_wm.l(dsqrt_umaal.o)
    0x08004dd8   0x000001d4   Code   RO          867    x$fpl$dsub          fz_wm.l(daddsub_clz.o)
    0x08004fac   0x00000056   Code   RO          877    x$fpl$f2d           fz_wm.l(f2d.o)
    0x08005002   0x0000008c   Code   RO         1009    x$fpl$fnaninf       fz_wm.l(fnaninf.o)
    0x0800508e   0x0000000a   Code   RO         1115    x$fpl$fpinit        fz_wm.l(fpinit.o)
    0x08005098   0x0000000a   Code   RO         1011    x$fpl$fretinf       fz_wm.l(fretinf.o)
    0x080050a2   0x00000004   Code   RO          879    x$fpl$printf1       fz_wm.l(printf1.o)
    0x080050a6   0x00000000   Code   RO         1013    x$fpl$usenofp       fz_wm.l(usenofp.o)
    0x080050a6   0x00000002   PAD
    0x080050a8   0x00000098   Data   RO          884    .constdata          m_wm.l(atan.o)
    0x08005140   0x00000094   Data   RO         1077    .constdata          c_w.l(bigflt0.o)
    0x080051d4   0x00000020   Data   RO         1203    Region$$Table       anon$$obj.o
    0x080051f4   0x0000001c   Data   RO         1101    locale$$data        c_w.l(lc_numeric_c.o)


    Execution Region ER_RW (Base: 0x20000000, Size: 0x0000018c, Max: 0xffffffff, ABSOLUTE, COMPRESSED[0x00000090])

    Base Addr    Size         Type   Attr      Idx    E Section Name        Object

    0x20000000   0x0000003e   Data   RW            6    .data               main.o
    0x2000003e   0x00000018   Data   RW          173    .data               adxl345.o
    0x20000056   0x00000002   PAD
    0x20000058   0x0000002e   Data   RW          317    .data               telemetry.o
    0x20000086   0x00000002   PAD
    0x20000088   0x000000c4   Data   RW          418    .data               processing.o
    0x2000014c   0x00000024   Data   RW          522    .data               motors.o
    0x20000170   0x0000001a   Data   RW          617    .data               gyro.o


    Execution Region ER_ZI (Base: 0x2000018c, Size: 0x00000744, Max: 0xffffffff, ABSOLUTE)

    Base Addr    Size         Type   Attr      Idx    E Section Name        Object

    0x2000018c   0x0000000c   Zero   RW          172    .bss                adxl345.o
    0x20000198   0x000000c8   Zero   RW          316    .bss                telemetry.o
    0x20000260   0x00000010   Zero   RW          417    .bss                processing.o
    0x20000270   0x00000060   Zero   RW         1035    .bss                c_w.l(libspace.o)
    0x200002d0   0x00000200   Zero   RW          714    HEAP                startup_stm32f407xx.o
    0x200004d0   0x00000400   Zero   RW          713    STACK               startup_stm32f407xx.o


==============================================================================

Image component sizes


      Code (inc. data)   RO Data    RW Data    ZI Data      Debug   Object Name

      1756        210          0         24         12      37437   adxl345.o
      2334        224          0         26          0       9390   gyro.o
       144         24          0         62          0     246448   main.o
      1282        146          0         36          0       5516   motors.o
      2332        298          0        196         16       7353   processing.o
        64         26        392          0       1536        864   startup_stm32f407xx.o
       260          4          0          0          0       2102   syssolve.o
       156         16          0          0          0        553   system_stm32f4xx.o
      2218        454          0         46        200       7400   telemetry.o

    ----------------------------------------------------------------------
     10554       1402        424        396       1764     317063   Object Totals
         0          0         32          0          0          0   (incl. Generated)
         8          0          0          6          0          0   (incl. Padding)

    ----------------------------------------------------------------------

      Code (inc. data)   RO Data    RW Data    ZI Data      Debug   Library Member Name

        90          0          0          0          0          0   __dczerorl2.o
         8          0          0          0          0         68   __main.o
       352          0          0          0          0         88   __printf_ss_wp.o
        14          0          0          0          0         68   __printf_wp.o
         0          0          0          0          0          0   __rtentry.o
        12          0          0          0          0          0   __rtentry2.o
         6          0          0          0          0          0   __rtentry4.o
        52          8          0          0          0          0   __scatter.o
        28          0          0          0          0          0   __scatter_zi.o
        48          6          0          0          0         96   _printf_char_common.o
         6          0          0          0          0          0   _printf_d.o
       120         16          0          0          0         92   _printf_dec.o
         6          0          0          0          0          0   _printf_f.o
      1050          0          0          0          0        216   _printf_fp_dec.o
       128         16          0          0          0         84   _printf_fp_infnan.o
       178          0          0          0          0         88   _printf_intcommon.o
         0          0          0          0          0          0   _printf_percent.o
         4          0          0          0          0          0   _printf_percent_end.o
        36          0          0          0          0         84   _printf_truncate.o
        22          0          0          0          0        100   _rserrno.o
        10          0          0          0          0         68   _sputc.o
       220          4        148          0          0         96   bigflt0.o
      1910        128          0          0          0        672   btod.o
        10          0          0          0          0         68   defsig_exit.o
        50          0          0          0          0         88   defsig_general.o
        80         58          0          0          0         76   defsig_rtmem_inner.o
        14          0          0          0          0         80   defsig_rtmem_outer.o
        12          0          0          0          0         72   exit.o
        94          0          0          0          0         80   h1_alloc.o
        52          0          0          0          0         68   h1_extend.o
        78          0          0          0          0         80   h1_free.o
        14          0          0          0          0         84   h1_init.o
         6          0          0          0          0        152   heapauxi.o
         4          0          0          0          0        136   hguard.o
         0          0          0          0          0          0   indicate_semi.o
       138          0          0          0          0        168   init_alloc.o
        44         10         28          0          0         76   lc_numeric_c.o
         2          0          0          0          0          0   libinit.o
        30          0          0          0          0          0   libinit2.o
         2          0          0          0          0          0   libshutdown.o
         2          0          0          0          0          0   libshutdown2.o
         8          4          0          0         96         68   libspace.o
       138          0          0          0          0         80   lludiv10.o
         0          0          0          0          0          0   maybetermalloc1.o
        40          6          0          0          0         84   noretval__2sprintf.o
         8          4          0          0          0         68   rt_errno_addr_intlibspace.o
         8          4          0          0          0         68   rt_heap_descriptor_intlibspace.o
         8          4          0          0          0         68   rt_locale_intlibspace.o
        78          0          0          0          0         80   rt_memclr_w.o
       100          0          0          0          0         80   rt_memcpy_w.o
         2          0          0          0          0          0   rtexit.o
        10          0          0          0          0          0   rtexit2.o
       128          0          0          0          0         68   strcmpv7m.o
        62          0          0          0          0         76   strlen.o
        12          4          0          0          0         68   sys_exit.o
        74          0          0          0          0         80   sys_stackheap_outer.o
        14          0          0          0          0         76   sys_wrch.o
         2          0          0          0          0         68   use_no_semi.o
        24          0          0          0          0        164   basic.o
        98          4          0          0          0        140   d2f.o
       826         16          0          0          0        492   daddsub_clz.o
       688        140          0          0          0        256   ddiv.o
       340         12          0          0          0        152   dmul.o
       156          4          0          0          0        140   dnaninf.o
        12          0          0          0          0        116   dretinf.o
       408         56          0          0          0        168   dsqrt_umaal.o
        86          4          0          0          0        132   f2d.o
       140          4          0          0          0        132   fnaninf.o
        10          0          0          0          0        116   fpinit.o
        10          0          0          0          0        116   fretinf.o
         4          0          0          0          0        116   printf1.o
         0          0          0          0          0          0   usenofp.o
       728        106        152          0          0        228   atan.o
        52          8          0          0          0        248   dunder.o
        44          0          0          0          0        248   fabs.o
        48          0          0          0          0        124   fpclassify.o
       248          0          0          0          0        152   poly.o
       122          0          0          0          0        148   sqrt.o

    ----------------------------------------------------------------------
      9702        626        328          0         96       7468   Library Totals
        34          0          0          0          0          0   (incl. Padding)

    ----------------------------------------------------------------------

      Code (inc. data)   RO Data    RW Data    ZI Data      Debug   Library Name

      5624        272        176          0         96       4080   c_w.l
      2802        240          0          0          0       2240   fz_wm.l
      1242        114        152          0          0       1148   m_wm.l

    ----------------------------------------------------------------------
      9702        626        328          0         96       7468   Library Totals

    ----------------------------------------------------------------------

==============================================================================


      Code (inc. data)   RO Data    RW Data    ZI Data      Debug   

     20256       2028        752        396       1860     314091   Grand Totals
     20256       2028        752        144       1860     314091   ELF Image Totals (compressed)
     20256       2028        752        144          0          0   ROM Totals

==============================================================================

    Total RO  Size (Code + RO Data)                21008 (  20.52kB)
    Total RW  Size (RW Data + ZI Data)              2256 (   2.20kB)
    Total ROM Size (Code + RO Data + RW Data)      21152 (  20.66kB)

==============================================================================

