Component: ARM Compiler 5.05 update 1 (build 106) Tool: armlink [4d0efa]

==============================================================================

Section Cross References

    main.o(i.gyroRecalibration) refers to main.o(.bss) for gyroRecalibrationBuffer
    main.o(i.gyroRecalibration) refers to main.o(.data) for gyroRecalibrationBufferIndex
    main.o(i.gyroRecalibration) refers to processing.o(.data) for filteredGX
    main.o(i.main) refers to main.o(i.RCC_Init) for RCC_Init
    main.o(i.main) refers to adxl345.o(i.ADXL345_Init) for ADXL345_Init
    main.o(i.main) refers to adxl345.o(i.Accel_EXTI_Init) for Accel_EXTI_Init
    main.o(i.main) refers to adxl345.o(i.ADXL345_Calibr) for ADXL345_Calibr
    main.o(i.main) refers to adxrs453.o(i.SPI3_Init) for SPI3_Init
    main.o(i.main) refers to adxrs453.o(i.ADXRS_TIM_Init) for ADXRS_TIM_Init
    main.o(i.main) refers to adxrs453.o(i.ADXRS_Calibr) for ADXRS_Calibr
    main.o(i.main) refers to motors.o(i.Motors_Init) for Motors_Init
    main.o(i.main) refers to telemetry.o(i.USART_Init) for USART_Init
    main.o(i.main) refers to processing.o(i.Processing_TIM_Init) for Processing_TIM_Init
    main.o(i.main) refers to processing.o(i.lowpass) for lowpass
    main.o(i.main) refers to main.o(.data) for ENGRDY
    main.o(i.main) refers to processing.o(.data) for doAdxrsProcess
    main.o(i.main) refers to processing.o(.bss) for adxrsHistory
    main.o(i.main) refers to adxrs453.o(.data) for adxrs_CalibrationOn
    syssolve.o(i.system_solve) refers to h1_alloc.o(.text) for malloc
    syssolve.o(i.system_solve) refers to syssolve.o(i.transpose) for transpose
    syssolve.o(i.system_solve) refers to syssolve.o(i.mat_mul) for mat_mul
    syssolve.o(i.system_solve) refers to syssolve.o(i.det3) for det3
    syssolve.o(i.system_solve) refers to h1_free.o(.text) for free
    syssolve.o(i.system_solve) refers to rt_memcpy_w.o(.text) for __aeabi_memcpy4
    adxl345.o(i.ADXL345_AccelVCCInit) refers to adxl345.o(i.Delay) for Delay
    adxl345.o(i.ADXL345_AccelVCCInit) refers to adxl345.o(.data) for ACCEL_VCC
    adxl345.o(i.ADXL345_Calibr) refers to f2d.o(x$fpl$f2d) for __aeabi_f2d
    adxl345.o(i.ADXL345_Calibr) refers to ddiv.o(x$fpl$ddiv) for __aeabi_ddiv
    adxl345.o(i.ADXL345_Calibr) refers to dfix.o(x$fpl$dfix) for __aeabi_d2iz
    adxl345.o(i.ADXL345_Calibr) refers to adxl345.o(.data) for accel_xSum
    adxl345.o(i.ADXL345_DMA_Init) refers to adxl345.o(i.NVIC_SetPriority) for NVIC_SetPriority
    adxl345.o(i.ADXL345_DMA_Init) refers to adxl345.o(i.NVIC_EnableIRQ) for NVIC_EnableIRQ
    adxl345.o(i.ADXL345_DMA_Init) refers to adxl345.o(.bss) for accel
    adxl345.o(i.ADXL345_DMA_Init) refers to adxl345.o(.data) for accelRegisters
    adxl345.o(i.ADXL345_GetAccel) refers to adxl345.o(i.NSS_Low) for NSS_Low
    adxl345.o(i.ADXL345_GetAccel) refers to adxl345.o(i.ADXL345_Read) for ADXL345_Read
    adxl345.o(i.ADXL345_GetAccel) refers to adxl345.o(i.NSS_High) for NSS_High
    adxl345.o(i.ADXL345_Init) refers to adxl345.o(i.ADXL345_AccelVCCInit) for ADXL345_AccelVCCInit
    adxl345.o(i.ADXL345_Init) refers to adxl345.o(i.SPI2_Init) for SPI2_Init
    adxl345.o(i.ADXL345_Init) refers to adxl345.o(i.NSS_Low) for NSS_Low
    adxl345.o(i.ADXL345_Init) refers to adxl345.o(i.ADXL345_Read) for ADXL345_Read
    adxl345.o(i.ADXL345_Init) refers to adxl345.o(i.ADXL345_Write) for ADXL345_Write
    adxl345.o(i.ADXL345_Init) refers to adxl345.o(i.NSS_High) for NSS_High
    adxl345.o(i.ADXL345_Init) refers to adxl345.o(.data) for curFreq
    adxl345.o(i.ADXL345_Read) refers to adxl345.o(i.SPI1_Transfer) for SPI1_Transfer
    adxl345.o(i.ADXL345_Write) refers to adxl345.o(i.SPI1_Transfer) for SPI1_Transfer
    adxl345.o(i.Accel_EXTI_Init) refers to adxl345.o(i.NVIC_SetPriority) for NVIC_SetPriority
    adxl345.o(i.Accel_EXTI_Init) refers to adxl345.o(i.NVIC_EnableIRQ) for NVIC_EnableIRQ
    adxl345.o(i.DMA1_Stream3_IRQHandler) refers to adxl345.o(i.ADXL345_DMA_Init) for ADXL345_DMA_Init
    adxl345.o(i.DMA1_Stream3_IRQHandler) refers to adxl345.o(i.NSS_High) for NSS_High
    adxl345.o(i.DMA1_Stream3_IRQHandler) refers to adxl345.o(i.updateFreq) for updateFreq
    adxl345.o(i.DMA1_Stream3_IRQHandler) refers to adxl345.o(.bss) for accel
    adxl345.o(i.DMA1_Stream3_IRQHandler) refers to main.o(.data) for ax
    adxl345.o(i.DMA1_Stream3_IRQHandler) refers to adxl345.o(.data) for accelCalibrationOn
    adxl345.o(i.DMA1_Stream3_IRQHandler) refers to processing.o(.bss) for axHistory
    adxl345.o(i.DMA1_Stream3_IRQHandler) refers to processing.o(.data) for axHistoryIndex
    adxl345.o(i.EXTI1_IRQHandler) refers to adxl345.o(i.NSS_Low) for NSS_Low
    adxl345.o(i.EXTI1_IRQHandler) refers to adxl345.o(i.ADXL345_DMA_Init) for ADXL345_DMA_Init
    adxl345.o(i.NSS_High) refers to adxl345.o(.data) for SPI2_NSS
    adxl345.o(i.NSS_Low) refers to adxl345.o(.data) for SPI2_NSS
    adxl345.o(i.SPI2_GPIO_Init) refers to adxl345.o(i.NSS_High) for NSS_High
[...]
    i.SystemInit                             0x080028c8   Section        0  system_stm32f4xx.o(i.SystemInit)
    i.TIM1_BRK_TIM9_IRQHandler               0x08002964   Section        0  motors.o(i.TIM1_BRK_TIM9_IRQHandler)
    i.TIM2_IRQHandler                        0x08002998   Section        0  adxrs453.o(i.TIM2_IRQHandler)
    i.TIM3_IRQHandler                        0x080029bc   Section        0  motors.o(i.TIM3_IRQHandler)
    i.TIM5_IRQHandler                        0x08002b1c   Section        0  motors.o(i.TIM5_IRQHandler)
    i.TIM7_IRQHandler                        0x08002b50   Section        0  processing.o(i.TIM7_IRQHandler)
    i.Telemetry_DMA_Init                     0x08002d30   Section        0  telemetry.o(i.Telemetry_DMA_Init)
    i.USART1_IRQHandler                      0x08002d88   Section        0  telemetry.o(i.USART1_IRQHandler)
    i.USART_Init                             0x08003480   Section        0  telemetry.o(i.USART_Init)
    i.__ARM_fpclassify                       0x08003584   Section        0  fpclassify.o(i.__ARM_fpclassify)
    i.__hardfp_atan                          0x080035b8   Section        0  atan.o(i.__hardfp_atan)
    i.__hardfp_exp                           0x08003890   Section        0  exp.o(i.__hardfp_exp)
    i.__hardfp_fabs                          0x08003be8   Section        0  fabs.o(i.__hardfp_fabs)
    i.__hardfp_sin                           0x08003c00   Section        0  sin.o(i.__hardfp_sin)
    i.__hardfp_sqrt                          0x08003cc8   Section        0  sqrt.o(i.__hardfp_sqrt)
    i.__ieee754_rem_pio2                     0x08003d48   Section        0  rred.o(i.__ieee754_rem_pio2)
    i.__kernel_cos                           0x08004180   Section        0  cos_i.o(i.__kernel_cos)
    i.__kernel_poly                          0x080042f0   Section        0  poly.o(i.__kernel_poly)
    i.__kernel_sin                           0x080043e8   Section        0  sin_i.o(i.__kernel_sin)
    i.__mathlib_dbl_infnan                   0x08004518   Section        0  dunder.o(i.__mathlib_dbl_infnan)
    i.__mathlib_dbl_invalid                  0x08004530   Section        0  dunder.o(i.__mathlib_dbl_invalid)
    i.__mathlib_dbl_overflow                 0x08004550   Section        0  dunder.o(i.__mathlib_dbl_overflow)
    i.__mathlib_dbl_underflow                0x08004570   Section        0  dunder.o(i.__mathlib_dbl_underflow)
    i._is_digit                              0x08004590   Section        0  __printf_wp.o(i._is_digit)
    i.calcAngVel                             0x080045a0   Section        0  processing.o(i.calcAngVel)
    i.calcAngle                              0x08004644   Section        0  processing.o(i.calcAngle)
    i.calcPwms                               0x08004768   Section        0  processing.o(i.calcPwms)
    i.chooseRoot                             0x08004860   Section        0  processing.o(i.chooseRoot)
    i.control                                0x080049e0   Section        0  processing.o(i.control)
    i.delay                                  0x08004b64   Section        0  gyro.o(i.delay)
    i.fabs                                   0x08004b7a   Section        0  fabs.o(i.fabs)
    i.gCheck                                 0x08004b94   Section        0  processing.o(i.gCheck)
    i.getFinalData                           0x08004c3c   Section        0  processing.o(i.getFinalData)
    i.initWaitingForFloat                    0x08004cc8   Section        0  telemetry.o(i.initWaitingForFloat)
    i.initWaitingForInt                      0x08004d0c   Section        0  telemetry.o(i.initWaitingForInt)
    i.lowpass                                0x08004d38   Section        0  processing.o(i.lowpass)
    i.main                                   0x08004d8c   Section        0  main.o(i.main)
    i.simplestControl                        0x08004f54   Section        0  processing.o(i.simplestControl)
    i.turnOffUselessMotor                    0x0800507c   Section        0  processing.o(i.turnOffUselessMotor)
    i.updateFreq                             0x0800513c   Section        0  adxl345.o(i.updateFreq)
    locale$$code                             0x08005168   Section       44  lc_numeric_c.o(locale$$code)
    x$fpl$basic                              0x08005194   Section       24  basic.o(x$fpl$basic)
    $v0                                      0x08005194   Number         0  basic.o(x$fpl$basic)
    x$fpl$d2f                                0x080051ac   Section       98  d2f.o(x$fpl$d2f)
    $v0                                      0x080051ac   Number         0  d2f.o(x$fpl$d2f)
    x$fpl$dadd                               0x08005210   Section      336  daddsub_clz.o(x$fpl$dadd)
    $v0                                      0x08005210   Number         0  daddsub_clz.o(x$fpl$dadd)
    _dadd1                                   0x08005221   Thumb Code     0  daddsub_clz.o(x$fpl$dadd)
    x$fpl$dcmpinf                            0x08005360   Section       24  dcmpi.o(x$fpl$dcmpinf)
    $v0                                      0x08005360   Number         0  dcmpi.o(x$fpl$dcmpinf)
    x$fpl$ddiv                               0x08005378   Section      688  ddiv.o(x$fpl$ddiv)
    $v0                                      0x08005378   Number         0  ddiv.o(x$fpl$ddiv)
    ddiv_entry                               0x0800537f   Thumb Code     0  ddiv.o(x$fpl$ddiv)
    x$fpl$dfix                               0x08005628   Section       94  dfix.o(x$fpl$dfix)
    $v0                                      0x08005628   Number         0  dfix.o(x$fpl$dfix)
    x$fpl$dflt                               0x08005686   Section       46  dflt_clz.o(x$fpl$dflt)
    $v0                                      0x08005686   Number         0  dflt_clz.o(x$fpl$dflt)
    x$fpl$dfltu                              0x080056b4   Section       38  dflt_clz.o(x$fpl$dfltu)
    $v0                                      0x080056b4   Number         0  dflt_clz.o(x$fpl$dfltu)
    x$fpl$dleqf                              0x080056dc   Section      120  dleqf.o(x$fpl$dleqf)
    $v0                                      0x080056dc   Number         0  dleqf.o(x$fpl$dleqf)
    x$fpl$dmul                               0x08005754   Section      340  dmul.o(x$fpl$dmul)
    $v0                                      0x08005754   Number         0  dmul.o(x$fpl$dmul)
    x$fpl$dnaninf                            0x080058a8   Section      156  dnaninf.o(x$fpl$dnaninf)
    $v0                                      0x080058a8   Number         0  dnaninf.o(x$fpl$dnaninf)
    x$fpl$dretinf                            0x08005944   Section       12  dretinf.o(x$fpl$dretinf)
    $v0                                      0x08005944   Number         0  dretinf.o(x$fpl$dretinf)
    x$fpl$drleqf                             0x08005950   Section      108  drleqf.o(x$fpl$drleqf)
    $v0                                      0x08005950   Number         0  drleqf.o(x$fpl$drleqf)
    x$fpl$drsb                               0x080059bc   Section       22  daddsub_clz.o(x$fpl$drsb)
    $v0                                      0x080059bc   Number         0  daddsub_clz.o(x$fpl$drsb)
    x$fpl$dsqrt                              0x080059d4   Section      408  dsqrt_umaal.o(x$fpl$dsqrt)
    $v0                                      0x080059d4   Number         0  dsqrt_umaal.o(x$fpl$dsqrt)
    x$fpl$dsub                               0x08005b6c   Section      468  daddsub_clz.o(x$fpl$dsub)
    $v0                                      0x08005b6c   Number         0  daddsub_clz.o(x$fpl$dsub)
    _dsub1                                   0x08005b7d   Thumb Code     0  daddsub_clz.o(x$fpl$dsub)
    x$fpl$f2d                                0x08005d40   Section       86  f2d.o(x$fpl$f2d)
    $v0                                      0x08005d40   Number         0  f2d.o(x$fpl$f2d)
    x$fpl$fnaninf                            0x08005d96   Section      140  fnaninf.o(x$fpl$fnaninf)
    $v0                                      0x08005d96   Number         0  fnaninf.o(x$fpl$fnaninf)
    x$fpl$fpinit                             0x08005e22   Section       10  fpinit.o(x$fpl$fpinit)
    $v0                                      0x08005e22   Number         0  fpinit.o(x$fpl$fpinit)
    x$fpl$fretinf                            0x08005e2c   Section       10  fretinf.o(x$fpl$fretinf)
    $v0                                      0x08005e2c   Number         0  fretinf.o(x$fpl$fretinf)
    x$fpl$printf1                            0x08005e36   Section        4  printf1.o(x$fpl$printf1)
    $v0                                      0x08005e36   Number         0  printf1.o(x$fpl$printf1)
    x$fpl$usenofp                            0x08005e3a   Section        0  usenofp.o(x$fpl$usenofp)
    .constdata                               0x08005e40   Section      152  atan.o(.constdata)
    atanhi                                   0x08005e40   Data          32  atan.o(.constdata)
    atanlo                                   0x08005e60   Data          32  atan.o(.constdata)
    aTodd                                    0x08005e80   Data          40  atan.o(.constdata)
    aTeven                                   0x08005ea8   Data          48  atan.o(.constdata)
    .constdata                               0x08005ed8   Section       88  exp.o(.constdata)
    halF                                     0x08005ed8   Data          16  exp.o(.constdata)
    ln2HI                                    0x08005ee8   Data          16  exp.o(.constdata)
    ln2LO                                    0x08005ef8   Data          16  exp.o(.constdata)
    P                                        0x08005f08   Data          40  exp.o(.constdata)
    .constdata                               0x08005f30   Section       48  cos_i.o(.constdata)
    C                                        0x08005f30   Data          48  cos_i.o(.constdata)
    .constdata                               0x08005f60   Section      200  rred.o(.constdata)
    pio2s                                    0x08005f60   Data          48  rred.o(.constdata)
    twooverpi                                0x08005f90   Data         152  rred.o(.constdata)
    .constdata                               0x08006028   Section       40  sin_i.o(.constdata)
    S                                        0x08006028   Data          40  sin_i.o(.constdata)
    .constdata                               0x08006050   Section      148  bigflt0.o(.constdata)
    tenpwrs_x                                0x08006050   Data          60  bigflt0.o(.constdata)
    tenpwrs_i                                0x0800608c   Data          64  bigflt0.o(.constdata)
    locale$$data                             0x08006104   Section       28  lc_numeric_c.o(locale$$data)
    __lcnum_c_name                           0x08006108   Data           2  lc_numeric_c.o(locale$$data)
    __lcnum_c_start                          0x08006110   Data           0  lc_numeric_c.o(locale$$data)
    __lcnum_c_point                          0x0800611c   Data           0  lc_numeric_c.o(locale$$data)
    __lcnum_c_thousands                      0x0800611e   Data           0  lc_numeric_c.o(locale$$data)
    __lcnum_c_grouping                       0x0800611f   Data           0  lc_numeric_c.o(locale$$data)
    __lcnum_c_end                            0x08006120   Data           0  lc_numeric_c.o(locale$$data)
    .data                                    0x20000000   Section       68  main.o(.data)
    .data                                    0x20000044   Section       52  adxl345.o(.data)
    .data                                    0x20000078   Section       49  telemetry.o(.data)
    .data                                    0x200000ac   Section     1252  processing.o(.data)
    .data                                    0x20000590   Section       42  motors.o(.data)
    .data                                    0x200005bc   Section       65  gyro.o(.data)
    .data                                    0x20000600   Section       34  adxrs453.o(.data)
    .bss                                     0x20000624   Section       12  adxl345.o(.bss)
    .bss                                     0x20000630   Section      200  telemetry.o(.bss)
    .bss                                     0x200006f8   Section     2068  processing.o(.bss)
    .bss                                     0x20000f0c   Section       96  libspace.o(.bss)
    HEAP                                     0x20000f70   Section      512  startup_stm32f407xx.o(HEAP)
    Heap_Mem                                 0x20000f70   Data         512  startup_stm32f407xx.o(HEAP)
    STACK                                    0x20001170   Section     1024  startup_stm32f407xx.o(STACK)
    Stack_Mem                                0x20001170   Data        1024  startup_stm32f407xx.o(STACK)
    __initial_sp                             0x20001570   Data           0  startup_stm32f407xx.o(STACK)

    Global Symbols

    Symbol Name                              Value     Ov Type        Size  Object(Section)

    BuildAttributes$$THM_ISAv4$E$P$D$K$B$S$7EM$VFPi3$EXTD16$VFPS$VFMA$PE$A:L22UL41UL21$X:L11$S22US41US21$IEEE1$IW$USESV6$~STKCKD$USESV7$~SHL$OTIME$ROPI$IEEEX$EBA8$UX$STANDARDLIB$REQ8$PRES8$EABIv2 0x00000000   Number         0  anon$$obj.o ABSOLUTE
    __ARM_use_no_argv                        0x00000000   Number         0  main.o ABSOLUTE
    _printf_flags                            0x00000000   Number         0  printf_stubs.o ABSOLUTE
    _printf_return_value                     0x00000000   Number         0  printf_stubs.o ABSOLUTE
    _printf_sizespec                         0x00000000   Number         0  printf_stubs.o ABSOLUTE
    _printf_widthprec                        0x00000000   Number         0  printf_stubs.o ABSOLUTE
    __ARM_exceptions_init                     - Undefined Weak Reference
    __alloca_initialize                       - Undefined Weak Reference
    __arm_preinit_                            - Undefined Weak Reference
    __cpp_initialize__aeabi_                  - Undefined Weak Reference
    __cxa_finalize                            - Undefined Weak Reference
    __sigvec_lookup                           - Undefined Weak Reference
    __user_heap_extent                        - Undefined Weak Reference
    _atexit_init                              - Undefined Weak Reference
    _call_atexit_fns                          - Undefined Weak Reference
    _clock_init                               - Undefined Weak Reference
    _fp_trap_init                             - Undefined Weak Reference
    _fp_trap_shutdown                         - Undefined Weak Reference
    _get_lc_collate                           - Undefined Weak Reference
    _get_lc_ctype                             - Undefined Weak Reference
    _get_lc_monetary                          - Undefined Weak Reference
    _get_lc_time                              - Undefined Weak Reference
    _getenv_init                              - Undefined Weak Reference
    _handle_redirection                       - Undefined Weak Reference
    _initio                                   - Undefined Weak Reference
    _mutex_acquire                            - Undefined Weak Reference
    _mutex_free                               - Undefined Weak Reference
    _mutex_release                            - Undefined Weak Reference
    _printf_post_padding                      - Undefined Weak Reference
    _printf_pre_padding                       - Undefined Weak Reference
    _rand_init                                - Undefined Weak Reference
    _signal_finish                            - Undefined Weak Reference
    _signal_init                              - Undefined Weak Reference
    _terminateio                              - Undefined Weak Reference
    __Vectors_Size                           0x00000188   Number         0  startup_stm32f407xx.o ABSOLUTE
    __Vectors                                0x08000000   Data           4  startup_stm32f407xx.o(RESET)
    __Vectors_End                            0x08000188   Data           0  startup_stm32f407xx.o(RESET)
    __main                                   0x08000189   Thumb Code     8  __main.o(!!!main)
    __scatterload                            0x08000191   Thumb Code     0  __scatter.o(!!!scatter)
    __scatterload_rt2                        0x08000191   Thumb Code    44  __scatter.o(!!!scatter)
    __scatterload_rt2_thumb_only             0x08000191   Thumb Code     0  __scatter.o(!!!scatter)
    __scatterload_null                       0x0800019f   Thumb Code     0  __scatter.o(!!!scatter)
    __decompress                             0x080001c5   Thumb Code   100  __dclz77c.o(!!dclz77c)
    __decompress2                            0x080001c5   Thumb Code     0  __dclz77c.o(!!dclz77c)
    __scatterload_zeroinit                   0x08000229   Thumb Code    28  __scatter_zi.o(!!handler_zi)
    _printf_f                                0x08000245   Thumb Code     0  _printf_f.o(.ARM.Collect$$_printf_percent$$00000003)
    _printf_percent                          0x08000245   Thumb Code     0  _printf_percent.o(.ARM.Collect$$_printf_percent$$00000000)
    _printf_d                                0x0800024b   Thumb Code     0  _printf_d.o(.ARM.Collect$$_printf_percent$$00000009)
    _printf_percent_end                      0x08000251   Thumb Code     0  _printf_percent_end.o(.ARM.Collect$$_printf_percent$$00000017)
    __rt_lib_init                            0x08000255   Thumb Code     0  libinit.o(.ARM.Collect$$libinit$$00000000)
    __rt_lib_init_fp_1                       0x08000257   Thumb Code     0  libinit2.o(.ARM.Collect$$libinit$$00000001)
    __rt_lib_init_heap_1                     0x0800025b   Thumb Code     0  libinit2.o(.ARM.Collect$$libinit$$0000000A)
    __rt_lib_init_lc_common                  0x0800025b   Thumb Code     0  libinit2.o(.ARM.Collect$$libinit$$0000000F)
    __rt_lib_init_preinit_1                  0x0800025b   Thumb Code     0  libinit2.o(.ARM.Collect$$libinit$$00000004)
    __rt_lib_init_rand_1                     0x0800025b   Thumb Code     0  libinit2.o(.ARM.Collect$$libinit$$0000000E)
    __rt_lib_init_user_alloc_1               0x0800025b   Thumb Code     0  libinit2.o(.ARM.Collect$$libinit$$0000000C)
    __rt_lib_init_lc_collate_1               0x08000261   Thumb Code     0  libinit2.o(.ARM.Collect$$libinit$$00000011)
    __rt_lib_init_lc_ctype_1                 0x08000261   Thumb Code     0  libinit2.o(.ARM.Collect$$libinit$$00000013)
    __rt_lib_init_lc_monetary_1              0x08000261   Thumb Code     0  libinit2.o(.ARM.Collect$$libinit$$00000015)
    __rt_lib_init_lc_numeric_2               0x08000261   Thumb Code     0  libinit2.o(.ARM.Collect$$libinit$$00000016)
    __rt_lib_init_alloca_1                   0x0800026b   Thumb Code     0  libinit2.o(.ARM.Collect$$libinit$$0000002E)
    __rt_lib_init_argv_1                     0x0800026b   Thumb Code     0  libinit2.o(.ARM.Collect$$libinit$$0000002C)
    __rt_lib_init_atexit_1                   0x0800026b   Thumb Code     0  libinit2.o(.ARM.Collect$$libinit$$0000001B)
    __rt_lib_init_clock_1                    0x0800026b   Thumb Code     0  libinit2.o(.ARM.Collect$$libinit$$00000021)
    __rt_lib_init_cpp_1                      0x0800026b   Thumb Code     0  libinit2.o(.ARM.Collect$$libinit$$00000032)
    __rt_lib_init_exceptions_1               0x0800026b   Thumb Code     0  libinit2.o(.ARM.Collect$$libinit$$00000030)
    __rt_lib_init_fp_trap_1                  0x0800026b   Thumb Code     0  libinit2.o(.ARM.Collect$$libinit$$0000001F)
    __rt_lib_init_getenv_1                   0x0800026b   Thumb Code     0  libinit2.o(.ARM.Collect$$libinit$$00000023)
    __rt_lib_init_lc_numeric_1               0x0800026b   Thumb Code     0  libinit2.o(.ARM.Collect$$libinit$$00000017)
    __rt_lib_init_lc_time_1                  0x0800026b   Thumb Code     0  libinit2.o(.ARM.Collect$$libinit$$00000019)
    __rt_lib_init_return                     0x0800026b   Thumb Code     0  libinit2.o(.ARM.Collect$$libinit$$00000033)
    __rt_lib_init_signal_1                   0x0800026b   Thumb Code     0  libinit2.o(.ARM.Collect$$libinit$$0000001D)
    __rt_lib_init_stdio_1                    0x0800026b   Thumb Code     0  libinit2.o(.ARM.Collect$$libinit$$00000025)
    __rt_lib_shutdown                        0x0800026d   Thumb Code     0  libshutdown.o(.ARM.Collect$$libshutdown$$00000000)
    __rt_lib_shutdown_fp_trap_1              0x0800026f   Thumb Code     0  libshutdown2.o(.ARM.Collect$$libshutdown$$00000006)
    __rt_lib_shutdown_heap_1                 0x0800026f   Thumb Code     0  libshutdown2.o(.ARM.Collect$$libshutdown$$0000000E)
    __rt_lib_shutdown_return                 0x0800026f   Thumb Code     0  libshutdown2.o(.ARM.Collect$$libshutdown$$0000000F)
    __rt_lib_shutdown_signal_1               0x0800026f   Thumb Code     0  libshutdown2.o(.ARM.Collect$$libshutdown$$00000009)
    __rt_lib_shutdown_stdio_1                0x0800026f   Thumb Code     0  libshutdown2.o(.ARM.Collect$$libshutdown$$00000003)
    __rt_lib_shutdown_user_alloc_1           0x0800026f   Thumb Code     0  libshutdown2.o(.ARM.Collect$$libshutdown$$0000000B)
    __rt_entry                               0x08000271   Thumb Code     0  __rtentry.o(.ARM.Collect$$rtentry$$00000000)
    __rt_entry_presh_1                       0x08000271   Thumb Code     0  __rtentry2.o(.ARM.Collect$$rtentry$$00000002)
    __rt_entry_sh                            0x08000271   Thumb Code     0  __rtentry4.o(.ARM.Collect$$rtentry$$00000004)
    __rt_entry_li                            0x08000277   Thumb Code     0  __rtentry2.o(.ARM.Collect$$rtentry$$0000000A)
    __rt_entry_postsh_1                      0x08000277   Thumb Code     0  __rtentry2.o(.ARM.Collect$$rtentry$$00000009)
    __rt_entry_main                          0x0800027b   Thumb Code     0  __rtentry2.o(.ARM.Collect$$rtentry$$0000000D)
    __rt_entry_postli_1                      0x0800027b   Thumb Code     0  __rtentry2.o(.ARM.Collect$$rtentry$$0000000C)
    __rt_exit                                0x08000283   Thumb Code     0  rtexit.o(.ARM.Collect$$rtexit$$00000000)
    __rt_exit_ls                             0x08000285   Thumb Code     0  rtexit2.o(.ARM.Collect$$rtexit$$00000003)
    __rt_exit_prels_1                        0x08000285   Thumb Code     0  rtexit2.o(.ARM.Collect$$rtexit$$00000002)
    __rt_exit_exit                           0x08000289   Thumb Code     0  rtexit2.o(.ARM.Collect$$rtexit$$00000004)
    Reset_Handler                            0x08000291   Thumb Code     8  startup_stm32f407xx.o(.text)
    NMI_Handler                              0x08000299   Thumb Code     2  startup_stm32f407xx.o(.text)
    HardFault_Handler                        0x0800029b   Thumb Code     2  startup_stm32f407xx.o(.text)
    MemManage_Handler                        0x0800029d   Thumb Code     2  startup_stm32f407xx.o(.text)
    BusFault_Handler                         0x0800029f   Thumb Code     2  startup_stm32f407xx.o(.text)
    UsageFault_Handler                       0x080002a1   Thumb Code     2  startup_stm32f407xx.o(.text)
    SVC_Handler                              0x080002a3   Thumb Code     2  startup_stm32f407xx.o(.text)
    DebugMon_Handler                         0x080002a5   Thumb Code     2  startup_stm32f407xx.o(.text)
    PendSV_Handler                           0x080002a7   Thumb Code     2  startup_stm32f407xx.o(.text)
    SysTick_Handler                          0x080002a9   Thumb Code     2  startup_stm32f407xx.o(.text)
    ADC_IRQHandler                           0x080002ab   Thumb Code     0  startup_stm32f407xx.o(.text)
    CAN1_RX0_IRQHandler                      0x080002ab   Thumb Code     0  startup_stm32f407xx.o(.text)
    CAN1_RX1_IRQHandler                      0x080002ab   Thumb Code     0  startup_stm32f407xx.o(.text)
    CAN1_SCE_IRQHandler                      0x080002ab   Thumb Code     0  startup_stm32f407xx.o(.text)
    CAN1_TX_IRQHandler                       0x080002ab   Thumb Code     0  startup_stm32f407xx.o(.text)
    CAN2_RX0_IRQHandler                      0x080002ab   Thumb Code     0  startup_stm32f407xx.o(.text)
    CAN2_RX1_IRQHandler                      0x080002ab   Thumb Code     0  startup_stm32f407xx.o(.text)
    CAN2_SCE_IRQHandler                      0x080002ab   Thumb Code     0  startup_stm32f407xx.o(.text)
    CAN2_TX_IRQHandler                       0x080002ab   Thumb Code     0  startup_stm32f407xx.o(.text)
    DCMI_IRQHandler                          0x080002ab   Thumb Code     0  startup_stm32f407xx.o(.text)
    DMA1_Stream1_IRQHandler                  0x080002ab   Thumb Code     0  startup_stm32f407xx.o(.text)
    DMA1_Stream6_IRQHandler                  0x080002ab   Thumb Code     0  startup_stm32f407xx.o(.text)
    DMA1_Stream7_IRQHandler                  0x080002ab   Thumb Code     0  startup_stm32f407xx.o(.text)
    DMA2_Stream0_IRQHandler                  0x080002ab   Thumb Code     0  startup_stm32f407xx.o(.text)
    DMA2_Stream1_IRQHandler                  0x080002ab   Thumb Code     0  startup_stm32f407xx.o(.text)
    DMA2_Stream2_IRQHandler                  0x080002ab   Thumb Code     0  startup_stm32f407xx.o(.text)
    DMA2_Stream3_IRQHandler                  0x080002ab   Thumb Code     0  startup_stm32f407xx.o(.text)
    DMA2_Stream4_IRQHandler                  0x080002ab   Thumb Code     0  startup_stm32f407xx.o(.text)
    DMA2_Stream5_IRQHandler                  0x080002ab   Thumb Code     0  startup_stm32f407xx.o(.text)
    DMA2_Stream6_IRQHandler                  0x080002ab   Thumb Code     0  startup_stm32f407xx.o(.text)
    ETH_IRQHandler                           0x080002ab   Thumb Code     0  startup_stm32f407xx.o(.text)
    ETH_WKUP_IRQHandler                      0x080002ab   Thumb Code     0  startup_stm32f407xx.o(.text)
    EXTI0_IRQHandler                         0x080002ab   Thumb Code     0  startup_stm32f407xx.o(.text)
    EXTI15_10_IRQHandler                     0x080002ab   Thumb Code     0  startup_stm32f407xx.o(.text)
    EXTI9_5_IRQHandler                       0x080002ab   Thumb Code     0  startup_stm32f407xx.o(.text)
    FLASH_IRQHandler                         0x080002ab   Thumb Code     0  startup_stm32f407xx.o(.text)
    FMC_IRQHandler                           0x080002ab   Thumb Code     0  startup_stm32f407xx.o(.text)
    FPU_IRQHandler                           0x080002ab   Thumb Code     0  startup_stm32f407xx.o(.text)
    HASH_RNG_IRQHandler                      0x080002ab   Thumb Code     0  startup_stm32f407xx.o(.text)
    I2C1_ER_IRQHandler                       0x080002ab   Thumb Code     0  startup_stm32f407xx.o(.text)
    I2C2_ER_IRQHandler                       0x080002ab   Thumb Code     0  startup_stm32f407xx.o(.text)
    I2C2_EV_IRQHandler                       0x080002ab   Thumb Code     0  startup_stm32f407xx.o(.text)
    I2C3_ER_IRQHandler                       0x080002ab   Thumb Code     0  startup_stm32f407xx.o(.text)
    I2C3_EV_IRQHandler                       0x080002ab   Thumb Code     0  startup_stm32f407xx.o(.text)
    OTG_FS_IRQHandler                        0x080002ab   Thumb Code     0  startup_stm32f407xx.o(.text)
    OTG_FS_WKUP_IRQHandler                   0x080002ab   Thumb Code     0  startup_stm32f407xx.o(.text)
    OTG_HS_EP1_IN_IRQHandler                 0x080002ab   Thumb Code     0  startup_stm32f407xx.o(.text)
    OTG_HS_EP1_OUT_IRQHandler                0x080002ab   Thumb Code     0  startup_stm32f407xx.o(.text)
    OTG_HS_IRQHandler                        0x080002ab   Thumb Code     0  startup_stm32f407xx.o(.text)
    OTG_HS_WKUP_IRQHandler                   0x080002ab   Thumb Code     0  startup_stm32f407xx.o(.text)
    PVD_IRQHandler                           0x080002ab   Thumb Code     0  startup_stm32f407xx.o(.text)
    RCC_IRQHandler                           0x080002ab   Thumb Code     0  startup_stm32f407xx.o(.text)
    RTC_Alarm_IRQHandler                     0x080002ab   Thumb Code     0  startup_stm32f407xx.o(.text)
    RTC_WKUP_IRQHandler                      0x080002ab   Thumb Code     0  startup_stm32f407xx.o(.text)
    SDIO_IRQHandler                          0x080002ab   Thumb Code     0  startup_stm32f407xx.o(.text)
    SPI1_IRQHandler                          0x080002ab   Thumb Code     0  startup_stm32f407xx.o(.text)
    SPI2_IRQHandler                          0x080002ab   Thumb Code     0  startup_stm32f407xx.o(.text)
    SPI3_IRQHandler                          0x080002ab   Thumb Code     0  startup_stm32f407xx.o(.text)
    TAMP_STAMP_IRQHandler                    0x080002ab   Thumb Code     0  startup_stm32f407xx.o(.text)
    TIM1_CC_IRQHandler                       0x080002ab   Thumb Code     0  startup_stm32f407xx.o(.text)
    TIM1_TRG_COM_TIM11_IRQHandler            0x080002ab   Thumb Code     0  startup_stm32f407xx.o(.text)
    TIM1_UP_TIM10_IRQHandler                 0x080002ab   Thumb Code     0  startup_stm32f407xx.o(.text)
    TIM4_IRQHandler                          0x080002ab   Thumb Code     0  startup_stm32f407xx.o(.text)
    TIM6_DAC_IRQHandler                      0x080002ab   Thumb Code     0  startup_stm32f407xx.o(.text)
    TIM8_BRK_TIM12_IRQHandler                0x080002ab   Thumb Code     0  startup_stm32f407xx.o(.text)
    TIM8_CC_IRQHandler                       0x080002ab   Thumb Code     0  startup_stm32f407xx.o(.text)
    TIM8_TRG_COM_TIM14_IRQHandler            0x080002ab   Thumb Code     0  startup_stm32f407xx.o(.text)
    TIM8_UP_TIM13_IRQHandler                 0x080002ab   Thumb Code     0  startup_stm32f407xx.o(.text)
    UART4_IRQHandler                         0x080002ab   Thumb Code     0  startup_stm32f407xx.o(.text)
    UART5_IRQHandler                         0x080002ab   Thumb Code     0  startup_stm32f407xx.o(.text)
    USART2_IRQHandler                        0x080002ab   Thumb Code     0  startup_stm32f407xx.o(.text)
    USART3_IRQHandler                        0x080002ab   Thumb Code     0  startup_stm32f407xx.o(.text)
    USART6_IRQHandler                        0x080002ab   Thumb Code     0  startup_stm32f407xx.o(.text)
    WWDG_IRQHandler                          0x080002ab   Thumb Code     0  startup_stm32f407xx.o(.text)
    __user_initial_stackheap                 0x080002ad   Thumb Code     0  startup_stm32f407xx.o(.text)
    __2sprintf                               0x080002d1   Thumb Code    34  noretval__2sprintf.o(.text)
    _printf_truncate_signed                  0x080002f9   Thumb Code    18  _printf_truncate.o(.text)
    _printf_truncate_unsigned                0x0800030b   Thumb Code    18  _printf_truncate.o(.text)
    _printf_int_dec                          0x0800031d   Thumb Code   104  _printf_dec.o(.text)
    __printf                                 0x08000395   Thumb Code   352  __printf_ss_wp.o(.text)
    strlen                                   0x080004f5   Thumb Code    62  strlen.o(.text)
    __use_two_region_memory                  0x08000533   Thumb Code     2  heapauxi.o(.text)
    __rt_heap_escrow                         0x08000535   Thumb Code     2  heapauxi.o(.text)
    __rt_heap_expand                         0x08000537   Thumb Code     2  heapauxi.o(.text)
    __read_errno                             0x08000539   Thumb Code    10  _rserrno.o(.text)
    __set_errno                              0x08000543   Thumb Code    12  _rserrno.o(.text)
    _printf_int_common                       0x0800054f   Thumb Code   178  _printf_intcommon.o(.text)
    __lib_sel_fp_printf                      0x08000601   Thumb Code     2  _printf_fp_dec.o(.text)
    _printf_fp_dec_real                      0x080007af   Thumb Code   620  _printf_fp_dec.o(.text)
    _printf_char_common                      0x08000a27   Thumb Code    32  _printf_char_common.o(.text)
    _sputc                                   0x08000a4d   Thumb Code    10  _sputc.o(.text)
    __user_libspace                          0x08000a59   Thumb Code     8  libspace.o(.text)
    __user_perproc_libspace                  0x08000a59   Thumb Code     0  libspace.o(.text)
    __user_perthread_libspace                0x08000a59   Thumb Code     0  libspace.o(.text)
    __rt_locale                              0x08000a61   Thumb Code     8  rt_locale_intlibspace.o(.text)
    __aeabi_errno_addr                       0x08000a69   Thumb Code     8  rt_errno_addr_intlibspace.o(.text)
    __errno$intlibspace                      0x08000a69   Thumb Code     0  rt_errno_addr_intlibspace.o(.text)
    __rt_errno_addr$intlibspace              0x08000a69   Thumb Code     0  rt_errno_addr_intlibspace.o(.text)
    _ll_udiv10                               0x08000a71   Thumb Code   138  lludiv10.o(.text)
    _printf_fp_infnan                        0x08000afd   Thumb Code   112  _printf_fp_infnan.o(.text)
    _btod_etento                             0x08000b7d   Thumb Code   216  bigflt0.o(.text)
    __I$use$semihosting                      0x08000c59   Thumb Code     0  use_no_semi.o(.text)
    __use_no_semihosting_swi                 0x08000c59   Thumb Code     2  use_no_semi.o(.text)
    __semihosting_library_function           0x08000c5b   Thumb Code     0  indicate_semi.o(.text)
    __user_setup_stackheap                   0x08000c5b   Thumb Code    74  sys_stackheap_outer.o(.text)
    exit                                     0x08000ca5   Thumb Code    12  exit.o(.text)
    strcmp                                   0x08000cb1   Thumb Code   128  strcmpv7m.o(.text)
    _sys_exit                                0x08000d31   Thumb Code     8  sys_exit.o(.text)
    _btod_d2e                                0x08000d3d   Thumb Code    62  btod.o(CL$$btod_d2e)
    _d2e_denorm_low                          0x08000d7b   Thumb Code    70  btod.o(CL$$btod_d2e_denorm_low)
    _d2e_norm_op1                            0x08000dc1   Thumb Code    96  btod.o(CL$$btod_d2e_norm_op1)
    __btod_div_common                        0x08000e21   Thumb Code   696  btod.o(CL$$btod_div_common)
    _e2e                                     0x08001159   Thumb Code   198  btod.o(CL$$btod_e2e)
    _btod_ediv                               0x0800121f   Thumb Code    40  btod.o(CL$$btod_ediv)
    _btod_emul                               0x08001247   Thumb Code    40  btod.o(CL$$btod_emul)
    __btod_mult_common                       0x0800126f   Thumb Code   580  btod.o(CL$$btod_mult_common)
    ADXL345_AccelVCCInit                     0x080014b5   Thumb Code    92  adxl345.o(i.ADXL345_AccelVCCInit)
    ADXL345_Calibr                           0x08001519   Thumb Code    94  adxl345.o(i.ADXL345_Calibr)
    ADXL345_DMA_Init                         0x080015a1   Thumb Code    90  adxl345.o(i.ADXL345_DMA_Init)
    ADXL345_Init                             0x08001611   Thumb Code   112  adxl345.o(i.ADXL345_Init)
    ADXL345_Read                             0x08001685   Thumb Code    22  adxl345.o(i.ADXL345_Read)
    ADXL345_Write                            0x0800169b   Thumb Code    20  adxl345.o(i.ADXL345_Write)
    ADXRS_Calibr                             0x080016b1   Thumb Code    32  adxrs453.o(i.ADXRS_Calibr)
    ADXRS_DMA_Read                           0x080016e5   Thumb Code   104  adxrs453.o(i.ADXRS_DMA_Read)
    ADXRS_TIM_Init                           0x08001765   Thumb Code    84  adxrs453.o(i.ADXRS_TIM_Init)
    Accel_EXTI_Init                          0x080017c1   Thumb Code    66  adxl345.o(i.Accel_EXTI_Init)
    DMA1_Stream0_IRQHandler                  0x08001811   Thumb Code   204  gyro.o(i.DMA1_Stream0_IRQHandler)
    DMA1_Stream2_IRQHandler                  0x08001911   Thumb Code   202  adxrs453.o(i.DMA1_Stream2_IRQHandler)
    DMA1_Stream3_IRQHandler                  0x08001a0d   Thumb Code   502  adxl345.o(i.DMA1_Stream3_IRQHandler)
    DMA1_Stream4_IRQHandler                  0x08001c69   Thumb Code    34  adxl345.o(i.DMA1_Stream4_IRQHandler)
    DMA1_Stream5_IRQHandler                  0x08001c91   Thumb Code     6  adxrs453.o(i.DMA1_Stream5_IRQHandler)
    DMA2_Stream7_IRQHandler                  0x08001c9d   Thumb Code    28  telemetry.o(i.DMA2_Stream7_IRQHandler)
    Delay                                    0x08001cc1   Thumb Code    28  adxl345.o(i.Delay)
    EXTI1_IRQHandler                         0x08001cdd   Thumb Code    28  adxl345.o(i.EXTI1_IRQHandler)
    EXTI2_IRQHandler                         0x08001cfd   Thumb Code    44  motors.o(i.EXTI2_IRQHandler)
    EXTI3_IRQHandler                         0x08001d35   Thumb Code    24  gyro.o(i.EXTI3_IRQHandler)
    EXTI4_IRQHandler                         0x08001d51   Thumb Code    40  motors.o(i.EXTI4_IRQHandler)
    Gyro_DMA_Init                            0x08001d85   Thumb Code    48  gyro.o(i.Gyro_DMA_Init)
    Gyro_ReadWithInterrupt                   0x08001dc5   Thumb Code    64  gyro.o(i.Gyro_ReadWithInterrupt)
    Gyro_SingleByteWrite                     0x08001e15   Thumb Code   186  gyro.o(i.Gyro_SingleByteWrite)
    I2C1_EV_IRQHandler                       0x08001ed5   Thumb Code   124  gyro.o(i.I2C1_EV_IRQHandler)
    Motors_EXTI_Init                         0x08001f61   Thumb Code   116  motors.o(i.Motors_EXTI_Init)
    Motors_GPIO_Init                         0x08001fdd   Thumb Code   298  motors.o(i.Motors_GPIO_Init)
    Motors_Init                              0x08002121   Thumb Code    16  motors.o(i.Motors_Init)
    Motors_Run                               0x08002131   Thumb Code    20  motors.o(i.Motors_Run)
    Motors_Stop                              0x08002151   Thumb Code    20  motors.o(i.Motors_Stop)
    Motors_TIM_Init                          0x0800216d   Thumb Code   236  motors.o(i.Motors_TIM_Init)
    NSS_High                                 0x0800226d   Thumb Code    20  adxl345.o(i.NSS_High)
    NSS_Low                                  0x08002289   Thumb Code    20  adxl345.o(i.NSS_Low)
    Processing_TIM_Init                      0x0800238d   Thumb Code   108  processing.o(i.Processing_TIM_Init)
    RCC_Init                                 0x08002405   Thumb Code    46  main.o(i.RCC_Init)
    SPI1_Transfer                            0x08002445   Thumb Code    46  adxl345.o(i.SPI1_Transfer)
    SPI2_GPIO_Init                           0x08002479   Thumb Code   226  adxl345.o(i.SPI2_GPIO_Init)
    SPI2_Init                                0x08002571   Thumb Code    98  adxl345.o(i.SPI2_Init)
    SPI3_GPIO_Init                           0x080025d9   Thumb Code   262  adxrs453.o(i.SPI3_GPIO_Init)
    SPI3_Init                                0x080026f9   Thumb Code    78  adxrs453.o(i.SPI3_Init)
    SPI3_NSS_High                            0x0800274d   Thumb Code    20  adxrs453.o(i.SPI3_NSS_High)
    SPI3_NSS_Low                             0x08002769   Thumb Code    20  adxrs453.o(i.SPI3_NSS_Low)
    SendTelemetry                            0x08002785   Thumb Code   196  telemetry.o(i.SendTelemetry)
    SystemInit                               0x080028c9   Thumb Code   140  system_stm32f4xx.o(i.SystemInit)
    TIM1_BRK_TIM9_IRQHandler                 0x08002965   Thumb Code    38  motors.o(i.TIM1_BRK_TIM9_IRQHandler)
    TIM2_IRQHandler                          0x08002999   Thumb Code    36  adxrs453.o(i.TIM2_IRQHandler)
    TIM3_IRQHandler                          0x080029bd   Thumb Code   308  motors.o(i.TIM3_IRQHandler)
    TIM5_IRQHandler                          0x08002b1d   Thumb Code    38  motors.o(i.TIM5_IRQHandler)
    TIM7_IRQHandler                          0x08002b51   Thumb Code   438  processing.o(i.TIM7_IRQHandler)
    Telemetry_DMA_Init                       0x08002d31   Thumb Code    64  telemetry.o(i.Telemetry_DMA_Init)
    USART1_IRQHandler                        0x08002d89   Thumb Code  1686  telemetry.o(i.USART1_IRQHandler)
    USART_Init                               0x08003481   Thumb Code   234  telemetry.o(i.USART_Init)
    __ARM_fpclassify                         0x08003585   Thumb Code    48  fpclassify.o(i.__ARM_fpclassify)
    __hardfp_atan                            0x080035b9   Thumb Code   622  atan.o(i.__hardfp_atan)
    __hardfp_exp                             0x08003891   Thumb Code   714  exp.o(i.__hardfp_exp)
    __hardfp_fabs                            0x08003be9   Thumb Code    20  fabs.o(i.__hardfp_fabs)
    __hardfp_sin                             0x08003c01   Thumb Code   180  sin.o(i.__hardfp_sin)
    __hardfp_sqrt                            0x08003cc9   Thumb Code   122  sqrt.o(i.__hardfp_sqrt)
    __ieee754_rem_pio2                       0x08003d49   Thumb Code   938  rred.o(i.__ieee754_rem_pio2)
    __kernel_cos                             0x08004181   Thumb Code   322  cos_i.o(i.__kernel_cos)
    __kernel_poly                            0x080042f1   Thumb Code   248  poly.o(i.__kernel_poly)
    __kernel_sin                             0x080043e9   Thumb Code   280  sin_i.o(i.__kernel_sin)
    __mathlib_dbl_infnan                     0x08004519   Thumb Code    20  dunder.o(i.__mathlib_dbl_infnan)
    __mathlib_dbl_invalid                    0x08004531   Thumb Code    24  dunder.o(i.__mathlib_dbl_invalid)
    __mathlib_dbl_overflow                   0x08004551   Thumb Code    24  dunder.o(i.__mathlib_dbl_overflow)
    __mathlib_dbl_underflow                  0x08004571   Thumb Code    24  dunder.o(i.__mathlib_dbl_underflow)
    _is_digit                                0x08004591   Thumb Code    14  __printf_wp.o(i._is_digit)
    calcAngVel                               0x080045a1   Thumb Code   126  processing.o(i.calcAngVel)
    calcAngle                                0x08004645   Thumb Code   248  processing.o(i.calcAngle)
    calcPwms                                 0x08004769   Thumb Code   214  processing.o(i.calcPwms)
    chooseRoot                               0x08004861   Thumb Code   354  processing.o(i.chooseRoot)
    control                                  0x080049e1   Thumb Code   354  processing.o(i.control)
    delay                                    0x08004b65   Thumb Code    22  gyro.o(i.delay)
    fabs                                     0x08004b7b   Thumb Code    24  fabs.o(i.fabs)
    gCheck                                   0x08004b95   Thumb Code   142  processing.o(i.gCheck)
    getFinalData                             0x08004c3d   Thumb Code    92  processing.o(i.getFinalData)
    initWaitingForFloat                      0x08004cc9   Thumb Code    44  telemetry.o(i.initWaitingForFloat)
    initWaitingForInt                        0x08004d0d   Thumb Code    26  telemetry.o(i.initWaitingForInt)
    lowpass                                  0x08004d39   Thumb Code    78  processing.o(i.lowpass)
    main                                     0x08004d8d   Thumb Code   354  main.o(i.main)
    simplestControl                          0x08004f55   Thumb Code   270  processing.o(i.simplestControl)
    turnOffUselessMotor                      0x0800507d   Thumb Code   168  processing.o(i.turnOffUselessMotor)
    updateFreq                               0x0800513d   Thumb Code    34  adxl345.o(i.updateFreq)
    _get_lc_numeric                          0x08005169   Thumb Code    44  lc_numeric_c.o(locale$$code)
    __aeabi_dneg                             0x08005195   Thumb Code     0  basic.o(x$fpl$basic)
    _dneg                                    0x08005195   Thumb Code     6  basic.o(x$fpl$basic)
    __aeabi_fneg                             0x0800519b   Thumb Code     0  basic.o(x$fpl$basic)
    _fneg                                    0x0800519b   Thumb Code     6  basic.o(x$fpl$basic)
    _dabs                                    0x080051a1   Thumb Code     6  basic.o(x$fpl$basic)
    _fabs                                    0x080051a7   Thumb Code     6  basic.o(x$fpl$basic)
    __aeabi_d2f                              0x080051ad   Thumb Code     0  d2f.o(x$fpl$d2f)
    _d2f                                     0x080051ad   Thumb Code    98  d2f.o(x$fpl$d2f)
    __aeabi_dadd                             0x08005211   Thumb Code     0  daddsub_clz.o(x$fpl$dadd)
    _dadd                                    0x08005211   Thumb Code   332  daddsub_clz.o(x$fpl$dadd)
    __fpl_dcmp_Inf                           0x08005361   Thumb Code    24  dcmpi.o(x$fpl$dcmpinf)
    __aeabi_ddiv                             0x08005379   Thumb Code     0  ddiv.o(x$fpl$ddiv)
    _ddiv                                    0x08005379   Thumb Code   552  ddiv.o(x$fpl$ddiv)
    __aeabi_d2iz                             0x08005629   Thumb Code     0  dfix.o(x$fpl$dfix)
    _dfix                                    0x08005629   Thumb Code    94  dfix.o(x$fpl$dfix)
    __aeabi_i2d                              0x08005687   Thumb Code     0  dflt_clz.o(x$fpl$dflt)
    _dflt                                    0x08005687   Thumb Code    46  dflt_clz.o(x$fpl$dflt)
    __aeabi_ui2d                             0x080056b5   Thumb Code     0  dflt_clz.o(x$fpl$dfltu)
    _dfltu                                   0x080056b5   Thumb Code    38  dflt_clz.o(x$fpl$dfltu)
    __aeabi_cdcmple                          0x080056dd   Thumb Code     0  dleqf.o(x$fpl$dleqf)
    _dcmple                                  0x080056dd   Thumb Code   120  dleqf.o(x$fpl$dleqf)
    __fpl_dcmple_InfNaN                      0x0800573f   Thumb Code     0  dleqf.o(x$fpl$dleqf)
    __aeabi_dmul                             0x08005755   Thumb Code     0  dmul.o(x$fpl$dmul)
    _dmul                                    0x08005755   Thumb Code   332  dmul.o(x$fpl$dmul)
    __fpl_dnaninf                            0x080058a9   Thumb Code   156  dnaninf.o(x$fpl$dnaninf)
    __fpl_dretinf                            0x08005945   Thumb Code    12  dretinf.o(x$fpl$dretinf)
    __aeabi_cdrcmple                         0x08005951   Thumb Code     0  drleqf.o(x$fpl$drleqf)
    _drcmple                                 0x08005951   Thumb Code   108  drleqf.o(x$fpl$drleqf)
    __aeabi_drsub                            0x080059bd   Thumb Code     0  daddsub_clz.o(x$fpl$drsb)
    _drsb                                    0x080059bd   Thumb Code    22  daddsub_clz.o(x$fpl$drsb)
    _dsqrt                                   0x080059d5   Thumb Code   404  dsqrt_umaal.o(x$fpl$dsqrt)
    __aeabi_dsub                             0x08005b6d   Thumb Code     0  daddsub_clz.o(x$fpl$dsub)
    _dsub                                    0x08005b6d   Thumb Code   464  daddsub_clz.o(x$fpl$dsub)
    __aeabi_f2d                              0x08005d41   Thumb Code     0  f2d.o(x$fpl$f2d)
    _f2d                                     0x08005d41   Thumb Code    86  f2d.o(x$fpl$f2d)
    __fpl_fnaninf                            0x08005d97   Thumb Code   140  fnaninf.o(x$fpl$fnaninf)
    _fp_init                                 0x08005e23   Thumb Code    10  fpinit.o(x$fpl$fpinit)
    __fplib_config_fpu_vfp                   0x08005e2b   Thumb Code     0  fpinit.o(x$fpl$fpinit)
    __fplib_config_pureend_doubles           0x08005e2b   Thumb Code     0  fpinit.o(x$fpl$fpinit)
    __fpl_fretinf                            0x08005e2d   Thumb Code    10  fretinf.o(x$fpl$fretinf)
    _printf_fp_dec                           0x08005e37   Thumb Code     4  printf1.o(x$fpl$printf1)
    __I$use$fp                               0x08005e3a   Number         0  usenofp.o(x$fpl$usenofp)
    Region$$Table$$Base                      0x080060e4   Number         0  anon$$obj.o(Region$$Table)
    Region$$Table$$Limit                     0x08006104   Number         0  anon$$obj.o(Region$$Table)
    ax                                       0x20000000   Data           2  main.o(.data)
    ay                                       0x20000002   Data           2  main.o(.data)
    az                                       0x20000004   Data           2  main.o(.data)
    gx                                       0x20000006   Data           2  main.o(.data)
    gy                                       0x20000008   Data           2  main.o(.data)
    gz                                       0x2000000a   Data           2  main.o(.data)
    ENGRDY                                   0x2000000c   Data           1  main.o(.data)
    STABRDY                                  0x2000000d   Data           1  main.o(.data)
    pwm1                                     0x20000010   Data           4  main.o(.data)
    pwm2                                     0x20000014   Data           4  main.o(.data)
    COUNT1                                   0x20000018   Data           4  main.o(.data)
    COUNT2                                   0x2000001c   Data           4  main.o(.data)
    F                                        0x20000020   Data           4  main.o(.data)
    Kp                                       0x20000024   Data           4  main.o(.data)
    Kd                                       0x20000028   Data           4  main.o(.data)
    Ki                                       0x2000002c   Data           4  main.o(.data)
    angle                                    0x20000030   Data           4  main.o(.data)
    angularVelocity                          0x20000034   Data           4  main.o(.data)
    filterScale                              0x20000038   Data           4  main.o(.data)
    gyroRecalibrationBufferIndex             0x2000003c   Data           2  main.o(.data)
    gyroRecalibrationAccumulator             0x20000040   Data           4  main.o(.data)
    SPI2_SCK                                 0x20000044   Data           1  adxl345.o(.data)
    SPI2_MISO                                0x20000045   Data           1  adxl345.o(.data)
    SPI2_MOSI                                0x20000046   Data           1  adxl345.o(.data)
    SPI2_NSS                                 0x20000047   Data           1  adxl345.o(.data)
    ACCEL_INT1                               0x20000048   Data           1  adxl345.o(.data)
    ACCEL_VCC                                0x20000049   Data           1  adxl345.o(.data)
    accelRegisters                           0x2000004a   Data          12  adxl345.o(.data)
    accelCalibrationOn                       0x20000056   Data           1  adxl345.o(.data)
    accelCalibrIndex                         0x20000058   Data           4  adxl345.o(.data)
    accelCalibrNumber                        0x2000005c   Data           4  adxl345.o(.data)
    accel_xSum                               0x20000060   Data           4  adxl345.o(.data)
    accel_ySum                               0x20000064   Data           4  adxl345.o(.data)
    accel_zSum                               0x20000068   Data           4  adxl345.o(.data)
    xOffset                                  0x2000006c   Data           2  adxl345.o(.data)
    yOffset                                  0x2000006e   Data           2  adxl345.o(.data)
    zOffset                                  0x20000070   Data           2  adxl345.o(.data)
    freshFreq                                0x20000072   Data           1  adxl345.o(.data)
    curFreq                                  0x20000073   Data           1  adxl345.o(.data)
    curDT                                    0x20000074   Data           4  adxl345.o(.data)
    UART1_TX                                 0x20000078   Data           1  telemetry.o(.data)
    UART1_RX                                 0x20000079   Data           1  telemetry.o(.data)
    received                                 0x2000007a   Data           1  telemetry.o(.data)
    i                                        0x2000007c   Data           4  telemetry.o(.data)
    st                                       0x20000080   Data           4  telemetry.o(.data)
    intValue                                 0x20000084   Data           4  telemetry.o(.data)
    k                                        0x20000088   Data           4  telemetry.o(.data)
    my_pow                                   0x2000008c   Data           4  telemetry.o(.data)
    d_st                                     0x20000090   Data           4  telemetry.o(.data)
    floatValue                               0x20000094   Data           4  telemetry.o(.data)
    curWaiting                               0x20000098   Data           1  telemetry.o(.data)
    curWaitingForInt                         0x20000099   Data           1  telemetry.o(.data)
    curWaitingForFloat                       0x2000009a   Data           1  telemetry.o(.data)
    telemetryOn                              0x2000009b   Data           1  telemetry.o(.data)
    recalibrate                              0x2000009c   Data           1  telemetry.o(.data)
    turnUselessOn                            0x2000009d   Data           1  telemetry.o(.data)
    gyroRecalibrationOn                      0x2000009e   Data           1  telemetry.o(.data)
    len                                      0x2000009f   Data           1  telemetry.o(.data)
    j                                        0x200000a0   Data           1  telemetry.o(.data)
    rst                                      0x200000a4   Data           4  telemetry.o(.data)
    USART_DMA_transferComleted               0x200000a8   Data           1  telemetry.o(.data)
    maxAngle                                 0x200000ac   Data           4  processing.o(.data)
    accelDeviation                           0x200000b0   Data           4  processing.o(.data)
    angleFromAccel                           0x200000b4   Data           1  processing.o(.data)
    maxAngVel                                0x200000b8   Data           4  processing.o(.data)
    research                                 0x200000bc   Data           1  processing.o(.data)
    researchIndex                            0x200000c0   Data           4  processing.o(.data)
    researchAmplitude                        0x200000c4   Data           4  processing.o(.data)
    researchFrequency                        0x200000c8   Data           4  processing.o(.data)
    processCounter                           0x200000cc   Data           1  processing.o(.data)
    adxrs_b                                  0x200000d0   Data         360  processing.o(.data)
    adxrsHistoryIndex                        0x20000238   Data           1  processing.o(.data)
    adxrsCurHistoryIndex                     0x20000239   Data           1  processing.o(.data)
    filteredVel                              0x2000023c   Data           4  processing.o(.data)
    gyro_b                                   0x20000240   Data         336  processing.o(.data)
    gxHistoryIndex                           0x20000390   Data           1  processing.o(.data)
    gxCurHistoryIndex                        0x20000391   Data           1  processing.o(.data)
    filteredGX                               0x20000394   Data           4  processing.o(.data)
    finalGX                                  0x20000398   Data           4  processing.o(.data)
    accel_b                                  0x2000039c   Data         428  processing.o(.data)
    azHistoryIndex                           0x20000548   Data           1  processing.o(.data)
    azCurHistoryIndex                        0x20000549   Data           1  processing.o(.data)
    filteredAZ                               0x2000054a   Data           2  processing.o(.data)
    finalAZ                                  0x2000054c   Data           2  processing.o(.data)
    axHistoryIndex                           0x2000054e   Data           1  processing.o(.data)
    axCurHistoryIndex                        0x2000054f   Data           1  processing.o(.data)
    filteredAX                               0x20000550   Data           2  processing.o(.data)
    finalAX                                  0x20000552   Data           2  processing.o(.data)
    finalAY                                  0x20000554   Data           2  processing.o(.data)
    doAccelProcess                           0x20000556   Data           1  processing.o(.data)
    doGyroProcess                            0x20000557   Data           1  processing.o(.data)
    doAdxrsProcess                           0x20000558   Data           1  processing.o(.data)
    lowpassOn                                0x20000559   Data           1  processing.o(.data)
    accelLowpassReady                        0x2000055a   Data           1  processing.o(.data)
    gyroLowpassReady                         0x2000055b   Data           1  processing.o(.data)
    angleIntegral                            0x2000055c   Data           4  processing.o(.data)
    angleIntegralMax                         0x20000560   Data           4  processing.o(.data)
    stabilizationOn                          0x20000564   Data           1  processing.o(.data)
    Aappr                                    0x20000568   Data           4  processing.o(.data)
    Bappr                                    0x2000056c   Data           4  processing.o(.data)
    Cappr                                    0x20000570   Data           4  processing.o(.data)
    D                                        0x20000574   Data           4  processing.o(.data)
    x1                                       0x20000578   Data           4  processing.o(.data)
    x2                                       0x2000057c   Data           4  processing.o(.data)
    identificationReady                      0x20000580   Data           1  processing.o(.data)
    boundaryAngle                            0x20000584   Data           4  processing.o(.data)
    angularVelocityHistoryIndex              0x20000588   Data           1  processing.o(.data)
    tranquilityTime                          0x20000589   Data           1  processing.o(.data)
    tranquilityCount                         0x2000058a   Data           1  processing.o(.data)
    angVelSmall                              0x2000058c   Data           4  processing.o(.data)
    MOT_PWM1                                 0x20000590   Data           1  motors.o(.data)
    MOT_PWM2                                 0x20000591   Data           1  motors.o(.data)
    MOT_FREQ1                                0x20000592   Data           1  motors.o(.data)
    MOT_FREQ2                                0x20000593   Data           1  motors.o(.data)
    minPwm                                   0x20000594   Data           4  motors.o(.data)
    maxPwm                                   0x20000598   Data           4  motors.o(.data)
    tim3_status                              0x2000059c   Data           1  motors.o(.data)
    pwm                                      0x200005a0   Data           4  motors.o(.data)
    timer                                    0x200005a4   Data           4  motors.o(.data)
    timer_1000                               0x200005a8   Data           4  motors.o(.data)
    timer_2000                               0x200005ac   Data           4  motors.o(.data)
    pwm_step                                 0x200005b0   Data           4  motors.o(.data)
    pwmstartmax                              0x200005b4   Data           4  motors.o(.data)
    Motor1Off                                0x200005b8   Data           1  motors.o(.data)
    Motor2Off                                0x200005b9   Data           1  motors.o(.data)
    I2C1_SCL                                 0x200005bc   Data           1  gyro.o(.data)
    I2C1_SDA                                 0x200005bd   Data           1  gyro.o(.data)
    gyroFreshFreq                            0x200005be   Data           1  gyro.o(.data)
    gyroCurFreq                              0x200005bf   Data           1  gyro.o(.data)
    gyroCurDT                                0x200005c0   Data           4  gyro.o(.data)
    gyroAngle                                0x200005c4   Data           4  gyro.o(.data)
    gyro                                     0x200005c8   Data           6  gyro.o(.data)
    gyroRegisters                            0x200005ce   Data           6  gyro.o(.data)
    GYRO_ADDR                                0x200005d4   Data           1  gyro.o(.data)
    read                                     0x200005d5   Data           1  gyro.o(.data)
    addr                                     0x200005d6   Data           1  gyro.o(.data)
    gyro_val                                 0x200005d7   Data           1  gyro.o(.data)
    gyroIndex                                0x200005d8   Data           1  gyro.o(.data)
    gyroCalibrationOn                        0x200005d9   Data           1  gyro.o(.data)
    calibrIndex                              0x200005dc   Data           4  gyro.o(.data)
    calibrNumber                             0x200005e0   Data           4  gyro.o(.data)
    xSum                                     0x200005e4   Data           4  gyro.o(.data)
    ySum                                     0x200005e8   Data           4  gyro.o(.data)
    zSum                                     0x200005ec   Data           4  gyro.o(.data)
    gyro_xOffset                             0x200005f0   Data           4  gyro.o(.data)
    gyro_yOffset                             0x200005f4   Data           4  gyro.o(.data)
    gyro_zOffset                             0x200005f8   Data           4  gyro.o(.data)
    gyroProcessCounter                       0x200005fc   Data           1  gyro.o(.data)
    SPI3_SCK                                 0x20000600   Data           1  adxrs453.o(.data)
    SPI3_MISO                                0x20000601   Data           1  adxrs453.o(.data)
    SPI3_MOSI                                0x20000602   Data           1  adxrs453.o(.data)
    SPI3_NSS                                 0x20000603   Data           1  adxrs453.o(.data)
    adxrs_Sum                                0x20000604   Data           4  adxrs453.o(.data)
    adxrs_CalibrIndex                        0x20000608   Data           2  adxrs453.o(.data)
    adxrs_CalibrNumber                       0x2000060a   Data           2  adxrs453.o(.data)
    adxrs_CalibrationOn                      0x2000060c   Data           1  adxrs453.o(.data)
    adxrs_Offset                             0x20000610   Data           4  adxrs453.o(.data)
    adxrsCommands                            0x20000614   Data           4  adxrs453.o(.data)
    adxrsResponses                           0x20000618   Data           4  adxrs453.o(.data)
    transferFinished                         0x2000061c   Data           1  adxrs453.o(.data)
    adxrs_data                               0x2000061e   Data           2  adxrs453.o(.data)
    adxrsProcessCounter                      0x20000620   Data           1  adxrs453.o(.data)
    adxrsLowpassReady                        0x20000621   Data           1  adxrs453.o(.data)
    accel                                    0x20000624   Data          12  adxl345.o(.bss)
    str                                      0x20000630   Data         100  telemetry.o(.bss)
    tele                                     0x20000694   Data         100  telemetry.o(.bss)
    adxrsHistory                             0x200006f8   Data         512  processing.o(.bss)
    gxHistory                                0x200008f8   Data         512  processing.o(.bss)
    azHistory                                0x20000af8   Data         512  processing.o(.bss)
    axHistory                                0x20000cf8   Data         512  processing.o(.bss)
    angularVelocityHistory                   0x20000ef8   Data          20  processing.o(.bss)
    __libspace_start                         0x20000f0c   Data          96  libspace.o(.bss)
    __temporary_stack_top$libspace           0x20000f6c   Data           0  libspace.o(.bss)



==============================================================================

Memory Map of the image

  Image Entry point : 0x08000291

  Load Region LR_1 (Base: 0x08000000, Size: 0x00006744, Max: 0xffffffff, ABSOLUTE, COMPRESSED[0x00006528])

    Execution Region ER_RO (Base: 0x08000000, Size: 0x00006120, Max: 0xffffffff, ABSOLUTE)

    Base Addr    Size         Type   Attr      Idx    E Section Name        Object

    0x08000000   0x00000188   Data   RO          873    RESET               startup_stm32f407xx.o
    0x08000188   0x00000008   Code   RO         1017  * !!!main             c_w.l(__main.o)
    0x08000190   0x00000034   Code   RO         1416    !!!scatter          c_w.l(__scatter.o)
    0x080001c4   0x00000064   Code   RO         1414    !!dclz77c           c_w.l(__dclz77c.o)
    0x08000228   0x0000001c   Code   RO         1418    !!handler_zi        c_w.l(__scatter_zi.o)
    0x08000244   0x00000000   Code   RO         1010    .ARM.Collect$$_printf_percent$$00000000  c_w.l(_printf_percent.o)
    0x08000244   0x00000006   Code   RO         1009    .ARM.Collect$$_printf_percent$$00000003  c_w.l(_printf_f.o)
    0x0800024a   0x00000006   Code   RO         1008    .ARM.Collect$$_printf_percent$$00000009  c_w.l(_printf_d.o)
    0x08000250   0x00000004   Code   RO         1143    .ARM.Collect$$_printf_percent$$00000017  c_w.l(_printf_percent_end.o)
    0x08000254   0x00000002   Code   RO         1354    .ARM.Collect$$libinit$$00000000  c_w.l(libinit.o)
    0x08000256   0x00000004   Code   RO         1146    .ARM.Collect$$libinit$$00000001  c_w.l(libinit2.o)
    0x0800025a   0x00000000   Code   RO         1149    .ARM.Collect$$libinit$$00000004  c_w.l(libinit2.o)
    0x0800025a   0x00000000   Code   RO         1152    .ARM.Collect$$libinit$$0000000A  c_w.l(libinit2.o)
    0x0800025a   0x00000000   Code   RO         1154    .ARM.Collect$$libinit$$0000000C  c_w.l(libinit2.o)
    0x0800025a   0x00000000   Code   RO         1156    .ARM.Collect$$libinit$$0000000E  c_w.l(libinit2.o)
    0x0800025a   0x00000006   Code   RO         1157    .ARM.Collect$$libinit$$0000000F  c_w.l(libinit2.o)
    0x08000260   0x00000000   Code   RO         1159    .ARM.Collect$$libinit$$00000011  c_w.l(libinit2.o)
    0x08000260   0x00000000   Code   RO         1161    .ARM.Collect$$libinit$$00000013  c_w.l(libinit2.o)
    0x08000260   0x00000000   Code   RO         1163    .ARM.Collect$$libinit$$00000015  c_w.l(libinit2.o)
    0x08000260   0x0000000a   Code   RO         1164    .ARM.Collect$$libinit$$00000016  c_w.l(libinit2.o)
    0x0800026a   0x00000000   Code   RO         1165    .ARM.Collect$$libinit$$00000017  c_w.l(libinit2.o)
    0x0800026a   0x00000000   Code   RO         1167    .ARM.Collect$$libinit$$00000019  c_w.l(libinit2.o)
    0x0800026a   0x00000000   Code   RO         1169    .ARM.Collect$$libinit$$0000001B  c_w.l(libinit2.o)
    0x0800026a   0x00000000   Code   RO         1171    .ARM.Collect$$libinit$$0000001D  c_w.l(libinit2.o)
    0x0800026a   0x00000000   Code   RO         1173    .ARM.Collect$$libinit$$0000001F  c_w.l(libinit2.o)
    0x0800026a   0x00000000   Code   RO         1175    .ARM.Collect$$libinit$$00000021  c_w.l(libinit2.o)
    0x0800026a   0x00000000   Code   RO         1177    .ARM.Collect$$libinit$$00000023  c_w.l(libinit2.o)
    0x0800026a   0x00000000   Code   RO         1179    .ARM.Collect$$libinit$$00000025  c_w.l(libinit2.o)
    0x0800026a   0x00000000   Code   RO         1183    .ARM.Collect$$libinit$$0000002C  c_w.l(libinit2.o)
    0x0800026a   0x00000000   Code   RO         1185    .ARM.Collect$$libinit$$0000002E  c_w.l(libinit2.o)
    0x0800026a   0x00000000   Code   RO         1187    .ARM.Collect$$libinit$$00000030  c_w.l(libinit2.o)
    0x0800026a   0x00000000   Code   RO         1189    .ARM.Collect$$libinit$$00000032  c_w.l(libinit2.o)
    0x0800026a   0x00000002   Code   RO         1190    .ARM.Collect$$libinit$$00000033  c_w.l(libinit2.o)
    0x0800026c   0x00000002   Code   RO         1411    .ARM.Collect$$libshutdown$$00000000  c_w.l(libshutdown.o)
    0x0800026e   0x00000000   Code   RO         1369    .ARM.Collect$$libshutdown$$00000003  c_w.l(libshutdown2.o)
    0x0800026e   0x00000000   Code   RO         1372    .ARM.Collect$$libshutdown$$00000006  c_w.l(libshutdown2.o)
    0x0800026e   0x00000000   Code   RO         1375    .ARM.Collect$$libshutdown$$00000009  c_w.l(libshutdown2.o)
    0x0800026e   0x00000000   Code   RO         1377    .ARM.Collect$$libshutdown$$0000000B  c_w.l(libshutdown2.o)
    0x0800026e   0x00000000   Code   RO         1380    .ARM.Collect$$libshutdown$$0000000E  c_w.l(libshutdown2.o)
    0x0800026e   0x00000002   Code   RO         1381    .ARM.Collect$$libshutdown$$0000000F  c_w.l(libshutdown2.o)
    0x08000270   0x00000000   Code   RO         1107    .ARM.Collect$$rtentry$$00000000  c_w.l(__rtentry.o)
    0x08000270   0x00000000   Code   RO         1247    .ARM.Collect$$rtentry$$00000002  c_w.l(__rtentry2.o)
    0x08000270   0x00000006   Code   RO         1259    .ARM.Collect$$rtentry$$00000004  c_w.l(__rtentry4.o)
    0x08000276   0x00000000   Code   RO         1249    .ARM.Collect$$rtentry$$00000009  c_w.l(__rtentry2.o)
    0x08000276   0x00000004   Code   RO         1250    .ARM.Collect$$rtentry$$0000000A  c_w.l(__rtentry2.o)
    0x0800027a   0x00000000   Code   RO         1252    .ARM.Collect$$rtentry$$0000000C  c_w.l(__rtentry2.o)
    0x0800027a   0x00000008   Code   RO         1253    .ARM.Collect$$rtentry$$0000000D  c_w.l(__rtentry2.o)
    0x08000282   0x00000002   Code   RO         1357    .ARM.Collect$$rtexit$$00000000  c_w.l(rtexit.o)
    0x08000284   0x00000000   Code   RO         1385    .ARM.Collect$$rtexit$$00000002  c_w.l(rtexit2.o)
    0x08000284   0x00000004   Code   RO         1386    .ARM.Collect$$rtexit$$00000003  c_w.l(rtexit2.o)
    0x08000288   0x00000006   Code   RO         1387    .ARM.Collect$$rtexit$$00000004  c_w.l(rtexit2.o)
    0x0800028e   0x00000002   PAD
    0x08000290   0x00000040   Code   RO          874  * .text               startup_stm32f407xx.o
    0x080002d0   0x00000028   Code   RO          980    .text               c_w.l(noretval__2sprintf.o)
    0x080002f8   0x00000024   Code   RO          984    .text               c_w.l(_printf_truncate.o)
    0x0800031c   0x00000078   Code   RO          986    .text               c_w.l(_printf_dec.o)
    0x08000394   0x00000160   Code   RO         1003    .text               c_w.l(__printf_ss_wp.o)
    0x080004f4   0x0000003e   Code   RO         1011    .text               c_w.l(strlen.o)
    0x08000532   0x00000006   Code   RO         1015    .text               c_w.l(heapauxi.o)
    0x08000538   0x00000016   Code   RO         1133    .text               c_w.l(_rserrno.o)
    0x0800054e   0x000000b2   Code   RO         1135    .text               c_w.l(_printf_intcommon.o)
    0x08000600   0x0000041a   Code   RO         1137    .text               c_w.l(_printf_fp_dec.o)
    0x08000a1a   0x00000002   PAD
    0x08000a1c   0x00000030   Code   RO         1139    .text               c_w.l(_printf_char_common.o)
    0x08000a4c   0x0000000a   Code   RO         1141    .text               c_w.l(_sputc.o)
    0x08000a56   0x00000002   PAD
    0x08000a58   0x00000008   Code   RO         1243    .text               c_w.l(libspace.o)
    0x08000a60   0x00000008   Code   RO         1264    .text               c_w.l(rt_locale_intlibspace.o)
    0x08000a68   0x00000008   Code   RO         1269    .text               c_w.l(rt_errno_addr_intlibspace.o)
    0x08000a70   0x0000008a   Code   RO         1279    .text               c_w.l(lludiv10.o)
    0x08000afa   0x00000002   PAD
    0x08000afc   0x00000080   Code   RO         1281    .text               c_w.l(_printf_fp_infnan.o)
    0x08000b7c   0x000000dc   Code   RO         1285    .text               c_w.l(bigflt0.o)
    0x08000c58   0x00000002   Code   RO         1328    .text               c_w.l(use_no_semi.o)
    0x08000c5a   0x00000000   Code   RO         1330    .text               c_w.l(indicate_semi.o)
    0x08000c5a   0x0000004a   Code   RO         1331    .text               c_w.l(sys_stackheap_outer.o)
    0x08000ca4   0x0000000c   Code   RO         1337    .text               c_w.l(exit.o)
    0x08000cb0   0x00000080   Code   RO         1343    .text               c_w.l(strcmpv7m.o)
    0x08000d30   0x0000000c   Code   RO         1355    .text               c_w.l(sys_exit.o)
    0x08000d3c   0x0000003e   Code   RO         1288    CL$$btod_d2e        c_w.l(btod.o)
    0x08000d7a   0x00000046   Code   RO         1290    CL$$btod_d2e_denorm_low  c_w.l(btod.o)
    0x08000dc0   0x00000060   Code   RO         1289    CL$$btod_d2e_norm_op1  c_w.l(btod.o)
    0x08000e20   0x00000338   Code   RO         1298    CL$$btod_div_common  c_w.l(btod.o)
    0x08001158   0x000000c6   Code   RO         1295    CL$$btod_e2e        c_w.l(btod.o)
    0x0800121e   0x00000028   Code   RO         1292    CL$$btod_ediv       c_w.l(btod.o)
    0x08001246   0x00000028   Code   RO         1291    CL$$btod_emul       c_w.l(btod.o)
    0x0800126e   0x00000244   Code   RO         1297    CL$$btod_mult_common  c_w.l(btod.o)
    0x080014b2   0x00000002   PAD
    0x080014b4   0x00000064   Code   RO          164    i.ADXL345_AccelVCCInit  adxl345.o
    0x08001518   0x00000088   Code   RO          165    i.ADXL345_Calibr    adxl345.o
    0x080015a0   0x00000070   Code   RO          166    i.ADXL345_DMA_Init  adxl345.o
    0x08001610   0x00000074   Code   RO          168    i.ADXL345_Init      adxl345.o
    0x08001684   0x00000016   Code   RO          169    i.ADXL345_Read      adxl345.o
    0x0800169a   0x00000014   Code   RO          170    i.ADXL345_Write     adxl345.o
    0x080016ae   0x00000002   PAD
    0x080016b0   0x00000034   Code   RO          774    i.ADXRS_Calibr      adxrs453.o
    0x080016e4   0x00000080   Code   RO          775    i.ADXRS_DMA_Read    adxrs453.o
    0x08001764   0x0000005c   Code   RO          776    i.ADXRS_TIM_Init    adxrs453.o
    0x080017c0   0x00000050   Code   RO          171    i.Accel_EXTI_Init   adxl345.o
    0x08001810   0x00000100   Code   RO          660    i.DMA1_Stream0_IRQHandler  gyro.o
    0x08001910   0x000000fc   Code   RO          777    i.DMA1_Stream2_IRQHandler  adxrs453.o
    0x08001a0c   0x0000025c   Code   RO          172    i.DMA1_Stream3_IRQHandler  adxl345.o
    0x08001c68   0x00000028   Code   RO          173    i.DMA1_Stream4_IRQHandler  adxl345.o
    0x08001c90   0x0000000c   Code   RO          778    i.DMA1_Stream5_IRQHandler  adxrs453.o
    0x08001c9c   0x00000024   Code   RO          316    i.DMA2_Stream7_IRQHandler  telemetry.o
    0x08001cc0   0x0000001c   Code   RO          174    i.Delay             adxl345.o
    0x08001cdc   0x00000020   Code   RO          175    i.EXTI1_IRQHandler  adxl345.o
    0x08001cfc   0x00000038   Code   RO          552    i.EXTI2_IRQHandler  motors.o
    0x08001d34   0x0000001c   Code   RO          661    i.EXTI3_IRQHandler  gyro.o
    0x08001d50   0x00000034   Code   RO          553    i.EXTI4_IRQHandler  motors.o
    0x08001d84   0x00000040   Code   RO          663    i.Gyro_DMA_Init     gyro.o
    0x08001dc4   0x00000050   Code   RO          666    i.Gyro_ReadWithInterrupt  gyro.o
    0x08001e14   0x000000c0   Code   RO          668    i.Gyro_SingleByteWrite  gyro.o
    0x08001ed4   0x0000008c   Code   RO          669    i.I2C1_EV_IRQHandler  gyro.o
    0x08001f60   0x0000007c   Code   RO          554    i.Motors_EXTI_Init  motors.o
    0x08001fdc   0x00000144   Code   RO          555    i.Motors_GPIO_Init  motors.o
    0x08002120   0x00000010   Code   RO          556    i.Motors_Init       motors.o
    0x08002130   0x00000020   Code   RO          558    i.Motors_Run        motors.o
    0x08002150   0x0000001c   Code   RO          559    i.Motors_Stop       motors.o
    0x0800216c   0x00000100   Code   RO          560    i.Motors_TIM_Init   motors.o
    0x0800226c   0x0000001c   Code   RO          176    i.NSS_High          adxl345.o
    0x08002288   0x0000001c   Code   RO          177    i.NSS_Low           adxl345.o
    0x080022a4   0x00000016   Code   RO          178    i.NVIC_EnableIRQ    adxl345.o
    0x080022ba   0x00000016   Code   RO          317    i.NVIC_EnableIRQ    telemetry.o
    0x080022d0   0x00000016   Code   RO          561    i.NVIC_EnableIRQ    motors.o
    0x080022e6   0x00000016   Code   RO          672    i.NVIC_EnableIRQ    gyro.o
    0x080022fc   0x00000016   Code   RO          779    i.NVIC_EnableIRQ    adxrs453.o
    0x08002312   0x00000002   PAD
    0x08002314   0x00000028   Code   RO          179    i.NVIC_SetPriority  adxl345.o
    0x0800233c   0x00000028   Code   RO          562    i.NVIC_SetPriority  motors.o
    0x08002364   0x00000028   Code   RO          673    i.NVIC_SetPriority  gyro.o
    0x0800238c   0x00000078   Code   RO          430    i.Processing_TIM_Init  processing.o
    0x08002404   0x00000040   Code   RO            4    i.RCC_Init          main.o
    0x08002444   0x00000034   Code   RO          180    i.SPI1_Transfer     adxl345.o
    0x08002478   0x000000f8   Code   RO          181    i.SPI2_GPIO_Init    adxl345.o
    0x08002570   0x00000068   Code   RO          182    i.SPI2_Init         adxl345.o
    0x080025d8   0x00000120   Code   RO          780    i.SPI3_GPIO_Init    adxrs453.o
    0x080026f8   0x00000054   Code   RO          781    i.SPI3_Init         adxrs453.o
    0x0800274c   0x0000001c   Code   RO          782    i.SPI3_NSS_High     adxrs453.o
    0x08002768   0x0000001c   Code   RO          783    i.SPI3_NSS_Low      adxrs453.o
    0x08002784   0x00000144   Code   RO          320    i.SendTelemetry     telemetry.o
    0x080028c8   0x0000009c   Code   RO          882    i.SystemInit        system_stm32f4xx.o
    0x08002964   0x00000034   Code   RO          563    i.TIM1_BRK_TIM9_IRQHandler  motors.o
    0x08002998   0x00000024   Code   RO          785    i.TIM2_IRQHandler   adxrs453.o
    0x080029bc   0x00000160   Code   RO          564    i.TIM3_IRQHandler   motors.o
    0x08002b1c   0x00000034   Code   RO          565    i.TIM5_IRQHandler   motors.o
    0x08002b50   0x000001e0   Code   RO          431    i.TIM7_IRQHandler   processing.o
    0x08002d30   0x00000058   Code   RO          321    i.Telemetry_DMA_Init  telemetry.o
    0x08002d88   0x000006f8   Code   RO          322    i.USART1_IRQHandler  telemetry.o
    0x08003480   0x00000104   Code   RO          323    i.USART_Init        telemetry.o
    0x08003584   0x00000030   Code   RO         1225    i.__ARM_fpclassify  m_wm.l(fpclassify.o)
    0x080035b4   0x00000004   PAD
    0x080035b8   0x000002d8   Code   RO         1047    i.__hardfp_atan     m_wm.l(atan.o)
    0x08003890   0x00000358   Code   RO         1061    i.__hardfp_exp      m_wm.l(exp.o)
    0x08003be8   0x00000014   Code   RO         1075    i.__hardfp_fabs     m_wm.l(fabs.o)
    0x08003bfc   0x00000004   PAD
    0x08003c00   0x000000c8   Code   RO         1081    i.__hardfp_sin      m_wm.l(sin.o)
    0x08003cc8   0x0000007a   Code   RO         1093    i.__hardfp_sqrt     m_wm.l(sqrt.o)
    0x08003d42   0x00000006   PAD
    0x08003d48   0x00000438   Code   RO         1230    i.__ieee754_rem_pio2  m_wm.l(rred.o)
    0x08004180   0x00000170   Code   RO         1208    i.__kernel_cos      m_wm.l(cos_i.o)
    0x080042f0   0x000000f8   Code   RO         1227    i.__kernel_poly     m_wm.l(poly.o)
    0x080043e8   0x00000130   Code   RO         1235    i.__kernel_sin      m_wm.l(sin_i.o)
    0x08004518   0x00000014   Code   RO         1212    i.__mathlib_dbl_infnan  m_wm.l(dunder.o)
    0x0800452c   0x00000004   PAD
    0x08004530   0x00000020   Code   RO         1214    i.__mathlib_dbl_invalid  m_wm.l(dunder.o)
    0x08004550   0x00000020   Code   RO         1215    i.__mathlib_dbl_overflow  m_wm.l(dunder.o)
    0x08004570   0x00000020   Code   RO         1217    i.__mathlib_dbl_underflow  m_wm.l(dunder.o)
    0x08004590   0x0000000e   Code   RO          998    i._is_digit         c_w.l(__printf_wp.o)
    0x0800459e   0x00000002   PAD
    0x080045a0   0x000000a4   Code   RO          432    i.calcAngVel        processing.o
    0x08004644   0x00000124   Code   RO          433    i.calcAngle         processing.o
    0x08004768   0x000000f8   Code   RO          434    i.calcPwms          processing.o
    0x08004860   0x00000180   Code   RO          435    i.chooseRoot        processing.o
    0x080049e0   0x00000184   Code   RO          436    i.control           processing.o
    0x08004b64   0x00000016   Code   RO          674    i.delay             gyro.o
    0x08004b7a   0x00000018   Code   RO         1077    i.fabs              m_wm.l(fabs.o)
    0x08004b92   0x00000002   PAD
    0x08004b94   0x000000a8   Code   RO          437    i.gCheck            processing.o
    0x08004c3c   0x0000008c   Code   RO          438    i.getFinalData      processing.o
    0x08004cc8   0x00000044   Code   RO          324    i.initWaitingForFloat  telemetry.o
    0x08004d0c   0x0000002c   Code   RO          325    i.initWaitingForInt  telemetry.o
    0x08004d38   0x00000054   Code   RO          439    i.lowpass           processing.o
    0x08004d8c   0x000001c8   Code   RO            6    i.main              main.o
    0x08004f54   0x00000128   Code   RO          441    i.simplestControl   processing.o
    0x0800507c   0x000000c0   Code   RO          442    i.turnOffUselessMotor  processing.o
    0x0800513c   0x0000002c   Code   RO          183    i.updateFreq        adxl345.o
    0x08005168   0x0000002c   Code   RO         1311    locale$$code        c_w.l(lc_numeric_c.o)
    0x08005194   0x00000018   Code   RO         1191    x$fpl$basic         fz_wm.l(basic.o)
    0x080051ac   0x00000062   Code   RO         1019    x$fpl$d2f           fz_wm.l(d2f.o)
    0x0800520e   0x00000002   PAD
    0x08005210   0x00000150   Code   RO         1021    x$fpl$dadd          fz_wm.l(daddsub_clz.o)
    0x08005360   0x00000018   Code   RO         1322    x$fpl$dcmpinf       fz_wm.l(dcmpi.o)
    0x08005378   0x000002b0   Code   RO         1028    x$fpl$ddiv          fz_wm.l(ddiv.o)
    0x08005628   0x0000005e   Code   RO         1031    x$fpl$dfix          fz_wm.l(dfix.o)
    0x08005686   0x0000002e   Code   RO         1036    x$fpl$dflt          fz_wm.l(dflt_clz.o)
    0x080056b4   0x00000026   Code   RO         1035    x$fpl$dfltu         fz_wm.l(dflt_clz.o)
    0x080056da   0x00000002   PAD
    0x080056dc   0x00000078   Code   RO         1193    x$fpl$dleqf         fz_wm.l(dleqf.o)
    0x08005754   0x00000154   Code   RO         1041    x$fpl$dmul          fz_wm.l(dmul.o)
    0x080058a8   0x0000009c   Code   RO         1195    x$fpl$dnaninf       fz_wm.l(dnaninf.o)
    0x08005944   0x0000000c   Code   RO         1197    x$fpl$dretinf       fz_wm.l(dretinf.o)
    0x08005950   0x0000006c   Code   RO         1199    x$fpl$drleqf        fz_wm.l(drleqf.o)
    0x080059bc   0x00000016   Code   RO         1022    x$fpl$drsb          fz_wm.l(daddsub_clz.o)
    0x080059d2   0x00000002   PAD
    0x080059d4   0x00000198   Code   RO         1201    x$fpl$dsqrt         fz_wm.l(dsqrt_umaal.o)
    0x08005b6c   0x000001d4   Code   RO         1023    x$fpl$dsub          fz_wm.l(daddsub_clz.o)
    0x08005d40   0x00000056   Code   RO         1043    x$fpl$f2d           fz_wm.l(f2d.o)
    0x08005d96   0x0000008c   Code   RO         1203    x$fpl$fnaninf       fz_wm.l(fnaninf.o)
    0x08005e22   0x0000000a   Code   RO         1324    x$fpl$fpinit        fz_wm.l(fpinit.o)
    0x08005e2c   0x0000000a   Code   RO         1205    x$fpl$fretinf       fz_wm.l(fretinf.o)
    0x08005e36   0x00000004   Code   RO         1045    x$fpl$printf1       fz_wm.l(printf1.o)
    0x08005e3a   0x00000000   Code   RO         1207    x$fpl$usenofp       fz_wm.l(usenofp.o)
    0x08005e3a   0x00000006   PAD
    0x08005e40   0x00000098   Data   RO         1050    .constdata          m_wm.l(atan.o)
    0x08005ed8   0x00000058   Data   RO         1064    .constdata          m_wm.l(exp.o)
    0x08005f30   0x00000030   Data   RO         1209    .constdata          m_wm.l(cos_i.o)
    0x08005f60   0x000000c8   Data   RO         1232    .constdata          m_wm.l(rred.o)
    0x08006028   0x00000028   Data   RO         1236    .constdata          m_wm.l(sin_i.o)
    0x08006050   0x00000094   Data   RO         1286    .constdata          c_w.l(bigflt0.o)
    0x080060e4   0x00000020   Data   RO         1412    Region$$Table       anon$$obj.o
    0x08006104   0x0000001c   Data   RO         1310    locale$$data        c_w.l(lc_numeric_c.o)


    Execution Region ER_RW (Base: 0x20000000, Size: 0x00000624, Max: 0xffffffff, ABSOLUTE, COMPRESSED[0x00000408])

    Base Addr    Size         Type   Attr      Idx    E Section Name        Object

    0x20000000   0x00000044   Data   RW            8    .data               main.o
    0x20000044   0x00000034   Data   RW          185    .data               adxl345.o
    0x20000078   0x00000031   Data   RW          328    .data               telemetry.o
    0x200000a9   0x00000003   PAD
    0x200000ac   0x000004e4   Data   RW          444    .data               processing.o
    0x20000590   0x0000002a   Data   RW          566    .data               motors.o
    0x200005ba   0x00000002   PAD
    0x200005bc   0x00000041   Data   RW          675    .data               gyro.o
    0x200005fd   0x00000003   PAD
    0x20000600   0x00000022   Data   RW          786    .data               adxrs453.o


    Execution Region ER_ZI (Base: 0x20000624, Size: 0x00000f4c, Max: 0xffffffff, ABSOLUTE)

    Base Addr    Size         Type   Attr      Idx    E Section Name        Object

    0x20000624   0x0000000c   Zero   RW          184    .bss                adxl345.o
    0x20000630   0x000000c8   Zero   RW          327    .bss                telemetry.o
    0x200006f8   0x00000814   Zero   RW          443    .bss                processing.o
    0x20000f0c   0x00000060   Zero   RW         1244    .bss                c_w.l(libspace.o)
    0x20000f6c   0x00000004   PAD
    0x20000f70   0x00000200   Zero   RW          872    HEAP                startup_stm32f407xx.o
    0x20001170   0x00000400   Zero   RW          871    STACK               startup_stm32f407xx.o


==============================================================================

Image component sizes


      Code (inc. data)   RO Data    RW Data    ZI Data      Debug   Object Name

      1856        270          0         52         12      37197   adxl345.o
      1022        156          0         34          0       6690   adxrs453.o
       844        118          0         65          0       6046   gyro.o
       520        120          0         68          0     246796   main.o
      1406        178          0         42          0       6993   motors.o
      2956        372          0       1252       2068      11554   processing.o
        64         26        392          0       1536        864   startup_stm32f407xx.o
       156         16          0          0          0        553   system_stm32f4xx.o
      2626        568          0         49        200      33288   telemetry.o

    ----------------------------------------------------------------------
     11454       1824        424       1572       3816     349981   Object Totals
         0          0         32          0          0          0   (incl. Generated)
         4          0          0         10          0          0   (incl. Padding)

    ----------------------------------------------------------------------

      Code (inc. data)   RO Data    RW Data    ZI Data      Debug   Library Member Name

       100          0          0          0          0          0   __dclz77c.o
         8          0          0          0          0         68   __main.o
       352          0          0          0          0         88   __printf_ss_wp.o
        14          0          0          0          0         68   __printf_wp.o
         0          0          0          0          0          0   __rtentry.o
        12          0          0          0          0          0   __rtentry2.o
         6          0          0          0          0          0   __rtentry4.o
        52          8          0          0          0          0   __scatter.o
        28          0          0          0          0          0   __scatter_zi.o
        48          6          0          0          0         96   _printf_char_common.o
         6          0          0          0          0          0   _printf_d.o
       120         16          0          0          0         92   _printf_dec.o
         6          0          0          0          0          0   _printf_f.o
      1050          0          0          0          0        216   _printf_fp_dec.o
       128         16          0          0          0         84   _printf_fp_infnan.o
       178          0          0          0          0         88   _printf_intcommon.o
         0          0          0          0          0          0   _printf_percent.o
         4          0          0          0          0          0   _printf_percent_end.o
        36          0          0          0          0         84   _printf_truncate.o
        22          0          0          0          0        100   _rserrno.o
        10          0          0          0          0         68   _sputc.o
       220          4        148          0          0         96   bigflt0.o
      1910        128          0          0          0        672   btod.o
        12          0          0          0          0         72   exit.o
         6          0          0          0          0        152   heapauxi.o
         0          0          0          0          0          0   indicate_semi.o
        44         10         28          0          0         76   lc_numeric_c.o
         2          0          0          0          0          0   libinit.o
        22          0          0          0          0          0   libinit2.o
         2          0          0          0          0          0   libshutdown.o
         2          0          0          0          0          0   libshutdown2.o
         8          4          0          0         96         68   libspace.o
       138          0          0          0          0         80   lludiv10.o
        40          6          0          0          0         84   noretval__2sprintf.o
         8          4          0          0          0         68   rt_errno_addr_intlibspace.o
         8          4          0          0          0         68   rt_locale_intlibspace.o
         2          0          0          0          0          0   rtexit.o
        10          0          0          0          0          0   rtexit2.o
       128          0          0          0          0         68   strcmpv7m.o
        62          0          0          0          0         76   strlen.o
        12          4          0          0          0         68   sys_exit.o
        74          0          0          0          0         80   sys_stackheap_outer.o
         2          0          0          0          0         68   use_no_semi.o
        24          0          0          0          0        164   basic.o
        98          4          0          0          0        140   d2f.o
       826         16          0          0          0        492   daddsub_clz.o
        24          0          0          0          0        116   dcmpi.o
       688        140          0          0          0        256   ddiv.o
        94          4          0          0          0        140   dfix.o
        84          0          0          0          0        232   dflt_clz.o
       120          4          0          0          0        140   dleqf.o
       340         12          0          0          0        152   dmul.o
       156          4          0          0          0        140   dnaninf.o
        12          0          0          0          0        116   dretinf.o
       108          0          0          0          0        128   drleqf.o
       408         56          0          0          0        168   dsqrt_umaal.o
        86          4          0          0          0        132   f2d.o
       140          4          0          0          0        132   fnaninf.o
        10          0          0          0          0        116   fpinit.o
        10          0          0          0          0        116   fretinf.o
         4          0          0          0          0        116   printf1.o
         0          0          0          0          0          0   usenofp.o
       728        106        152          0          0        228   atan.o
       368         46         48          0          0        200   cos_i.o
       116         24          0          0          0        496   dunder.o
       856        142         88          0          0        288   exp.o
        44          0          0          0          0        248   fabs.o
        48          0          0          0          0        124   fpclassify.o
       248          0          0          0          0        152   poly.o
      1080        142        200          0          0        188   rred.o
       200         20          0          0          0        164   sin.o
       304         24         40          0          0        208   sin_i.o
       122          0          0          0          0        148   sqrt.o

    ----------------------------------------------------------------------
     12282        962        704          0        100       8288   Library Totals
        44          0          0          0          4          0   (incl. Padding)

    ----------------------------------------------------------------------

      Code (inc. data)   RO Data    RW Data    ZI Data      Debug   Library Name

      4892        210        176          0         96       2848   c_w.l
      3232        248          0          0          0       2996   fz_wm.l
      4114        504        528          0          0       2444   m_wm.l

    ----------------------------------------------------------------------
     12282        962        704          0        100       8288   Library Totals

    ----------------------------------------------------------------------

==============================================================================


      Code (inc. data)   RO Data    RW Data    ZI Data      Debug   

     23736       2786       1128       1572       3916     346809   Grand Totals
     23736       2786       1128       1032       3916     346809   ELF Image Totals (compressed)
     23736       2786       1128       1032          0          0   ROM Totals

==============================================================================

    Total RO  Size (Code + RO Data)                24864 (  24.28kB)
    Total RW  Size (RW Data + ZI Data)              5488 (   5.36kB)
    Total ROM Size (Code + RO Data + RW Data)      25896 (  25.29kB)

==============================================================================

