Component: ARM Compiler 5.05 update 1 (build 106) Tool: armlink [4d0efa]

==============================================================================

Section Cross References

    main.o(i.gyroRecalibration) refers to main.o(.bss) for gyroRecalibrationBuffer
    main.o(i.gyroRecalibration) refers to main.o(.data) for gyroRecalibrationBufferIndex
    main.o(i.gyroRecalibration) refers to processing.o(.data) for filteredGX
    main.o(i.main) refers to main.o(i.RCC_Init) for RCC_Init
    main.o(i.main) refers to adxl345.o(i.ADXL345_Init) for ADXL345_Init
    main.o(i.main) refers to adxl345.o(i.Accel_EXTI_Init) for Accel_EXTI_Init
    main.o(i.main) refers to adxl345.o(i.ADXL345_Calibr) for ADXL345_Calibr
    main.o(i.main) refers to gyro.o(i.Gyro_Init) for Gyro_Init
    main.o(i.main) refers to gyro.o(i.Gyro_EXTI_Init) for Gyro_EXTI_Init
    main.o(i.main) refers to gyro.o(i.Gyro_Calibr) for Gyro_Calibr
    main.o(i.main) refers to motors.o(i.Motors_Init) for Motors_Init
    main.o(i.main) refers to telemetry.o(i.USART_Init) for USART_Init
    main.o(i.main) refers to processing.o(i.Processing_TIM_Init) for Processing_TIM_Init
    main.o(i.main) refers to processing.o(i.lowpass) for lowpass
    main.o(i.main) refers to main.o(i.gyroRecalibration) for gyroRecalibration
    main.o(i.main) refers to main.o(.data) for ENGRDY
    main.o(i.main) refers to processing.o(.data) for doGyroProcess
    main.o(i.main) refers to processing.o(.bss) for gxHistory
    main.o(i.main) refers to telemetry.o(.data) for gyroRecalibrationOn
    main.o(i.main) refers to gyro.o(.data) for gyro_xOffset
    syssolve.o(i.system_solve) refers to h1_alloc.o(.text) for malloc
    syssolve.o(i.system_solve) refers to syssolve.o(i.transpose) for transpose
    syssolve.o(i.system_solve) refers to syssolve.o(i.mat_mul) for mat_mul
    syssolve.o(i.system_solve) refers to syssolve.o(i.det3) for det3
    syssolve.o(i.system_solve) refers to h1_free.o(.text) for free
    syssolve.o(i.system_solve) refers to rt_memcpy_w.o(.text) for __aeabi_memcpy4
    adxl345.o(i.ADXL345_AccelVCCInit) refers to adxl345.o(i.Delay) for Delay
    adxl345.o(i.ADXL345_AccelVCCInit) refers to adxl345.o(.data) for ACCEL_VCC
    adxl345.o(i.ADXL345_Calibr) refers to f2d.o(x$fpl$f2d) for __aeabi_f2d
    adxl345.o(i.ADXL345_Calibr) refers to ddiv.o(x$fpl$ddiv) for __aeabi_ddiv
    adxl345.o(i.ADXL345_Calibr) refers to dfix.o(x$fpl$dfix) for __aeabi_d2iz
    adxl345.o(i.ADXL345_Calibr) refers to adxl345.o(.data) for accel_xSum
    adxl345.o(i.ADXL345_DMA_Init) refers to adxl345.o(i.NVIC_SetPriority) for NVIC_SetPriority
    adxl345.o(i.ADXL345_DMA_Init) refers to adxl345.o(i.NVIC_EnableIRQ) for NVIC_EnableIRQ
    adxl345.o(i.ADXL345_DMA_Init) refers to adxl345.o(.bss) for accel
    adxl345.o(i.ADXL345_DMA_Init) refers to adxl345.o(.data) for accelRegisters
    adxl345.o(i.ADXL345_GetAccel) refers to adxl345.o(i.NSS_Low) for NSS_Low
    adxl345.o(i.ADXL345_GetAccel) refers to adxl345.o(i.ADXL345_Read) for ADXL345_Read
    adxl345.o(i.ADXL345_GetAccel) refers to adxl345.o(i.NSS_High) for NSS_High
    adxl345.o(i.ADXL345_Init) refers to adxl345.o(i.ADXL345_AccelVCCInit) for ADXL345_AccelVCCInit
    adxl345.o(i.ADXL345_Init) refers to adxl345.o(i.SPI2_Init) for SPI2_Init
    adxl345.o(i.ADXL345_Init) refers to adxl345.o(i.NSS_Low) for NSS_Low
    adxl345.o(i.ADXL345_Init) refers to adxl345.o(i.ADXL345_Read) for ADXL345_Read
    adxl345.o(i.ADXL345_Init) refers to adxl345.o(i.ADXL345_Write) for ADXL345_Write
    adxl345.o(i.ADXL345_Init) refers to adxl345.o(i.NSS_High) for NSS_High
    adxl345.o(i.ADXL345_Init) refers to adxl345.o(.data) for curFreq
    adxl345.o(i.ADXL345_Read) refers to adxl345.o(i.SPI1_Transfer) for SPI1_Transfer
    adxl345.o(i.ADXL345_Write) refers to adxl345.o(i.SPI1_Transfer) for SPI1_Transfer
    adxl345.o(i.Accel_EXTI_Init) refers to adxl345.o(i.NVIC_SetPriority) for NVIC_SetPriority
    adxl345.o(i.Accel_EXTI_Init) refers to adxl345.o(i.NVIC_EnableIRQ) for NVIC_EnableIRQ
    adxl345.o(i.DMA1_Stream3_IRQHandler) refers to adxl345.o(i.ADXL345_DMA_Init) for ADXL345_DMA_Init
    adxl345.o(i.DMA1_Stream3_IRQHandler) refers to adxl345.o(i.NSS_High) for NSS_High
    adxl345.o(i.DMA1_Stream3_IRQHandler) refers to adxl345.o(i.updateFreq) for updateFreq
    adxl345.o(i.DMA1_Stream3_IRQHandler) refers to adxl345.o(.bss) for accel
    adxl345.o(i.DMA1_Stream3_IRQHandler) refers to main.o(.data) for ax
    adxl345.o(i.DMA1_Stream3_IRQHandler) refers to adxl345.o(.data) for accelCalibrationOn
    adxl345.o(i.DMA1_Stream3_IRQHandler) refers to processing.o(.bss) for axHistory
    adxl345.o(i.DMA1_Stream3_IRQHandler) refers to processing.o(.data) for axHistoryIndex
    adxl345.o(i.EXTI1_IRQHandler) refers to adxl345.o(i.NSS_Low) for NSS_Low
    adxl345.o(i.EXTI1_IRQHandler) refers to adxl345.o(i.ADXL345_DMA_Init) for ADXL345_DMA_Init
    adxl345.o(i.NSS_High) refers to adxl345.o(.data) for SPI2_NSS
    adxl345.o(i.NSS_Low) refers to adxl345.o(.data) for SPI2_NSS
[...]
    i.I2C1_EV_IRQHandler                     0x08001f2c   Section        0  gyro.o(i.I2C1_EV_IRQHandler)
    i.I2C1_GPIO_Init                         0x08001fb8   Section        0  gyro.o(i.I2C1_GPIO_Init)
    i.I2C1_Init                              0x08002088   Section        0  gyro.o(i.I2C1_Init)
    i.Motors_EXTI_Init                       0x080020c0   Section        0  motors.o(i.Motors_EXTI_Init)
    i.Motors_GPIO_Init                       0x0800213c   Section        0  motors.o(i.Motors_GPIO_Init)
    i.Motors_Init                            0x08002280   Section        0  motors.o(i.Motors_Init)
    i.Motors_Run                             0x08002290   Section        0  motors.o(i.Motors_Run)
    i.Motors_Stop                            0x080022b0   Section        0  motors.o(i.Motors_Stop)
    i.Motors_TIM_Init                        0x080022cc   Section        0  motors.o(i.Motors_TIM_Init)
    i.NSS_High                               0x08002388   Section        0  adxl345.o(i.NSS_High)
    i.NSS_Low                                0x080023a4   Section        0  adxl345.o(i.NSS_Low)
    i.NVIC_EnableIRQ                         0x080023c0   Section        0  adxl345.o(i.NVIC_EnableIRQ)
    NVIC_EnableIRQ                           0x080023c1   Thumb Code    22  adxl345.o(i.NVIC_EnableIRQ)
    i.NVIC_EnableIRQ                         0x080023d6   Section        0  telemetry.o(i.NVIC_EnableIRQ)
    NVIC_EnableIRQ                           0x080023d7   Thumb Code    22  telemetry.o(i.NVIC_EnableIRQ)
    i.NVIC_EnableIRQ                         0x080023ec   Section        0  motors.o(i.NVIC_EnableIRQ)
    NVIC_EnableIRQ                           0x080023ed   Thumb Code    22  motors.o(i.NVIC_EnableIRQ)
    i.NVIC_EnableIRQ                         0x08002402   Section        0  gyro.o(i.NVIC_EnableIRQ)
    NVIC_EnableIRQ                           0x08002403   Thumb Code    22  gyro.o(i.NVIC_EnableIRQ)
    i.NVIC_SetPriority                       0x08002418   Section        0  adxl345.o(i.NVIC_SetPriority)
    NVIC_SetPriority                         0x08002419   Thumb Code    32  adxl345.o(i.NVIC_SetPriority)
    i.NVIC_SetPriority                       0x08002440   Section        0  motors.o(i.NVIC_SetPriority)
    NVIC_SetPriority                         0x08002441   Thumb Code    32  motors.o(i.NVIC_SetPriority)
    i.NVIC_SetPriority                       0x08002468   Section        0  gyro.o(i.NVIC_SetPriority)
    NVIC_SetPriority                         0x08002469   Thumb Code    32  gyro.o(i.NVIC_SetPriority)
    i.Processing_TIM_Init                    0x08002490   Section        0  processing.o(i.Processing_TIM_Init)
    i.RCC_Init                               0x08002508   Section        0  main.o(i.RCC_Init)
    i.SPI1_Transfer                          0x08002548   Section        0  adxl345.o(i.SPI1_Transfer)
    i.SPI2_GPIO_Init                         0x0800257c   Section        0  adxl345.o(i.SPI2_GPIO_Init)
    i.SPI2_Init                              0x08002674   Section        0  adxl345.o(i.SPI2_Init)
    i.SendTelemetry                          0x080026dc   Section        0  telemetry.o(i.SendTelemetry)
    i.SystemInit                             0x08002820   Section        0  system_stm32f4xx.o(i.SystemInit)
    i.TIM3_IRQHandler                        0x080028bc   Section        0  motors.o(i.TIM3_IRQHandler)
    i.TIM7_IRQHandler                        0x08002a1c   Section        0  processing.o(i.TIM7_IRQHandler)
    i.Telemetry_DMA_Init                     0x08002bfc   Section        0  telemetry.o(i.Telemetry_DMA_Init)
    i.USART1_IRQHandler                      0x08002c54   Section        0  telemetry.o(i.USART1_IRQHandler)
    i.USART_Init                             0x08003314   Section        0  telemetry.o(i.USART_Init)
    i.__ARM_fpclassify                       0x08003418   Section        0  fpclassify.o(i.__ARM_fpclassify)
    i.__hardfp_atan                          0x08003448   Section        0  atan.o(i.__hardfp_atan)
    i.__hardfp_exp                           0x08003720   Section        0  exp.o(i.__hardfp_exp)
    i.__hardfp_fabs                          0x08003a78   Section        0  fabs.o(i.__hardfp_fabs)
    i.__hardfp_sin                           0x08003a90   Section        0  sin.o(i.__hardfp_sin)
    i.__hardfp_sqrt                          0x08003b58   Section        0  sqrt.o(i.__hardfp_sqrt)
    i.__ieee754_rem_pio2                     0x08003bd8   Section        0  rred.o(i.__ieee754_rem_pio2)
    i.__kernel_cos                           0x08004010   Section        0  cos_i.o(i.__kernel_cos)
    i.__kernel_poly                          0x08004180   Section        0  poly.o(i.__kernel_poly)
    i.__kernel_sin                           0x08004278   Section        0  sin_i.o(i.__kernel_sin)
    i.__mathlib_dbl_infnan                   0x080043a8   Section        0  dunder.o(i.__mathlib_dbl_infnan)
    i.__mathlib_dbl_invalid                  0x080043c0   Section        0  dunder.o(i.__mathlib_dbl_invalid)
    i.__mathlib_dbl_overflow                 0x080043e0   Section        0  dunder.o(i.__mathlib_dbl_overflow)
    i.__mathlib_dbl_underflow                0x08004400   Section        0  dunder.o(i.__mathlib_dbl_underflow)
    i._is_digit                              0x08004420   Section        0  __printf_wp.o(i._is_digit)
    i.calcAngVel                             0x08004430   Section        0  processing.o(i.calcAngVel)
    i.calcAngle                              0x080044f8   Section        0  processing.o(i.calcAngle)
    i.calcPwms                               0x08004608   Section        0  processing.o(i.calcPwms)
    i.chooseRoot                             0x08004700   Section        0  processing.o(i.chooseRoot)
    i.control                                0x08004880   Section        0  processing.o(i.control)
    i.delay                                  0x08004954   Section        0  gyro.o(i.delay)
    i.fabs                                   0x0800496a   Section        0  fabs.o(i.fabs)
    i.gCheck                                 0x08004984   Section        0  processing.o(i.gCheck)
    i.getFinalData                           0x08004a2c   Section        0  processing.o(i.getFinalData)
    i.gyroRecalibration                      0x08004ab8   Section        0  main.o(i.gyroRecalibration)
    i.initWaitingForFloat                    0x08004b38   Section        0  telemetry.o(i.initWaitingForFloat)
    i.initWaitingForInt                      0x08004b7c   Section        0  telemetry.o(i.initWaitingForInt)
    i.lowpass                                0x08004ba8   Section        0  processing.o(i.lowpass)
    i.main                                   0x08004bfc   Section        0  main.o(i.main)
    i.simplestControl                        0x08004dec   Section        0  processing.o(i.simplestControl)
    i.turnOffUselessMotor                    0x08004f14   Section        0  processing.o(i.turnOffUselessMotor)
    i.updateFreq                             0x08004fd4   Section        0  adxl345.o(i.updateFreq)
    locale$$code                             0x08005000   Section       44  lc_numeric_c.o(locale$$code)
    x$fpl$basic                              0x0800502c   Section       24  basic.o(x$fpl$basic)
    $v0                                      0x0800502c   Number         0  basic.o(x$fpl$basic)
    x$fpl$d2f                                0x08005044   Section       98  d2f.o(x$fpl$d2f)
    $v0                                      0x08005044   Number         0  d2f.o(x$fpl$d2f)
    x$fpl$dadd                               0x080050a8   Section      336  daddsub_clz.o(x$fpl$dadd)
    $v0                                      0x080050a8   Number         0  daddsub_clz.o(x$fpl$dadd)
    _dadd1                                   0x080050b9   Thumb Code     0  daddsub_clz.o(x$fpl$dadd)
    x$fpl$dcmpinf                            0x080051f8   Section       24  dcmpi.o(x$fpl$dcmpinf)
    $v0                                      0x080051f8   Number         0  dcmpi.o(x$fpl$dcmpinf)
    x$fpl$ddiv                               0x08005210   Section      688  ddiv.o(x$fpl$ddiv)
    $v0                                      0x08005210   Number         0  ddiv.o(x$fpl$ddiv)
    ddiv_entry                               0x08005217   Thumb Code     0  ddiv.o(x$fpl$ddiv)
    x$fpl$dfix                               0x080054c0   Section       94  dfix.o(x$fpl$dfix)
    $v0                                      0x080054c0   Number         0  dfix.o(x$fpl$dfix)
    x$fpl$dflt                               0x0800551e   Section       46  dflt_clz.o(x$fpl$dflt)
    $v0                                      0x0800551e   Number         0  dflt_clz.o(x$fpl$dflt)
    x$fpl$dfltu                              0x0800554c   Section       38  dflt_clz.o(x$fpl$dfltu)
    $v0                                      0x0800554c   Number         0  dflt_clz.o(x$fpl$dfltu)
    x$fpl$dleqf                              0x08005574   Section      120  dleqf.o(x$fpl$dleqf)
    $v0                                      0x08005574   Number         0  dleqf.o(x$fpl$dleqf)
    x$fpl$dmul                               0x080055ec   Section      340  dmul.o(x$fpl$dmul)
    $v0                                      0x080055ec   Number         0  dmul.o(x$fpl$dmul)
    x$fpl$dnaninf                            0x08005740   Section      156  dnaninf.o(x$fpl$dnaninf)
    $v0                                      0x08005740   Number         0  dnaninf.o(x$fpl$dnaninf)
    x$fpl$dretinf                            0x080057dc   Section       12  dretinf.o(x$fpl$dretinf)
    $v0                                      0x080057dc   Number         0  dretinf.o(x$fpl$dretinf)
    x$fpl$drleqf                             0x080057e8   Section      108  drleqf.o(x$fpl$drleqf)
    $v0                                      0x080057e8   Number         0  drleqf.o(x$fpl$drleqf)
    x$fpl$drsb                               0x08005854   Section       22  daddsub_clz.o(x$fpl$drsb)
    $v0                                      0x08005854   Number         0  daddsub_clz.o(x$fpl$drsb)
    x$fpl$dsqrt                              0x0800586c   Section      408  dsqrt_umaal.o(x$fpl$dsqrt)
    $v0                                      0x0800586c   Number         0  dsqrt_umaal.o(x$fpl$dsqrt)
    x$fpl$dsub                               0x08005a04   Section      468  daddsub_clz.o(x$fpl$dsub)
    $v0                                      0x08005a04   Number         0  daddsub_clz.o(x$fpl$dsub)
    _dsub1                                   0x08005a15   Thumb Code     0  daddsub_clz.o(x$fpl$dsub)
    x$fpl$f2d                                0x08005bd8   Section       86  f2d.o(x$fpl$f2d)
    $v0                                      0x08005bd8   Number         0  f2d.o(x$fpl$f2d)
    x$fpl$fnaninf                            0x08005c2e   Section      140  fnaninf.o(x$fpl$fnaninf)
    $v0                                      0x08005c2e   Number         0  fnaninf.o(x$fpl$fnaninf)
    x$fpl$fpinit                             0x08005cba   Section       10  fpinit.o(x$fpl$fpinit)
    $v0                                      0x08005cba   Number         0  fpinit.o(x$fpl$fpinit)
    x$fpl$fretinf                            0x08005cc4   Section       10  fretinf.o(x$fpl$fretinf)
    $v0                                      0x08005cc4   Number         0  fretinf.o(x$fpl$fretinf)
    x$fpl$printf1                            0x08005cce   Section        4  printf1.o(x$fpl$printf1)
    $v0                                      0x08005cce   Number         0  printf1.o(x$fpl$printf1)
    x$fpl$usenofp                            0x08005cd2   Section        0  usenofp.o(x$fpl$usenofp)
    .constdata                               0x08005cd8   Section      152  atan.o(.constdata)
    atanhi                                   0x08005cd8   Data          32  atan.o(.constdata)
    atanlo                                   0x08005cf8   Data          32  atan.o(.constdata)
    aTodd                                    0x08005d18   Data          40  atan.o(.constdata)
    aTeven                                   0x08005d40   Data          48  atan.o(.constdata)
    .constdata                               0x08005d70   Section       88  exp.o(.constdata)
    halF                                     0x08005d70   Data          16  exp.o(.constdata)
    ln2HI                                    0x08005d80   Data          16  exp.o(.constdata)
    ln2LO                                    0x08005d90   Data          16  exp.o(.constdata)
    P                                        0x08005da0   Data          40  exp.o(.constdata)
    .constdata                               0x08005dc8   Section       48  cos_i.o(.constdata)
    C                                        0x08005dc8   Data          48  cos_i.o(.constdata)
    .constdata                               0x08005df8   Section      200  rred.o(.constdata)
    pio2s                                    0x08005df8   Data          48  rred.o(.constdata)
    twooverpi                                0x08005e28   Data         152  rred.o(.constdata)
    .constdata                               0x08005ec0   Section       40  sin_i.o(.constdata)
    S                                        0x08005ec0   Data          40  sin_i.o(.constdata)
    .constdata                               0x08005ee8   Section      148  bigflt0.o(.constdata)
    tenpwrs_x                                0x08005ee8   Data          60  bigflt0.o(.constdata)
    tenpwrs_i                                0x08005f24   Data          64  bigflt0.o(.constdata)
    locale$$data                             0x08005f9c   Section       28  lc_numeric_c.o(locale$$data)
    __lcnum_c_name                           0x08005fa0   Data           2  lc_numeric_c.o(locale$$data)
    __lcnum_c_start                          0x08005fa8   Data           0  lc_numeric_c.o(locale$$data)
    __lcnum_c_point                          0x08005fb4   Data           0  lc_numeric_c.o(locale$$data)
    __lcnum_c_thousands                      0x08005fb6   Data           0  lc_numeric_c.o(locale$$data)
    __lcnum_c_grouping                       0x08005fb7   Data           0  lc_numeric_c.o(locale$$data)
    __lcnum_c_end                            0x08005fb8   Data           0  lc_numeric_c.o(locale$$data)
    .data                                    0x20000000   Section       68  main.o(.data)
    .data                                    0x20000044   Section       52  adxl345.o(.data)
    .data                                    0x20000078   Section       49  telemetry.o(.data)
    .data                                    0x200000ac   Section      884  processing.o(.data)
    .data                                    0x20000420   Section       40  motors.o(.data)
    .data                                    0x20000448   Section       65  gyro.o(.data)
    .bss                                     0x2000048c   Section     6000  main.o(.bss)
    .bss                                     0x20001bfc   Section       12  adxl345.o(.bss)
    .bss                                     0x20001c08   Section      200  telemetry.o(.bss)
    .bss                                     0x20001cd0   Section     1556  processing.o(.bss)
    .bss                                     0x200022e4   Section       96  libspace.o(.bss)
    HEAP                                     0x20002348   Section      512  startup_stm32f407xx.o(HEAP)
    Heap_Mem                                 0x20002348   Data         512  startup_stm32f407xx.o(HEAP)
    STACK                                    0x20002548   Section     1024  startup_stm32f407xx.o(STACK)
    Stack_Mem                                0x20002548   Data        1024  startup_stm32f407xx.o(STACK)
    __initial_sp                             0x20002948   Data           0  startup_stm32f407xx.o(STACK)

    Global Symbols

    Symbol Name                              Value     Ov Type        Size  Object(Section)

    BuildAttributes$$THM_ISAv4$E$P$D$K$B$S$7EM$VFPi3$EXTD16$VFPS$VFMA$PE$A:L22UL41UL21$X:L11$S22US41US21$IEEE1$IW$USESV6$~STKCKD$USESV7$~SHL$OTIME$ROPI$IEEEX$EBA8$UX$STANDARDLIB$REQ8$PRES8$EABIv2 0x00000000   Number         0  anon$$obj.o ABSOLUTE
    __ARM_use_no_argv                        0x00000000   Number         0  main.o ABSOLUTE
    _printf_flags                            0x00000000   Number         0  printf_stubs.o ABSOLUTE
    _printf_return_value                     0x00000000   Number         0  printf_stubs.o ABSOLUTE
    _printf_sizespec                         0x00000000   Number         0  printf_stubs.o ABSOLUTE
    _printf_widthprec                        0x00000000   Number         0  printf_stubs.o ABSOLUTE
    __ARM_exceptions_init                     - Undefined Weak Reference
    __alloca_initialize                       - Undefined Weak Reference
    __arm_preinit_                            - Undefined Weak Reference
    __cpp_initialize__aeabi_                  - Undefined Weak Reference
    __cxa_finalize                            - Undefined Weak Reference
    __sigvec_lookup                           - Undefined Weak Reference
    __user_heap_extent                        - Undefined Weak Reference
    _atexit_init                              - Undefined Weak Reference
    _call_atexit_fns                          - Undefined Weak Reference
    _clock_init                               - Undefined Weak Reference
    _fp_trap_init                             - Undefined Weak Reference
    _fp_trap_shutdown                         - Undefined Weak Reference
    _get_lc_collate                           - Undefined Weak Reference
    _get_lc_ctype                             - Undefined Weak Reference
    _get_lc_monetary                          - Undefined Weak Reference
    _get_lc_time                              - Undefined Weak Reference
    _getenv_init                              - Undefined Weak Reference
    _handle_redirection                       - Undefined Weak Reference
    _initio                                   - Undefined Weak Reference
    _mutex_acquire                            - Undefined Weak Reference
    _mutex_free                               - Undefined Weak Reference
    _mutex_release                            - Undefined Weak Reference
    _printf_post_padding                      - Undefined Weak Reference
    _printf_pre_padding                       - Undefined Weak Reference
    _rand_init                                - Undefined Weak Reference
    _signal_finish                            - Undefined Weak Reference
    _signal_init                              - Undefined Weak Reference
    _terminateio                              - Undefined Weak Reference
    __Vectors_Size                           0x00000188   Number         0  startup_stm32f407xx.o ABSOLUTE
    __Vectors                                0x08000000   Data           4  startup_stm32f407xx.o(RESET)
    __Vectors_End                            0x08000188   Data           0  startup_stm32f407xx.o(RESET)
    __main                                   0x08000189   Thumb Code     8  __main.o(!!!main)
    __scatterload                            0x08000191   Thumb Code     0  __scatter.o(!!!scatter)
    __scatterload_rt2                        0x08000191   Thumb Code    44  __scatter.o(!!!scatter)
    __scatterload_rt2_thumb_only             0x08000191   Thumb Code     0  __scatter.o(!!!scatter)
    __scatterload_null                       0x0800019f   Thumb Code     0  __scatter.o(!!!scatter)
    __decompress                             0x080001c5   Thumb Code   100  __dclz77c.o(!!dclz77c)
    __decompress2                            0x080001c5   Thumb Code     0  __dclz77c.o(!!dclz77c)
    __scatterload_zeroinit                   0x08000229   Thumb Code    28  __scatter_zi.o(!!handler_zi)
    _printf_f                                0x08000245   Thumb Code     0  _printf_f.o(.ARM.Collect$$_printf_percent$$00000003)
    _printf_percent                          0x08000245   Thumb Code     0  _printf_percent.o(.ARM.Collect$$_printf_percent$$00000000)
    _printf_d                                0x0800024b   Thumb Code     0  _printf_d.o(.ARM.Collect$$_printf_percent$$00000009)
    _printf_percent_end                      0x08000251   Thumb Code     0  _printf_percent_end.o(.ARM.Collect$$_printf_percent$$00000017)
    __rt_lib_init                            0x08000255   Thumb Code     0  libinit.o(.ARM.Collect$$libinit$$00000000)
    __rt_lib_init_fp_1                       0x08000257   Thumb Code     0  libinit2.o(.ARM.Collect$$libinit$$00000001)
    __rt_lib_init_heap_1                     0x0800025b   Thumb Code     0  libinit2.o(.ARM.Collect$$libinit$$0000000A)
    __rt_lib_init_lc_common                  0x0800025b   Thumb Code     0  libinit2.o(.ARM.Collect$$libinit$$0000000F)
    __rt_lib_init_preinit_1                  0x0800025b   Thumb Code     0  libinit2.o(.ARM.Collect$$libinit$$00000004)
    __rt_lib_init_rand_1                     0x0800025b   Thumb Code     0  libinit2.o(.ARM.Collect$$libinit$$0000000E)
    __rt_lib_init_user_alloc_1               0x0800025b   Thumb Code     0  libinit2.o(.ARM.Collect$$libinit$$0000000C)
    __rt_lib_init_lc_collate_1               0x08000261   Thumb Code     0  libinit2.o(.ARM.Collect$$libinit$$00000011)
    __rt_lib_init_lc_ctype_1                 0x08000261   Thumb Code     0  libinit2.o(.ARM.Collect$$libinit$$00000013)
    __rt_lib_init_lc_monetary_1              0x08000261   Thumb Code     0  libinit2.o(.ARM.Collect$$libinit$$00000015)
    __rt_lib_init_lc_numeric_2               0x08000261   Thumb Code     0  libinit2.o(.ARM.Collect$$libinit$$00000016)
    __rt_lib_init_alloca_1                   0x0800026b   Thumb Code     0  libinit2.o(.ARM.Collect$$libinit$$0000002E)
    __rt_lib_init_argv_1                     0x0800026b   Thumb Code     0  libinit2.o(.ARM.Collect$$libinit$$0000002C)
    __rt_lib_init_atexit_1                   0x0800026b   Thumb Code     0  libinit2.o(.ARM.Collect$$libinit$$0000001B)
    __rt_lib_init_clock_1                    0x0800026b   Thumb Code     0  libinit2.o(.ARM.Collect$$libinit$$00000021)
    __rt_lib_init_cpp_1                      0x0800026b   Thumb Code     0  libinit2.o(.ARM.Collect$$libinit$$00000032)
    __rt_lib_init_exceptions_1               0x0800026b   Thumb Code     0  libinit2.o(.ARM.Collect$$libinit$$00000030)
    __rt_lib_init_fp_trap_1                  0x0800026b   Thumb Code     0  libinit2.o(.ARM.Collect$$libinit$$0000001F)
    __rt_lib_init_getenv_1                   0x0800026b   Thumb Code     0  libinit2.o(.ARM.Collect$$libinit$$00000023)
    __rt_lib_init_lc_numeric_1               0x0800026b   Thumb Code     0  libinit2.o(.ARM.Collect$$libinit$$00000017)
    __rt_lib_init_lc_time_1                  0x0800026b   Thumb Code     0  libinit2.o(.ARM.Collect$$libinit$$00000019)
    __rt_lib_init_return                     0x0800026b   Thumb Code     0  libinit2.o(.ARM.Collect$$libinit$$00000033)
    __rt_lib_init_signal_1                   0x0800026b   Thumb Code     0  libinit2.o(.ARM.Collect$$libinit$$0000001D)
    __rt_lib_init_stdio_1                    0x0800026b   Thumb Code     0  libinit2.o(.ARM.Collect$$libinit$$00000025)
    __rt_lib_shutdown                        0x0800026d   Thumb Code     0  libshutdown.o(.ARM.Collect$$libshutdown$$00000000)
    __rt_lib_shutdown_fp_trap_1              0x0800026f   Thumb Code     0  libshutdown2.o(.ARM.Collect$$libshutdown$$00000006)
    __rt_lib_shutdown_heap_1                 0x0800026f   Thumb Code     0  libshutdown2.o(.ARM.Collect$$libshutdown$$0000000E)
    __rt_lib_shutdown_return                 0x0800026f   Thumb Code     0  libshutdown2.o(.ARM.Collect$$libshutdown$$0000000F)
    __rt_lib_shutdown_signal_1               0x0800026f   Thumb Code     0  libshutdown2.o(.ARM.Collect$$libshutdown$$00000009)
    __rt_lib_shutdown_stdio_1                0x0800026f   Thumb Code     0  libshutdown2.o(.ARM.Collect$$libshutdown$$00000003)
    __rt_lib_shutdown_user_alloc_1           0x0800026f   Thumb Code     0  libshutdown2.o(.ARM.Collect$$libshutdown$$0000000B)
    __rt_entry                               0x08000271   Thumb Code     0  __rtentry.o(.ARM.Collect$$rtentry$$00000000)
    __rt_entry_presh_1                       0x08000271   Thumb Code     0  __rtentry2.o(.ARM.Collect$$rtentry$$00000002)
    __rt_entry_sh                            0x08000271   Thumb Code     0  __rtentry4.o(.ARM.Collect$$rtentry$$00000004)
    __rt_entry_li                            0x08000277   Thumb Code     0  __rtentry2.o(.ARM.Collect$$rtentry$$0000000A)
    __rt_entry_postsh_1                      0x08000277   Thumb Code     0  __rtentry2.o(.ARM.Collect$$rtentry$$00000009)
    __rt_entry_main                          0x0800027b   Thumb Code     0  __rtentry2.o(.ARM.Collect$$rtentry$$0000000D)
    __rt_entry_postli_1                      0x0800027b   Thumb Code     0  __rtentry2.o(.ARM.Collect$$rtentry$$0000000C)
    __rt_exit                                0x08000283   Thumb Code     0  rtexit.o(.ARM.Collect$$rtexit$$00000000)
    __rt_exit_ls                             0x08000285   Thumb Code     0  rtexit2.o(.ARM.Collect$$rtexit$$00000003)
    __rt_exit_prels_1                        0x08000285   Thumb Code     0  rtexit2.o(.ARM.Collect$$rtexit$$00000002)
    __rt_exit_exit                           0x08000289   Thumb Code     0  rtexit2.o(.ARM.Collect$$rtexit$$00000004)
    Reset_Handler                            0x08000291   Thumb Code     8  startup_stm32f407xx.o(.text)
    NMI_Handler                              0x08000299   Thumb Code     2  startup_stm32f407xx.o(.text)
    HardFault_Handler                        0x0800029b   Thumb Code     2  startup_stm32f407xx.o(.text)
    MemManage_Handler                        0x0800029d   Thumb Code     2  startup_stm32f407xx.o(.text)
    BusFault_Handler                         0x0800029f   Thumb Code     2  startup_stm32f407xx.o(.text)
    UsageFault_Handler                       0x080002a1   Thumb Code     2  startup_stm32f407xx.o(.text)
    SVC_Handler                              0x080002a3   Thumb Code     2  startup_stm32f407xx.o(.text)
    DebugMon_Handler                         0x080002a5   Thumb Code     2  startup_stm32f407xx.o(.text)
    PendSV_Handler                           0x080002a7   Thumb Code     2  startup_stm32f407xx.o(.text)
    SysTick_Handler                          0x080002a9   Thumb Code     2  startup_stm32f407xx.o(.text)
    ADC_IRQHandler                           0x080002ab   Thumb Code     0  startup_stm32f407xx.o(.text)
    CAN1_RX0_IRQHandler                      0x080002ab   Thumb Code     0  startup_stm32f407xx.o(.text)
    CAN1_RX1_IRQHandler                      0x080002ab   Thumb Code     0  startup_stm32f407xx.o(.text)
    CAN1_SCE_IRQHandler                      0x080002ab   Thumb Code     0  startup_stm32f407xx.o(.text)
    CAN1_TX_IRQHandler                       0x080002ab   Thumb Code     0  startup_stm32f407xx.o(.text)
    CAN2_RX0_IRQHandler                      0x080002ab   Thumb Code     0  startup_stm32f407xx.o(.text)
    CAN2_RX1_IRQHandler                      0x080002ab   Thumb Code     0  startup_stm32f407xx.o(.text)
    CAN2_SCE_IRQHandler                      0x080002ab   Thumb Code     0  startup_stm32f407xx.o(.text)
    CAN2_TX_IRQHandler                       0x080002ab   Thumb Code     0  startup_stm32f407xx.o(.text)
    DCMI_IRQHandler                          0x080002ab   Thumb Code     0  startup_stm32f407xx.o(.text)
    DMA1_Stream1_IRQHandler                  0x080002ab   Thumb Code     0  startup_stm32f407xx.o(.text)
    DMA1_Stream2_IRQHandler                  0x080002ab   Thumb Code     0  startup_stm32f407xx.o(.text)
    DMA1_Stream5_IRQHandler                  0x080002ab   Thumb Code     0  startup_stm32f407xx.o(.text)
    DMA1_Stream6_IRQHandler                  0x080002ab   Thumb Code     0  startup_stm32f407xx.o(.text)
    DMA1_Stream7_IRQHandler                  0x080002ab   Thumb Code     0  startup_stm32f407xx.o(.text)
    DMA2_Stream0_IRQHandler                  0x080002ab   Thumb Code     0  startup_stm32f407xx.o(.text)
    DMA2_Stream1_IRQHandler                  0x080002ab   Thumb Code     0  startup_stm32f407xx.o(.text)
    DMA2_Stream2_IRQHandler                  0x080002ab   Thumb Code     0  startup_stm32f407xx.o(.text)
    DMA2_Stream3_IRQHandler                  0x080002ab   Thumb Code     0  startup_stm32f407xx.o(.text)
    DMA2_Stream4_IRQHandler                  0x080002ab   Thumb Code     0  startup_stm32f407xx.o(.text)
    DMA2_Stream5_IRQHandler                  0x080002ab   Thumb Code     0  startup_stm32f407xx.o(.text)
    DMA2_Stream6_IRQHandler                  0x080002ab   Thumb Code     0  startup_stm32f407xx.o(.text)
    ETH_IRQHandler                           0x080002ab   Thumb Code     0  startup_stm32f407xx.o(.text)
    ETH_WKUP_IRQHandler                      0x080002ab   Thumb Code     0  startup_stm32f407xx.o(.text)
    EXTI0_IRQHandler                         0x080002ab   Thumb Code     0  startup_stm32f407xx.o(.text)
    EXTI15_10_IRQHandler                     0x080002ab   Thumb Code     0  startup_stm32f407xx.o(.text)
    EXTI9_5_IRQHandler                       0x080002ab   Thumb Code     0  startup_stm32f407xx.o(.text)
    FLASH_IRQHandler                         0x080002ab   Thumb Code     0  startup_stm32f407xx.o(.text)
    FMC_IRQHandler                           0x080002ab   Thumb Code     0  startup_stm32f407xx.o(.text)
    FPU_IRQHandler                           0x080002ab   Thumb Code     0  startup_stm32f407xx.o(.text)
    HASH_RNG_IRQHandler                      0x080002ab   Thumb Code     0  startup_stm32f407xx.o(.text)
    I2C1_ER_IRQHandler                       0x080002ab   Thumb Code     0  startup_stm32f407xx.o(.text)
    I2C2_ER_IRQHandler                       0x080002ab   Thumb Code     0  startup_stm32f407xx.o(.text)
    I2C2_EV_IRQHandler                       0x080002ab   Thumb Code     0  startup_stm32f407xx.o(.text)
    I2C3_ER_IRQHandler                       0x080002ab   Thumb Code     0  startup_stm32f407xx.o(.text)
    I2C3_EV_IRQHandler                       0x080002ab   Thumb Code     0  startup_stm32f407xx.o(.text)
    OTG_FS_IRQHandler                        0x080002ab   Thumb Code     0  startup_stm32f407xx.o(.text)
    OTG_FS_WKUP_IRQHandler                   0x080002ab   Thumb Code     0  startup_stm32f407xx.o(.text)
    OTG_HS_EP1_IN_IRQHandler                 0x080002ab   Thumb Code     0  startup_stm32f407xx.o(.text)
    OTG_HS_EP1_OUT_IRQHandler                0x080002ab   Thumb Code     0  startup_stm32f407xx.o(.text)
    OTG_HS_IRQHandler                        0x080002ab   Thumb Code     0  startup_stm32f407xx.o(.text)
    OTG_HS_WKUP_IRQHandler                   0x080002ab   Thumb Code     0  startup_stm32f407xx.o(.text)
    PVD_IRQHandler                           0x080002ab   Thumb Code     0  startup_stm32f407xx.o(.text)
    RCC_IRQHandler                           0x080002ab   Thumb Code     0  startup_stm32f407xx.o(.text)
    RTC_Alarm_IRQHandler                     0x080002ab   Thumb Code     0  startup_stm32f407xx.o(.text)
    RTC_WKUP_IRQHandler                      0x080002ab   Thumb Code     0  startup_stm32f407xx.o(.text)
    SDIO_IRQHandler                          0x080002ab   Thumb Code     0  startup_stm32f407xx.o(.text)
    SPI1_IRQHandler                          0x080002ab   Thumb Code     0  startup_stm32f407xx.o(.text)
    SPI2_IRQHandler                          0x080002ab   Thumb Code     0  startup_stm32f407xx.o(.text)
    SPI3_IRQHandler                          0x080002ab   Thumb Code     0  startup_stm32f407xx.o(.text)
    TAMP_STAMP_IRQHandler                    0x080002ab   Thumb Code     0  startup_stm32f407xx.o(.text)
    TIM1_BRK_TIM9_IRQHandler                 0x080002ab   Thumb Code     0  startup_stm32f407xx.o(.text)
    TIM1_CC_IRQHandler                       0x080002ab   Thumb Code     0  startup_stm32f407xx.o(.text)
    TIM1_TRG_COM_TIM11_IRQHandler            0x080002ab   Thumb Code     0  startup_stm32f407xx.o(.text)
    TIM1_UP_TIM10_IRQHandler                 0x080002ab   Thumb Code     0  startup_stm32f407xx.o(.text)
    TIM2_IRQHandler                          0x080002ab   Thumb Code     0  startup_stm32f407xx.o(.text)
    TIM4_IRQHandler                          0x080002ab   Thumb Code     0  startup_stm32f407xx.o(.text)
    TIM5_IRQHandler                          0x080002ab   Thumb Code     0  startup_stm32f407xx.o(.text)
    TIM6_DAC_IRQHandler                      0x080002ab   Thumb Code     0  startup_stm32f407xx.o(.text)
    TIM8_BRK_TIM12_IRQHandler                0x080002ab   Thumb Code     0  startup_stm32f407xx.o(.text)
    TIM8_CC_IRQHandler                       0x080002ab   Thumb Code     0  startup_stm32f407xx.o(.text)
    TIM8_TRG_COM_TIM14_IRQHandler            0x080002ab   Thumb Code     0  startup_stm32f407xx.o(.text)
    TIM8_UP_TIM13_IRQHandler                 0x080002ab   Thumb Code     0  startup_stm32f407xx.o(.text)
    UART4_IRQHandler                         0x080002ab   Thumb Code     0  startup_stm32f407xx.o(.text)
    UART5_IRQHandler                         0x080002ab   Thumb Code     0  startup_stm32f407xx.o(.text)
    USART2_IRQHandler                        0x080002ab   Thumb Code     0  startup_stm32f407xx.o(.text)
    USART3_IRQHandler                        0x080002ab   Thumb Code     0  startup_stm32f407xx.o(.text)
    USART6_IRQHandler                        0x080002ab   Thumb Code     0  startup_stm32f407xx.o(.text)
    WWDG_IRQHandler                          0x080002ab   Thumb Code     0  startup_stm32f407xx.o(.text)
    __user_initial_stackheap                 0x080002ad   Thumb Code     0  startup_stm32f407xx.o(.text)
    __2sprintf                               0x080002d1   Thumb Code    34  noretval__2sprintf.o(.text)
    _printf_truncate_signed                  0x080002f9   Thumb Code    18  _printf_truncate.o(.text)
    _printf_truncate_unsigned                0x0800030b   Thumb Code    18  _printf_truncate.o(.text)
    _printf_int_dec                          0x0800031d   Thumb Code   104  _printf_dec.o(.text)
    __printf                                 0x08000395   Thumb Code   352  __printf_ss_wp.o(.text)
    strlen                                   0x080004f5   Thumb Code    62  strlen.o(.text)
    __use_two_region_memory                  0x08000533   Thumb Code     2  heapauxi.o(.text)
    __rt_heap_escrow                         0x08000535   Thumb Code     2  heapauxi.o(.text)
    __rt_heap_expand                         0x08000537   Thumb Code     2  heapauxi.o(.text)
    __read_errno                             0x08000539   Thumb Code    10  _rserrno.o(.text)
    __set_errno                              0x08000543   Thumb Code    12  _rserrno.o(.text)
    _printf_int_common                       0x0800054f   Thumb Code   178  _printf_intcommon.o(.text)
    __lib_sel_fp_printf                      0x08000601   Thumb Code     2  _printf_fp_dec.o(.text)
    _printf_fp_dec_real                      0x080007af   Thumb Code   620  _printf_fp_dec.o(.text)
    _printf_char_common                      0x08000a27   Thumb Code    32  _printf_char_common.o(.text)
    _sputc                                   0x08000a4d   Thumb Code    10  _sputc.o(.text)
    __user_libspace                          0x08000a59   Thumb Code     8  libspace.o(.text)
    __user_perproc_libspace                  0x08000a59   Thumb Code     0  libspace.o(.text)
    __user_perthread_libspace                0x08000a59   Thumb Code     0  libspace.o(.text)
    __rt_locale                              0x08000a61   Thumb Code     8  rt_locale_intlibspace.o(.text)
    __aeabi_errno_addr                       0x08000a69   Thumb Code     8  rt_errno_addr_intlibspace.o(.text)
    __errno$intlibspace                      0x08000a69   Thumb Code     0  rt_errno_addr_intlibspace.o(.text)
    __rt_errno_addr$intlibspace              0x08000a69   Thumb Code     0  rt_errno_addr_intlibspace.o(.text)
    _ll_udiv10                               0x08000a71   Thumb Code   138  lludiv10.o(.text)
    _printf_fp_infnan                        0x08000afd   Thumb Code   112  _printf_fp_infnan.o(.text)
    _btod_etento                             0x08000b7d   Thumb Code   216  bigflt0.o(.text)
    __I$use$semihosting                      0x08000c59   Thumb Code     0  use_no_semi.o(.text)
    __use_no_semihosting_swi                 0x08000c59   Thumb Code     2  use_no_semi.o(.text)
    __semihosting_library_function           0x08000c5b   Thumb Code     0  indicate_semi.o(.text)
    __user_setup_stackheap                   0x08000c5b   Thumb Code    74  sys_stackheap_outer.o(.text)
    exit                                     0x08000ca5   Thumb Code    12  exit.o(.text)
    strcmp                                   0x08000cb1   Thumb Code   128  strcmpv7m.o(.text)
    _sys_exit                                0x08000d31   Thumb Code     8  sys_exit.o(.text)
    _btod_d2e                                0x08000d3d   Thumb Code    62  btod.o(CL$$btod_d2e)
    _d2e_denorm_low                          0x08000d7b   Thumb Code    70  btod.o(CL$$btod_d2e_denorm_low)
    _d2e_norm_op1                            0x08000dc1   Thumb Code    96  btod.o(CL$$btod_d2e_norm_op1)
    __btod_div_common                        0x08000e21   Thumb Code   696  btod.o(CL$$btod_div_common)
    _e2e                                     0x08001159   Thumb Code   198  btod.o(CL$$btod_e2e)
    _btod_ediv                               0x0800121f   Thumb Code    40  btod.o(CL$$btod_ediv)
    _btod_emul                               0x08001247   Thumb Code    40  btod.o(CL$$btod_emul)
    __btod_mult_common                       0x0800126f   Thumb Code   580  btod.o(CL$$btod_mult_common)
    ADXL345_AccelVCCInit                     0x080014b5   Thumb Code    92  adxl345.o(i.ADXL345_AccelVCCInit)
    ADXL345_Calibr                           0x08001519   Thumb Code    94  adxl345.o(i.ADXL345_Calibr)
    ADXL345_DMA_Init                         0x080015a1   Thumb Code    90  adxl345.o(i.ADXL345_DMA_Init)
    ADXL345_Init                             0x08001611   Thumb Code   112  adxl345.o(i.ADXL345_Init)
    ADXL345_Read                             0x08001685   Thumb Code    22  adxl345.o(i.ADXL345_Read)
    ADXL345_Write                            0x0800169b   Thumb Code    20  adxl345.o(i.ADXL345_Write)
    Accel_EXTI_Init                          0x080016b1   Thumb Code    66  adxl345.o(i.Accel_EXTI_Init)
    DMA1_Stream0_IRQHandler                  0x08001701   Thumb Code   204  gyro.o(i.DMA1_Stream0_IRQHandler)
    DMA1_Stream3_IRQHandler                  0x08001801   Thumb Code   502  adxl345.o(i.DMA1_Stream3_IRQHandler)
    DMA1_Stream4_IRQHandler                  0x08001a5d   Thumb Code    34  adxl345.o(i.DMA1_Stream4_IRQHandler)
    DMA2_Stream7_IRQHandler                  0x08001a85   Thumb Code    28  telemetry.o(i.DMA2_Stream7_IRQHandler)
    Delay                                    0x08001aa9   Thumb Code    28  adxl345.o(i.Delay)
    EXTI1_IRQHandler                         0x08001ac5   Thumb Code    28  adxl345.o(i.EXTI1_IRQHandler)
    EXTI2_IRQHandler                         0x08001ae5   Thumb Code    78  motors.o(i.EXTI2_IRQHandler)
    EXTI3_IRQHandler                         0x08001b41   Thumb Code    24  gyro.o(i.EXTI3_IRQHandler)
    EXTI4_IRQHandler                         0x08001b5d   Thumb Code    68  motors.o(i.EXTI4_IRQHandler)
    Gyro_Calibr                              0x08001bad   Thumb Code    52  gyro.o(i.Gyro_Calibr)
    Gyro_DMA_Init                            0x08001bfd   Thumb Code    48  gyro.o(i.Gyro_DMA_Init)
    Gyro_EXTI_Init                           0x08001c3d   Thumb Code    88  gyro.o(i.Gyro_EXTI_Init)
    Gyro_Init                                0x08001ca5   Thumb Code    88  gyro.o(i.Gyro_Init)
    Gyro_ReadWithInterrupt                   0x08001d05   Thumb Code    64  gyro.o(i.Gyro_ReadWithInterrupt)
    Gyro_SingleByteRead                      0x08001d55   Thumb Code   274  gyro.o(i.Gyro_SingleByteRead)
    Gyro_SingleByteWrite                     0x08001e6d   Thumb Code   186  gyro.o(i.Gyro_SingleByteWrite)
    I2C1_EV_IRQHandler                       0x08001f2d   Thumb Code   124  gyro.o(i.I2C1_EV_IRQHandler)
    I2C1_GPIO_Init                           0x08001fb9   Thumb Code   194  gyro.o(i.I2C1_GPIO_Init)
    I2C1_Init                                0x08002089   Thumb Code    50  gyro.o(i.I2C1_Init)
    Motors_EXTI_Init                         0x080020c1   Thumb Code   116  motors.o(i.Motors_EXTI_Init)
    Motors_GPIO_Init                         0x0800213d   Thumb Code   298  motors.o(i.Motors_GPIO_Init)
    Motors_Init                              0x08002281   Thumb Code    16  motors.o(i.Motors_Init)
    Motors_Run                               0x08002291   Thumb Code    20  motors.o(i.Motors_Run)
    Motors_Stop                              0x080022b1   Thumb Code    20  motors.o(i.Motors_Stop)
    Motors_TIM_Init                          0x080022cd   Thumb Code   166  motors.o(i.Motors_TIM_Init)
    NSS_High                                 0x08002389   Thumb Code    20  adxl345.o(i.NSS_High)
    NSS_Low                                  0x080023a5   Thumb Code    20  adxl345.o(i.NSS_Low)
    Processing_TIM_Init                      0x08002491   Thumb Code   108  processing.o(i.Processing_TIM_Init)
    RCC_Init                                 0x08002509   Thumb Code    46  main.o(i.RCC_Init)
    SPI1_Transfer                            0x08002549   Thumb Code    46  adxl345.o(i.SPI1_Transfer)
    SPI2_GPIO_Init                           0x0800257d   Thumb Code   226  adxl345.o(i.SPI2_GPIO_Init)
    SPI2_Init                                0x08002675   Thumb Code    98  adxl345.o(i.SPI2_Init)
    SendTelemetry                            0x080026dd   Thumb Code   196  telemetry.o(i.SendTelemetry)
    SystemInit                               0x08002821   Thumb Code   140  system_stm32f4xx.o(i.SystemInit)
    TIM3_IRQHandler                          0x080028bd   Thumb Code   308  motors.o(i.TIM3_IRQHandler)
    TIM7_IRQHandler                          0x08002a1d   Thumb Code   438  processing.o(i.TIM7_IRQHandler)
    Telemetry_DMA_Init                       0x08002bfd   Thumb Code    64  telemetry.o(i.Telemetry_DMA_Init)
    USART1_IRQHandler                        0x08002c55   Thumb Code  1636  telemetry.o(i.USART1_IRQHandler)
    USART_Init                               0x08003315   Thumb Code   234  telemetry.o(i.USART_Init)
    __ARM_fpclassify                         0x08003419   Thumb Code    48  fpclassify.o(i.__ARM_fpclassify)
    __hardfp_atan                            0x08003449   Thumb Code   622  atan.o(i.__hardfp_atan)
    __hardfp_exp                             0x08003721   Thumb Code   714  exp.o(i.__hardfp_exp)
    __hardfp_fabs                            0x08003a79   Thumb Code    20  fabs.o(i.__hardfp_fabs)
    __hardfp_sin                             0x08003a91   Thumb Code   180  sin.o(i.__hardfp_sin)
    __hardfp_sqrt                            0x08003b59   Thumb Code   122  sqrt.o(i.__hardfp_sqrt)
    __ieee754_rem_pio2                       0x08003bd9   Thumb Code   938  rred.o(i.__ieee754_rem_pio2)
    __kernel_cos                             0x08004011   Thumb Code   322  cos_i.o(i.__kernel_cos)
    __kernel_poly                            0x08004181   Thumb Code   248  poly.o(i.__kernel_poly)
    __kernel_sin                             0x08004279   Thumb Code   280  sin_i.o(i.__kernel_sin)
    __mathlib_dbl_infnan                     0x080043a9   Thumb Code    20  dunder.o(i.__mathlib_dbl_infnan)
    __mathlib_dbl_invalid                    0x080043c1   Thumb Code    24  dunder.o(i.__mathlib_dbl_invalid)
    __mathlib_dbl_overflow                   0x080043e1   Thumb Code    24  dunder.o(i.__mathlib_dbl_overflow)
    __mathlib_dbl_underflow                  0x08004401   Thumb Code    24  dunder.o(i.__mathlib_dbl_underflow)
    _is_digit                                0x08004421   Thumb Code    14  __printf_wp.o(i._is_digit)
    calcAngVel                               0x08004431   Thumb Code   152  processing.o(i.calcAngVel)
    calcAngle                                0x080044f9   Thumb Code   232  processing.o(i.calcAngle)
    calcPwms                                 0x08004609   Thumb Code   214  processing.o(i.calcPwms)
    chooseRoot                               0x08004701   Thumb Code   354  processing.o(i.chooseRoot)
    control                                  0x08004881   Thumb Code   180  processing.o(i.control)
    delay                                    0x08004955   Thumb Code    22  gyro.o(i.delay)
    fabs                                     0x0800496b   Thumb Code    24  fabs.o(i.fabs)
    gCheck                                   0x08004985   Thumb Code   142  processing.o(i.gCheck)
    getFinalData                             0x08004a2d   Thumb Code    92  processing.o(i.getFinalData)
    gyroRecalibration                        0x08004ab9   Thumb Code   110  main.o(i.gyroRecalibration)
    initWaitingForFloat                      0x08004b39   Thumb Code    44  telemetry.o(i.initWaitingForFloat)
    initWaitingForInt                        0x08004b7d   Thumb Code    26  telemetry.o(i.initWaitingForInt)
    lowpass                                  0x08004ba9   Thumb Code    78  processing.o(i.lowpass)
    main                                     0x08004bfd   Thumb Code   380  main.o(i.main)
    simplestControl                          0x08004ded   Thumb Code   270  processing.o(i.simplestControl)
    turnOffUselessMotor                      0x08004f15   Thumb Code   168  processing.o(i.turnOffUselessMotor)
    updateFreq                               0x08004fd5   Thumb Code    34  adxl345.o(i.updateFreq)
    _get_lc_numeric                          0x08005001   Thumb Code    44  lc_numeric_c.o(locale$$code)
    __aeabi_dneg                             0x0800502d   Thumb Code     0  basic.o(x$fpl$basic)
    _dneg                                    0x0800502d   Thumb Code     6  basic.o(x$fpl$basic)
    __aeabi_fneg                             0x08005033   Thumb Code     0  basic.o(x$fpl$basic)
    _fneg                                    0x08005033   Thumb Code     6  basic.o(x$fpl$basic)
    _dabs                                    0x08005039   Thumb Code     6  basic.o(x$fpl$basic)
    _fabs                                    0x0800503f   Thumb Code     6  basic.o(x$fpl$basic)
    __aeabi_d2f                              0x08005045   Thumb Code     0  d2f.o(x$fpl$d2f)
    _d2f                                     0x08005045   Thumb Code    98  d2f.o(x$fpl$d2f)
    __aeabi_dadd                             0x080050a9   Thumb Code     0  daddsub_clz.o(x$fpl$dadd)
    _dadd                                    0x080050a9   Thumb Code   332  daddsub_clz.o(x$fpl$dadd)
    __fpl_dcmp_Inf                           0x080051f9   Thumb Code    24  dcmpi.o(x$fpl$dcmpinf)
    __aeabi_ddiv                             0x08005211   Thumb Code     0  ddiv.o(x$fpl$ddiv)
    _ddiv                                    0x08005211   Thumb Code   552  ddiv.o(x$fpl$ddiv)
    __aeabi_d2iz                             0x080054c1   Thumb Code     0  dfix.o(x$fpl$dfix)
    _dfix                                    0x080054c1   Thumb Code    94  dfix.o(x$fpl$dfix)
    __aeabi_i2d                              0x0800551f   Thumb Code     0  dflt_clz.o(x$fpl$dflt)
    _dflt                                    0x0800551f   Thumb Code    46  dflt_clz.o(x$fpl$dflt)
    __aeabi_ui2d                             0x0800554d   Thumb Code     0  dflt_clz.o(x$fpl$dfltu)
    _dfltu                                   0x0800554d   Thumb Code    38  dflt_clz.o(x$fpl$dfltu)
    __aeabi_cdcmple                          0x08005575   Thumb Code     0  dleqf.o(x$fpl$dleqf)
    _dcmple                                  0x08005575   Thumb Code   120  dleqf.o(x$fpl$dleqf)
    __fpl_dcmple_InfNaN                      0x080055d7   Thumb Code     0  dleqf.o(x$fpl$dleqf)
    __aeabi_dmul                             0x080055ed   Thumb Code     0  dmul.o(x$fpl$dmul)
    _dmul                                    0x080055ed   Thumb Code   332  dmul.o(x$fpl$dmul)
    __fpl_dnaninf                            0x08005741   Thumb Code   156  dnaninf.o(x$fpl$dnaninf)
    __fpl_dretinf                            0x080057dd   Thumb Code    12  dretinf.o(x$fpl$dretinf)
    __aeabi_cdrcmple                         0x080057e9   Thumb Code     0  drleqf.o(x$fpl$drleqf)
    _drcmple                                 0x080057e9   Thumb Code   108  drleqf.o(x$fpl$drleqf)
    __aeabi_drsub                            0x08005855   Thumb Code     0  daddsub_clz.o(x$fpl$drsb)
    _drsb                                    0x08005855   Thumb Code    22  daddsub_clz.o(x$fpl$drsb)
    _dsqrt                                   0x0800586d   Thumb Code   404  dsqrt_umaal.o(x$fpl$dsqrt)
    __aeabi_dsub                             0x08005a05   Thumb Code     0  daddsub_clz.o(x$fpl$dsub)
    _dsub                                    0x08005a05   Thumb Code   464  daddsub_clz.o(x$fpl$dsub)
    __aeabi_f2d                              0x08005bd9   Thumb Code     0  f2d.o(x$fpl$f2d)
    _f2d                                     0x08005bd9   Thumb Code    86  f2d.o(x$fpl$f2d)
    __fpl_fnaninf                            0x08005c2f   Thumb Code   140  fnaninf.o(x$fpl$fnaninf)
    _fp_init                                 0x08005cbb   Thumb Code    10  fpinit.o(x$fpl$fpinit)
    __fplib_config_fpu_vfp                   0x08005cc3   Thumb Code     0  fpinit.o(x$fpl$fpinit)
    __fplib_config_pureend_doubles           0x08005cc3   Thumb Code     0  fpinit.o(x$fpl$fpinit)
    __fpl_fretinf                            0x08005cc5   Thumb Code    10  fretinf.o(x$fpl$fretinf)
    _printf_fp_dec                           0x08005ccf   Thumb Code     4  printf1.o(x$fpl$printf1)
    __I$use$fp                               0x08005cd2   Number         0  usenofp.o(x$fpl$usenofp)
    Region$$Table$$Base                      0x08005f7c   Number         0  anon$$obj.o(Region$$Table)
    Region$$Table$$Limit                     0x08005f9c   Number         0  anon$$obj.o(Region$$Table)
    ax                                       0x20000000   Data           2  main.o(.data)
    ay                                       0x20000002   Data           2  main.o(.data)
    az                                       0x20000004   Data           2  main.o(.data)
    gx                                       0x20000006   Data           2  main.o(.data)
    gy                                       0x20000008   Data           2  main.o(.data)
    gz                                       0x2000000a   Data           2  main.o(.data)
    ENGRDY                                   0x2000000c   Data           1  main.o(.data)
    STABRDY                                  0x2000000d   Data           1  main.o(.data)
    pwm1                                     0x20000010   Data           4  main.o(.data)
    pwm2                                     0x20000014   Data           4  main.o(.data)
    COUNT1                                   0x20000018   Data           4  main.o(.data)
    COUNT2                                   0x2000001c   Data           4  main.o(.data)
    F                                        0x20000020   Data           4  main.o(.data)
    Kp                                       0x20000024   Data           4  main.o(.data)
    Kd                                       0x20000028   Data           4  main.o(.data)
    Ki                                       0x2000002c   Data           4  main.o(.data)
    angle                                    0x20000030   Data           4  main.o(.data)
    angularVelocity                          0x20000034   Data           4  main.o(.data)
    filterScale                              0x20000038   Data           4  main.o(.data)
    gyroRecalibrationBufferIndex             0x2000003c   Data           2  main.o(.data)
    gyroRecalibrationAccumulator             0x20000040   Data           4  main.o(.data)
    SPI2_SCK                                 0x20000044   Data           1  adxl345.o(.data)
    SPI2_MISO                                0x20000045   Data           1  adxl345.o(.data)
    SPI2_MOSI                                0x20000046   Data           1  adxl345.o(.data)
    SPI2_NSS                                 0x20000047   Data           1  adxl345.o(.data)
    ACCEL_INT1                               0x20000048   Data           1  adxl345.o(.data)
    ACCEL_VCC                                0x20000049   Data           1  adxl345.o(.data)
    accelRegisters                           0x2000004a   Data          12  adxl345.o(.data)
    accelCalibrationOn                       0x20000056   Data           1  adxl345.o(.data)
    accelCalibrIndex                         0x20000058   Data           4  adxl345.o(.data)
    accelCalibrNumber                        0x2000005c   Data           4  adxl345.o(.data)
    accel_xSum                               0x20000060   Data           4  adxl345.o(.data)
    accel_ySum                               0x20000064   Data           4  adxl345.o(.data)
    accel_zSum                               0x20000068   Data           4  adxl345.o(.data)
    xOffset                                  0x2000006c   Data           2  adxl345.o(.data)
    yOffset                                  0x2000006e   Data           2  adxl345.o(.data)
    zOffset                                  0x20000070   Data           2  adxl345.o(.data)
    freshFreq                                0x20000072   Data           1  adxl345.o(.data)
    curFreq                                  0x20000073   Data           1  adxl345.o(.data)
    curDT                                    0x20000074   Data           4  adxl345.o(.data)
    UART1_TX                                 0x20000078   Data           1  telemetry.o(.data)
    UART1_RX                                 0x20000079   Data           1  telemetry.o(.data)
    received                                 0x2000007a   Data           1  telemetry.o(.data)
    i                                        0x2000007c   Data           4  telemetry.o(.data)
    st                                       0x20000080   Data           4  telemetry.o(.data)
    intValue                                 0x20000084   Data           4  telemetry.o(.data)
    k                                        0x20000088   Data           4  telemetry.o(.data)
    my_pow                                   0x2000008c   Data           4  telemetry.o(.data)
    d_st                                     0x20000090   Data           4  telemetry.o(.data)
    floatValue                               0x20000094   Data           4  telemetry.o(.data)
    curWaiting                               0x20000098   Data           1  telemetry.o(.data)
    curWaitingForInt                         0x20000099   Data           1  telemetry.o(.data)
    curWaitingForFloat                       0x2000009a   Data           1  telemetry.o(.data)
    telemetryOn                              0x2000009b   Data           1  telemetry.o(.data)
    recalibrate                              0x2000009c   Data           1  telemetry.o(.data)
    turnUselessOn                            0x2000009d   Data           1  telemetry.o(.data)
    gyroRecalibrationOn                      0x2000009e   Data           1  telemetry.o(.data)
    len                                      0x2000009f   Data           1  telemetry.o(.data)
    j                                        0x200000a0   Data           1  telemetry.o(.data)
    rst                                      0x200000a4   Data           4  telemetry.o(.data)
    USART_DMA_transferComleted               0x200000a8   Data           1  telemetry.o(.data)
    maxAngle                                 0x200000ac   Data           4  processing.o(.data)
    accelDeviation                           0x200000b0   Data           4  processing.o(.data)
    angleFromAccel                           0x200000b4   Data           1  processing.o(.data)
    maxAngVel                                0x200000b8   Data           4  processing.o(.data)
    research                                 0x200000bc   Data           1  processing.o(.data)
    researchIndex                            0x200000c0   Data           4  processing.o(.data)
    researchAmplitude                        0x200000c4   Data           4  processing.o(.data)
    researchFrequency                        0x200000c8   Data           4  processing.o(.data)
    processCounter                           0x200000cc   Data           1  processing.o(.data)
    gyro_b                                   0x200000d0   Data         336  processing.o(.data)
    gxHistoryIndex                           0x20000220   Data           1  processing.o(.data)
    gxCurHistoryIndex                        0x20000221   Data           1  processing.o(.data)
    filteredGX                               0x20000224   Data           4  processing.o(.data)
    finalGX                                  0x20000228   Data           4  processing.o(.data)
    accel_b                                  0x2000022c   Data         428  processing.o(.data)
    azHistoryIndex                           0x200003d8   Data           1  processing.o(.data)
    azCurHistoryIndex                        0x200003d9   Data           1  processing.o(.data)
    filteredAZ                               0x200003da   Data           2  processing.o(.data)
    finalAZ                                  0x200003dc   Data           2  processing.o(.data)
    axHistoryIndex                           0x200003de   Data           1  processing.o(.data)
    axCurHistoryIndex                        0x200003df   Data           1  processing.o(.data)
    filteredAX                               0x200003e0   Data           2  processing.o(.data)
    finalAX                                  0x200003e2   Data           2  processing.o(.data)
    finalAY                                  0x200003e4   Data           2  processing.o(.data)
    doAccelProcess                           0x200003e6   Data           1  processing.o(.data)
    doGyroProcess                            0x200003e7   Data           1  processing.o(.data)
    lowpassOn                                0x200003e8   Data           1  processing.o(.data)
    accelLowpassReady                        0x200003e9   Data           1  processing.o(.data)
    gyroLowpassReady                         0x200003ea   Data           1  processing.o(.data)
    angleIntegral                            0x200003ec   Data           4  processing.o(.data)
    angleIntegralMax                         0x200003f0   Data           4  processing.o(.data)
    stabilizationOn                          0x200003f4   Data           1  processing.o(.data)
    Aappr                                    0x200003f8   Data           4  processing.o(.data)
    Bappr                                    0x200003fc   Data           4  processing.o(.data)
    Cappr                                    0x20000400   Data           4  processing.o(.data)
    D                                        0x20000404   Data           4  processing.o(.data)
    x1                                       0x20000408   Data           4  processing.o(.data)
    x2                                       0x2000040c   Data           4  processing.o(.data)
    identificationReady                      0x20000410   Data           1  processing.o(.data)
    boundaryAngle                            0x20000414   Data           4  processing.o(.data)
    angularVelocityHistoryIndex              0x20000418   Data           1  processing.o(.data)
    tranquilityTime                          0x20000419   Data           1  processing.o(.data)
    tranquilityCount                         0x2000041a   Data           1  processing.o(.data)
    angVelSmall                              0x2000041c   Data           4  processing.o(.data)
    MOT_PWM1                                 0x20000420   Data           1  motors.o(.data)
    MOT_PWM2                                 0x20000421   Data           1  motors.o(.data)
    MOT_FREQ1                                0x20000422   Data           1  motors.o(.data)
    MOT_FREQ2                                0x20000423   Data           1  motors.o(.data)
    minPwm                                   0x20000424   Data           4  motors.o(.data)
    maxPwm                                   0x20000428   Data           4  motors.o(.data)
    tim3_status                              0x2000042c   Data           1  motors.o(.data)
    pwm                                      0x20000430   Data           4  motors.o(.data)
    timer                                    0x20000434   Data           4  motors.o(.data)
    timer_1000                               0x20000438   Data           4  motors.o(.data)
    timer_2000                               0x2000043c   Data           4  motors.o(.data)
    pwm_step                                 0x20000440   Data           4  motors.o(.data)
    pwmstartmax                              0x20000444   Data           4  motors.o(.data)
    I2C1_SCL                                 0x20000448   Data           1  gyro.o(.data)
    I2C1_SDA                                 0x20000449   Data           1  gyro.o(.data)
    gyroFreshFreq                            0x2000044a   Data           1  gyro.o(.data)
    gyroCurFreq                              0x2000044b   Data           1  gyro.o(.data)
    gyroCurDT                                0x2000044c   Data           4  gyro.o(.data)
    gyroAngle                                0x20000450   Data           4  gyro.o(.data)
    gyro                                     0x20000454   Data           6  gyro.o(.data)
    gyroRegisters                            0x2000045a   Data           6  gyro.o(.data)
    GYRO_ADDR                                0x20000460   Data           1  gyro.o(.data)
    read                                     0x20000461   Data           1  gyro.o(.data)
    addr                                     0x20000462   Data           1  gyro.o(.data)
    gyro_val                                 0x20000463   Data           1  gyro.o(.data)
    gyroIndex                                0x20000464   Data           1  gyro.o(.data)
    gyroCalibrationOn                        0x20000465   Data           1  gyro.o(.data)
    calibrIndex                              0x20000468   Data           4  gyro.o(.data)
    calibrNumber                             0x2000046c   Data           4  gyro.o(.data)
    xSum                                     0x20000470   Data           4  gyro.o(.data)
    ySum                                     0x20000474   Data           4  gyro.o(.data)
    zSum                                     0x20000478   Data           4  gyro.o(.data)
    gyro_xOffset                             0x2000047c   Data           4  gyro.o(.data)
    gyro_yOffset                             0x20000480   Data           4  gyro.o(.data)
    gyro_zOffset                             0x20000484   Data           4  gyro.o(.data)
    gyroProcessCounter                       0x20000488   Data           1  gyro.o(.data)
    gyroRecalibrationBuffer                  0x2000048c   Data        6000  main.o(.bss)
    accel                                    0x20001bfc   Data          12  adxl345.o(.bss)
    str                                      0x20001c08   Data         100  telemetry.o(.bss)
    tele                                     0x20001c6c   Data         100  telemetry.o(.bss)
    gxHistory                                0x20001cd0   Data         512  processing.o(.bss)
    azHistory                                0x20001ed0   Data         512  processing.o(.bss)
    axHistory                                0x200020d0   Data         512  processing.o(.bss)
    angularVelocityHistory                   0x200022d0   Data          20  processing.o(.bss)
    __libspace_start                         0x200022e4   Data          96  libspace.o(.bss)
    __temporary_stack_top$libspace           0x20002344   Data           0  libspace.o(.bss)



==============================================================================

Memory Map of the image

  Image Entry point : 0x08000291

  Load Region LR_1 (Base: 0x08000000, Size: 0x00006444, Max: 0xffffffff, ABSOLUTE, COMPRESSED[0x000062a0])

    Execution Region ER_RO (Base: 0x08000000, Size: 0x00005fb8, Max: 0xffffffff, ABSOLUTE)

    Base Addr    Size         Type   Attr      Idx    E Section Name        Object

    0x08000000   0x00000188   Data   RO          786    RESET               startup_stm32f407xx.o
    0x08000188   0x00000008   Code   RO          930  * !!!main             c_w.l(__main.o)
    0x08000190   0x00000034   Code   RO         1329    !!!scatter          c_w.l(__scatter.o)
    0x080001c4   0x00000064   Code   RO         1327    !!dclz77c           c_w.l(__dclz77c.o)
    0x08000228   0x0000001c   Code   RO         1331    !!handler_zi        c_w.l(__scatter_zi.o)
    0x08000244   0x00000000   Code   RO          923    .ARM.Collect$$_printf_percent$$00000000  c_w.l(_printf_percent.o)
    0x08000244   0x00000006   Code   RO          922    .ARM.Collect$$_printf_percent$$00000003  c_w.l(_printf_f.o)
    0x0800024a   0x00000006   Code   RO          921    .ARM.Collect$$_printf_percent$$00000009  c_w.l(_printf_d.o)
    0x08000250   0x00000004   Code   RO         1056    .ARM.Collect$$_printf_percent$$00000017  c_w.l(_printf_percent_end.o)
    0x08000254   0x00000002   Code   RO         1267    .ARM.Collect$$libinit$$00000000  c_w.l(libinit.o)
    0x08000256   0x00000004   Code   RO         1059    .ARM.Collect$$libinit$$00000001  c_w.l(libinit2.o)
    0x0800025a   0x00000000   Code   RO         1062    .ARM.Collect$$libinit$$00000004  c_w.l(libinit2.o)
    0x0800025a   0x00000000   Code   RO         1065    .ARM.Collect$$libinit$$0000000A  c_w.l(libinit2.o)
    0x0800025a   0x00000000   Code   RO         1067    .ARM.Collect$$libinit$$0000000C  c_w.l(libinit2.o)
    0x0800025a   0x00000000   Code   RO         1069    .ARM.Collect$$libinit$$0000000E  c_w.l(libinit2.o)
    0x0800025a   0x00000006   Code   RO         1070    .ARM.Collect$$libinit$$0000000F  c_w.l(libinit2.o)
    0x08000260   0x00000000   Code   RO         1072    .ARM.Collect$$libinit$$00000011  c_w.l(libinit2.o)
    0x08000260   0x00000000   Code   RO         1074    .ARM.Collect$$libinit$$00000013  c_w.l(libinit2.o)
    0x08000260   0x00000000   Code   RO         1076    .ARM.Collect$$libinit$$00000015  c_w.l(libinit2.o)
    0x08000260   0x0000000a   Code   RO         1077    .ARM.Collect$$libinit$$00000016  c_w.l(libinit2.o)
    0x0800026a   0x00000000   Code   RO         1078    .ARM.Collect$$libinit$$00000017  c_w.l(libinit2.o)
    0x0800026a   0x00000000   Code   RO         1080    .ARM.Collect$$libinit$$00000019  c_w.l(libinit2.o)
    0x0800026a   0x00000000   Code   RO         1082    .ARM.Collect$$libinit$$0000001B  c_w.l(libinit2.o)
    0x0800026a   0x00000000   Code   RO         1084    .ARM.Collect$$libinit$$0000001D  c_w.l(libinit2.o)
    0x0800026a   0x00000000   Code   RO         1086    .ARM.Collect$$libinit$$0000001F  c_w.l(libinit2.o)
    0x0800026a   0x00000000   Code   RO         1088    .ARM.Collect$$libinit$$00000021  c_w.l(libinit2.o)
    0x0800026a   0x00000000   Code   RO         1090    .ARM.Collect$$libinit$$00000023  c_w.l(libinit2.o)
    0x0800026a   0x00000000   Code   RO         1092    .ARM.Collect$$libinit$$00000025  c_w.l(libinit2.o)
    0x0800026a   0x00000000   Code   RO         1096    .ARM.Collect$$libinit$$0000002C  c_w.l(libinit2.o)
    0x0800026a   0x00000000   Code   RO         1098    .ARM.Collect$$libinit$$0000002E  c_w.l(libinit2.o)
    0x0800026a   0x00000000   Code   RO         1100    .ARM.Collect$$libinit$$00000030  c_w.l(libinit2.o)
    0x0800026a   0x00000000   Code   RO         1102    .ARM.Collect$$libinit$$00000032  c_w.l(libinit2.o)
    0x0800026a   0x00000002   Code   RO         1103    .ARM.Collect$$libinit$$00000033  c_w.l(libinit2.o)
    0x0800026c   0x00000002   Code   RO         1324    .ARM.Collect$$libshutdown$$00000000  c_w.l(libshutdown.o)
    0x0800026e   0x00000000   Code   RO         1282    .ARM.Collect$$libshutdown$$00000003  c_w.l(libshutdown2.o)
    0x0800026e   0x00000000   Code   RO         1285    .ARM.Collect$$libshutdown$$00000006  c_w.l(libshutdown2.o)
    0x0800026e   0x00000000   Code   RO         1288    .ARM.Collect$$libshutdown$$00000009  c_w.l(libshutdown2.o)
    0x0800026e   0x00000000   Code   RO         1290    .ARM.Collect$$libshutdown$$0000000B  c_w.l(libshutdown2.o)
    0x0800026e   0x00000000   Code   RO         1293    .ARM.Collect$$libshutdown$$0000000E  c_w.l(libshutdown2.o)
    0x0800026e   0x00000002   Code   RO         1294    .ARM.Collect$$libshutdown$$0000000F  c_w.l(libshutdown2.o)
    0x08000270   0x00000000   Code   RO         1020    .ARM.Collect$$rtentry$$00000000  c_w.l(__rtentry.o)
    0x08000270   0x00000000   Code   RO         1160    .ARM.Collect$$rtentry$$00000002  c_w.l(__rtentry2.o)
    0x08000270   0x00000006   Code   RO         1172    .ARM.Collect$$rtentry$$00000004  c_w.l(__rtentry4.o)
    0x08000276   0x00000000   Code   RO         1162    .ARM.Collect$$rtentry$$00000009  c_w.l(__rtentry2.o)
    0x08000276   0x00000004   Code   RO         1163    .ARM.Collect$$rtentry$$0000000A  c_w.l(__rtentry2.o)
    0x0800027a   0x00000000   Code   RO         1165    .ARM.Collect$$rtentry$$0000000C  c_w.l(__rtentry2.o)
    0x0800027a   0x00000008   Code   RO         1166    .ARM.Collect$$rtentry$$0000000D  c_w.l(__rtentry2.o)
    0x08000282   0x00000002   Code   RO         1270    .ARM.Collect$$rtexit$$00000000  c_w.l(rtexit.o)
    0x08000284   0x00000000   Code   RO         1298    .ARM.Collect$$rtexit$$00000002  c_w.l(rtexit2.o)
    0x08000284   0x00000004   Code   RO         1299    .ARM.Collect$$rtexit$$00000003  c_w.l(rtexit2.o)
    0x08000288   0x00000006   Code   RO         1300    .ARM.Collect$$rtexit$$00000004  c_w.l(rtexit2.o)
    0x0800028e   0x00000002   PAD
    0x08000290   0x00000040   Code   RO          787  * .text               startup_stm32f407xx.o
    0x080002d0   0x00000028   Code   RO          893    .text               c_w.l(noretval__2sprintf.o)
    0x080002f8   0x00000024   Code   RO          897    .text               c_w.l(_printf_truncate.o)
    0x0800031c   0x00000078   Code   RO          899    .text               c_w.l(_printf_dec.o)
    0x08000394   0x00000160   Code   RO          916    .text               c_w.l(__printf_ss_wp.o)
    0x080004f4   0x0000003e   Code   RO          924    .text               c_w.l(strlen.o)
    0x08000532   0x00000006   Code   RO          928    .text               c_w.l(heapauxi.o)
    0x08000538   0x00000016   Code   RO         1046    .text               c_w.l(_rserrno.o)
    0x0800054e   0x000000b2   Code   RO         1048    .text               c_w.l(_printf_intcommon.o)
    0x08000600   0x0000041a   Code   RO         1050    .text               c_w.l(_printf_fp_dec.o)
    0x08000a1a   0x00000002   PAD
    0x08000a1c   0x00000030   Code   RO         1052    .text               c_w.l(_printf_char_common.o)
    0x08000a4c   0x0000000a   Code   RO         1054    .text               c_w.l(_sputc.o)
    0x08000a56   0x00000002   PAD
    0x08000a58   0x00000008   Code   RO         1156    .text               c_w.l(libspace.o)
    0x08000a60   0x00000008   Code   RO         1177    .text               c_w.l(rt_locale_intlibspace.o)
    0x08000a68   0x00000008   Code   RO         1182    .text               c_w.l(rt_errno_addr_intlibspace.o)
    0x08000a70   0x0000008a   Code   RO         1192    .text               c_w.l(lludiv10.o)
    0x08000afa   0x00000002   PAD
    0x08000afc   0x00000080   Code   RO         1194    .text               c_w.l(_printf_fp_infnan.o)
    0x08000b7c   0x000000dc   Code   RO         1198    .text               c_w.l(bigflt0.o)
    0x08000c58   0x00000002   Code   RO         1241    .text               c_w.l(use_no_semi.o)
    0x08000c5a   0x00000000   Code   RO         1243    .text               c_w.l(indicate_semi.o)
    0x08000c5a   0x0000004a   Code   RO         1244    .text               c_w.l(sys_stackheap_outer.o)
    0x08000ca4   0x0000000c   Code   RO         1250    .text               c_w.l(exit.o)
    0x08000cb0   0x00000080   Code   RO         1256    .text               c_w.l(strcmpv7m.o)
    0x08000d30   0x0000000c   Code   RO         1268    .text               c_w.l(sys_exit.o)
    0x08000d3c   0x0000003e   Code   RO         1201    CL$$btod_d2e        c_w.l(btod.o)
    0x08000d7a   0x00000046   Code   RO         1203    CL$$btod_d2e_denorm_low  c_w.l(btod.o)
    0x08000dc0   0x00000060   Code   RO         1202    CL$$btod_d2e_norm_op1  c_w.l(btod.o)
    0x08000e20   0x00000338   Code   RO         1211    CL$$btod_div_common  c_w.l(btod.o)
    0x08001158   0x000000c6   Code   RO         1208    CL$$btod_e2e        c_w.l(btod.o)
    0x0800121e   0x00000028   Code   RO         1205    CL$$btod_ediv       c_w.l(btod.o)
    0x08001246   0x00000028   Code   RO         1204    CL$$btod_emul       c_w.l(btod.o)
    0x0800126e   0x00000244   Code   RO         1210    CL$$btod_mult_common  c_w.l(btod.o)
    0x080014b2   0x00000002   PAD
    0x080014b4   0x00000064   Code   RO          160    i.ADXL345_AccelVCCInit  adxl345.o
    0x08001518   0x00000088   Code   RO          161    i.ADXL345_Calibr    adxl345.o
    0x080015a0   0x00000070   Code   RO          162    i.ADXL345_DMA_Init  adxl345.o
    0x08001610   0x00000074   Code   RO          164    i.ADXL345_Init      adxl345.o
    0x08001684   0x00000016   Code   RO          165    i.ADXL345_Read      adxl345.o
    0x0800169a   0x00000014   Code   RO          166    i.ADXL345_Write     adxl345.o
    0x080016ae   0x00000002   PAD
    0x080016b0   0x00000050   Code   RO          167    i.Accel_EXTI_Init   adxl345.o
    0x08001700   0x00000100   Code   RO          644    i.DMA1_Stream0_IRQHandler  gyro.o
    0x08001800   0x0000025c   Code   RO          168    i.DMA1_Stream3_IRQHandler  adxl345.o
    0x08001a5c   0x00000028   Code   RO          169    i.DMA1_Stream4_IRQHandler  adxl345.o
    0x08001a84   0x00000024   Code   RO          312    i.DMA2_Stream7_IRQHandler  telemetry.o
    0x08001aa8   0x0000001c   Code   RO          170    i.Delay             adxl345.o
    0x08001ac4   0x00000020   Code   RO          171    i.EXTI1_IRQHandler  adxl345.o
    0x08001ae4   0x0000005c   Code   RO          548    i.EXTI2_IRQHandler  motors.o
    0x08001b40   0x0000001c   Code   RO          645    i.EXTI3_IRQHandler  gyro.o
    0x08001b5c   0x00000050   Code   RO          549    i.EXTI4_IRQHandler  motors.o
    0x08001bac   0x00000050   Code   RO          646    i.Gyro_Calibr       gyro.o
    0x08001bfc   0x00000040   Code   RO          647    i.Gyro_DMA_Init     gyro.o
    0x08001c3c   0x00000068   Code   RO          648    i.Gyro_EXTI_Init    gyro.o
    0x08001ca4   0x00000060   Code   RO          649    i.Gyro_Init         gyro.o
    0x08001d04   0x00000050   Code   RO          650    i.Gyro_ReadWithInterrupt  gyro.o
    0x08001d54   0x00000118   Code   RO          651    i.Gyro_SingleByteRead  gyro.o
    0x08001e6c   0x000000c0   Code   RO          652    i.Gyro_SingleByteWrite  gyro.o
    0x08001f2c   0x0000008c   Code   RO          653    i.I2C1_EV_IRQHandler  gyro.o
    0x08001fb8   0x000000d0   Code   RO          654    i.I2C1_GPIO_Init    gyro.o
    0x08002088   0x00000038   Code   RO          655    i.I2C1_Init         gyro.o
    0x080020c0   0x0000007c   Code   RO          550    i.Motors_EXTI_Init  motors.o
    0x0800213c   0x00000144   Code   RO          551    i.Motors_GPIO_Init  motors.o
    0x08002280   0x00000010   Code   RO          552    i.Motors_Init       motors.o
    0x08002290   0x00000020   Code   RO          554    i.Motors_Run        motors.o
    0x080022b0   0x0000001c   Code   RO          555    i.Motors_Stop       motors.o
    0x080022cc   0x000000bc   Code   RO          556    i.Motors_TIM_Init   motors.o
    0x08002388   0x0000001c   Code   RO          172    i.NSS_High          adxl345.o
    0x080023a4   0x0000001c   Code   RO          173    i.NSS_Low           adxl345.o
    0x080023c0   0x00000016   Code   RO          174    i.NVIC_EnableIRQ    adxl345.o
    0x080023d6   0x00000016   Code   RO          313    i.NVIC_EnableIRQ    telemetry.o
    0x080023ec   0x00000016   Code   RO          557    i.NVIC_EnableIRQ    motors.o
    0x08002402   0x00000016   Code   RO          656    i.NVIC_EnableIRQ    gyro.o
    0x08002418   0x00000028   Code   RO          175    i.NVIC_SetPriority  adxl345.o
    0x08002440   0x00000028   Code   RO          558    i.NVIC_SetPriority  motors.o
    0x08002468   0x00000028   Code   RO          657    i.NVIC_SetPriority  gyro.o
    0x08002490   0x00000078   Code   RO          426    i.Processing_TIM_Init  processing.o
    0x08002508   0x00000040   Code   RO            4    i.RCC_Init          main.o
    0x08002548   0x00000034   Code   RO          176    i.SPI1_Transfer     adxl345.o
    0x0800257c   0x000000f8   Code   RO          177    i.SPI2_GPIO_Init    adxl345.o
    0x08002674   0x00000068   Code   RO          178    i.SPI2_Init         adxl345.o
    0x080026dc   0x00000144   Code   RO          316    i.SendTelemetry     telemetry.o
    0x08002820   0x0000009c   Code   RO          795    i.SystemInit        system_stm32f4xx.o
    0x080028bc   0x00000160   Code   RO          559    i.TIM3_IRQHandler   motors.o
    0x08002a1c   0x000001e0   Code   RO          427    i.TIM7_IRQHandler   processing.o
    0x08002bfc   0x00000058   Code   RO          317    i.Telemetry_DMA_Init  telemetry.o
    0x08002c54   0x000006c0   Code   RO          318    i.USART1_IRQHandler  telemetry.o
    0x08003314   0x00000104   Code   RO          319    i.USART_Init        telemetry.o
    0x08003418   0x00000030   Code   RO         1138    i.__ARM_fpclassify  m_wm.l(fpclassify.o)
    0x08003448   0x000002d8   Code   RO          960    i.__hardfp_atan     m_wm.l(atan.o)
    0x08003720   0x00000358   Code   RO          974    i.__hardfp_exp      m_wm.l(exp.o)
    0x08003a78   0x00000014   Code   RO          988    i.__hardfp_fabs     m_wm.l(fabs.o)
    0x08003a8c   0x00000004   PAD
    0x08003a90   0x000000c8   Code   RO          994    i.__hardfp_sin      m_wm.l(sin.o)
    0x08003b58   0x0000007a   Code   RO         1006    i.__hardfp_sqrt     m_wm.l(sqrt.o)
    0x08003bd2   0x00000006   PAD
    0x08003bd8   0x00000438   Code   RO         1143    i.__ieee754_rem_pio2  m_wm.l(rred.o)
    0x08004010   0x00000170   Code   RO         1121    i.__kernel_cos      m_wm.l(cos_i.o)
    0x08004180   0x000000f8   Code   RO         1140    i.__kernel_poly     m_wm.l(poly.o)
    0x08004278   0x00000130   Code   RO         1148    i.__kernel_sin      m_wm.l(sin_i.o)
    0x080043a8   0x00000014   Code   RO         1125    i.__mathlib_dbl_infnan  m_wm.l(dunder.o)
    0x080043bc   0x00000004   PAD
    0x080043c0   0x00000020   Code   RO         1127    i.__mathlib_dbl_invalid  m_wm.l(dunder.o)
    0x080043e0   0x00000020   Code   RO         1128    i.__mathlib_dbl_overflow  m_wm.l(dunder.o)
    0x08004400   0x00000020   Code   RO         1130    i.__mathlib_dbl_underflow  m_wm.l(dunder.o)
    0x08004420   0x0000000e   Code   RO          911    i._is_digit         c_w.l(__printf_wp.o)
    0x0800442e   0x00000002   PAD
    0x08004430   0x000000c8   Code   RO          428    i.calcAngVel        processing.o
    0x080044f8   0x00000110   Code   RO          429    i.calcAngle         processing.o
    0x08004608   0x000000f8   Code   RO          430    i.calcPwms          processing.o
    0x08004700   0x00000180   Code   RO          431    i.chooseRoot        processing.o
    0x08004880   0x000000d4   Code   RO          432    i.control           processing.o
    0x08004954   0x00000016   Code   RO          658    i.delay             gyro.o
    0x0800496a   0x00000018   Code   RO          990    i.fabs              m_wm.l(fabs.o)
    0x08004982   0x00000002   PAD
    0x08004984   0x000000a8   Code   RO          433    i.gCheck            processing.o
    0x08004a2c   0x0000008c   Code   RO          434    i.getFinalData      processing.o
    0x08004ab8   0x00000080   Code   RO            5    i.gyroRecalibration  main.o
    0x08004b38   0x00000044   Code   RO          320    i.initWaitingForFloat  telemetry.o
    0x08004b7c   0x0000002c   Code   RO          321    i.initWaitingForInt  telemetry.o
    0x08004ba8   0x00000054   Code   RO          435    i.lowpass           processing.o
    0x08004bfc   0x000001f0   Code   RO            6    i.main              main.o
    0x08004dec   0x00000128   Code   RO          437    i.simplestControl   processing.o
    0x08004f14   0x000000c0   Code   RO          438    i.turnOffUselessMotor  processing.o
    0x08004fd4   0x0000002c   Code   RO          179    i.updateFreq        adxl345.o
    0x08005000   0x0000002c   Code   RO         1224    locale$$code        c_w.l(lc_numeric_c.o)
    0x0800502c   0x00000018   Code   RO         1104    x$fpl$basic         fz_wm.l(basic.o)
    0x08005044   0x00000062   Code   RO          932    x$fpl$d2f           fz_wm.l(d2f.o)
    0x080050a6   0x00000002   PAD
    0x080050a8   0x00000150   Code   RO          934    x$fpl$dadd          fz_wm.l(daddsub_clz.o)
    0x080051f8   0x00000018   Code   RO         1235    x$fpl$dcmpinf       fz_wm.l(dcmpi.o)
    0x08005210   0x000002b0   Code   RO          941    x$fpl$ddiv          fz_wm.l(ddiv.o)
    0x080054c0   0x0000005e   Code   RO          944    x$fpl$dfix          fz_wm.l(dfix.o)
    0x0800551e   0x0000002e   Code   RO          949    x$fpl$dflt          fz_wm.l(dflt_clz.o)
    0x0800554c   0x00000026   Code   RO          948    x$fpl$dfltu         fz_wm.l(dflt_clz.o)
    0x08005572   0x00000002   PAD
    0x08005574   0x00000078   Code   RO         1106    x$fpl$dleqf         fz_wm.l(dleqf.o)
    0x080055ec   0x00000154   Code   RO          954    x$fpl$dmul          fz_wm.l(dmul.o)
    0x08005740   0x0000009c   Code   RO         1108    x$fpl$dnaninf       fz_wm.l(dnaninf.o)
    0x080057dc   0x0000000c   Code   RO         1110    x$fpl$dretinf       fz_wm.l(dretinf.o)
    0x080057e8   0x0000006c   Code   RO         1112    x$fpl$drleqf        fz_wm.l(drleqf.o)
    0x08005854   0x00000016   Code   RO          935    x$fpl$drsb          fz_wm.l(daddsub_clz.o)
    0x0800586a   0x00000002   PAD
    0x0800586c   0x00000198   Code   RO         1114    x$fpl$dsqrt         fz_wm.l(dsqrt_umaal.o)
    0x08005a04   0x000001d4   Code   RO          936    x$fpl$dsub          fz_wm.l(daddsub_clz.o)
    0x08005bd8   0x00000056   Code   RO          956    x$fpl$f2d           fz_wm.l(f2d.o)
    0x08005c2e   0x0000008c   Code   RO         1116    x$fpl$fnaninf       fz_wm.l(fnaninf.o)
    0x08005cba   0x0000000a   Code   RO         1237    x$fpl$fpinit        fz_wm.l(fpinit.o)
    0x08005cc4   0x0000000a   Code   RO         1118    x$fpl$fretinf       fz_wm.l(fretinf.o)
    0x08005cce   0x00000004   Code   RO          958    x$fpl$printf1       fz_wm.l(printf1.o)
    0x08005cd2   0x00000000   Code   RO         1120    x$fpl$usenofp       fz_wm.l(usenofp.o)
    0x08005cd2   0x00000006   PAD
    0x08005cd8   0x00000098   Data   RO          963    .constdata          m_wm.l(atan.o)
    0x08005d70   0x00000058   Data   RO          977    .constdata          m_wm.l(exp.o)
    0x08005dc8   0x00000030   Data   RO         1122    .constdata          m_wm.l(cos_i.o)
    0x08005df8   0x000000c8   Data   RO         1145    .constdata          m_wm.l(rred.o)
    0x08005ec0   0x00000028   Data   RO         1149    .constdata          m_wm.l(sin_i.o)
    0x08005ee8   0x00000094   Data   RO         1199    .constdata          c_w.l(bigflt0.o)
    0x08005f7c   0x00000020   Data   RO         1325    Region$$Table       anon$$obj.o
    0x08005f9c   0x0000001c   Data   RO         1223    locale$$data        c_w.l(lc_numeric_c.o)


    Execution Region ER_RW (Base: 0x20000000, Size: 0x0000048c, Max: 0xffffffff, ABSOLUTE, COMPRESSED[0x000002e8])

    Base Addr    Size         Type   Attr      Idx    E Section Name        Object

    0x20000000   0x00000044   Data   RW            8    .data               main.o
    0x20000044   0x00000034   Data   RW          181    .data               adxl345.o
    0x20000078   0x00000031   Data   RW          324    .data               telemetry.o
    0x200000a9   0x00000003   PAD
    0x200000ac   0x00000374   Data   RW          440    .data               processing.o
    0x20000420   0x00000028   Data   RW          560    .data               motors.o
    0x20000448   0x00000041   Data   RW          659    .data               gyro.o


    Execution Region ER_ZI (Base: 0x2000048c, Size: 0x000024bc, Max: 0xffffffff, ABSOLUTE)

    Base Addr    Size         Type   Attr      Idx    E Section Name        Object

    0x2000048c   0x00001770   Zero   RW            7    .bss                main.o
    0x20001bfc   0x0000000c   Zero   RW          180    .bss                adxl345.o
    0x20001c08   0x000000c8   Zero   RW          323    .bss                telemetry.o
    0x20001cd0   0x00000614   Zero   RW          439    .bss                processing.o
    0x200022e4   0x00000060   Zero   RW         1157    .bss                c_w.l(libspace.o)
    0x20002344   0x00000004   PAD
    0x20002348   0x00000200   Zero   RW          785    HEAP                startup_stm32f407xx.o
    0x20002548   0x00000400   Zero   RW          784    STACK               startup_stm32f407xx.o


==============================================================================

Image component sizes


      Code (inc. data)   RO Data    RW Data    ZI Data      Debug   Object Name

      1856        270          0         52         12      37197   adxl345.o
      1668        196          0         65          0       9048   gyro.o
       688        152          0         68       6000     247232   main.o
      1298        154          0         40          0       5992   motors.o
      2796        376          0        884       1556      11051   processing.o
        64         26        392          0       1536        864   startup_stm32f407xx.o
       156         16          0          0          0        553   system_stm32f4xx.o
      2570        562          0         49        200      33260   telemetry.o

    ----------------------------------------------------------------------
     11098       1752        424       1164       9304     345197   Object Totals
         0          0         32          0          0          0   (incl. Generated)
         2          0          0          6          0          0   (incl. Padding)

    ----------------------------------------------------------------------

      Code (inc. data)   RO Data    RW Data    ZI Data      Debug   Library Member Name

       100          0          0          0          0          0   __dclz77c.o
         8          0          0          0          0         68   __main.o
       352          0          0          0          0         88   __printf_ss_wp.o
        14          0          0          0          0         68   __printf_wp.o
         0          0          0          0          0          0   __rtentry.o
        12          0          0          0          0          0   __rtentry2.o
         6          0          0          0          0          0   __rtentry4.o
        52          8          0          0          0          0   __scatter.o
        28          0          0          0          0          0   __scatter_zi.o
        48          6          0          0          0         96   _printf_char_common.o
         6          0          0          0          0          0   _printf_d.o
       120         16          0          0          0         92   _printf_dec.o
         6          0          0          0          0          0   _printf_f.o
      1050          0          0          0          0        216   _printf_fp_dec.o
       128         16          0          0          0         84   _printf_fp_infnan.o
       178          0          0          0          0         88   _printf_intcommon.o
         0          0          0          0          0          0   _printf_percent.o
         4          0          0          0          0          0   _printf_percent_end.o
        36          0          0          0          0         84   _printf_truncate.o
        22          0          0          0          0        100   _rserrno.o
        10          0          0          0          0         68   _sputc.o
       220          4        148          0          0         96   bigflt0.o
      1910        128          0          0          0        672   btod.o
        12          0          0          0          0         72   exit.o
         6          0          0          0          0        152   heapauxi.o
         0          0          0          0          0          0   indicate_semi.o
        44         10         28          0          0         76   lc_numeric_c.o
         2          0          0          0          0          0   libinit.o
        22          0          0          0          0          0   libinit2.o
         2          0          0          0          0          0   libshutdown.o
         2          0          0          0          0          0   libshutdown2.o
         8          4          0          0         96         68   libspace.o
       138          0          0          0          0         80   lludiv10.o
        40          6          0          0          0         84   noretval__2sprintf.o
         8          4          0          0          0         68   rt_errno_addr_intlibspace.o
         8          4          0          0          0         68   rt_locale_intlibspace.o
         2          0          0          0          0          0   rtexit.o
        10          0          0          0          0          0   rtexit2.o
       128          0          0          0          0         68   strcmpv7m.o
        62          0          0          0          0         76   strlen.o
        12          4          0          0          0         68   sys_exit.o
        74          0          0          0          0         80   sys_stackheap_outer.o
         2          0          0          0          0         68   use_no_semi.o
        24          0          0          0          0        164   basic.o
        98          4          0          0          0        140   d2f.o
       826         16          0          0          0        492   daddsub_clz.o
        24          0          0          0          0        116   dcmpi.o
       688        140          0          0          0        256   ddiv.o
        94          4          0          0          0        140   dfix.o
        84          0          0          0          0        232   dflt_clz.o
       120          4          0          0          0        140   dleqf.o
       340         12          0          0          0        152   dmul.o
       156          4          0          0          0        140   dnaninf.o
        12          0          0          0          0        116   dretinf.o
       108          0          0          0          0        128   drleqf.o
       408         56          0          0          0        168   dsqrt_umaal.o
        86          4          0          0          0        132   f2d.o
       140          4          0          0          0        132   fnaninf.o
        10          0          0          0          0        116   fpinit.o
        10          0          0          0          0        116   fretinf.o
         4          0          0          0          0        116   printf1.o
         0          0          0          0          0          0   usenofp.o
       728        106        152          0          0        228   atan.o
       368         46         48          0          0        200   cos_i.o
       116         24          0          0          0        496   dunder.o
       856        142         88          0          0        288   exp.o
        44          0          0          0          0        248   fabs.o
        48          0          0          0          0        124   fpclassify.o
       248          0          0          0          0        152   poly.o
      1080        142        200          0          0        188   rred.o
       200         20          0          0          0        164   sin.o
       304         24         40          0          0        208   sin_i.o
       122          0          0          0          0        148   sqrt.o

    ----------------------------------------------------------------------
     12278        962        704          0        100       8288   Library Totals
        40          0          0          0          4          0   (incl. Padding)

    ----------------------------------------------------------------------

      Code (inc. data)   RO Data    RW Data    ZI Data      Debug   Library Name

      4892        210        176          0         96       2848   c_w.l
      3232        248          0          0          0       2996   fz_wm.l
      4114        504        528          0          0       2444   m_wm.l

    ----------------------------------------------------------------------
     12278        962        704          0        100       8288   Library Totals

    ----------------------------------------------------------------------

==============================================================================


      Code (inc. data)   RO Data    RW Data    ZI Data      Debug   

     23376       2714       1128       1164       9404     342425   Grand Totals
     23376       2714       1128        744       9404     342425   ELF Image Totals (compressed)
     23376       2714       1128        744          0          0   ROM Totals

==============================================================================

    Total RO  Size (Code + RO Data)                24504 (  23.93kB)
    Total RW  Size (RW Data + ZI Data)             10568 (  10.32kB)
    Total ROM Size (Code + RO Data + RW Data)      25248 (  24.66kB)

==============================================================================

