Component: ARM Compiler 5.05 update 1 (build 106) Tool: armlink [4d0efa]

==============================================================================

Section Cross References

    main.o(i.ADXL345_DMA_Init) refers to main.o(.data) for SPI1_NSS
    main.o(i.ADXL345_DMA_Init) refers to main.o(.bss) for accel
    main.o(i.ADXL345_ProcessData) refers to dflt_clz.o(x$fpl$dflt) for __aeabi_i2d
    main.o(i.ADXL345_ProcessData) refers to ddiv.o(x$fpl$ddiv) for __aeabi_ddiv
    main.o(i.ADXL345_ProcessData) refers to atan.o(i.__hardfp_atan) for __hardfp_atan
    main.o(i.ADXL345_ProcessData) refers to daddsub_clz.o(x$fpl$dadd) for __aeabi_dadd
    main.o(i.ADXL345_ProcessData) refers to dflt_clz.o(x$fpl$dfltu) for __aeabi_ui2d
    main.o(i.ADXL345_ProcessData) refers to daddsub_clz.o(x$fpl$dsub) for __aeabi_dsub
    main.o(i.ADXL345_ProcessData) refers to dmul.o(x$fpl$dmul) for __aeabi_dmul
    main.o(i.ADXL345_ProcessData) refers to drleqf.o(x$fpl$drleqf) for __aeabi_cdrcmple
    main.o(i.ADXL345_ProcessData) refers to fabs.o(i.__hardfp_fabs) for __hardfp_fabs
    main.o(i.ADXL345_ProcessData) refers to daddsub_clz.o(x$fpl$drsb) for __aeabi_drsub
    main.o(i.ADXL345_ProcessData) refers to main.o(i.chooseRoot) for chooseRoot
    main.o(i.ADXL345_ProcessData) refers to dfix.o(x$fpl$dfix) for __aeabi_d2iz
    main.o(i.ADXL345_ProcessData) refers to dleqf.o(x$fpl$dleqf) for __aeabi_cdcmple
    main.o(i.ADXL345_ProcessData) refers to main.o(.bss) for accel
    main.o(i.ADXL345_ProcessData) refers to main.o(.data) for ax
    main.o(i.Accel_Init) refers to main.o(i.SPI1_Init) for SPI1_Init
    main.o(i.Accel_Init) refers to main.o(i.LSDH_write) for LSDH_write
    main.o(i.Accel_Init) refers to main.o(i.LSDH_Calibr) for LSDH_Calibr
    main.o(i.DMA2_Stream0_IRQHandler) refers to main.o(i.ADXL345_DMA_Init) for ADXL345_DMA_Init
    main.o(i.DMA2_Stream0_IRQHandler) refers to main.o(i.ADXL345_ProcessData) for ADXL345_ProcessData
    main.o(i.DMA2_Stream0_IRQHandler) refers to main.o(.data) for SPI1_NSS
    main.o(i.EXTI0_IRQHandler) refers to main.o(i.ADXL345_DMA_Init) for ADXL345_DMA_Init
    main.o(i.EXTI2_IRQHandler) refers to main.o(.data) for COUNT1
    main.o(i.EXTI4_IRQHandler) refers to main.o(.data) for COUNT2
    main.o(i.EXTI_Init) refers to main.o(i.NVIC_EnableIRQ) for NVIC_EnableIRQ
    main.o(i.GPIO_init) refers to main.o(.data) for MOT_PWM1
    main.o(i.LSDH_Calibr) refers to main.o(i.LSDH_read) for LSDH_read
    main.o(i.LSDH_Calibr) refers to dflt_clz.o(x$fpl$dflt) for __aeabi_i2d
    main.o(i.LSDH_Calibr) refers to daddsub_clz.o(x$fpl$dadd) for __aeabi_dadd
    main.o(i.LSDH_Calibr) refers to ddiv.o(x$fpl$ddiv) for __aeabi_ddiv
    main.o(i.LSDH_Calibr) refers to dfix.o(x$fpl$dfix) for __aeabi_d2iz
    main.o(i.LSDH_Calibr) refers to daddsub_clz.o(x$fpl$dsub) for __aeabi_dsub
    main.o(i.LSDH_Calibr) refers to main.o(.data) for ax
    main.o(i.LSDH_read) refers to main.o(i.SPI1_Transfer) for SPI1_Transfer
    main.o(i.LSDH_write) refers to main.o(i.SPI1_Transfer) for SPI1_Transfer
    main.o(i.SPI1_GPIO_Init) refers to main.o(.data) for SPI1_SCK
    main.o(i.SPI1_Init) refers to main.o(i.SPI1_GPIO_Init) for SPI1_GPIO_Init
    main.o(i.SPI1_Transfer) refers to main.o(.data) for SPI1_NSS
    main.o(i.SPI_FIRST_INIT) refers to main.o(i.NVIC_EnableIRQ) for NVIC_EnableIRQ
    main.o(i.SPI_FIRST_INIT) refers to main.o(.data) for accelRegisters
    main.o(i.SendTelemetry) refers to _printf_pad.o(.text) for _printf_pre_padding
    main.o(i.SendTelemetry) refers to _printf_percent.o(.ARM.Collect$$_printf_percent$$00000000) for _printf_percent
    main.o(i.SendTelemetry) refers to _printf_d.o(.ARM.Collect$$_printf_percent$$00000009) for _printf_d
    main.o(i.SendTelemetry) refers to _printf_f.o(.ARM.Collect$$_printf_percent$$00000003) for _printf_f
    main.o(i.SendTelemetry) refers to _printf_dec.o(.text) for _printf_int_dec
    main.o(i.SendTelemetry) refers to printf1.o(x$fpl$printf1) for _printf_fp_dec
    main.o(i.SendTelemetry) refers to noretval__2sprintf.o(.text) for __2sprintf
    main.o(i.SendTelemetry) refers to strlen.o(.text) for strlen
    main.o(i.SendTelemetry) refers to main.o(i.send_to_uart) for send_to_uart
    main.o(i.SendTelemetry) refers to main.o(.data) for pwm2
    main.o(i.TIM3_IRQHandler) refers to main.o(.data) for status
    main.o(i.TIMERS_init) refers to main.o(i.NVIC_EnableIRQ) for NVIC_EnableIRQ
    main.o(i.TIMERS_init) refers to main.o(.data) for pwm
    main.o(i.USART2_IRQHandler) refers to main.o(i.LSDH_Calibr) for LSDH_Calibr
    main.o(i.USART2_IRQHandler) refers to dflt_clz.o(x$fpl$dflt) for __aeabi_i2d
    main.o(i.USART2_IRQHandler) refers to dmul.o(x$fpl$dmul) for __aeabi_dmul
    main.o(i.USART2_IRQHandler) refers to daddsub_clz.o(x$fpl$dadd) for __aeabi_dadd
    main.o(i.USART2_IRQHandler) refers to main.o(.data) for received
    main.o(i.USART2_IRQHandler) refers to main.o(.bss) for str
    main.o(i.USART_init) refers to main.o(i.NVIC_EnableIRQ) for NVIC_EnableIRQ
[...]
    argv_veneer.o(.emb_text) refers to no_argv.o(.text) for __ARM_get_argv
    rtexit2.o(.ARM.Collect$$rtexit$$00000003) refers to libshutdown.o(.ARM.Collect$$libshutdown$$00000000) for __rt_lib_shutdown
    rtexit2.o(.ARM.Collect$$rtexit$$00000004) refers to sys_exit.o(.text) for _sys_exit
    rtexit2.o(.ARM.exidx) refers to rtexit2.o(.ARM.Collect$$rtexit$$00000001) for .ARM.Collect$$rtexit$$00000001
    rtexit2.o(.ARM.exidx) refers to rtexit2.o(.ARM.Collect$$rtexit$$00000003) for .ARM.Collect$$rtexit$$00000003
    rtexit2.o(.ARM.exidx) refers to rtexit2.o(.ARM.Collect$$rtexit$$00000004) for .ARM.Collect$$rtexit$$00000004
    _get_argv_nomalloc.o(.text) refers (Special) to hrguard.o(.text) for __heap_region$guard
    _get_argv_nomalloc.o(.text) refers to defsig_rtmem_outer.o(.text) for __rt_SIGRTMEM
    _get_argv_nomalloc.o(.text) refers to sys_command.o(.text) for _sys_command_string
    sys_command.o(.text) refers (Special) to use_no_semi.o(.text) for __I$use$semihosting
    sys_command.o(.text) refers (Special) to indicate_semi.o(.text) for __semihosting_library_function
    sys_exit.o(.text) refers (Special) to use_no_semi.o(.text) for __I$use$semihosting
    sys_exit.o(.text) refers (Special) to indicate_semi.o(.text) for __semihosting_library_function
    defsig_rtmem_outer.o(.text) refers to defsig_rtmem_inner.o(.text) for __rt_SIGRTMEM_inner
    defsig_rtmem_outer.o(.text) refers to defsig_exit.o(.text) for __sig_exit
    defsig_rtmem_formal.o(.text) refers to rt_raise.o(.text) for __rt_raise
    libshutdown.o(.ARM.Collect$$libshutdown$$00000000) refers (Special) to libshutdown2.o(.ARM.Collect$$libshutdown$$00000006) for __rt_lib_shutdown_fp_trap_1
    libshutdown.o(.ARM.Collect$$libshutdown$$00000000) refers (Special) to libshutdown2.o(.ARM.Collect$$libshutdown$$0000000E) for __rt_lib_shutdown_heap_1
    libshutdown.o(.ARM.Collect$$libshutdown$$00000000) refers (Special) to libshutdown2.o(.ARM.Collect$$libshutdown$$0000000F) for __rt_lib_shutdown_return
    libshutdown.o(.ARM.Collect$$libshutdown$$00000000) refers (Special) to libshutdown2.o(.ARM.Collect$$libshutdown$$00000009) for __rt_lib_shutdown_signal_1
    libshutdown.o(.ARM.Collect$$libshutdown$$00000000) refers (Special) to libshutdown2.o(.ARM.Collect$$libshutdown$$00000003) for __rt_lib_shutdown_stdio_1
    libshutdown.o(.ARM.Collect$$libshutdown$$00000000) refers (Special) to libshutdown2.o(.ARM.Collect$$libshutdown$$0000000B) for __rt_lib_shutdown_user_alloc_1
    rt_raise.o(.text) refers to __raise.o(.text) for __raise
    rt_raise.o(.text) refers to sys_exit.o(.text) for _sys_exit
    defsig_exit.o(.text) refers to sys_exit.o(.text) for _sys_exit
    defsig_rtmem_inner.o(.text) refers to defsig_general.o(.text) for __default_signal_display
    __raise.o(.text) refers to defsig.o(CL$$defsig) for __default_signal_handler
    defsig_general.o(.text) refers to sys_wrch.o(.text) for _ttywrch
    sys_wrch.o(.text) refers (Special) to use_no_semi.o(.text) for __I$use$semihosting
    sys_wrch.o(.text) refers (Special) to indicate_semi.o(.text) for __semihosting_library_function
    defsig.o(CL$$defsig) refers to defsig_rtmem_inner.o(.text) for __rt_SIGRTMEM_inner
    defsig_abrt_inner.o(.text) refers to defsig_general.o(.text) for __default_signal_display
    defsig_fpe_inner.o(.text) refers to defsig_general.o(.text) for __default_signal_display
    defsig_rtred_inner.o(.text) refers to defsig_general.o(.text) for __default_signal_display
    defsig_stak_inner.o(.text) refers to defsig_general.o(.text) for __default_signal_display
    defsig_pvfn_inner.o(.text) refers to defsig_general.o(.text) for __default_signal_display
    defsig_cppl_inner.o(.text) refers to defsig_general.o(.text) for __default_signal_display
    defsig_segv_inner.o(.text) refers to defsig_general.o(.text) for __default_signal_display
    defsig_other.o(.text) refers to defsig_general.o(.text) for __default_signal_display


==============================================================================

Removing Unused input sections from the image.

    Removing main.o(.rev16_text), (4 bytes).
    Removing main.o(.revsh_text), (4 bytes).
    Removing main.o(.rrx_text), (6 bytes).
    Removing main.o(i.Delay), (24 bytes).
    Removing system_stm32f4xx.o(.rev16_text), (4 bytes).
    Removing system_stm32f4xx.o(.revsh_text), (4 bytes).
    Removing system_stm32f4xx.o(.rrx_text), (6 bytes).
    Removing system_stm32f4xx.o(i.SystemCoreClockUpdate), (192 bytes).
    Removing system_stm32f4xx.o(.data), (20 bytes).

9 unused section(s) (total 264 bytes) removed from the image.

==============================================================================

Image Symbol Table

    Local Symbols

    Symbol Name                              Value     Ov Type        Size  Object(Section)

    ../clib/angel/boardlib.s                 0x00000000   Number         0  boardinit2.o ABSOLUTE
    ../clib/angel/boardlib.s                 0x00000000   Number         0  boardinit3.o ABSOLUTE
    ../clib/angel/boardlib.s                 0x00000000   Number         0  boardshut.o ABSOLUTE
    ../clib/angel/boardlib.s                 0x00000000   Number         0  boardinit1.o ABSOLUTE
    ../clib/angel/handlers.s                 0x00000000   Number         0  __scatter_zi.o ABSOLUTE
    ../clib/angel/handlers.s                 0x00000000   Number         0  __scatter_copy.o ABSOLUTE
    ../clib/angel/kernel.s                   0x00000000   Number         0  __rtentry.o ABSOLUTE
    ../clib/angel/kernel.s                   0x00000000   Number         0  __rtentry4.o ABSOLUTE
    ../clib/angel/kernel.s                   0x00000000   Number         0  __rtentry2.o ABSOLUTE
    ../clib/angel/kernel.s                   0x00000000   Number         0  rtexit2.o ABSOLUTE
    ../clib/angel/kernel.s                   0x00000000   Number         0  rtexit.o ABSOLUTE
    ../clib/angel/rt.s                       0x00000000   Number         0  rt_errno_addr.o ABSOLUTE
    ../clib/angel/rt.s                       0x00000000   Number         0  rt_locale_intlibspace.o ABSOLUTE
    ../clib/angel/rt.s                       0x00000000   Number         0  rt_locale.o ABSOLUTE
    ../clib/angel/rt.s                       0x00000000   Number         0  rt_errno_addr_intlibspace.o ABSOLUTE
    ../clib/angel/rt.s                       0x00000000   Number         0  rt_raise.o ABSOLUTE
    ../clib/angel/scatter.s                  0x00000000   Number         0  __scatter.o ABSOLUTE
    ../clib/angel/startup.s                  0x00000000   Number         0  __main.o ABSOLUTE
    ../clib/angel/sys.s                      0x00000000   Number         0  sys_stackheap_outer.o ABSOLUTE
    ../clib/angel/sys.s                      0x00000000   Number         0  libspace.o ABSOLUTE
    ../clib/angel/sys.s                      0x00000000   Number         0  use_no_semi.o ABSOLUTE
    ../clib/angel/sys.s                      0x00000000   Number         0  indicate_semi.o ABSOLUTE
    ../clib/angel/sysapp.c                   0x00000000   Number         0  sys_wrch.o ABSOLUTE
    ../clib/angel/sysapp.c                   0x00000000   Number         0  sys_command.o ABSOLUTE
    ../clib/angel/sysapp.c                   0x00000000   Number         0  sys_exit.o ABSOLUTE
    ../clib/armsys.c                         0x00000000   Number         0  argv_veneer.o ABSOLUTE
    ../clib/armsys.c                         0x00000000   Number         0  _get_argv_nomalloc.o ABSOLUTE
    ../clib/armsys.c                         0x00000000   Number         0  no_argv.o ABSOLUTE
    ../clib/armsys.c                         0x00000000   Number         0  argv_veneer.o ABSOLUTE
    ../clib/bigflt.c                         0x00000000   Number         0  bigflt0.o ABSOLUTE
    ../clib/btod.s                           0x00000000   Number         0  btod.o ABSOLUTE
    ../clib/fenv.c                           0x00000000   Number         0  _rserrno.o ABSOLUTE
    ../clib/heapalloc.c                      0x00000000   Number         0  hrguard.o ABSOLUTE
    ../clib/heapaux.c                        0x00000000   Number         0  heapauxi.o ABSOLUTE
    ../clib/libinit.s                        0x00000000   Number         0  libshutdown2.o ABSOLUTE
    ../clib/libinit.s                        0x00000000   Number         0  libinit2.o ABSOLUTE
    ../clib/libinit.s                        0x00000000   Number         0  libinit.o ABSOLUTE
    ../clib/libinit.s                        0x00000000   Number         0  libshutdown.o ABSOLUTE
    ../clib/locale.s                         0x00000000   Number         0  lc_numeric_c.o ABSOLUTE
    ../clib/longlong.s                       0x00000000   Number         0  lludiv10.o ABSOLUTE
    ../clib/memcpset.s                       0x00000000   Number         0  strcmpv7m.o ABSOLUTE
    ../clib/misc.s                           0x00000000   Number         0  printf_stubs.o ABSOLUTE
    ../clib/printf.c                         0x00000000   Number         0  _printf_fp_infnan.o ABSOLUTE
    ../clib/printf.c                         0x00000000   Number         0  __printf_flags.o ABSOLUTE
    ../clib/printf.c                         0x00000000   Number         0  __printf_nopercent.o ABSOLUTE
    ../clib/printf.c                         0x00000000   Number         0  __printf_wp.o ABSOLUTE
    ../clib/printf.c                         0x00000000   Number         0  _printf_pad.o ABSOLUTE
    ../clib/printf.c                         0x00000000   Number         0  _printf_intcommon.o ABSOLUTE
    ../clib/printf.c                         0x00000000   Number         0  _printf_fp_dec.o ABSOLUTE
    ../clib/printf.c                         0x00000000   Number         0  _printf_char_common.o ABSOLUTE
    ../clib/printf.c                         0x00000000   Number         0  _sputc.o ABSOLUTE
    ../clib/printf.c                         0x00000000   Number         0  _printf_dec.o ABSOLUTE
    ../clib/printf.c                         0x00000000   Number         0  __printf_ss.o ABSOLUTE
    ../clib/printf.c                         0x00000000   Number         0  __printf_flags_ss.o ABSOLUTE
    ../clib/printf.c                         0x00000000   Number         0  __2sprintf.o ABSOLUTE
    ../clib/printf.c                         0x00000000   Number         0  noretval__2sprintf.o ABSOLUTE
    ../clib/printf.c                         0x00000000   Number         0  __printf.o ABSOLUTE
    ../clib/printf.c                         0x00000000   Number         0  __printf_flags_wp.o ABSOLUTE
    ../clib/printf.c                         0x00000000   Number         0  __printf_ss_wp.o ABSOLUTE
    ../clib/printf.c                         0x00000000   Number         0  __printf_flags_ss_wp.o ABSOLUTE
    ../clib/printf_percent.s                 0x00000000   Number         0  _printf_d.o ABSOLUTE
    ../clib/printf_percent.s                 0x00000000   Number         0  _printf_f.o ABSOLUTE
    ../clib/printf_percent.s                 0x00000000   Number         0  _printf_percent.o ABSOLUTE
    ../clib/printf_percent.s                 0x00000000   Number         0  _printf_percent_end.o ABSOLUTE
    ../clib/signal.c                         0x00000000   Number         0  defsig_rtmem_inner.o ABSOLUTE
    ../clib/signal.c                         0x00000000   Number         0  defsig_exit.o ABSOLUTE
    ../clib/signal.c                         0x00000000   Number         0  defsig_cppl_inner.o ABSOLUTE
    ../clib/signal.c                         0x00000000   Number         0  defsig_segv_inner.o ABSOLUTE
    ../clib/signal.c                         0x00000000   Number         0  defsig_rtmem_formal.o ABSOLUTE
    ../clib/signal.c                         0x00000000   Number         0  defsig_rtmem_outer.o ABSOLUTE
    ../clib/signal.c                         0x00000000   Number         0  defsig_fpe_inner.o ABSOLUTE
    ../clib/signal.c                         0x00000000   Number         0  defsig_other.o ABSOLUTE
    ../clib/signal.c                         0x00000000   Number         0  defsig_stak_inner.o ABSOLUTE
    ../clib/signal.c                         0x00000000   Number         0  defsig_rtred_inner.o ABSOLUTE
    ../clib/signal.c                         0x00000000   Number         0  defsig_abrt_inner.o ABSOLUTE
    ../clib/signal.c                         0x00000000   Number         0  defsig_general.o ABSOLUTE
    ../clib/signal.c                         0x00000000   Number         0  defsig_pvfn_inner.o ABSOLUTE
    ../clib/signal.c                         0x00000000   Number         0  __raise.o ABSOLUTE
    ../clib/signal.s                         0x00000000   Number         0  defsig.o ABSOLUTE
    ../clib/stdlib.c                         0x00000000   Number         0  exit.o ABSOLUTE
    ../clib/string.c                         0x00000000   Number         0  strlen.o ABSOLUTE
    ../fplib/basic.s                         0x00000000   Number         0  basic.o ABSOLUTE
    ../fplib/daddsub.s                       0x00000000   Number         0  daddsub_clz.o ABSOLUTE
    ../fplib/dcmpi.s                         0x00000000   Number         0  dcmpi.o ABSOLUTE
    ../fplib/ddiv.s                          0x00000000   Number         0  ddiv.o ABSOLUTE
    ../fplib/dfix.s                          0x00000000   Number         0  dfix.o ABSOLUTE
    ../fplib/dflt.s                          0x00000000   Number         0  dflt_clz.o ABSOLUTE
    ../fplib/dleqf.s                         0x00000000   Number         0  dleqf.o ABSOLUTE
    ../fplib/dmul.s                          0x00000000   Number         0  dmul.o ABSOLUTE
    ../fplib/dnaninf.s                       0x00000000   Number         0  dnaninf.o ABSOLUTE
    ../fplib/dretinf.s                       0x00000000   Number         0  dretinf.o ABSOLUTE
    ../fplib/drleqf.s                        0x00000000   Number         0  drleqf.o ABSOLUTE
    ../fplib/dsqrt.s                         0x00000000   Number         0  dsqrt_umaal.o ABSOLUTE
    ../fplib/fpinit.s                        0x00000000   Number         0  fpinit.o ABSOLUTE
    ../fplib/istatus.s                       0x00000000   Number         0  istatus.o ABSOLUTE
    ../fplib/printf1.s                       0x00000000   Number         0  printf1.o ABSOLUTE
    ../fplib/usenofp.s                       0x00000000   Number         0  usenofp.o ABSOLUTE
    ../mathlib/atan.c                        0x00000000   Number         0  atan_x.o ABSOLUTE
    ../mathlib/atan.c                        0x00000000   Number         0  atan.o ABSOLUTE
    ../mathlib/dunder.c                      0x00000000   Number         0  dunder.o ABSOLUTE
    ../mathlib/fabs.c                        0x00000000   Number         0  fabs.o ABSOLUTE
    ../mathlib/fpclassify.c                  0x00000000   Number         0  fpclassify.o ABSOLUTE
    ../mathlib/poly.c                        0x00000000   Number         0  poly.o ABSOLUTE
    ../mathlib/sqrt.c                        0x00000000   Number         0  sqrt.o ABSOLUTE
    ../mathlib/sqrt.c                        0x00000000   Number         0  sqrt_x.o ABSOLUTE
    RTE\Device\STM32F407VGTx\startup_stm32f407xx.s 0x00000000   Number         0  startup_stm32f407xx.o ABSOLUTE
    RTE\Device\STM32F407VGTx\system_stm32f4xx.c 0x00000000   Number         0  system_stm32f4xx.o ABSOLUTE
    RTE\\Device\\STM32F407VGTx\\system_stm32f4xx.c 0x00000000   Number         0  system_stm32f4xx.o ABSOLUTE
    dc.s                                     0x00000000   Number         0  dc.o ABSOLUTE
    main.c                                   0x00000000   Number         0  main.o ABSOLUTE
    main.c                                   0x00000000   Number         0  main.o ABSOLUTE
    RESET                                    0x08000000   Section      392  startup_stm32f407xx.o(RESET)
    !!!main                                  0x08000188   Section        8  __main.o(!!!main)
    !!!scatter                               0x08000190   Section       52  __scatter.o(!!!scatter)
    !!handler_copy                           0x080001c4   Section       26  __scatter_copy.o(!!handler_copy)
    !!handler_zi                             0x080001e0   Section       28  __scatter_zi.o(!!handler_zi)
    .ARM.Collect$$_printf_percent$$00000000  0x080001fc   Section        0  _printf_percent.o(.ARM.Collect$$_printf_percent$$00000000)
    .ARM.Collect$$_printf_percent$$00000003  0x080001fc   Section        6  _printf_f.o(.ARM.Collect$$_printf_percent$$00000003)
    .ARM.Collect$$_printf_percent$$00000009  0x08000202   Section        6  _printf_d.o(.ARM.Collect$$_printf_percent$$00000009)
    .ARM.Collect$$_printf_percent$$00000017  0x08000208   Section        4  _printf_percent_end.o(.ARM.Collect$$_printf_percent$$00000017)
    .ARM.Collect$$libinit$$00000000          0x0800020c   Section        2  libinit.o(.ARM.Collect$$libinit$$00000000)
    .ARM.Collect$$libinit$$00000001          0x0800020e   Section        4  libinit2.o(.ARM.Collect$$libinit$$00000001)
    .ARM.Collect$$libinit$$00000004          0x08000212   Section        0  libinit2.o(.ARM.Collect$$libinit$$00000004)
    .ARM.Collect$$libinit$$0000000A          0x08000212   Section        0  libinit2.o(.ARM.Collect$$libinit$$0000000A)
    .ARM.Collect$$libinit$$0000000C          0x08000212   Section        0  libinit2.o(.ARM.Collect$$libinit$$0000000C)
    .ARM.Collect$$libinit$$0000000E          0x08000212   Section        0  libinit2.o(.ARM.Collect$$libinit$$0000000E)
    .ARM.Collect$$libinit$$0000000F          0x08000212   Section        6  libinit2.o(.ARM.Collect$$libinit$$0000000F)
    .ARM.Collect$$libinit$$00000011          0x08000218   Section        0  libinit2.o(.ARM.Collect$$libinit$$00000011)
    .ARM.Collect$$libinit$$00000013          0x08000218   Section        0  libinit2.o(.ARM.Collect$$libinit$$00000013)
    .ARM.Collect$$libinit$$00000015          0x08000218   Section        0  libinit2.o(.ARM.Collect$$libinit$$00000015)
    .ARM.Collect$$libinit$$00000016          0x08000218   Section       10  libinit2.o(.ARM.Collect$$libinit$$00000016)
    .ARM.Collect$$libinit$$00000017          0x08000222   Section        0  libinit2.o(.ARM.Collect$$libinit$$00000017)
    .ARM.Collect$$libinit$$00000019          0x08000222   Section        0  libinit2.o(.ARM.Collect$$libinit$$00000019)
    .ARM.Collect$$libinit$$0000001B          0x08000222   Section        0  libinit2.o(.ARM.Collect$$libinit$$0000001B)
    .ARM.Collect$$libinit$$0000001D          0x08000222   Section        0  libinit2.o(.ARM.Collect$$libinit$$0000001D)
    .ARM.Collect$$libinit$$0000001F          0x08000222   Section        0  libinit2.o(.ARM.Collect$$libinit$$0000001F)
    .ARM.Collect$$libinit$$00000021          0x08000222   Section        0  libinit2.o(.ARM.Collect$$libinit$$00000021)
    .ARM.Collect$$libinit$$00000023          0x08000222   Section        0  libinit2.o(.ARM.Collect$$libinit$$00000023)
    .ARM.Collect$$libinit$$00000025          0x08000222   Section        0  libinit2.o(.ARM.Collect$$libinit$$00000025)
    .ARM.Collect$$libinit$$0000002C          0x08000222   Section        0  libinit2.o(.ARM.Collect$$libinit$$0000002C)
    .ARM.Collect$$libinit$$0000002E          0x08000222   Section        0  libinit2.o(.ARM.Collect$$libinit$$0000002E)
    .ARM.Collect$$libinit$$00000030          0x08000222   Section        0  libinit2.o(.ARM.Collect$$libinit$$00000030)
    .ARM.Collect$$libinit$$00000032          0x08000222   Section        0  libinit2.o(.ARM.Collect$$libinit$$00000032)
    .ARM.Collect$$libinit$$00000033          0x08000222   Section        2  libinit2.o(.ARM.Collect$$libinit$$00000033)
    .ARM.Collect$$libshutdown$$00000000      0x08000224   Section        2  libshutdown.o(.ARM.Collect$$libshutdown$$00000000)
    .ARM.Collect$$libshutdown$$00000003      0x08000226   Section        0  libshutdown2.o(.ARM.Collect$$libshutdown$$00000003)
    .ARM.Collect$$libshutdown$$00000006      0x08000226   Section        0  libshutdown2.o(.ARM.Collect$$libshutdown$$00000006)
    .ARM.Collect$$libshutdown$$00000009      0x08000226   Section        0  libshutdown2.o(.ARM.Collect$$libshutdown$$00000009)
    .ARM.Collect$$libshutdown$$0000000B      0x08000226   Section        0  libshutdown2.o(.ARM.Collect$$libshutdown$$0000000B)
    .ARM.Collect$$libshutdown$$0000000E      0x08000226   Section        0  libshutdown2.o(.ARM.Collect$$libshutdown$$0000000E)
    .ARM.Collect$$libshutdown$$0000000F      0x08000226   Section        2  libshutdown2.o(.ARM.Collect$$libshutdown$$0000000F)
    .ARM.Collect$$rtentry$$00000000          0x08000228   Section        0  __rtentry.o(.ARM.Collect$$rtentry$$00000000)
    .ARM.Collect$$rtentry$$00000002          0x08000228   Section        0  __rtentry2.o(.ARM.Collect$$rtentry$$00000002)
    .ARM.Collect$$rtentry$$00000004          0x08000228   Section        6  __rtentry4.o(.ARM.Collect$$rtentry$$00000004)
    .ARM.Collect$$rtentry$$00000009          0x0800022e   Section        0  __rtentry2.o(.ARM.Collect$$rtentry$$00000009)
    .ARM.Collect$$rtentry$$0000000A          0x0800022e   Section        4  __rtentry2.o(.ARM.Collect$$rtentry$$0000000A)
    .ARM.Collect$$rtentry$$0000000C          0x08000232   Section        0  __rtentry2.o(.ARM.Collect$$rtentry$$0000000C)
    .ARM.Collect$$rtentry$$0000000D          0x08000232   Section        8  __rtentry2.o(.ARM.Collect$$rtentry$$0000000D)
    .ARM.Collect$$rtexit$$00000000           0x0800023a   Section        2  rtexit.o(.ARM.Collect$$rtexit$$00000000)
    .ARM.Collect$$rtexit$$00000002           0x0800023c   Section        0  rtexit2.o(.ARM.Collect$$rtexit$$00000002)
    .ARM.Collect$$rtexit$$00000003           0x0800023c   Section        4  rtexit2.o(.ARM.Collect$$rtexit$$00000003)
    .ARM.Collect$$rtexit$$00000004           0x08000240   Section        6  rtexit2.o(.ARM.Collect$$rtexit$$00000004)
    .text                                    0x08000248   Section       64  startup_stm32f407xx.o(.text)
    $v0                                      0x08000248   Number         0  startup_stm32f407xx.o(.text)
    .text                                    0x08000288   Section        0  noretval__2sprintf.o(.text)
    .text                                    0x080002b0   Section        0  _printf_pad.o(.text)
    .text                                    0x08000300   Section        0  _printf_dec.o(.text)
    .text                                    0x08000378   Section        0  __printf_wp.o(.text)
    .text                                    0x08000486   Section        0  strlen.o(.text)
    .text                                    0x080004c4   Section        0  heapauxi.o(.text)
    .text                                    0x080004ca   Section        0  _rserrno.o(.text)
    .text                                    0x080004e0   Section        0  _printf_intcommon.o(.text)
    .text                                    0x08000592   Section        0  _printf_fp_dec.o(.text)
    _fp_digits                               0x08000595   Thumb Code   428  _printf_fp_dec.o(.text)
    .text                                    0x080009ac   Section        0  _printf_char_common.o(.text)
    _printf_input_char                       0x080009ad   Thumb Code    10  _printf_char_common.o(.text)
    .text                                    0x080009dc   Section        0  _sputc.o(.text)
    .text                                    0x080009e8   Section        8  rt_locale_intlibspace.o(.text)
    .text                                    0x080009f0   Section        8  rt_errno_addr_intlibspace.o(.text)
    .text                                    0x080009f8   Section      138  lludiv10.o(.text)
    .text                                    0x08000a84   Section        0  _printf_fp_infnan.o(.text)
    .text                                    0x08000b04   Section        0  bigflt0.o(.text)
    .text                                    0x08000be0   Section        8  libspace.o(.text)
    .text                                    0x08000be8   Section       74  sys_stackheap_outer.o(.text)
    .text                                    0x08000c32   Section        0  exit.o(.text)
    .text                                    0x08000c40   Section      128  strcmpv7m.o(.text)
    .text                                    0x08000cc0   Section        0  sys_exit.o(.text)
    .text                                    0x08000ccc   Section        2  use_no_semi.o(.text)
    .text                                    0x08000cce   Section        0  indicate_semi.o(.text)
    CL$$btod_d2e                             0x08000cce   Section       62  btod.o(CL$$btod_d2e)
    CL$$btod_d2e_denorm_low                  0x08000d0c   Section       70  btod.o(CL$$btod_d2e_denorm_low)
    CL$$btod_d2e_norm_op1                    0x08000d52   Section       96  btod.o(CL$$btod_d2e_norm_op1)
    CL$$btod_div_common                      0x08000db2   Section      824  btod.o(CL$$btod_div_common)
    CL$$btod_e2e                             0x080010ea   Section      198  btod.o(CL$$btod_e2e)
    CL$$btod_ediv                            0x080011b0   Section       40  btod.o(CL$$btod_ediv)
    CL$$btod_emul                            0x080011d8   Section       40  btod.o(CL$$btod_emul)
    CL$$btod_mult_common                     0x08001200   Section      580  btod.o(CL$$btod_mult_common)
    i.ADXL345_DMA_Init                       0x08001444   Section        0  main.o(i.ADXL345_DMA_Init)
    i.ADXL345_ProcessData                    0x080014c4   Section        0  main.o(i.ADXL345_ProcessData)
    i.Accel_Init                             0x08001840   Section        0  main.o(i.Accel_Init)
    i.DMA2_Stream0_IRQHandler                0x0800185c   Section        0  main.o(i.DMA2_Stream0_IRQHandler)
    i.DMA2_Stream5_IRQHandler                0x080018a8   Section        0  main.o(i.DMA2_Stream5_IRQHandler)
    i.EXTI0_IRQHandler                       0x080018d8   Section        0  main.o(i.EXTI0_IRQHandler)
    i.EXTI2_IRQHandler                       0x080018f4   Section        0  main.o(i.EXTI2_IRQHandler)
    i.EXTI4_IRQHandler                       0x08001954   Section        0  main.o(i.EXTI4_IRQHandler)
    i.EXTI_Init                              0x080019ac   Section        0  main.o(i.EXTI_Init)
    i.GPIO_init                              0x08001a70   Section        0  main.o(i.GPIO_init)
    i.LSDH_Calibr                            0x08001ce4   Section        0  main.o(i.LSDH_Calibr)
    i.LSDH_read                              0x08001e50   Section        0  main.o(i.LSDH_read)
    i.LSDH_write                             0x08001e66   Section        0  main.o(i.LSDH_write)
    i.NVIC_EnableIRQ                         0x08001e7a   Section        0  main.o(i.NVIC_EnableIRQ)
    NVIC_EnableIRQ                           0x08001e7b   Thumb Code    22  main.o(i.NVIC_EnableIRQ)
    i.RCC_Init                               0x08001e90   Section        0  main.o(i.RCC_Init)
    i.SPI1_GPIO_Init                         0x08001ecc   Section        0  main.o(i.SPI1_GPIO_Init)
    i.SPI1_Init                              0x08001ff0   Section        0  main.o(i.SPI1_Init)
    i.SPI1_Transfer                          0x08002068   Section        0  main.o(i.SPI1_Transfer)
    i.SPI_FIRST_INIT                         0x080020c4   Section        0  main.o(i.SPI_FIRST_INIT)
    i.SendTelemetry                          0x08002100   Section        0  main.o(i.SendTelemetry)
    i.SystemInit                             0x08002184   Section        0  system_stm32f4xx.o(i.SystemInit)
    i.TIM2_IRQHandler                        0x08002220   Section        0  main.o(i.TIM2_IRQHandler)
    i.TIM3_IRQHandler                        0x080022b4   Section        0  main.o(i.TIM3_IRQHandler)
    i.TIM7_IRQHandler                        0x080023c0   Section        0  main.o(i.TIM7_IRQHandler)
    i.TIMERS_init                            0x080023d4   Section        0  main.o(i.TIMERS_init)
    i.USART2_IRQHandler                      0x0800253c   Section        0  main.o(i.USART2_IRQHandler)
    i.USART_init                             0x08002930   Section        0  main.o(i.USART_init)
    i.__ARM_fpclassify                       0x08002a00   Section        0  fpclassify.o(i.__ARM_fpclassify)
    i.__hardfp_atan                          0x08002a30   Section        0  atan.o(i.__hardfp_atan)
    i.__hardfp_fabs                          0x08002d08   Section        0  fabs.o(i.__hardfp_fabs)
    i.__hardfp_sqrt                          0x08002d1c   Section        0  sqrt.o(i.__hardfp_sqrt)
    i.__kernel_poly                          0x08002d96   Section        0  poly.o(i.__kernel_poly)
    i.__mathlib_dbl_infnan                   0x08002e8e   Section        0  dunder.o(i.__mathlib_dbl_infnan)
    i.__mathlib_dbl_underflow                0x08002ea8   Section        0  dunder.o(i.__mathlib_dbl_underflow)
    i._is_digit                              0x08002ec8   Section        0  __printf_wp.o(i._is_digit)
    i.chooseRoot                             0x08002ed8   Section        0  main.o(i.chooseRoot)
    i.fabs                                   0x08003058   Section        0  fabs.o(i.fabs)
    i.main                                   0x08003070   Section        0  main.o(i.main)
    i.send_to_uart                           0x080030c4   Section        0  main.o(i.send_to_uart)
    locale$$code                             0x080030e0   Section       44  lc_numeric_c.o(locale$$code)
    x$fpl$basic                              0x0800310c   Section       24  basic.o(x$fpl$basic)
    $v0                                      0x0800310c   Number         0  basic.o(x$fpl$basic)
    x$fpl$dadd                               0x08003124   Section      336  daddsub_clz.o(x$fpl$dadd)
    $v0                                      0x08003124   Number         0  daddsub_clz.o(x$fpl$dadd)
    _dadd1                                   0x08003135   Thumb Code     0  daddsub_clz.o(x$fpl$dadd)
    x$fpl$dcmpinf                            0x08003274   Section       24  dcmpi.o(x$fpl$dcmpinf)
    $v0                                      0x08003274   Number         0  dcmpi.o(x$fpl$dcmpinf)
    x$fpl$ddiv                               0x0800328c   Section      688  ddiv.o(x$fpl$ddiv)
    $v0                                      0x0800328c   Number         0  ddiv.o(x$fpl$ddiv)
    ddiv_entry                               0x08003293   Thumb Code     0  ddiv.o(x$fpl$ddiv)
    x$fpl$dfix                               0x0800353c   Section       94  dfix.o(x$fpl$dfix)
    $v0                                      0x0800353c   Number         0  dfix.o(x$fpl$dfix)
    x$fpl$dflt                               0x0800359a   Section       46  dflt_clz.o(x$fpl$dflt)
    $v0                                      0x0800359a   Number         0  dflt_clz.o(x$fpl$dflt)
    x$fpl$dfltu                              0x080035c8   Section       38  dflt_clz.o(x$fpl$dfltu)
    $v0                                      0x080035c8   Number         0  dflt_clz.o(x$fpl$dfltu)
    x$fpl$dleqf                              0x080035f0   Section      120  dleqf.o(x$fpl$dleqf)
    $v0                                      0x080035f0   Number         0  dleqf.o(x$fpl$dleqf)
    x$fpl$dmul                               0x08003668   Section      340  dmul.o(x$fpl$dmul)
    $v0                                      0x08003668   Number         0  dmul.o(x$fpl$dmul)
    x$fpl$dnaninf                            0x080037bc   Section      156  dnaninf.o(x$fpl$dnaninf)
    $v0                                      0x080037bc   Number         0  dnaninf.o(x$fpl$dnaninf)
    x$fpl$dretinf                            0x08003858   Section       12  dretinf.o(x$fpl$dretinf)
    $v0                                      0x08003858   Number         0  dretinf.o(x$fpl$dretinf)
    x$fpl$drleqf                             0x08003864   Section      108  drleqf.o(x$fpl$drleqf)
    $v0                                      0x08003864   Number         0  drleqf.o(x$fpl$drleqf)
    x$fpl$drsb                               0x080038d0   Section       22  daddsub_clz.o(x$fpl$drsb)
    $v0                                      0x080038d0   Number         0  daddsub_clz.o(x$fpl$drsb)
    x$fpl$dsqrt                              0x080038e8   Section      408  dsqrt_umaal.o(x$fpl$dsqrt)
    $v0                                      0x080038e8   Number         0  dsqrt_umaal.o(x$fpl$dsqrt)
    x$fpl$dsub                               0x08003a80   Section      468  daddsub_clz.o(x$fpl$dsub)
    $v0                                      0x08003a80   Number         0  daddsub_clz.o(x$fpl$dsub)
    _dsub1                                   0x08003a91   Thumb Code     0  daddsub_clz.o(x$fpl$dsub)
    x$fpl$fpinit                             0x08003c54   Section       10  fpinit.o(x$fpl$fpinit)
    $v0                                      0x08003c54   Number         0  fpinit.o(x$fpl$fpinit)
    x$fpl$printf1                            0x08003c5e   Section        4  printf1.o(x$fpl$printf1)
    $v0                                      0x08003c5e   Number         0  printf1.o(x$fpl$printf1)
    x$fpl$usenofp                            0x08003c62   Section        0  usenofp.o(x$fpl$usenofp)
    .constdata                               0x08003c68   Section      152  atan.o(.constdata)
    atanhi                                   0x08003c68   Data          32  atan.o(.constdata)
    atanlo                                   0x08003c88   Data          32  atan.o(.constdata)
    aTodd                                    0x08003ca8   Data          40  atan.o(.constdata)
    aTeven                                   0x08003cd0   Data          48  atan.o(.constdata)
    .constdata                               0x08003d00   Section      148  bigflt0.o(.constdata)
    tenpwrs_x                                0x08003d00   Data          60  bigflt0.o(.constdata)
    tenpwrs_i                                0x08003d3c   Data          64  bigflt0.o(.constdata)
    locale$$data                             0x08003db4   Section       28  lc_numeric_c.o(locale$$data)
    __lcnum_c_name                           0x08003db8   Data           2  lc_numeric_c.o(locale$$data)
    __lcnum_c_start                          0x08003dc0   Data           0  lc_numeric_c.o(locale$$data)
    __lcnum_c_point                          0x08003dcc   Data           0  lc_numeric_c.o(locale$$data)
    __lcnum_c_thousands                      0x08003dce   Data           0  lc_numeric_c.o(locale$$data)
    __lcnum_c_grouping                       0x08003dcf   Data           0  lc_numeric_c.o(locale$$data)
    __lcnum_c_end                            0x08003dd0   Data           0  lc_numeric_c.o(locale$$data)
    .data                                    0x20000000   Section      260  main.o(.data)
    .bss                                     0x20000104   Section      112  main.o(.bss)
    .bss                                     0x20000174   Section       96  libspace.o(.bss)
    HEAP                                     0x200001d8   Section      512  startup_stm32f407xx.o(HEAP)
    Heap_Mem                                 0x200001d8   Data         512  startup_stm32f407xx.o(HEAP)
    STACK                                    0x200003d8   Section     1024  startup_stm32f407xx.o(STACK)
    Stack_Mem                                0x200003d8   Data        1024  startup_stm32f407xx.o(STACK)
    __initial_sp                             0x200007d8   Data           0  startup_stm32f407xx.o(STACK)

    Global Symbols

    Symbol Name                              Value     Ov Type        Size  Object(Section)

    BuildAttributes$$THM_ISAv4$E$P$D$K$B$S$7EM$VFPi3$EXTD16$VFPS$VFMA$PE$A:L22UL41UL21$X:L11$S22US41US21$IEEE1$IW$USESV6$~STKCKD$USESV7$~SHL$OTIME$ROPI$IEEEX$EBA8$UX$STANDARDLIB$REQ8$PRES8$EABIv2 0x00000000   Number         0  anon$$obj.o ABSOLUTE
    __ARM_use_no_argv                        0x00000000   Number         0  main.o ABSOLUTE
    _printf_flags                            0x00000000   Number         0  printf_stubs.o ABSOLUTE
    _printf_return_value                     0x00000000   Number         0  printf_stubs.o ABSOLUTE
    _printf_sizespec                         0x00000000   Number         0  printf_stubs.o ABSOLUTE
    _printf_widthprec                        0x00000000   Number         0  printf_stubs.o ABSOLUTE
    __ARM_exceptions_init                     - Undefined Weak Reference
    __alloca_initialize                       - Undefined Weak Reference
    __arm_preinit_                            - Undefined Weak Reference
    __cpp_initialize__aeabi_                  - Undefined Weak Reference
    __cxa_finalize                            - Undefined Weak Reference
    __sigvec_lookup                           - Undefined Weak Reference
    _atexit_init                              - Undefined Weak Reference
    _call_atexit_fns                          - Undefined Weak Reference
    _clock_init                               - Undefined Weak Reference
    _fp_trap_init                             - Undefined Weak Reference
    _fp_trap_shutdown                         - Undefined Weak Reference
    _get_lc_collate                           - Undefined Weak Reference
    _get_lc_ctype                             - Undefined Weak Reference
    _get_lc_monetary                          - Undefined Weak Reference
    _get_lc_time                              - Undefined Weak Reference
    _getenv_init                              - Undefined Weak Reference
    _handle_redirection                       - Undefined Weak Reference
    _init_alloc                               - Undefined Weak Reference
    _init_user_alloc                          - Undefined Weak Reference
    _initio                                   - Undefined Weak Reference
    _printf_truncate_signed                   - Undefined Weak Reference
    _printf_truncate_unsigned                 - Undefined Weak Reference
    _rand_init                                - Undefined Weak Reference
    _signal_finish                            - Undefined Weak Reference
    _signal_init                              - Undefined Weak Reference
    _terminate_alloc                          - Undefined Weak Reference
    _terminate_user_alloc                     - Undefined Weak Reference
    _terminateio                              - Undefined Weak Reference
    __Vectors_Size                           0x00000188   Number         0  startup_stm32f407xx.o ABSOLUTE
    __Vectors                                0x08000000   Data           4  startup_stm32f407xx.o(RESET)
    __Vectors_End                            0x08000188   Data           0  startup_stm32f407xx.o(RESET)
    __main                                   0x08000189   Thumb Code     8  __main.o(!!!main)
    __scatterload                            0x08000191   Thumb Code     0  __scatter.o(!!!scatter)
    __scatterload_rt2                        0x08000191   Thumb Code    44  __scatter.o(!!!scatter)
    __scatterload_rt2_thumb_only             0x08000191   Thumb Code     0  __scatter.o(!!!scatter)
    __scatterload_null                       0x0800019f   Thumb Code     0  __scatter.o(!!!scatter)
    __scatterload_copy                       0x080001c5   Thumb Code    26  __scatter_copy.o(!!handler_copy)
    __scatterload_zeroinit                   0x080001e1   Thumb Code    28  __scatter_zi.o(!!handler_zi)
    _printf_f                                0x080001fd   Thumb Code     0  _printf_f.o(.ARM.Collect$$_printf_percent$$00000003)
    _printf_percent                          0x080001fd   Thumb Code     0  _printf_percent.o(.ARM.Collect$$_printf_percent$$00000000)
    _printf_d                                0x08000203   Thumb Code     0  _printf_d.o(.ARM.Collect$$_printf_percent$$00000009)
    _printf_percent_end                      0x08000209   Thumb Code     0  _printf_percent_end.o(.ARM.Collect$$_printf_percent$$00000017)
    __rt_lib_init                            0x0800020d   Thumb Code     0  libinit.o(.ARM.Collect$$libinit$$00000000)
    __rt_lib_init_fp_1                       0x0800020f   Thumb Code     0  libinit2.o(.ARM.Collect$$libinit$$00000001)
    __rt_lib_init_heap_1                     0x08000213   Thumb Code     0  libinit2.o(.ARM.Collect$$libinit$$0000000A)
    __rt_lib_init_lc_common                  0x08000213   Thumb Code     0  libinit2.o(.ARM.Collect$$libinit$$0000000F)
    __rt_lib_init_preinit_1                  0x08000213   Thumb Code     0  libinit2.o(.ARM.Collect$$libinit$$00000004)
    __rt_lib_init_rand_1                     0x08000213   Thumb Code     0  libinit2.o(.ARM.Collect$$libinit$$0000000E)
    __rt_lib_init_user_alloc_1               0x08000213   Thumb Code     0  libinit2.o(.ARM.Collect$$libinit$$0000000C)
    __rt_lib_init_lc_collate_1               0x08000219   Thumb Code     0  libinit2.o(.ARM.Collect$$libinit$$00000011)
    __rt_lib_init_lc_ctype_1                 0x08000219   Thumb Code     0  libinit2.o(.ARM.Collect$$libinit$$00000013)
    __rt_lib_init_lc_monetary_1              0x08000219   Thumb Code     0  libinit2.o(.ARM.Collect$$libinit$$00000015)
    __rt_lib_init_lc_numeric_2               0x08000219   Thumb Code     0  libinit2.o(.ARM.Collect$$libinit$$00000016)
    __rt_lib_init_alloca_1                   0x08000223   Thumb Code     0  libinit2.o(.ARM.Collect$$libinit$$0000002E)
    __rt_lib_init_argv_1                     0x08000223   Thumb Code     0  libinit2.o(.ARM.Collect$$libinit$$0000002C)
    __rt_lib_init_atexit_1                   0x08000223   Thumb Code     0  libinit2.o(.ARM.Collect$$libinit$$0000001B)
    __rt_lib_init_clock_1                    0x08000223   Thumb Code     0  libinit2.o(.ARM.Collect$$libinit$$00000021)
    __rt_lib_init_cpp_1                      0x08000223   Thumb Code     0  libinit2.o(.ARM.Collect$$libinit$$00000032)
    __rt_lib_init_exceptions_1               0x08000223   Thumb Code     0  libinit2.o(.ARM.Collect$$libinit$$00000030)
    __rt_lib_init_fp_trap_1                  0x08000223   Thumb Code     0  libinit2.o(.ARM.Collect$$libinit$$0000001F)
    __rt_lib_init_getenv_1                   0x08000223   Thumb Code     0  libinit2.o(.ARM.Collect$$libinit$$00000023)
    __rt_lib_init_lc_numeric_1               0x08000223   Thumb Code     0  libinit2.o(.ARM.Collect$$libinit$$00000017)
    __rt_lib_init_lc_time_1                  0x08000223   Thumb Code     0  libinit2.o(.ARM.Collect$$libinit$$00000019)
    __rt_lib_init_return                     0x08000223   Thumb Code     0  libinit2.o(.ARM.Collect$$libinit$$00000033)
    __rt_lib_init_signal_1                   0x08000223   Thumb Code     0  libinit2.o(.ARM.Collect$$libinit$$0000001D)
    __rt_lib_init_stdio_1                    0x08000223   Thumb Code     0  libinit2.o(.ARM.Collect$$libinit$$00000025)
    __rt_lib_shutdown                        0x08000225   Thumb Code     0  libshutdown.o(.ARM.Collect$$libshutdown$$00000000)
    __rt_lib_shutdown_fp_trap_1              0x08000227   Thumb Code     0  libshutdown2.o(.ARM.Collect$$libshutdown$$00000006)
    __rt_lib_shutdown_heap_1                 0x08000227   Thumb Code     0  libshutdown2.o(.ARM.Collect$$libshutdown$$0000000E)
    __rt_lib_shutdown_return                 0x08000227   Thumb Code     0  libshutdown2.o(.ARM.Collect$$libshutdown$$0000000F)
    __rt_lib_shutdown_signal_1               0x08000227   Thumb Code     0  libshutdown2.o(.ARM.Collect$$libshutdown$$00000009)
    __rt_lib_shutdown_stdio_1                0x08000227   Thumb Code     0  libshutdown2.o(.ARM.Collect$$libshutdown$$00000003)
    __rt_lib_shutdown_user_alloc_1           0x08000227   Thumb Code     0  libshutdown2.o(.ARM.Collect$$libshutdown$$0000000B)
    __rt_entry                               0x08000229   Thumb Code     0  __rtentry.o(.ARM.Collect$$rtentry$$00000000)
    __rt_entry_presh_1                       0x08000229   Thumb Code     0  __rtentry2.o(.ARM.Collect$$rtentry$$00000002)
    __rt_entry_sh                            0x08000229   Thumb Code     0  __rtentry4.o(.ARM.Collect$$rtentry$$00000004)
    __rt_entry_li                            0x0800022f   Thumb Code     0  __rtentry2.o(.ARM.Collect$$rtentry$$0000000A)
    __rt_entry_postsh_1                      0x0800022f   Thumb Code     0  __rtentry2.o(.ARM.Collect$$rtentry$$00000009)
    __rt_entry_main                          0x08000233   Thumb Code     0  __rtentry2.o(.ARM.Collect$$rtentry$$0000000D)
    __rt_entry_postli_1                      0x08000233   Thumb Code     0  __rtentry2.o(.ARM.Collect$$rtentry$$0000000C)
    __rt_exit                                0x0800023b   Thumb Code     0  rtexit.o(.ARM.Collect$$rtexit$$00000000)
    __rt_exit_ls                             0x0800023d   Thumb Code     0  rtexit2.o(.ARM.Collect$$rtexit$$00000003)
    __rt_exit_prels_1                        0x0800023d   Thumb Code     0  rtexit2.o(.ARM.Collect$$rtexit$$00000002)
    __rt_exit_exit                           0x08000241   Thumb Code     0  rtexit2.o(.ARM.Collect$$rtexit$$00000004)
    Reset_Handler                            0x08000249   Thumb Code     8  startup_stm32f407xx.o(.text)
    NMI_Handler                              0x08000251   Thumb Code     2  startup_stm32f407xx.o(.text)
    HardFault_Handler                        0x08000253   Thumb Code     2  startup_stm32f407xx.o(.text)
    MemManage_Handler                        0x08000255   Thumb Code     2  startup_stm32f407xx.o(.text)
    BusFault_Handler                         0x08000257   Thumb Code     2  startup_stm32f407xx.o(.text)
    UsageFault_Handler                       0x08000259   Thumb Code     2  startup_stm32f407xx.o(.text)
    SVC_Handler                              0x0800025b   Thumb Code     2  startup_stm32f407xx.o(.text)
    DebugMon_Handler                         0x0800025d   Thumb Code     2  startup_stm32f407xx.o(.text)
    PendSV_Handler                           0x0800025f   Thumb Code     2  startup_stm32f407xx.o(.text)
    SysTick_Handler                          0x08000261   Thumb Code     2  startup_stm32f407xx.o(.text)
    ADC_IRQHandler                           0x08000263   Thumb Code     0  startup_stm32f407xx.o(.text)
    CAN1_RX0_IRQHandler                      0x08000263   Thumb Code     0  startup_stm32f407xx.o(.text)
    CAN1_RX1_IRQHandler                      0x08000263   Thumb Code     0  startup_stm32f407xx.o(.text)
    CAN1_SCE_IRQHandler                      0x08000263   Thumb Code     0  startup_stm32f407xx.o(.text)
    CAN1_TX_IRQHandler                       0x08000263   Thumb Code     0  startup_stm32f407xx.o(.text)
    CAN2_RX0_IRQHandler                      0x08000263   Thumb Code     0  startup_stm32f407xx.o(.text)
    CAN2_RX1_IRQHandler                      0x08000263   Thumb Code     0  startup_stm32f407xx.o(.text)
    CAN2_SCE_IRQHandler                      0x08000263   Thumb Code     0  startup_stm32f407xx.o(.text)
    CAN2_TX_IRQHandler                       0x08000263   Thumb Code     0  startup_stm32f407xx.o(.text)
    DCMI_IRQHandler                          0x08000263   Thumb Code     0  startup_stm32f407xx.o(.text)
    DMA1_Stream0_IRQHandler                  0x08000263   Thumb Code     0  startup_stm32f407xx.o(.text)
    DMA1_Stream1_IRQHandler                  0x08000263   Thumb Code     0  startup_stm32f407xx.o(.text)
    DMA1_Stream2_IRQHandler                  0x08000263   Thumb Code     0  startup_stm32f407xx.o(.text)
    DMA1_Stream3_IRQHandler                  0x08000263   Thumb Code     0  startup_stm32f407xx.o(.text)
    DMA1_Stream4_IRQHandler                  0x08000263   Thumb Code     0  startup_stm32f407xx.o(.text)
    DMA1_Stream5_IRQHandler                  0x08000263   Thumb Code     0  startup_stm32f407xx.o(.text)
    DMA1_Stream6_IRQHandler                  0x08000263   Thumb Code     0  startup_stm32f407xx.o(.text)
    DMA1_Stream7_IRQHandler                  0x08000263   Thumb Code     0  startup_stm32f407xx.o(.text)
    DMA2_Stream1_IRQHandler                  0x08000263   Thumb Code     0  startup_stm32f407xx.o(.text)
    DMA2_Stream2_IRQHandler                  0x08000263   Thumb Code     0  startup_stm32f407xx.o(.text)
    DMA2_Stream3_IRQHandler                  0x08000263   Thumb Code     0  startup_stm32f407xx.o(.text)
    DMA2_Stream4_IRQHandler                  0x08000263   Thumb Code     0  startup_stm32f407xx.o(.text)
    DMA2_Stream6_IRQHandler                  0x08000263   Thumb Code     0  startup_stm32f407xx.o(.text)
    DMA2_Stream7_IRQHandler                  0x08000263   Thumb Code     0  startup_stm32f407xx.o(.text)
    ETH_IRQHandler                           0x08000263   Thumb Code     0  startup_stm32f407xx.o(.text)
    ETH_WKUP_IRQHandler                      0x08000263   Thumb Code     0  startup_stm32f407xx.o(.text)
    EXTI15_10_IRQHandler                     0x08000263   Thumb Code     0  startup_stm32f407xx.o(.text)
    EXTI1_IRQHandler                         0x08000263   Thumb Code     0  startup_stm32f407xx.o(.text)
    EXTI3_IRQHandler                         0x08000263   Thumb Code     0  startup_stm32f407xx.o(.text)
    EXTI9_5_IRQHandler                       0x08000263   Thumb Code     0  startup_stm32f407xx.o(.text)
    FLASH_IRQHandler                         0x08000263   Thumb Code     0  startup_stm32f407xx.o(.text)
    FMC_IRQHandler                           0x08000263   Thumb Code     0  startup_stm32f407xx.o(.text)
    FPU_IRQHandler                           0x08000263   Thumb Code     0  startup_stm32f407xx.o(.text)
    HASH_RNG_IRQHandler                      0x08000263   Thumb Code     0  startup_stm32f407xx.o(.text)
    I2C1_ER_IRQHandler                       0x08000263   Thumb Code     0  startup_stm32f407xx.o(.text)
    I2C1_EV_IRQHandler                       0x08000263   Thumb Code     0  startup_stm32f407xx.o(.text)
    I2C2_ER_IRQHandler                       0x08000263   Thumb Code     0  startup_stm32f407xx.o(.text)
    I2C2_EV_IRQHandler                       0x08000263   Thumb Code     0  startup_stm32f407xx.o(.text)
    I2C3_ER_IRQHandler                       0x08000263   Thumb Code     0  startup_stm32f407xx.o(.text)
    I2C3_EV_IRQHandler                       0x08000263   Thumb Code     0  startup_stm32f407xx.o(.text)
    OTG_FS_IRQHandler                        0x08000263   Thumb Code     0  startup_stm32f407xx.o(.text)
    OTG_FS_WKUP_IRQHandler                   0x08000263   Thumb Code     0  startup_stm32f407xx.o(.text)
    OTG_HS_EP1_IN_IRQHandler                 0x08000263   Thumb Code     0  startup_stm32f407xx.o(.text)
    OTG_HS_EP1_OUT_IRQHandler                0x08000263   Thumb Code     0  startup_stm32f407xx.o(.text)
    OTG_HS_IRQHandler                        0x08000263   Thumb Code     0  startup_stm32f407xx.o(.text)
    OTG_HS_WKUP_IRQHandler                   0x08000263   Thumb Code     0  startup_stm32f407xx.o(.text)
    PVD_IRQHandler                           0x08000263   Thumb Code     0  startup_stm32f407xx.o(.text)
    RCC_IRQHandler                           0x08000263   Thumb Code     0  startup_stm32f407xx.o(.text)
    RTC_Alarm_IRQHandler                     0x08000263   Thumb Code     0  startup_stm32f407xx.o(.text)
    RTC_WKUP_IRQHandler                      0x08000263   Thumb Code     0  startup_stm32f407xx.o(.text)
    SDIO_IRQHandler                          0x08000263   Thumb Code     0  startup_stm32f407xx.o(.text)
    SPI1_IRQHandler                          0x08000263   Thumb Code     0  startup_stm32f407xx.o(.text)
    SPI2_IRQHandler                          0x08000263   Thumb Code     0  startup_stm32f407xx.o(.text)
    SPI3_IRQHandler                          0x08000263   Thumb Code     0  startup_stm32f407xx.o(.text)
    TAMP_STAMP_IRQHandler                    0x08000263   Thumb Code     0  startup_stm32f407xx.o(.text)
    TIM1_BRK_TIM9_IRQHandler                 0x08000263   Thumb Code     0  startup_stm32f407xx.o(.text)
    TIM1_CC_IRQHandler                       0x08000263   Thumb Code     0  startup_stm32f407xx.o(.text)
    TIM1_TRG_COM_TIM11_IRQHandler            0x08000263   Thumb Code     0  startup_stm32f407xx.o(.text)
    TIM1_UP_TIM10_IRQHandler                 0x08000263   Thumb Code     0  startup_stm32f407xx.o(.text)
    TIM4_IRQHandler                          0x08000263   Thumb Code     0  startup_stm32f407xx.o(.text)
    TIM5_IRQHandler                          0x08000263   Thumb Code     0  startup_stm32f407xx.o(.text)
    TIM6_DAC_IRQHandler                      0x08000263   Thumb Code     0  startup_stm32f407xx.o(.text)
    TIM8_BRK_TIM12_IRQHandler                0x08000263   Thumb Code     0  startup_stm32f407xx.o(.text)
    TIM8_CC_IRQHandler                       0x08000263   Thumb Code     0  startup_stm32f407xx.o(.text)
    TIM8_TRG_COM_TIM14_IRQHandler            0x08000263   Thumb Code     0  startup_stm32f407xx.o(.text)
    TIM8_UP_TIM13_IRQHandler                 0x08000263   Thumb Code     0  startup_stm32f407xx.o(.text)
    UART4_IRQHandler                         0x08000263   Thumb Code     0  startup_stm32f407xx.o(.text)
    UART5_IRQHandler                         0x08000263   Thumb Code     0  startup_stm32f407xx.o(.text)
    USART1_IRQHandler                        0x08000263   Thumb Code     0  startup_stm32f407xx.o(.text)
    USART3_IRQHandler                        0x08000263   Thumb Code     0  startup_stm32f407xx.o(.text)
    USART6_IRQHandler                        0x08000263   Thumb Code     0  startup_stm32f407xx.o(.text)
    WWDG_IRQHandler                          0x08000263   Thumb Code     0  startup_stm32f407xx.o(.text)
    __user_initial_stackheap                 0x08000265   Thumb Code     0  startup_stm32f407xx.o(.text)
    __2sprintf                               0x08000289   Thumb Code    34  noretval__2sprintf.o(.text)
    _printf_pre_padding                      0x080002b1   Thumb Code    44  _printf_pad.o(.text)
    _printf_post_padding                     0x080002dd   Thumb Code    34  _printf_pad.o(.text)
    _printf_int_dec                          0x08000301   Thumb Code   104  _printf_dec.o(.text)
    __printf                                 0x08000379   Thumb Code   270  __printf_wp.o(.text)
    strlen                                   0x08000487   Thumb Code    62  strlen.o(.text)
    __use_two_region_memory                  0x080004c5   Thumb Code     2  heapauxi.o(.text)
    __rt_heap_escrow$2region                 0x080004c7   Thumb Code     2  heapauxi.o(.text)
    __rt_heap_expand$2region                 0x080004c9   Thumb Code     2  heapauxi.o(.text)
    __read_errno                             0x080004cb   Thumb Code    10  _rserrno.o(.text)
    __set_errno                              0x080004d5   Thumb Code    12  _rserrno.o(.text)
    _printf_int_common                       0x080004e1   Thumb Code   178  _printf_intcommon.o(.text)
    __lib_sel_fp_printf                      0x08000593   Thumb Code     2  _printf_fp_dec.o(.text)
    _printf_fp_dec_real                      0x08000741   Thumb Code   620  _printf_fp_dec.o(.text)
    _printf_char_common                      0x080009b7   Thumb Code    32  _printf_char_common.o(.text)
    _sputc                                   0x080009dd   Thumb Code    10  _sputc.o(.text)
    __rt_locale                              0x080009e9   Thumb Code     8  rt_locale_intlibspace.o(.text)
    __aeabi_errno_addr                       0x080009f1   Thumb Code     8  rt_errno_addr_intlibspace.o(.text)
    __errno$intlibspace                      0x080009f1   Thumb Code     0  rt_errno_addr_intlibspace.o(.text)
    __rt_errno_addr$intlibspace              0x080009f1   Thumb Code     0  rt_errno_addr_intlibspace.o(.text)
    _ll_udiv10                               0x080009f9   Thumb Code   138  lludiv10.o(.text)
    _printf_fp_infnan                        0x08000a85   Thumb Code   112  _printf_fp_infnan.o(.text)
    _btod_etento                             0x08000b05   Thumb Code   216  bigflt0.o(.text)
    __user_libspace                          0x08000be1   Thumb Code     8  libspace.o(.text)
    __user_perproc_libspace                  0x08000be1   Thumb Code     0  libspace.o(.text)
    __user_perthread_libspace                0x08000be1   Thumb Code     0  libspace.o(.text)
    __user_setup_stackheap                   0x08000be9   Thumb Code    74  sys_stackheap_outer.o(.text)
    exit                                     0x08000c33   Thumb Code    12  exit.o(.text)
    strcmp                                   0x08000c41   Thumb Code   128  strcmpv7m.o(.text)
    _sys_exit                                0x08000cc1   Thumb Code     8  sys_exit.o(.text)
    __I$use$semihosting                      0x08000ccd   Thumb Code     0  use_no_semi.o(.text)
    __use_no_semihosting_swi                 0x08000ccd   Thumb Code     2  use_no_semi.o(.text)
    __semihosting_library_function           0x08000ccf   Thumb Code     0  indicate_semi.o(.text)
    _btod_d2e                                0x08000ccf   Thumb Code    62  btod.o(CL$$btod_d2e)
    _d2e_denorm_low                          0x08000d0d   Thumb Code    70  btod.o(CL$$btod_d2e_denorm_low)
    _d2e_norm_op1                            0x08000d53   Thumb Code    96  btod.o(CL$$btod_d2e_norm_op1)
    __btod_div_common                        0x08000db3   Thumb Code   696  btod.o(CL$$btod_div_common)
    _e2e                                     0x080010eb   Thumb Code   198  btod.o(CL$$btod_e2e)
    _btod_ediv                               0x080011b1   Thumb Code    40  btod.o(CL$$btod_ediv)
    _btod_emul                               0x080011d9   Thumb Code    40  btod.o(CL$$btod_emul)
    __btod_mult_common                       0x08001201   Thumb Code   580  btod.o(CL$$btod_mult_common)
    ADXL345_DMA_Init                         0x08001445   Thumb Code    98  main.o(i.ADXL345_DMA_Init)
    ADXL345_ProcessData                      0x080014c5   Thumb Code   766  main.o(i.ADXL345_ProcessData)
    Accel_Init                               0x08001841   Thumb Code    28  main.o(i.Accel_Init)
    DMA2_Stream0_IRQHandler                  0x0800185d   Thumb Code    60  main.o(i.DMA2_Stream0_IRQHandler)
    DMA2_Stream5_IRQHandler                  0x080018a9   Thumb Code    42  main.o(i.DMA2_Stream5_IRQHandler)
    EXTI0_IRQHandler                         0x080018d9   Thumb Code    24  main.o(i.EXTI0_IRQHandler)
    EXTI2_IRQHandler                         0x080018f5   Thumb Code    84  main.o(i.EXTI2_IRQHandler)
    EXTI4_IRQHandler                         0x08001955   Thumb Code    74  main.o(i.EXTI4_IRQHandler)
    EXTI_Init                                0x080019ad   Thumb Code   188  main.o(i.EXTI_Init)
    GPIO_init                                0x08001a71   Thumb Code   588  main.o(i.GPIO_init)
    LSDH_Calibr                              0x08001ce5   Thumb Code   312  main.o(i.LSDH_Calibr)
    LSDH_read                                0x08001e51   Thumb Code    22  main.o(i.LSDH_read)
    LSDH_write                               0x08001e67   Thumb Code    20  main.o(i.LSDH_write)
    RCC_Init                                 0x08001e91   Thumb Code    46  main.o(i.RCC_Init)
    SPI1_GPIO_Init                           0x08001ecd   Thumb Code   266  main.o(i.SPI1_GPIO_Init)
    SPI1_Init                                0x08001ff1   Thumb Code   114  main.o(i.SPI1_Init)
    SPI1_Transfer                            0x08002069   Thumb Code    80  main.o(i.SPI1_Transfer)
    SPI_FIRST_INIT                           0x080020c5   Thumb Code    44  main.o(i.SPI_FIRST_INIT)
    SendTelemetry                            0x08002101   Thumb Code    88  main.o(i.SendTelemetry)
    SystemInit                               0x08002185   Thumb Code   140  system_stm32f4xx.o(i.SystemInit)
    TIM2_IRQHandler                          0x08002221   Thumb Code   144  main.o(i.TIM2_IRQHandler)
    TIM3_IRQHandler                          0x080022b5   Thumb Code   232  main.o(i.TIM3_IRQHandler)
    TIM7_IRQHandler                          0x080023c1   Thumb Code    14  main.o(i.TIM7_IRQHandler)
    TIMERS_init                              0x080023d5   Thumb Code   332  main.o(i.TIMERS_init)
    USART2_IRQHandler                        0x0800253d   Thumb Code   912  main.o(i.USART2_IRQHandler)
    USART_init                               0x08002931   Thumb Code   190  main.o(i.USART_init)
    __ARM_fpclassify                         0x08002a01   Thumb Code    48  fpclassify.o(i.__ARM_fpclassify)
    __hardfp_atan                            0x08002a31   Thumb Code   622  atan.o(i.__hardfp_atan)
    __hardfp_fabs                            0x08002d09   Thumb Code    20  fabs.o(i.__hardfp_fabs)
    __hardfp_sqrt                            0x08002d1d   Thumb Code   122  sqrt.o(i.__hardfp_sqrt)
    __kernel_poly                            0x08002d97   Thumb Code   248  poly.o(i.__kernel_poly)
    __mathlib_dbl_infnan                     0x08002e8f   Thumb Code    20  dunder.o(i.__mathlib_dbl_infnan)
    __mathlib_dbl_underflow                  0x08002ea9   Thumb Code    24  dunder.o(i.__mathlib_dbl_underflow)
    _is_digit                                0x08002ec9   Thumb Code    14  __printf_wp.o(i._is_digit)
    chooseRoot                               0x08002ed9   Thumb Code   330  main.o(i.chooseRoot)
    fabs                                     0x08003059   Thumb Code    24  fabs.o(i.fabs)
    main                                     0x08003071   Thumb Code    70  main.o(i.main)
    send_to_uart                             0x080030c5   Thumb Code    22  main.o(i.send_to_uart)
    _get_lc_numeric                          0x080030e1   Thumb Code    44  lc_numeric_c.o(locale$$code)
    __aeabi_dneg                             0x0800310d   Thumb Code     0  basic.o(x$fpl$basic)
    _dneg                                    0x0800310d   Thumb Code     6  basic.o(x$fpl$basic)
    __aeabi_fneg                             0x08003113   Thumb Code     0  basic.o(x$fpl$basic)
    _fneg                                    0x08003113   Thumb Code     6  basic.o(x$fpl$basic)
    _dabs                                    0x08003119   Thumb Code     6  basic.o(x$fpl$basic)
    _fabs                                    0x0800311f   Thumb Code     6  basic.o(x$fpl$basic)
    __aeabi_dadd                             0x08003125   Thumb Code     0  daddsub_clz.o(x$fpl$dadd)
    _dadd                                    0x08003125   Thumb Code   332  daddsub_clz.o(x$fpl$dadd)
    __fpl_dcmp_Inf                           0x08003275   Thumb Code    24  dcmpi.o(x$fpl$dcmpinf)
    __aeabi_ddiv                             0x0800328d   Thumb Code     0  ddiv.o(x$fpl$ddiv)
    _ddiv                                    0x0800328d   Thumb Code   552  ddiv.o(x$fpl$ddiv)
    __aeabi_d2iz                             0x0800353d   Thumb Code     0  dfix.o(x$fpl$dfix)
    _dfix                                    0x0800353d   Thumb Code    94  dfix.o(x$fpl$dfix)
    __aeabi_i2d                              0x0800359b   Thumb Code     0  dflt_clz.o(x$fpl$dflt)
    _dflt                                    0x0800359b   Thumb Code    46  dflt_clz.o(x$fpl$dflt)
    __aeabi_ui2d                             0x080035c9   Thumb Code     0  dflt_clz.o(x$fpl$dfltu)
    _dfltu                                   0x080035c9   Thumb Code    38  dflt_clz.o(x$fpl$dfltu)
    __aeabi_cdcmple                          0x080035f1   Thumb Code     0  dleqf.o(x$fpl$dleqf)
    _dcmple                                  0x080035f1   Thumb Code   120  dleqf.o(x$fpl$dleqf)
    __fpl_dcmple_InfNaN                      0x08003653   Thumb Code     0  dleqf.o(x$fpl$dleqf)
    __aeabi_dmul                             0x08003669   Thumb Code     0  dmul.o(x$fpl$dmul)
    _dmul                                    0x08003669   Thumb Code   332  dmul.o(x$fpl$dmul)
    __fpl_dnaninf                            0x080037bd   Thumb Code   156  dnaninf.o(x$fpl$dnaninf)
    __fpl_dretinf                            0x08003859   Thumb Code    12  dretinf.o(x$fpl$dretinf)
    __aeabi_cdrcmple                         0x08003865   Thumb Code     0  drleqf.o(x$fpl$drleqf)
    _drcmple                                 0x08003865   Thumb Code   108  drleqf.o(x$fpl$drleqf)
    __aeabi_drsub                            0x080038d1   Thumb Code     0  daddsub_clz.o(x$fpl$drsb)
    _drsb                                    0x080038d1   Thumb Code    22  daddsub_clz.o(x$fpl$drsb)
    _dsqrt                                   0x080038e9   Thumb Code   404  dsqrt_umaal.o(x$fpl$dsqrt)
    __aeabi_dsub                             0x08003a81   Thumb Code     0  daddsub_clz.o(x$fpl$dsub)
    _dsub                                    0x08003a81   Thumb Code   464  daddsub_clz.o(x$fpl$dsub)
    _fp_init                                 0x08003c55   Thumb Code    10  fpinit.o(x$fpl$fpinit)
    __fplib_config_fpu_vfp                   0x08003c5d   Thumb Code     0  fpinit.o(x$fpl$fpinit)
    __fplib_config_pureend_doubles           0x08003c5d   Thumb Code     0  fpinit.o(x$fpl$fpinit)
    _printf_fp_dec                           0x08003c5f   Thumb Code     4  printf1.o(x$fpl$printf1)
    __I$use$fp                               0x08003c62   Number         0  usenofp.o(x$fpl$usenofp)
    Region$$Table$$Base                      0x08003d94   Number         0  anon$$obj.o(Region$$Table)
    Region$$Table$$Limit                     0x08003db4   Number         0  anon$$obj.o(Region$$Table)
    SPI1_SCK                                 0x20000000   Data           1  main.o(.data)
    SPI1_MISO                                0x20000001   Data           1  main.o(.data)
    SPI1_MOSI                                0x20000002   Data           1  main.o(.data)
    SPI1_NSS                                 0x20000003   Data           1  main.o(.data)
    ACCEL_INT1                               0x20000004   Data           1  main.o(.data)
    MOT_PWM1                                 0x20000005   Data           1  main.o(.data)
    MOT_PWM2                                 0x20000006   Data           1  main.o(.data)
    MOT_FREQ1                                0x20000007   Data           1  main.o(.data)
    MOT_FREQ2                                0x20000008   Data           1  main.o(.data)
    BUTTON                                   0x20000009   Data           1  main.o(.data)
    UART2_TX                                 0x2000000a   Data           1  main.o(.data)
    UART2_RX                                 0x2000000b   Data           1  main.o(.data)
    SERV_PWM                                 0x2000000c   Data           1  main.o(.data)
    ax                                       0x2000000e   Data           2  main.o(.data)
    ay                                       0x20000010   Data           2  main.o(.data)
    az                                       0x20000012   Data           2  main.o(.data)
    param                                    0x20000014   Data           4  main.o(.data)
    xoff                                     0x20000018   Data           4  main.o(.data)
    yoff                                     0x2000001c   Data           4  main.o(.data)
    zoff                                     0x20000020   Data           4  main.o(.data)
    ENGRDY                                   0x20000024   Data           4  main.o(.data)
    COUNT1                                   0x20000028   Data           4  main.o(.data)
    COUNT2                                   0x2000002c   Data           4  main.o(.data)
    NEW_PWM_RV                               0x20000030   Data           1  main.o(.data)
    accelRegisters                           0x20000032   Data          12  main.o(.data)
    firstAngleMeasurement                    0x2000003e   Data           1  main.o(.data)
    angle                                    0x20000040   Data           8  main.o(.data)
    prevAngle                                0x20000048   Data           8  main.o(.data)
    angularVelocity                          0x20000050   Data           8  main.o(.data)
    pwm1                                     0x20000058   Data           4  main.o(.data)
    pwm2                                     0x2000005c   Data           4  main.o(.data)
    F                                        0x20000060   Data           8  main.o(.data)
    k1                                       0x20000068   Data           8  main.o(.data)
    k2                                       0x20000070   Data           8  main.o(.data)
    update                                   0x20000078   Data           1  main.o(.data)
    received                                 0x20000079   Data           1  main.o(.data)
    PWM_RX                                   0x2000007c   Data           4  main.o(.data)
    pwm                                      0x20000080   Data           4  main.o(.data)
    i                                        0x20000084   Data           4  main.o(.data)
    st                                       0x20000088   Data           4  main.o(.data)
    SEND_TELEMETRY_FLAG                      0x2000008c   Data           1  main.o(.data)
    Aappr                                    0x20000090   Data           8  main.o(.data)
    Bappr                                    0x20000098   Data           8  main.o(.data)
    Cappr                                    0x200000a0   Data           8  main.o(.data)
    D                                        0x200000a8   Data           8  main.o(.data)
    x1                                       0x200000b0   Data           8  main.o(.data)
    x2                                       0x200000b8   Data           8  main.o(.data)
    angleCount                               0x200000c0   Data           1  main.o(.data)
    angleSum                                 0x200000c8   Data           8  main.o(.data)
    status                                   0x200000d0   Data           1  main.o(.data)
    timer                                    0x200000d4   Data           4  main.o(.data)
    timer_1000                               0x200000d8   Data           4  main.o(.data)
    timer_2000                               0x200000dc   Data           4  main.o(.data)
    pwm_step                                 0x200000e0   Data           4  main.o(.data)
    serv_count                               0x200000e4   Data           1  main.o(.data)
    KOEFF_RX                                 0x200000e5   Data           1  main.o(.data)
    KOEFF2_RX                                0x200000e6   Data           1  main.o(.data)
    koeff                                    0x200000e8   Data           8  main.o(.data)
    my_pow                                   0x200000f0   Data           8  main.o(.data)
    d_st                                     0x200000f8   Data           8  main.o(.data)
    k                                        0x20000100   Data           4  main.o(.data)
    accel                                    0x20000104   Data          12  main.o(.bss)
    str                                      0x20000110   Data         100  main.o(.bss)
    __libspace_start                         0x20000174   Data          96  libspace.o(.bss)
    __temporary_stack_top$libspace           0x200001d4   Data           0  libspace.o(.bss)



==============================================================================

Memory Map of the image

  Image Entry point : 0x08000249

  Load Region LR_1 (Base: 0x08000000, Size: 0x00003ed4, Max: 0xffffffff, ABSOLUTE)

    Execution Region ER_RO (Base: 0x08000000, Size: 0x00003dd0, Max: 0xffffffff, ABSOLUTE)

    Base Addr    Size         Type   Attr      Idx    E Section Name        Object

    0x08000000   0x00000188   Data   RO          244    RESET               startup_stm32f407xx.o
    0x08000188   0x00000008   Code   RO          328  * !!!main             c_w.l(__main.o)
    0x08000190   0x00000034   Code   RO          632    !!!scatter          c_w.l(__scatter.o)
    0x080001c4   0x0000001a   Code   RO          634    !!handler_copy      c_w.l(__scatter_copy.o)
    0x080001de   0x00000002   PAD
    0x080001e0   0x0000001c   Code   RO          636    !!handler_zi        c_w.l(__scatter_zi.o)
    0x080001fc   0x00000000   Code   RO          323    .ARM.Collect$$_printf_percent$$00000000  c_w.l(_printf_percent.o)
    0x080001fc   0x00000006   Code   RO          322    .ARM.Collect$$_printf_percent$$00000003  c_w.l(_printf_f.o)
    0x08000202   0x00000006   Code   RO          321    .ARM.Collect$$_printf_percent$$00000009  c_w.l(_printf_d.o)
    0x08000208   0x00000004   Code   RO          403    .ARM.Collect$$_printf_percent$$00000017  c_w.l(_printf_percent_end.o)
    0x0800020c   0x00000002   Code   RO          506    .ARM.Collect$$libinit$$00000000  c_w.l(libinit.o)
    0x0800020e   0x00000004   Code   RO          507    .ARM.Collect$$libinit$$00000001  c_w.l(libinit2.o)
    0x08000212   0x00000000   Code   RO          510    .ARM.Collect$$libinit$$00000004  c_w.l(libinit2.o)
    0x08000212   0x00000000   Code   RO          513    .ARM.Collect$$libinit$$0000000A  c_w.l(libinit2.o)
    0x08000212   0x00000000   Code   RO          515    .ARM.Collect$$libinit$$0000000C  c_w.l(libinit2.o)
    0x08000212   0x00000000   Code   RO          517    .ARM.Collect$$libinit$$0000000E  c_w.l(libinit2.o)
    0x08000212   0x00000006   Code   RO          518    .ARM.Collect$$libinit$$0000000F  c_w.l(libinit2.o)
    0x08000218   0x00000000   Code   RO          520    .ARM.Collect$$libinit$$00000011  c_w.l(libinit2.o)
    0x08000218   0x00000000   Code   RO          522    .ARM.Collect$$libinit$$00000013  c_w.l(libinit2.o)
    0x08000218   0x00000000   Code   RO          524    .ARM.Collect$$libinit$$00000015  c_w.l(libinit2.o)
    0x08000218   0x0000000a   Code   RO          525    .ARM.Collect$$libinit$$00000016  c_w.l(libinit2.o)
    0x08000222   0x00000000   Code   RO          526    .ARM.Collect$$libinit$$00000017  c_w.l(libinit2.o)
    0x08000222   0x00000000   Code   RO          528    .ARM.Collect$$libinit$$00000019  c_w.l(libinit2.o)
    0x08000222   0x00000000   Code   RO          530    .ARM.Collect$$libinit$$0000001B  c_w.l(libinit2.o)
    0x08000222   0x00000000   Code   RO          532    .ARM.Collect$$libinit$$0000001D  c_w.l(libinit2.o)
    0x08000222   0x00000000   Code   RO          534    .ARM.Collect$$libinit$$0000001F  c_w.l(libinit2.o)
    0x08000222   0x00000000   Code   RO          536    .ARM.Collect$$libinit$$00000021  c_w.l(libinit2.o)
    0x08000222   0x00000000   Code   RO          538    .ARM.Collect$$libinit$$00000023  c_w.l(libinit2.o)
    0x08000222   0x00000000   Code   RO          540    .ARM.Collect$$libinit$$00000025  c_w.l(libinit2.o)
    0x08000222   0x00000000   Code   RO          544    .ARM.Collect$$libinit$$0000002C  c_w.l(libinit2.o)
    0x08000222   0x00000000   Code   RO          546    .ARM.Collect$$libinit$$0000002E  c_w.l(libinit2.o)
    0x08000222   0x00000000   Code   RO          548    .ARM.Collect$$libinit$$00000030  c_w.l(libinit2.o)
    0x08000222   0x00000000   Code   RO          550    .ARM.Collect$$libinit$$00000032  c_w.l(libinit2.o)
    0x08000222   0x00000002   Code   RO          551    .ARM.Collect$$libinit$$00000033  c_w.l(libinit2.o)
    0x08000224   0x00000002   Code   RO          581    .ARM.Collect$$libshutdown$$00000000  c_w.l(libshutdown.o)
    0x08000226   0x00000000   Code   RO          593    .ARM.Collect$$libshutdown$$00000003  c_w.l(libshutdown2.o)
    0x08000226   0x00000000   Code   RO          596    .ARM.Collect$$libshutdown$$00000006  c_w.l(libshutdown2.o)
    0x08000226   0x00000000   Code   RO          599    .ARM.Collect$$libshutdown$$00000009  c_w.l(libshutdown2.o)
    0x08000226   0x00000000   Code   RO          601    .ARM.Collect$$libshutdown$$0000000B  c_w.l(libshutdown2.o)
    0x08000226   0x00000000   Code   RO          604    .ARM.Collect$$libshutdown$$0000000E  c_w.l(libshutdown2.o)
    0x08000226   0x00000002   Code   RO          605    .ARM.Collect$$libshutdown$$0000000F  c_w.l(libshutdown2.o)
    0x08000228   0x00000000   Code   RO          392    .ARM.Collect$$rtentry$$00000000  c_w.l(__rtentry.o)
    0x08000228   0x00000000   Code   RO          432    .ARM.Collect$$rtentry$$00000002  c_w.l(__rtentry2.o)
    0x08000228   0x00000006   Code   RO          444    .ARM.Collect$$rtentry$$00000004  c_w.l(__rtentry4.o)
    0x0800022e   0x00000000   Code   RO          434    .ARM.Collect$$rtentry$$00000009  c_w.l(__rtentry2.o)
    0x0800022e   0x00000004   Code   RO          435    .ARM.Collect$$rtentry$$0000000A  c_w.l(__rtentry2.o)
    0x08000232   0x00000000   Code   RO          437    .ARM.Collect$$rtentry$$0000000C  c_w.l(__rtentry2.o)
    0x08000232   0x00000008   Code   RO          438    .ARM.Collect$$rtentry$$0000000D  c_w.l(__rtentry2.o)
    0x0800023a   0x00000002   Code   RO          552    .ARM.Collect$$rtexit$$00000000  c_w.l(rtexit.o)
    0x0800023c   0x00000000   Code   RO          559    .ARM.Collect$$rtexit$$00000002  c_w.l(rtexit2.o)
    0x0800023c   0x00000004   Code   RO          560    .ARM.Collect$$rtexit$$00000003  c_w.l(rtexit2.o)
    0x08000240   0x00000006   Code   RO          561    .ARM.Collect$$rtexit$$00000004  c_w.l(rtexit2.o)
    0x08000246   0x00000002   PAD
    0x08000248   0x00000040   Code   RO          245  * .text               startup_stm32f407xx.o
    0x08000288   0x00000028   Code   RO          293    .text               c_w.l(noretval__2sprintf.o)
    0x080002b0   0x0000004e   Code   RO          297    .text               c_w.l(_printf_pad.o)
    0x080002fe   0x00000002   PAD
    0x08000300   0x00000078   Code   RO          299    .text               c_w.l(_printf_dec.o)
    0x08000378   0x0000010e   Code   RO          309    .text               c_w.l(__printf_wp.o)
    0x08000486   0x0000003e   Code   RO          324    .text               c_w.l(strlen.o)
    0x080004c4   0x00000006   Code   RO          326    .text               c_w.l(heapauxi.o)
    0x080004ca   0x00000016   Code   RO          393    .text               c_w.l(_rserrno.o)
    0x080004e0   0x000000b2   Code   RO          395    .text               c_w.l(_printf_intcommon.o)
    0x08000592   0x0000041a   Code   RO          397    .text               c_w.l(_printf_fp_dec.o)
    0x080009ac   0x00000030   Code   RO          399    .text               c_w.l(_printf_char_common.o)
    0x080009dc   0x0000000a   Code   RO          401    .text               c_w.l(_sputc.o)
    0x080009e6   0x00000002   PAD
    0x080009e8   0x00000008   Code   RO          449    .text               c_w.l(rt_locale_intlibspace.o)
    0x080009f0   0x00000008   Code   RO          454    .text               c_w.l(rt_errno_addr_intlibspace.o)
    0x080009f8   0x0000008a   Code   RO          456    .text               c_w.l(lludiv10.o)
    0x08000a82   0x00000002   PAD
    0x08000a84   0x00000080   Code   RO          458    .text               c_w.l(_printf_fp_infnan.o)
    0x08000b04   0x000000dc   Code   RO          462    .text               c_w.l(bigflt0.o)
    0x08000be0   0x00000008   Code   RO          492    .text               c_w.l(libspace.o)
    0x08000be8   0x0000004a   Code   RO          495    .text               c_w.l(sys_stackheap_outer.o)
    0x08000c32   0x0000000c   Code   RO          497    .text               c_w.l(exit.o)
    0x08000c3e   0x00000002   PAD
    0x08000c40   0x00000080   Code   RO          499    .text               c_w.l(strcmpv7m.o)
    0x08000cc0   0x0000000c   Code   RO          571    .text               c_w.l(sys_exit.o)
    0x08000ccc   0x00000002   Code   RO          582    .text               c_w.l(use_no_semi.o)
    0x08000cce   0x00000000   Code   RO          584    .text               c_w.l(indicate_semi.o)
    0x08000cce   0x0000003e   Code   RO          465    CL$$btod_d2e        c_w.l(btod.o)
    0x08000d0c   0x00000046   Code   RO          467    CL$$btod_d2e_denorm_low  c_w.l(btod.o)
    0x08000d52   0x00000060   Code   RO          466    CL$$btod_d2e_norm_op1  c_w.l(btod.o)
    0x08000db2   0x00000338   Code   RO          475    CL$$btod_div_common  c_w.l(btod.o)
    0x080010ea   0x000000c6   Code   RO          472    CL$$btod_e2e        c_w.l(btod.o)
    0x080011b0   0x00000028   Code   RO          469    CL$$btod_ediv       c_w.l(btod.o)
    0x080011d8   0x00000028   Code   RO          468    CL$$btod_emul       c_w.l(btod.o)
    0x08001200   0x00000244   Code   RO          474    CL$$btod_mult_common  c_w.l(btod.o)
    0x08001444   0x00000080   Code   RO            4    i.ADXL345_DMA_Init  main.o
    0x080014c4   0x0000037c   Code   RO            5    i.ADXL345_ProcessData  main.o
    0x08001840   0x0000001c   Code   RO            6    i.Accel_Init        main.o
    0x0800185c   0x0000004c   Code   RO            7    i.DMA2_Stream0_IRQHandler  main.o
    0x080018a8   0x00000030   Code   RO            8    i.DMA2_Stream5_IRQHandler  main.o
    0x080018d8   0x0000001c   Code   RO           10    i.EXTI0_IRQHandler  main.o
    0x080018f4   0x00000060   Code   RO           11    i.EXTI2_IRQHandler  main.o
    0x08001954   0x00000058   Code   RO           12    i.EXTI4_IRQHandler  main.o
    0x080019ac   0x000000c4   Code   RO           13    i.EXTI_Init         main.o
    0x08001a70   0x00000274   Code   RO           14    i.GPIO_init         main.o
    0x08001ce4   0x0000016c   Code   RO           15    i.LSDH_Calibr       main.o
    0x08001e50   0x00000016   Code   RO           16    i.LSDH_read         main.o
    0x08001e66   0x00000014   Code   RO           17    i.LSDH_write        main.o
    0x08001e7a   0x00000016   Code   RO           18    i.NVIC_EnableIRQ    main.o
    0x08001e90   0x0000003c   Code   RO           19    i.RCC_Init          main.o
    0x08001ecc   0x00000124   Code   RO           20    i.SPI1_GPIO_Init    main.o
    0x08001ff0   0x00000078   Code   RO           21    i.SPI1_Init         main.o
    0x08002068   0x0000005c   Code   RO           22    i.SPI1_Transfer     main.o
    0x080020c4   0x0000003c   Code   RO           23    i.SPI_FIRST_INIT    main.o
    0x08002100   0x00000084   Code   RO           24    i.SendTelemetry     main.o
    0x08002184   0x0000009c   Code   RO          253    i.SystemInit        system_stm32f4xx.o
    0x08002220   0x00000094   Code   RO           25    i.TIM2_IRQHandler   main.o
    0x080022b4   0x0000010c   Code   RO           26    i.TIM3_IRQHandler   main.o
    0x080023c0   0x00000014   Code   RO           27    i.TIM7_IRQHandler   main.o
    0x080023d4   0x00000168   Code   RO           28    i.TIMERS_init       main.o
    0x0800253c   0x000003f4   Code   RO           29    i.USART2_IRQHandler  main.o
    0x08002930   0x000000d0   Code   RO           30    i.USART_init        main.o
    0x08002a00   0x00000030   Code   RO          427    i.__ARM_fpclassify  m_wm.l(fpclassify.o)
    0x08002a30   0x000002d8   Code   RO          360    i.__hardfp_atan     m_wm.l(atan.o)
    0x08002d08   0x00000014   Code   RO          374    i.__hardfp_fabs     m_wm.l(fabs.o)
    0x08002d1c   0x0000007a   Code   RO          380    i.__hardfp_sqrt     m_wm.l(sqrt.o)
    0x08002d96   0x000000f8   Code   RO          429    i.__kernel_poly     m_wm.l(poly.o)
    0x08002e8e   0x00000014   Code   RO          414    i.__mathlib_dbl_infnan  m_wm.l(dunder.o)
    0x08002ea2   0x00000006   PAD
    0x08002ea8   0x00000020   Code   RO          419    i.__mathlib_dbl_underflow  m_wm.l(dunder.o)
    0x08002ec8   0x0000000e   Code   RO          311    i._is_digit         c_w.l(__printf_wp.o)
    0x08002ed6   0x00000002   PAD
    0x08002ed8   0x00000180   Code   RO           31    i.chooseRoot        main.o
    0x08003058   0x00000018   Code   RO          376    i.fabs              m_wm.l(fabs.o)
    0x08003070   0x00000054   Code   RO           32    i.main              main.o
    0x080030c4   0x0000001c   Code   RO           33    i.send_to_uart      main.o
    0x080030e0   0x0000002c   Code   RO          488    locale$$code        c_w.l(lc_numeric_c.o)
    0x0800310c   0x00000018   Code   RO          330    x$fpl$basic         fz_wm.l(basic.o)
    0x08003124   0x00000150   Code   RO          332    x$fpl$dadd          fz_wm.l(daddsub_clz.o)
    0x08003274   0x00000018   Code   RO          404    x$fpl$dcmpinf       fz_wm.l(dcmpi.o)
    0x0800328c   0x000002b0   Code   RO          339    x$fpl$ddiv          fz_wm.l(ddiv.o)
    0x0800353c   0x0000005e   Code   RO          342    x$fpl$dfix          fz_wm.l(dfix.o)
    0x0800359a   0x0000002e   Code   RO          347    x$fpl$dflt          fz_wm.l(dflt_clz.o)
    0x080035c8   0x00000026   Code   RO          346    x$fpl$dfltu         fz_wm.l(dflt_clz.o)
    0x080035ee   0x00000002   PAD
    0x080035f0   0x00000078   Code   RO          352    x$fpl$dleqf         fz_wm.l(dleqf.o)
    0x08003668   0x00000154   Code   RO          354    x$fpl$dmul          fz_wm.l(dmul.o)
    0x080037bc   0x0000009c   Code   RO          406    x$fpl$dnaninf       fz_wm.l(dnaninf.o)
    0x08003858   0x0000000c   Code   RO          408    x$fpl$dretinf       fz_wm.l(dretinf.o)
    0x08003864   0x0000006c   Code   RO          356    x$fpl$drleqf        fz_wm.l(drleqf.o)
    0x080038d0   0x00000016   Code   RO          333    x$fpl$drsb          fz_wm.l(daddsub_clz.o)
    0x080038e6   0x00000002   PAD
    0x080038e8   0x00000198   Code   RO          410    x$fpl$dsqrt         fz_wm.l(dsqrt_umaal.o)
    0x08003a80   0x000001d4   Code   RO          334    x$fpl$dsub          fz_wm.l(daddsub_clz.o)
    0x08003c54   0x0000000a   Code   RO          556    x$fpl$fpinit        fz_wm.l(fpinit.o)
    0x08003c5e   0x00000004   Code   RO          358    x$fpl$printf1       fz_wm.l(printf1.o)
    0x08003c62   0x00000000   Code   RO          412    x$fpl$usenofp       fz_wm.l(usenofp.o)
    0x08003c62   0x00000006   PAD
    0x08003c68   0x00000098   Data   RO          363    .constdata          m_wm.l(atan.o)
    0x08003d00   0x00000094   Data   RO          463    .constdata          c_w.l(bigflt0.o)
    0x08003d94   0x00000020   Data   RO          630    Region$$Table       anon$$obj.o
    0x08003db4   0x0000001c   Data   RO          487    locale$$data        c_w.l(lc_numeric_c.o)


    Execution Region ER_RW (Base: 0x20000000, Size: 0x00000104, Max: 0xffffffff, ABSOLUTE)

    Base Addr    Size         Type   Attr      Idx    E Section Name        Object

    0x20000000   0x00000104   Data   RW           35    .data               main.o


    Execution Region ER_ZI (Base: 0x20000104, Size: 0x000006d4, Max: 0xffffffff, ABSOLUTE)

    Base Addr    Size         Type   Attr      Idx    E Section Name        Object

    0x20000104   0x00000070   Zero   RW           34    .bss                main.o
    0x20000174   0x00000060   Zero   RW          493    .bss                c_w.l(libspace.o)
    0x200001d4   0x00000004   PAD
    0x200001d8   0x00000200   Zero   RW          243    HEAP                startup_stm32f407xx.o
    0x200003d8   0x00000400   Zero   RW          242    STACK               startup_stm32f407xx.o


==============================================================================

Image component sizes


      Code (inc. data)   RO Data    RW Data    ZI Data      Debug   Object Name

      5904        692          0        260        112     288744   main.o
        64         26        392          0       1536        864   startup_stm32f407xx.o
       156         16          0          0          0        553   system_stm32f4xx.o

    ----------------------------------------------------------------------
      6124        734        424        260       1648     290161   Object Totals
         0          0         32          0          0          0   (incl. Generated)
         0          0          0          0          0          0   (incl. Padding)

    ----------------------------------------------------------------------

      Code (inc. data)   RO Data    RW Data    ZI Data      Debug   Library Member Name

         8          0          0          0          0         68   __main.o
       284          0          0          0          0        156   __printf_wp.o
         0          0          0          0          0          0   __rtentry.o
        12          0          0          0          0          0   __rtentry2.o
         6          0          0          0          0          0   __rtentry4.o
        52          8          0          0          0          0   __scatter.o
        26          0          0          0          0          0   __scatter_copy.o
        28          0          0          0          0          0   __scatter_zi.o
        48          6          0          0          0         96   _printf_char_common.o
         6          0          0          0          0          0   _printf_d.o
       120         16          0          0          0         92   _printf_dec.o
         6          0          0          0          0          0   _printf_f.o
      1050          0          0          0          0        216   _printf_fp_dec.o
       128         16          0          0          0         84   _printf_fp_infnan.o
       178          0          0          0          0         88   _printf_intcommon.o
        78          0          0          0          0        108   _printf_pad.o
         0          0          0          0          0          0   _printf_percent.o
         4          0          0          0          0          0   _printf_percent_end.o
        22          0          0          0          0        100   _rserrno.o
        10          0          0          0          0         68   _sputc.o
       220          4        148          0          0         96   bigflt0.o
      1910        128          0          0          0        672   btod.o
        12          0          0          0          0         72   exit.o
         6          0          0          0          0        152   heapauxi.o
         0          0          0          0          0          0   indicate_semi.o
        44         10         28          0          0         76   lc_numeric_c.o
         2          0          0          0          0          0   libinit.o
        22          0          0          0          0          0   libinit2.o
         2          0          0          0          0          0   libshutdown.o
         2          0          0          0          0          0   libshutdown2.o
         8          4          0          0         96         68   libspace.o
       138          0          0          0          0         80   lludiv10.o
        40          6          0          0          0         84   noretval__2sprintf.o
         8          4          0          0          0         68   rt_errno_addr_intlibspace.o
         8          4          0          0          0         68   rt_locale_intlibspace.o
         2          0          0          0          0          0   rtexit.o
        10          0          0          0          0          0   rtexit2.o
       128          0          0          0          0         68   strcmpv7m.o
        62          0          0          0          0         76   strlen.o
        12          4          0          0          0         68   sys_exit.o
        74          0          0          0          0         80   sys_stackheap_outer.o
         2          0          0          0          0         68   use_no_semi.o
        24          0          0          0          0        164   basic.o
       826         16          0          0          0        492   daddsub_clz.o
        24          0          0          0          0        116   dcmpi.o
       688        140          0          0          0        256   ddiv.o
        94          4          0          0          0        140   dfix.o
        84          0          0          0          0        232   dflt_clz.o
       120          4          0          0          0        140   dleqf.o
       340         12          0          0          0        152   dmul.o
       156          4          0          0          0        140   dnaninf.o
        12          0          0          0          0        116   dretinf.o
       108          0          0          0          0        128   drleqf.o
       408         56          0          0          0        168   dsqrt_umaal.o
        10          0          0          0          0        116   fpinit.o
         4          0          0          0          0        116   printf1.o
         0          0          0          0          0          0   usenofp.o
       728        106        152          0          0        228   atan.o
        52          8          0          0          0        248   dunder.o
        44          0          0          0          0        248   fabs.o
        48          0          0          0          0        124   fpclassify.o
       248          0          0          0          0        152   poly.o
       122          0          0          0          0        148   sqrt.o

    ----------------------------------------------------------------------
      8948        560        328          0        100       6496   Library Totals
        30          0          0          0          4          0   (incl. Padding)

    ----------------------------------------------------------------------

      Code (inc. data)   RO Data    RW Data    ZI Data      Debug   Library Name

      4778        210        176          0         96       2872   c_w.l
      2898        236          0          0          0       2476   fz_wm.l
      1242        114        152          0          0       1148   m_wm.l

    ----------------------------------------------------------------------
      8948        560        328          0        100       6496   Library Totals

    ----------------------------------------------------------------------

==============================================================================


      Code (inc. data)   RO Data    RW Data    ZI Data      Debug   

     15072       1294        752        260       1748     290097   Grand Totals
     15072       1294        752        260       1748     290097   ELF Image Totals
     15072       1294        752        260          0          0   ROM Totals

==============================================================================

    Total RO  Size (Code + RO Data)                15824 (  15.45kB)
    Total RW  Size (RW Data + ZI Data)              2008 (   1.96kB)
    Total ROM Size (Code + RO Data + RW Data)      16084 (  15.71kB)

==============================================================================

