Component: ARM Compiler 5.05 update 1 (build 106) Tool: armlink [4d0efa]

==============================================================================

Section Cross References

    main.o(i.checkCalibrationFinish) refers to processing.o(i.Processing_TIM_Init) for Processing_TIM_Init
    main.o(i.checkCalibrationFinish) refers to adxrs290.o(.data) for adxrs290_calibr_on
    main.o(i.checkCalibrationFinish) refers to adxl345.o(.data) for accel_calibr_on
    main.o(i.main) refers to main.o(i.RCC_Init) for RCC_Init
    main.o(i.main) refers to arm_fir_decimate_init_f32.o(.text) for arm_fir_decimate_init_f32
    main.o(i.main) refers to arm_fir_init_f32.o(.text) for arm_fir_init_f32
    main.o(i.main) refers to adxl345.o(i.Accel_VDD_Init) for Accel_VDD_Init
    main.o(i.main) refers to adxl345.o(i.Accel_NSS_Init) for Accel_NSS_Init
    main.o(i.main) refers to adxl345.o(i.Accel_NSS_High) for Accel_NSS_High
    main.o(i.main) refers to adxrs290.o(i.ADXRS290_NSS_Init) for ADXRS290_NSS_Init
    main.o(i.main) refers to adxrs290.o(i.ADXRS290_NSS_High) for ADXRS290_NSS_High
    main.o(i.main) refers to adxl345.o(i.SPI2_Init) for SPI2_Init
    main.o(i.main) refers to adxl345.o(i.ADXL345_Init) for ADXL345_Init
    main.o(i.main) refers to adxl345.o(i.Accel_EXTI_Init) for Accel_EXTI_Init
    main.o(i.main) refers to adxl345.o(i.ADXL345_Calibr) for ADXL345_Calibr
    main.o(i.main) refers to adxrs290.o(i.ADXRS290_Init) for ADXRS290_Init
    main.o(i.main) refers to adxrs290.o(i.ADXRS290_EXTI_Init) for ADXRS290_EXTI_Init
    main.o(i.main) refers to adxrs290.o(i.ADXRS290_Calibr) for ADXRS290_Calibr
    main.o(i.main) refers to adxrs453.o(i.SPI3_Init) for SPI3_Init
    main.o(i.main) refers to adxrs453.o(i.ADXRS_TIM_Init) for ADXRS_TIM_Init
    main.o(i.main) refers to telemetry.o(i.USART_Init) for USART_Init
    main.o(i.main) refers to processing.o(i.lpf_rect_hpf) for lpf_rect_hpf
    main.o(i.main) refers to processing.o(i.lowpass) for lowpass
    main.o(i.main) refers to arm_fir_decimate_f32.o(.text) for arm_fir_decimate_f32
    main.o(i.main) refers to main.o(i.checkCalibrationFinish) for checkCalibrationFinish
    main.o(i.main) refers to telemetry.o(.data) for Message_Size
    main.o(i.main) refers to filters.o(.bss) for accel_lpf_state
    main.o(i.main) refers to filters.o(.data) for accel_lpf_coeffs
    main.o(i.main) refers to processing.o(.data) for quasistatic_new_a
    main.o(i.main) refers to processing.o(.bss) for adxrs_b
    main.o(i.main) refers to adxl345.o(.data) for accel_calibr_on
    main.o(i.main) refers to adxl345.o(.bss) for accel_sum
    main.o(i.main) refers to adxrs290.o(.data) for adxrs290_calibr_on
    syssolve.o(i.mat2_inv) refers to syssolve.o(i.det2) for det2
    syssolve.o(i.system_solve) refers to h1_alloc.o(.text) for malloc
    syssolve.o(i.system_solve) refers to syssolve.o(i.transpose) for transpose
    syssolve.o(i.system_solve) refers to syssolve.o(i.mat_mul) for mat_mul
    syssolve.o(i.system_solve) refers to syssolve.o(i.det3) for det3
    syssolve.o(i.system_solve) refers to h1_free.o(.text) for free
    syssolve.o(i.system_solve) refers to rt_memcpy_w.o(.text) for __aeabi_memcpy4
    adxl345.o(i.ADXL345_Calibr) refers to adxl345.o(.bss) for accel_sum
    adxl345.o(i.ADXL345_Calibr) refers to adxl345.o(.data) for accel_calibr_index
    adxl345.o(i.ADXL345_DMA_Init) refers to adxl345.o(i.NVIC_SetPriority) for NVIC_SetPriority
    adxl345.o(i.ADXL345_DMA_Init) refers to adxl345.o(i.NVIC_EnableIRQ) for NVIC_EnableIRQ
    adxl345.o(i.ADXL345_DMA_Init) refers to adxl345.o(i.Accel_NSS_Low) for Accel_NSS_Low
    adxl345.o(i.ADXL345_DMA_Init) refers to adxl345.o(.bss) for accel
    adxl345.o(i.ADXL345_DMA_Init) refers to adxl345.o(.data) for accelRegisters
    adxl345.o(i.ADXL345_GetAccel) refers to adxl345.o(i.Accel_NSS_Low) for Accel_NSS_Low
    adxl345.o(i.ADXL345_GetAccel) refers to adxl345.o(i.SPI2_Read) for SPI2_Read
    adxl345.o(i.ADXL345_GetAccel) refers to adxl345.o(i.Accel_NSS_High) for Accel_NSS_High
    adxl345.o(i.ADXL345_Init) refers to adxl345.o(i.Accel_VDD_Init) for Accel_VDD_Init
    adxl345.o(i.ADXL345_Init) refers to adxl345.o(i.Accel_NSS_Init) for Accel_NSS_Init
    adxl345.o(i.ADXL345_Init) refers to adxl345.o(i.Delay) for Delay
    adxl345.o(i.ADXL345_Init) refers to adxl345.o(i.Accel_NSS_Low) for Accel_NSS_Low
    adxl345.o(i.ADXL345_Init) refers to adxl345.o(i.SPI2_Read) for SPI2_Read
    adxl345.o(i.ADXL345_Init) refers to adxl345.o(i.SPI2_Write) for SPI2_Write
    adxl345.o(i.ADXL345_Init) refers to adxl345.o(i.Accel_NSS_High) for Accel_NSS_High
    adxl345.o(i.ADXL345_Init) refers to adxl345.o(.data) for curFreq
    adxl345.o(i.Accel_EXTI_Init) refers to adxl345.o(i.NVIC_SetPriority) for NVIC_SetPriority
    adxl345.o(i.Accel_EXTI_Init) refers to adxl345.o(i.NVIC_EnableIRQ) for NVIC_EnableIRQ
    adxl345.o(i.Accel_GetData) refers to adxl345.o(i.ADXL345_DMA_Init) for ADXL345_DMA_Init
[...]
    RESET                                    0x08000000   Section      392  startup_stm32f407xx.o(RESET)
    !!!main                                  0x08000188   Section        8  __main.o(!!!main)
    !!!scatter                               0x08000190   Section       52  __scatter.o(!!!scatter)
    !!dclz77c                                0x080001c4   Section      100  __dclz77c.o(!!dclz77c)
    !!handler_zi                             0x08000228   Section       28  __scatter_zi.o(!!handler_zi)
    .ARM.Collect$$libinit$$00000000          0x08000244   Section        2  libinit.o(.ARM.Collect$$libinit$$00000000)
    .ARM.Collect$$libinit$$00000001          0x08000246   Section        4  libinit2.o(.ARM.Collect$$libinit$$00000001)
    .ARM.Collect$$libinit$$00000004          0x0800024a   Section        0  libinit2.o(.ARM.Collect$$libinit$$00000004)
    .ARM.Collect$$libinit$$0000000A          0x0800024a   Section        0  libinit2.o(.ARM.Collect$$libinit$$0000000A)
    .ARM.Collect$$libinit$$0000000C          0x0800024a   Section        0  libinit2.o(.ARM.Collect$$libinit$$0000000C)
    .ARM.Collect$$libinit$$0000000E          0x0800024a   Section        0  libinit2.o(.ARM.Collect$$libinit$$0000000E)
    .ARM.Collect$$libinit$$00000011          0x0800024a   Section        0  libinit2.o(.ARM.Collect$$libinit$$00000011)
    .ARM.Collect$$libinit$$00000013          0x0800024a   Section        0  libinit2.o(.ARM.Collect$$libinit$$00000013)
    .ARM.Collect$$libinit$$00000015          0x0800024a   Section        0  libinit2.o(.ARM.Collect$$libinit$$00000015)
    .ARM.Collect$$libinit$$00000017          0x0800024a   Section        0  libinit2.o(.ARM.Collect$$libinit$$00000017)
    .ARM.Collect$$libinit$$00000019          0x0800024a   Section        0  libinit2.o(.ARM.Collect$$libinit$$00000019)
    .ARM.Collect$$libinit$$0000001B          0x0800024a   Section        0  libinit2.o(.ARM.Collect$$libinit$$0000001B)
    .ARM.Collect$$libinit$$0000001D          0x0800024a   Section        0  libinit2.o(.ARM.Collect$$libinit$$0000001D)
    .ARM.Collect$$libinit$$0000001F          0x0800024a   Section        0  libinit2.o(.ARM.Collect$$libinit$$0000001F)
    .ARM.Collect$$libinit$$00000021          0x0800024a   Section        0  libinit2.o(.ARM.Collect$$libinit$$00000021)
    .ARM.Collect$$libinit$$00000023          0x0800024a   Section        0  libinit2.o(.ARM.Collect$$libinit$$00000023)
    .ARM.Collect$$libinit$$00000025          0x0800024a   Section        0  libinit2.o(.ARM.Collect$$libinit$$00000025)
    .ARM.Collect$$libinit$$0000002C          0x0800024a   Section        0  libinit2.o(.ARM.Collect$$libinit$$0000002C)
    .ARM.Collect$$libinit$$0000002E          0x0800024a   Section        0  libinit2.o(.ARM.Collect$$libinit$$0000002E)
    .ARM.Collect$$libinit$$00000030          0x0800024a   Section        0  libinit2.o(.ARM.Collect$$libinit$$00000030)
    .ARM.Collect$$libinit$$00000032          0x0800024a   Section        0  libinit2.o(.ARM.Collect$$libinit$$00000032)
    .ARM.Collect$$libinit$$00000033          0x0800024a   Section        2  libinit2.o(.ARM.Collect$$libinit$$00000033)
    .ARM.Collect$$libshutdown$$00000000      0x0800024c   Section        2  libshutdown.o(.ARM.Collect$$libshutdown$$00000000)
    .ARM.Collect$$libshutdown$$00000003      0x0800024e   Section        0  libshutdown2.o(.ARM.Collect$$libshutdown$$00000003)
    .ARM.Collect$$libshutdown$$00000006      0x0800024e   Section        0  libshutdown2.o(.ARM.Collect$$libshutdown$$00000006)
    .ARM.Collect$$libshutdown$$00000009      0x0800024e   Section        0  libshutdown2.o(.ARM.Collect$$libshutdown$$00000009)
    .ARM.Collect$$libshutdown$$0000000B      0x0800024e   Section        0  libshutdown2.o(.ARM.Collect$$libshutdown$$0000000B)
    .ARM.Collect$$libshutdown$$0000000E      0x0800024e   Section        0  libshutdown2.o(.ARM.Collect$$libshutdown$$0000000E)
    .ARM.Collect$$libshutdown$$0000000F      0x0800024e   Section        2  libshutdown2.o(.ARM.Collect$$libshutdown$$0000000F)
    .ARM.Collect$$rtentry$$00000000          0x08000250   Section        0  __rtentry.o(.ARM.Collect$$rtentry$$00000000)
    .ARM.Collect$$rtentry$$00000002          0x08000250   Section        0  __rtentry2.o(.ARM.Collect$$rtentry$$00000002)
    .ARM.Collect$$rtentry$$00000004          0x08000250   Section        6  __rtentry4.o(.ARM.Collect$$rtentry$$00000004)
    .ARM.Collect$$rtentry$$00000009          0x08000256   Section        0  __rtentry2.o(.ARM.Collect$$rtentry$$00000009)
    .ARM.Collect$$rtentry$$0000000A          0x08000256   Section        4  __rtentry2.o(.ARM.Collect$$rtentry$$0000000A)
    .ARM.Collect$$rtentry$$0000000C          0x0800025a   Section        0  __rtentry2.o(.ARM.Collect$$rtentry$$0000000C)
    .ARM.Collect$$rtentry$$0000000D          0x0800025a   Section        8  __rtentry2.o(.ARM.Collect$$rtentry$$0000000D)
    .ARM.Collect$$rtexit$$00000000           0x08000262   Section        2  rtexit.o(.ARM.Collect$$rtexit$$00000000)
    .ARM.Collect$$rtexit$$00000002           0x08000264   Section        0  rtexit2.o(.ARM.Collect$$rtexit$$00000002)
    .ARM.Collect$$rtexit$$00000003           0x08000264   Section        4  rtexit2.o(.ARM.Collect$$rtexit$$00000003)
    .ARM.Collect$$rtexit$$00000004           0x08000268   Section        6  rtexit2.o(.ARM.Collect$$rtexit$$00000004)
    .text                                    0x08000270   Section       64  startup_stm32f407xx.o(.text)
    $v0                                      0x08000270   Number         0  startup_stm32f407xx.o(.text)
    .text                                    0x080002b0   Section        0  arm_fir_decimate_f32.o(.text)
    .text                                    0x080006ee   Section        0  arm_fir_decimate_init_f32.o(.text)
    .text                                    0x08000724   Section        0  arm_fir_f32.o(.text)
    .text                                    0x08000c56   Section        0  arm_fir_init_f32.o(.text)
    .text                                    0x08000c74   Section        0  arm_mean_f32.o(.text)
    .text                                    0x08000d04   Section      138  rt_memcpy_v6.o(.text)
    .text                                    0x08000d8e   Section      100  rt_memcpy_w.o(.text)
    .text                                    0x08000df2   Section       78  rt_memclr_w.o(.text)
    .text                                    0x08000e40   Section        0  heapauxi.o(.text)
    .text                                    0x08000e46   Section        0  _rserrno.o(.text)
    .text                                    0x08000e5c   Section        8  libspace.o(.text)
    .text                                    0x08000e64   Section        8  rt_errno_addr_intlibspace.o(.text)
    .text                                    0x08000e6c   Section        0  _fptrap.o(.text)
    .text                                    0x08000e9c   Section        2  use_no_semi.o(.text)
    .text                                    0x08000e9e   Section       74  sys_stackheap_outer.o(.text)
    .text                                    0x08000e9e   Section        0  indicate_semi.o(.text)
    .text                                    0x08000ee8   Section        0  exit.o(.text)
    .text                                    0x08000ef4   Section        0  defsig_exit.o(.text)
    .text                                    0x08000efe   Section        0  defsig_fpe_outer.o(.text)
    .text                                    0x08000f0c   Section        0  sys_exit.o(.text)
    .text                                    0x08000f18   Section        0  defsig_general.o(.text)
    .text                                    0x08000f4c   Section        0  defsig_fpe_inner.o(.text)
    .text                                    0x08000ff8   Section        0  sys_wrch.o(.text)
    i.ADXL345_Calibr                         0x08001008   Section        0  adxl345.o(i.ADXL345_Calibr)
    i.ADXL345_DMA_Init                       0x08001050   Section        0  adxl345.o(i.ADXL345_DMA_Init)
    i.ADXL345_Init                           0x080010bc   Section        0  adxl345.o(i.ADXL345_Init)
    i.ADXRS290_Calibr                        0x08001134   Section        0  adxrs290.o(i.ADXRS290_Calibr)
    i.ADXRS290_EXTI_Init                     0x0800117c   Section        0  adxrs290.o(i.ADXRS290_EXTI_Init)
    i.ADXRS290_Init                          0x08001228   Section        0  adxrs290.o(i.ADXRS290_Init)
    i.ADXRS290_NSS_High                      0x08001294   Section        0  adxrs290.o(i.ADXRS290_NSS_High)
    i.ADXRS290_NSS_Init                      0x080012b8   Section        0  adxrs290.o(i.ADXRS290_NSS_Init)
    i.ADXRS290_NSS_Low                       0x080012fc   Section        0  adxrs290.o(i.ADXRS290_NSS_Low)
    i.ADXRS_DMA_Read                         0x08001320   Section        0  adxrs453.o(i.ADXRS_DMA_Read)
    i.ADXRS_TIM_Init                         0x080013ac   Section        0  adxrs453.o(i.ADXRS_TIM_Init)
    i.ARS_GetData                            0x080013e8   Section        0  adxrs290.o(i.ARS_GetData)
    i.Accel_EXTI_Init                        0x08001434   Section        0  adxl345.o(i.Accel_EXTI_Init)
    i.Accel_GetData                          0x0800148c   Section        0  adxl345.o(i.Accel_GetData)
    i.Accel_NSS_High                         0x080014a8   Section        0  adxl345.o(i.Accel_NSS_High)
    i.Accel_NSS_Init                         0x080014c4   Section        0  adxl345.o(i.Accel_NSS_Init)
    i.Accel_NSS_Low                          0x08001510   Section        0  adxl345.o(i.Accel_NSS_Low)
    i.Accel_UpdateFreq                       0x0800152c   Section        0  adxl345.o(i.Accel_UpdateFreq)
    i.Accel_VDD_Init                         0x08001558   Section        0  adxl345.o(i.Accel_VDD_Init)
    i.All_NSS_High                           0x080015b8   Section        0  adxrs290.o(i.All_NSS_High)
    i.DMA1_Stream2_IRQHandler                0x080015d4   Section        0  adxrs453.o(i.DMA1_Stream2_IRQHandler)
    i.DMA1_Stream3_IRQHandler                0x080016d0   Section        0  adxl345.o(i.DMA1_Stream3_IRQHandler)
    i.DMA1_Stream4_IRQHandler                0x08001824   Section        0  adxl345.o(i.DMA1_Stream4_IRQHandler)
    i.DMA1_Stream5_IRQHandler                0x0800184c   Section        0  adxrs453.o(i.DMA1_Stream5_IRQHandler)
    i.DMA2_Stream7_IRQHandler                0x08001858   Section        0  telemetry.o(i.DMA2_Stream7_IRQHandler)
    i.Delay                                  0x0800187c   Section        0  adxl345.o(i.Delay)
    i.EXTI15_10_IRQHandler                   0x080018a4   Section        0  adxrs290.o(i.EXTI15_10_IRQHandler)
    i.EXTI1_IRQHandler                       0x080018e0   Section        0  adxl345.o(i.EXTI1_IRQHandler)
    i.EXTI2_IRQHandler                       0x080018fc   Section        0  motors.o(i.EXTI2_IRQHandler)
    i.EXTI4_IRQHandler                       0x08001934   Section        0  motors.o(i.EXTI4_IRQHandler)
    i.Message_ToByteArray                    0x08001968   Section        0  telemetry.o(i.Message_ToByteArray)
    i.Motors_Run                             0x080019ac   Section        0  motors.o(i.Motors_Run)
    i.Motors_Stop                            0x080019cc   Section        0  motors.o(i.Motors_Stop)
    i.NVIC_EnableIRQ                         0x080019f4   Section        0  adxl345.o(i.NVIC_EnableIRQ)
    NVIC_EnableIRQ                           0x080019f5   Thumb Code    22  adxl345.o(i.NVIC_EnableIRQ)
    i.NVIC_EnableIRQ                         0x08001a0a   Section        0  telemetry.o(i.NVIC_EnableIRQ)
    NVIC_EnableIRQ                           0x08001a0b   Thumb Code    22  telemetry.o(i.NVIC_EnableIRQ)
    i.NVIC_EnableIRQ                         0x08001a20   Section        0  adxrs453.o(i.NVIC_EnableIRQ)
    NVIC_EnableIRQ                           0x08001a21   Thumb Code    22  adxrs453.o(i.NVIC_EnableIRQ)
    i.NVIC_EnableIRQ                         0x08001a36   Section        0  adxrs290.o(i.NVIC_EnableIRQ)
    NVIC_EnableIRQ                           0x08001a37   Thumb Code    22  adxrs290.o(i.NVIC_EnableIRQ)
    i.NVIC_SetPriority                       0x08001a4c   Section        0  adxl345.o(i.NVIC_SetPriority)
    NVIC_SetPriority                         0x08001a4d   Thumb Code    32  adxl345.o(i.NVIC_SetPriority)
    i.NVIC_SetPriority                       0x08001a74   Section        0  adxrs453.o(i.NVIC_SetPriority)
    NVIC_SetPriority                         0x08001a75   Thumb Code    32  adxrs453.o(i.NVIC_SetPriority)
    i.Processing_TIM_Init                    0x08001a9c   Section        0  processing.o(i.Processing_TIM_Init)
    i.RCC_Init                               0x08001b14   Section        0  main.o(i.RCC_Init)
    i.SPI2_GPIO_Init                         0x08001b54   Section        0  adxl345.o(i.SPI2_GPIO_Init)
    i.SPI2_IRQHandler                        0x08001c3c   Section        0  adxrs290.o(i.SPI2_IRQHandler)
    i.SPI2_Init                              0x08001f2c   Section        0  adxl345.o(i.SPI2_Init)
    i.SPI2_Read                              0x08001f9c   Section        0  adxl345.o(i.SPI2_Read)
    i.SPI2_SensorsPoll                       0x08001fb4   Section        0  adxrs290.o(i.SPI2_SensorsPoll)
    i.SPI2_Transfer                          0x08002028   Section        0  adxl345.o(i.SPI2_Transfer)
    i.SPI2_Write                             0x0800205c   Section        0  adxl345.o(i.SPI2_Write)
    i.SPI3_GPIO_Init                         0x08002070   Section        0  adxrs453.o(i.SPI3_GPIO_Init)
    i.SPI3_Init                              0x080021a8   Section        0  adxrs453.o(i.SPI3_Init)
    i.SPI3_NSS_High                          0x08002204   Section        0  adxrs453.o(i.SPI3_NSS_High)
    i.SPI3_NSS_Low                           0x08002220   Section        0  adxrs453.o(i.SPI3_NSS_Low)
    i.SendTelemetry                          0x0800223c   Section        0  telemetry.o(i.SendTelemetry)
    i.SystemInit                             0x08002278   Section        0  system_stm32f4xx.o(i.SystemInit)
    i.TIM1_BRK_TIM9_IRQHandler               0x08002358   Section        0  motors.o(i.TIM1_BRK_TIM9_IRQHandler)
    i.TIM2_IRQHandler                        0x0800238c   Section        0  adxrs453.o(i.TIM2_IRQHandler)
    i.TIM3_IRQHandler                        0x080023b0   Section        0  motors.o(i.TIM3_IRQHandler)
    i.TIM5_IRQHandler                        0x08002410   Section        0  motors.o(i.TIM5_IRQHandler)
    i.TIM7_IRQHandler                        0x08002444   Section        0  processing.o(i.TIM7_IRQHandler)
    i.Telemetry_DMA_Init                     0x080024f8   Section        0  telemetry.o(i.Telemetry_DMA_Init)
    i.USART1_IRQHandler                      0x0800254c   Section        0  telemetry.o(i.USART1_IRQHandler)
    i.USART_Init                             0x08002bc4   Section        0  telemetry.o(i.USART_Init)
    i.__hardfp_fabs                          0x08002cc8   Section        0  fabs.o(i.__hardfp_fabs)
    i.__hardfp_sqrt                          0x08002cdc   Section        0  sqrt_full.o(i.__hardfp_sqrt)
    i.checkCalibrationFinish                 0x08002d58   Section        0  main.o(i.checkCalibrationFinish)
    i.getFinalData                           0x08002d74   Section        0  processing.o(i.getFinalData)
    i.initWaitingForFloat                    0x08002dd4   Section        0  telemetry.o(i.initWaitingForFloat)
    i.initWaitingForInt                      0x08002e18   Section        0  telemetry.o(i.initWaitingForInt)
    i.lowpass                                0x08002e44   Section        0  processing.o(i.lowpass)
    i.lpf_rect_hpf                           0x08002e98   Section        0  processing.o(i.lpf_rect_hpf)
    i.main                                   0x08003054   Section        0  main.o(i.main)
    x$fpl$d2f                                0x08003500   Section      708  d2f_clz.o(x$fpl$d2f)
    $v0                                      0x08003500   Number         0  d2f_clz.o(x$fpl$d2f)
    x$fpl$dfltn                              0x080037c4   Section       26  dflt_clz.o(x$fpl$dfltn)
    $v0                                      0x080037c4   Number         0  dflt_clz.o(x$fpl$dfltn)
    x$fpl$dnaninf                            0x080037de   Section      258  dnaninf.o(x$fpl$dnaninf)
    $v0                                      0x080037de   Number         0  dnaninf.o(x$fpl$dnaninf)
    x$fpl$drenorm                            0x080038e0   Section      112  drenorm_clz.o(x$fpl$drenorm)
    $v0                                      0x080038e0   Number         0  drenorm_clz.o(x$fpl$drenorm)
    x$fpl$dretinf                            0x08003950   Section       12  dretinf.o(x$fpl$dretinf)
    $v0                                      0x08003950   Number         0  dretinf.o(x$fpl$dretinf)
    x$fpl$dsqrt                              0x0800395c   Section      520  dsqrt_umaalclz.o(x$fpl$dsqrt)
    $v0                                      0x0800395c   Number         0  dsqrt_umaalclz.o(x$fpl$dsqrt)
    x$fpl$dunder                             0x08003b64   Section      378  dunder_clz.o(x$fpl$dunder)
    $v0                                      0x08003b64   Number         0  dunder_clz.o(x$fpl$dunder)
    x$fpl$exception                          0x08003ce0   Section      492  except.o(x$fpl$exception)
    $v0                                      0x08003ce0   Number         0  except.o(x$fpl$exception)
    x$fpl$f2d                                0x08003ecc   Section      122  f2d.o(x$fpl$f2d)
    $v0                                      0x08003ecc   Number         0  f2d.o(x$fpl$f2d)
    x$fpl$fnaninf                            0x08003f46   Section      242  fnaninf.o(x$fpl$fnaninf)
    $v0                                      0x08003f46   Number         0  fnaninf.o(x$fpl$fnaninf)
    x$fpl$fpinit                             0x08004038   Section       10  fpinit.o(x$fpl$fpinit)
    $v0                                      0x08004038   Number         0  fpinit.o(x$fpl$fpinit)
    x$fpl$fretinf                            0x08004042   Section       10  fretinf.o(x$fpl$fretinf)
    $v0                                      0x08004042   Number         0  fretinf.o(x$fpl$fretinf)
    x$fpl$funder                             0x0800404c   Section      316  funder_clz.o(x$fpl$funder)
    $v0                                      0x0800404c   Number         0  funder_clz.o(x$fpl$funder)
    x$fpl$retnan                             0x08004188   Section      178  retnan.o(x$fpl$retnan)
    $v0                                      0x08004188   Number         0  retnan.o(x$fpl$retnan)
    x$fpl$trapveneer                         0x0800423a   Section      126  trapv.o(x$fpl$trapveneer)
    $v0                                      0x0800423a   Number         0  trapv.o(x$fpl$trapveneer)
    x$fpl$usenofp                            0x080042b8   Section        0  usenofp.o(x$fpl$usenofp)
    .data                                    0x20000000   Section       64  main.o(.data)
    .data                                    0x20000040   Section       48  adxl345.o(.data)
    .data                                    0x20000070   Section       49  telemetry.o(.data)
    .data                                    0x200000a4   Section      279  processing.o(.data)
    .data                                    0x200001bc   Section       30  motors.o(.data)
    .data                                    0x200001dc   Section       34  adxrs453.o(.data)
    .data                                    0x20000200   Section     1769  adxrs290.o(.data)
    .data                                    0x200008ec   Section     3990  filters.o(.data)
    .bss                                     0x20001884   Section       48  adxl345.o(.bss)
    .bss                                     0x200018b4   Section      220  telemetry.o(.bss)
    .bss                                     0x20001990   Section     1052  processing.o(.bss)
    .bss                                     0x20001dac   Section       72  adxrs290.o(.bss)
    .bss                                     0x20001df4   Section    13836  filters.o(.bss)
    .bss                                     0x20005400   Section       96  libspace.o(.bss)
    HEAP                                     0x20005460   Section     1024  startup_stm32f407xx.o(HEAP)
    Heap_Mem                                 0x20005460   Data        1024  startup_stm32f407xx.o(HEAP)
    STACK                                    0x20005860   Section     2048  startup_stm32f407xx.o(STACK)
    Stack_Mem                                0x20005860   Data        2048  startup_stm32f407xx.o(STACK)
    __initial_sp                             0x20006060   Data           0  startup_stm32f407xx.o(STACK)

    Global Symbols

    Symbol Name                              Value     Ov Type        Size  Object(Section)

    BuildAttributes$$THM_ISAv4$E$P$D$K$B$S$7EM$VFPi3$EXTD16$VFPS$VFMA$PE$A:L22UL41UL21$X:L11$S22US41US21$IEEE1$IW$USESV6$~STKCKD$USESV7$~SHL$OTIME$ROPI$IEEEX$EBA8$UX$STANDARDLIB$REQ8$PRES8$EABIv2 0x00000000   Number         0  anon$$obj.o ABSOLUTE
    __ARM_use_no_argv                        0x00000000   Number         0  main.o ABSOLUTE
    __ARM_exceptions_init                     - Undefined Weak Reference
    __alloca_initialize                       - Undefined Weak Reference
    __arm_preinit_                            - Undefined Weak Reference
    __cpp_initialize__aeabi_                  - Undefined Weak Reference
    __cxa_finalize                            - Undefined Weak Reference
    __rt_locale                               - Undefined Weak Reference
    __sigvec_lookup                           - Undefined Weak Reference
    __user_heap_extent                        - Undefined Weak Reference
    _atexit_init                              - Undefined Weak Reference
    _call_atexit_fns                          - Undefined Weak Reference
    _clock_init                               - Undefined Weak Reference
    _fp_trap_big                              - Undefined Weak Reference
    _fp_trap_init                             - Undefined Weak Reference
    _fp_trap_shutdown                         - Undefined Weak Reference
    _get_lc_collate                           - Undefined Weak Reference
    _get_lc_ctype                             - Undefined Weak Reference
    _get_lc_monetary                          - Undefined Weak Reference
    _get_lc_numeric                           - Undefined Weak Reference
    _get_lc_time                              - Undefined Weak Reference
    _getenv_init                              - Undefined Weak Reference
    _handle_redirection                       - Undefined Weak Reference
    _initio                                   - Undefined Weak Reference
    _mutex_acquire                            - Undefined Weak Reference
    _mutex_free                               - Undefined Weak Reference
    _mutex_release                            - Undefined Weak Reference
    _rand_init                                - Undefined Weak Reference
    _signal_finish                            - Undefined Weak Reference
    _signal_init                              - Undefined Weak Reference
    _terminateio                              - Undefined Weak Reference
    __Vectors_Size                           0x00000188   Number         0  startup_stm32f407xx.o ABSOLUTE
    __Vectors                                0x08000000   Data           4  startup_stm32f407xx.o(RESET)
    __Vectors_End                            0x08000188   Data           0  startup_stm32f407xx.o(RESET)
    __main                                   0x08000189   Thumb Code     8  __main.o(!!!main)
    __scatterload                            0x08000191   Thumb Code     0  __scatter.o(!!!scatter)
    __scatterload_rt2                        0x08000191   Thumb Code    44  __scatter.o(!!!scatter)
    __scatterload_rt2_thumb_only             0x08000191   Thumb Code     0  __scatter.o(!!!scatter)
    __scatterload_null                       0x0800019f   Thumb Code     0  __scatter.o(!!!scatter)
    __decompress                             0x080001c5   Thumb Code   100  __dclz77c.o(!!dclz77c)
    __decompress2                            0x080001c5   Thumb Code     0  __dclz77c.o(!!dclz77c)
    __scatterload_zeroinit                   0x08000229   Thumb Code    28  __scatter_zi.o(!!handler_zi)
    __rt_lib_init                            0x08000245   Thumb Code     0  libinit.o(.ARM.Collect$$libinit$$00000000)
    __rt_lib_init_fp_1                       0x08000247   Thumb Code     0  libinit2.o(.ARM.Collect$$libinit$$00000001)
    __rt_lib_init_alloca_1                   0x0800024b   Thumb Code     0  libinit2.o(.ARM.Collect$$libinit$$0000002E)
    __rt_lib_init_argv_1                     0x0800024b   Thumb Code     0  libinit2.o(.ARM.Collect$$libinit$$0000002C)
    __rt_lib_init_atexit_1                   0x0800024b   Thumb Code     0  libinit2.o(.ARM.Collect$$libinit$$0000001B)
    __rt_lib_init_clock_1                    0x0800024b   Thumb Code     0  libinit2.o(.ARM.Collect$$libinit$$00000021)
    __rt_lib_init_cpp_1                      0x0800024b   Thumb Code     0  libinit2.o(.ARM.Collect$$libinit$$00000032)
    __rt_lib_init_exceptions_1               0x0800024b   Thumb Code     0  libinit2.o(.ARM.Collect$$libinit$$00000030)
    __rt_lib_init_fp_trap_1                  0x0800024b   Thumb Code     0  libinit2.o(.ARM.Collect$$libinit$$0000001F)
    __rt_lib_init_getenv_1                   0x0800024b   Thumb Code     0  libinit2.o(.ARM.Collect$$libinit$$00000023)
    __rt_lib_init_heap_1                     0x0800024b   Thumb Code     0  libinit2.o(.ARM.Collect$$libinit$$0000000A)
    __rt_lib_init_lc_collate_1               0x0800024b   Thumb Code     0  libinit2.o(.ARM.Collect$$libinit$$00000011)
    __rt_lib_init_lc_ctype_1                 0x0800024b   Thumb Code     0  libinit2.o(.ARM.Collect$$libinit$$00000013)
    __rt_lib_init_lc_monetary_1              0x0800024b   Thumb Code     0  libinit2.o(.ARM.Collect$$libinit$$00000015)
    __rt_lib_init_lc_numeric_1               0x0800024b   Thumb Code     0  libinit2.o(.ARM.Collect$$libinit$$00000017)
    __rt_lib_init_lc_time_1                  0x0800024b   Thumb Code     0  libinit2.o(.ARM.Collect$$libinit$$00000019)
    __rt_lib_init_preinit_1                  0x0800024b   Thumb Code     0  libinit2.o(.ARM.Collect$$libinit$$00000004)
    __rt_lib_init_rand_1                     0x0800024b   Thumb Code     0  libinit2.o(.ARM.Collect$$libinit$$0000000E)
    __rt_lib_init_return                     0x0800024b   Thumb Code     0  libinit2.o(.ARM.Collect$$libinit$$00000033)
    __rt_lib_init_signal_1                   0x0800024b   Thumb Code     0  libinit2.o(.ARM.Collect$$libinit$$0000001D)
    __rt_lib_init_stdio_1                    0x0800024b   Thumb Code     0  libinit2.o(.ARM.Collect$$libinit$$00000025)
    __rt_lib_init_user_alloc_1               0x0800024b   Thumb Code     0  libinit2.o(.ARM.Collect$$libinit$$0000000C)
    __rt_lib_shutdown                        0x0800024d   Thumb Code     0  libshutdown.o(.ARM.Collect$$libshutdown$$00000000)
    __rt_lib_shutdown_fp_trap_1              0x0800024f   Thumb Code     0  libshutdown2.o(.ARM.Collect$$libshutdown$$00000006)
    __rt_lib_shutdown_heap_1                 0x0800024f   Thumb Code     0  libshutdown2.o(.ARM.Collect$$libshutdown$$0000000E)
    __rt_lib_shutdown_return                 0x0800024f   Thumb Code     0  libshutdown2.o(.ARM.Collect$$libshutdown$$0000000F)
    __rt_lib_shutdown_signal_1               0x0800024f   Thumb Code     0  libshutdown2.o(.ARM.Collect$$libshutdown$$00000009)
    __rt_lib_shutdown_stdio_1                0x0800024f   Thumb Code     0  libshutdown2.o(.ARM.Collect$$libshutdown$$00000003)
    __rt_lib_shutdown_user_alloc_1           0x0800024f   Thumb Code     0  libshutdown2.o(.ARM.Collect$$libshutdown$$0000000B)
    __rt_entry                               0x08000251   Thumb Code     0  __rtentry.o(.ARM.Collect$$rtentry$$00000000)
    __rt_entry_presh_1                       0x08000251   Thumb Code     0  __rtentry2.o(.ARM.Collect$$rtentry$$00000002)
    __rt_entry_sh                            0x08000251   Thumb Code     0  __rtentry4.o(.ARM.Collect$$rtentry$$00000004)
    __rt_entry_li                            0x08000257   Thumb Code     0  __rtentry2.o(.ARM.Collect$$rtentry$$0000000A)
    __rt_entry_postsh_1                      0x08000257   Thumb Code     0  __rtentry2.o(.ARM.Collect$$rtentry$$00000009)
    __rt_entry_main                          0x0800025b   Thumb Code     0  __rtentry2.o(.ARM.Collect$$rtentry$$0000000D)
    __rt_entry_postli_1                      0x0800025b   Thumb Code     0  __rtentry2.o(.ARM.Collect$$rtentry$$0000000C)
    __rt_exit                                0x08000263   Thumb Code     0  rtexit.o(.ARM.Collect$$rtexit$$00000000)
    __rt_exit_ls                             0x08000265   Thumb Code     0  rtexit2.o(.ARM.Collect$$rtexit$$00000003)
    __rt_exit_prels_1                        0x08000265   Thumb Code     0  rtexit2.o(.ARM.Collect$$rtexit$$00000002)
    __rt_exit_exit                           0x08000269   Thumb Code     0  rtexit2.o(.ARM.Collect$$rtexit$$00000004)
    Reset_Handler                            0x08000271   Thumb Code     8  startup_stm32f407xx.o(.text)
    NMI_Handler                              0x08000279   Thumb Code     2  startup_stm32f407xx.o(.text)
    HardFault_Handler                        0x0800027b   Thumb Code     2  startup_stm32f407xx.o(.text)
    MemManage_Handler                        0x0800027d   Thumb Code     2  startup_stm32f407xx.o(.text)
    BusFault_Handler                         0x0800027f   Thumb Code     2  startup_stm32f407xx.o(.text)
    UsageFault_Handler                       0x08000281   Thumb Code     2  startup_stm32f407xx.o(.text)
    SVC_Handler                              0x08000283   Thumb Code     2  startup_stm32f407xx.o(.text)
    DebugMon_Handler                         0x08000285   Thumb Code     2  startup_stm32f407xx.o(.text)
    PendSV_Handler                           0x08000287   Thumb Code     2  startup_stm32f407xx.o(.text)
    SysTick_Handler                          0x08000289   Thumb Code     2  startup_stm32f407xx.o(.text)
    ADC_IRQHandler                           0x0800028b   Thumb Code     0  startup_stm32f407xx.o(.text)
    CAN1_RX0_IRQHandler                      0x0800028b   Thumb Code     0  startup_stm32f407xx.o(.text)
    CAN1_RX1_IRQHandler                      0x0800028b   Thumb Code     0  startup_stm32f407xx.o(.text)
    CAN1_SCE_IRQHandler                      0x0800028b   Thumb Code     0  startup_stm32f407xx.o(.text)
    CAN1_TX_IRQHandler                       0x0800028b   Thumb Code     0  startup_stm32f407xx.o(.text)
    CAN2_RX0_IRQHandler                      0x0800028b   Thumb Code     0  startup_stm32f407xx.o(.text)
    CAN2_RX1_IRQHandler                      0x0800028b   Thumb Code     0  startup_stm32f407xx.o(.text)
    CAN2_SCE_IRQHandler                      0x0800028b   Thumb Code     0  startup_stm32f407xx.o(.text)
    CAN2_TX_IRQHandler                       0x0800028b   Thumb Code     0  startup_stm32f407xx.o(.text)
    DCMI_IRQHandler                          0x0800028b   Thumb Code     0  startup_stm32f407xx.o(.text)
    DMA1_Stream0_IRQHandler                  0x0800028b   Thumb Code     0  startup_stm32f407xx.o(.text)
    DMA1_Stream1_IRQHandler                  0x0800028b   Thumb Code     0  startup_stm32f407xx.o(.text)
    DMA1_Stream6_IRQHandler                  0x0800028b   Thumb Code     0  startup_stm32f407xx.o(.text)
    DMA1_Stream7_IRQHandler                  0x0800028b   Thumb Code     0  startup_stm32f407xx.o(.text)
    DMA2_Stream0_IRQHandler                  0x0800028b   Thumb Code     0  startup_stm32f407xx.o(.text)
    DMA2_Stream1_IRQHandler                  0x0800028b   Thumb Code     0  startup_stm32f407xx.o(.text)
    DMA2_Stream2_IRQHandler                  0x0800028b   Thumb Code     0  startup_stm32f407xx.o(.text)
    DMA2_Stream3_IRQHandler                  0x0800028b   Thumb Code     0  startup_stm32f407xx.o(.text)
    DMA2_Stream4_IRQHandler                  0x0800028b   Thumb Code     0  startup_stm32f407xx.o(.text)
    DMA2_Stream5_IRQHandler                  0x0800028b   Thumb Code     0  startup_stm32f407xx.o(.text)
    DMA2_Stream6_IRQHandler                  0x0800028b   Thumb Code     0  startup_stm32f407xx.o(.text)
    ETH_IRQHandler                           0x0800028b   Thumb Code     0  startup_stm32f407xx.o(.text)
    ETH_WKUP_IRQHandler                      0x0800028b   Thumb Code     0  startup_stm32f407xx.o(.text)
    EXTI0_IRQHandler                         0x0800028b   Thumb Code     0  startup_stm32f407xx.o(.text)
    EXTI3_IRQHandler                         0x0800028b   Thumb Code     0  startup_stm32f407xx.o(.text)
    EXTI9_5_IRQHandler                       0x0800028b   Thumb Code     0  startup_stm32f407xx.o(.text)
    FLASH_IRQHandler                         0x0800028b   Thumb Code     0  startup_stm32f407xx.o(.text)
    FMC_IRQHandler                           0x0800028b   Thumb Code     0  startup_stm32f407xx.o(.text)
    FPU_IRQHandler                           0x0800028b   Thumb Code     0  startup_stm32f407xx.o(.text)
    HASH_RNG_IRQHandler                      0x0800028b   Thumb Code     0  startup_stm32f407xx.o(.text)
    I2C1_ER_IRQHandler                       0x0800028b   Thumb Code     0  startup_stm32f407xx.o(.text)
    I2C1_EV_IRQHandler                       0x0800028b   Thumb Code     0  startup_stm32f407xx.o(.text)
    I2C2_ER_IRQHandler                       0x0800028b   Thumb Code     0  startup_stm32f407xx.o(.text)
    I2C2_EV_IRQHandler                       0x0800028b   Thumb Code     0  startup_stm32f407xx.o(.text)
    I2C3_ER_IRQHandler                       0x0800028b   Thumb Code     0  startup_stm32f407xx.o(.text)
    I2C3_EV_IRQHandler                       0x0800028b   Thumb Code     0  startup_stm32f407xx.o(.text)
    OTG_FS_IRQHandler                        0x0800028b   Thumb Code     0  startup_stm32f407xx.o(.text)
    OTG_FS_WKUP_IRQHandler                   0x0800028b   Thumb Code     0  startup_stm32f407xx.o(.text)
    OTG_HS_EP1_IN_IRQHandler                 0x0800028b   Thumb Code     0  startup_stm32f407xx.o(.text)
    OTG_HS_EP1_OUT_IRQHandler                0x0800028b   Thumb Code     0  startup_stm32f407xx.o(.text)
    OTG_HS_IRQHandler                        0x0800028b   Thumb Code     0  startup_stm32f407xx.o(.text)
    OTG_HS_WKUP_IRQHandler                   0x0800028b   Thumb Code     0  startup_stm32f407xx.o(.text)
    PVD_IRQHandler                           0x0800028b   Thumb Code     0  startup_stm32f407xx.o(.text)
    RCC_IRQHandler                           0x0800028b   Thumb Code     0  startup_stm32f407xx.o(.text)
    RTC_Alarm_IRQHandler                     0x0800028b   Thumb Code     0  startup_stm32f407xx.o(.text)
    RTC_WKUP_IRQHandler                      0x0800028b   Thumb Code     0  startup_stm32f407xx.o(.text)
    SDIO_IRQHandler                          0x0800028b   Thumb Code     0  startup_stm32f407xx.o(.text)
    SPI1_IRQHandler                          0x0800028b   Thumb Code     0  startup_stm32f407xx.o(.text)
    SPI3_IRQHandler                          0x0800028b   Thumb Code     0  startup_stm32f407xx.o(.text)
    TAMP_STAMP_IRQHandler                    0x0800028b   Thumb Code     0  startup_stm32f407xx.o(.text)
    TIM1_CC_IRQHandler                       0x0800028b   Thumb Code     0  startup_stm32f407xx.o(.text)
    TIM1_TRG_COM_TIM11_IRQHandler            0x0800028b   Thumb Code     0  startup_stm32f407xx.o(.text)
    TIM1_UP_TIM10_IRQHandler                 0x0800028b   Thumb Code     0  startup_stm32f407xx.o(.text)
    TIM4_IRQHandler                          0x0800028b   Thumb Code     0  startup_stm32f407xx.o(.text)
    TIM6_DAC_IRQHandler                      0x0800028b   Thumb Code     0  startup_stm32f407xx.o(.text)
    TIM8_BRK_TIM12_IRQHandler                0x0800028b   Thumb Code     0  startup_stm32f407xx.o(.text)
    TIM8_CC_IRQHandler                       0x0800028b   Thumb Code     0  startup_stm32f407xx.o(.text)
    TIM8_TRG_COM_TIM14_IRQHandler            0x0800028b   Thumb Code     0  startup_stm32f407xx.o(.text)
    TIM8_UP_TIM13_IRQHandler                 0x0800028b   Thumb Code     0  startup_stm32f407xx.o(.text)
    UART4_IRQHandler                         0x0800028b   Thumb Code     0  startup_stm32f407xx.o(.text)
    UART5_IRQHandler                         0x0800028b   Thumb Code     0  startup_stm32f407xx.o(.text)
    USART2_IRQHandler                        0x0800028b   Thumb Code     0  startup_stm32f407xx.o(.text)
    USART3_IRQHandler                        0x0800028b   Thumb Code     0  startup_stm32f407xx.o(.text)
    USART6_IRQHandler                        0x0800028b   Thumb Code     0  startup_stm32f407xx.o(.text)
    WWDG_IRQHandler                          0x0800028b   Thumb Code     0  startup_stm32f407xx.o(.text)
    __user_initial_stackheap                 0x0800028d   Thumb Code     0  startup_stm32f407xx.o(.text)
    arm_fir_decimate_f32                     0x080002b1   Thumb Code  1086  arm_fir_decimate_f32.o(.text)
    arm_fir_decimate_init_f32                0x080006ef   Thumb Code    52  arm_fir_decimate_init_f32.o(.text)
    arm_fir_f32                              0x08000725   Thumb Code  1330  arm_fir_f32.o(.text)
    arm_fir_init_f32                         0x08000c57   Thumb Code    28  arm_fir_init_f32.o(.text)
    arm_mean_f32                             0x08000c75   Thumb Code   138  arm_mean_f32.o(.text)
    __aeabi_memcpy                           0x08000d05   Thumb Code     0  rt_memcpy_v6.o(.text)
    __rt_memcpy                              0x08000d05   Thumb Code   138  rt_memcpy_v6.o(.text)
    _memcpy_lastbytes                        0x08000d6b   Thumb Code     0  rt_memcpy_v6.o(.text)
    __aeabi_memcpy4                          0x08000d8f   Thumb Code     0  rt_memcpy_w.o(.text)
    __aeabi_memcpy8                          0x08000d8f   Thumb Code     0  rt_memcpy_w.o(.text)
    __rt_memcpy_w                            0x08000d8f   Thumb Code   100  rt_memcpy_w.o(.text)
    _memcpy_lastbytes_aligned                0x08000dd7   Thumb Code     0  rt_memcpy_w.o(.text)
    __aeabi_memclr4                          0x08000df3   Thumb Code     0  rt_memclr_w.o(.text)
    __aeabi_memclr8                          0x08000df3   Thumb Code     0  rt_memclr_w.o(.text)
    __rt_memclr_w                            0x08000df3   Thumb Code    78  rt_memclr_w.o(.text)
    _memset_w                                0x08000df7   Thumb Code     0  rt_memclr_w.o(.text)
    __use_two_region_memory                  0x08000e41   Thumb Code     2  heapauxi.o(.text)
    __rt_heap_escrow                         0x08000e43   Thumb Code     2  heapauxi.o(.text)
    __rt_heap_expand                         0x08000e45   Thumb Code     2  heapauxi.o(.text)
    __read_errno                             0x08000e47   Thumb Code    10  _rserrno.o(.text)
    __set_errno                              0x08000e51   Thumb Code    12  _rserrno.o(.text)
    __user_libspace                          0x08000e5d   Thumb Code     8  libspace.o(.text)
    __user_perproc_libspace                  0x08000e5d   Thumb Code     0  libspace.o(.text)
    __user_perthread_libspace                0x08000e5d   Thumb Code     0  libspace.o(.text)
    __aeabi_errno_addr                       0x08000e65   Thumb Code     8  rt_errno_addr_intlibspace.o(.text)
    __errno$intlibspace                      0x08000e65   Thumb Code     0  rt_errno_addr_intlibspace.o(.text)
    __rt_errno_addr$intlibspace              0x08000e65   Thumb Code     0  rt_errno_addr_intlibspace.o(.text)
    _fp_trap                                 0x08000e6d   Thumb Code    44  _fptrap.o(.text)
    __I$use$semihosting                      0x08000e9d   Thumb Code     0  use_no_semi.o(.text)
    __use_no_semihosting_swi                 0x08000e9d   Thumb Code     2  use_no_semi.o(.text)
    __semihosting_library_function           0x08000e9f   Thumb Code     0  indicate_semi.o(.text)
    __user_setup_stackheap                   0x08000e9f   Thumb Code    74  sys_stackheap_outer.o(.text)
    exit                                     0x08000ee9   Thumb Code    12  exit.o(.text)
    __sig_exit                               0x08000ef5   Thumb Code    10  defsig_exit.o(.text)
    __rt_SIGFPE                              0x08000eff   Thumb Code    14  defsig_fpe_outer.o(.text)
    _sys_exit                                0x08000f0d   Thumb Code     8  sys_exit.o(.text)
    __default_signal_display                 0x08000f19   Thumb Code    50  defsig_general.o(.text)
    __rt_SIGFPE_inner                        0x08000f4d   Thumb Code    62  defsig_fpe_inner.o(.text)
    _ttywrch                                 0x08000ff9   Thumb Code    14  sys_wrch.o(.text)
    ADXL345_Calibr                           0x08001009   Thumb Code    50  adxl345.o(i.ADXL345_Calibr)
    ADXL345_DMA_Init                         0x08001051   Thumb Code    88  adxl345.o(i.ADXL345_DMA_Init)
    ADXL345_Init                             0x080010bd   Thumb Code   116  adxl345.o(i.ADXL345_Init)
    ADXRS290_Calibr                          0x08001135   Thumb Code    50  adxrs290.o(i.ADXRS290_Calibr)
    ADXRS290_EXTI_Init                       0x0800117d   Thumb Code   146  adxrs290.o(i.ADXRS290_EXTI_Init)
    ADXRS290_Init                            0x08001229   Thumb Code   106  adxrs290.o(i.ADXRS290_Init)
    ADXRS290_NSS_High                        0x08001295   Thumb Code    28  adxrs290.o(i.ADXRS290_NSS_High)
    ADXRS290_NSS_Init                        0x080012b9   Thumb Code    58  adxrs290.o(i.ADXRS290_NSS_Init)
    ADXRS290_NSS_Low                         0x080012fd   Thumb Code    28  adxrs290.o(i.ADXRS290_NSS_Low)
    ADXRS_DMA_Read                           0x08001321   Thumb Code   114  adxrs453.o(i.ADXRS_DMA_Read)
    ADXRS_TIM_Init                           0x080013ad   Thumb Code    58  adxrs453.o(i.ADXRS_TIM_Init)
    ARS_GetData                              0x080013e9   Thumb Code    58  adxrs290.o(i.ARS_GetData)
    Accel_EXTI_Init                          0x08001435   Thumb Code    76  adxl345.o(i.Accel_EXTI_Init)
    Accel_GetData                            0x0800148d   Thumb Code    22  adxl345.o(i.Accel_GetData)
    Accel_NSS_High                           0x080014a9   Thumb Code    20  adxl345.o(i.Accel_NSS_High)
    Accel_NSS_Init                           0x080014c5   Thumb Code    66  adxl345.o(i.Accel_NSS_Init)
    Accel_NSS_Low                            0x08001511   Thumb Code    20  adxl345.o(i.Accel_NSS_Low)
    Accel_UpdateFreq                         0x0800152d   Thumb Code    34  adxl345.o(i.Accel_UpdateFreq)
    Accel_VDD_Init                           0x08001559   Thumb Code    86  adxl345.o(i.Accel_VDD_Init)
    All_NSS_High                             0x080015b9   Thumb Code    28  adxrs290.o(i.All_NSS_High)
    DMA1_Stream2_IRQHandler                  0x080015d5   Thumb Code   200  adxrs453.o(i.DMA1_Stream2_IRQHandler)
    DMA1_Stream3_IRQHandler                  0x080016d1   Thumb Code   292  adxl345.o(i.DMA1_Stream3_IRQHandler)
    DMA1_Stream4_IRQHandler                  0x08001825   Thumb Code    34  adxl345.o(i.DMA1_Stream4_IRQHandler)
    DMA1_Stream5_IRQHandler                  0x0800184d   Thumb Code     6  adxrs453.o(i.DMA1_Stream5_IRQHandler)
    DMA2_Stream7_IRQHandler                  0x08001859   Thumb Code    28  telemetry.o(i.DMA2_Stream7_IRQHandler)
    Delay                                    0x0800187d   Thumb Code    40  adxl345.o(i.Delay)
    EXTI15_10_IRQHandler                     0x080018a5   Thumb Code    52  adxrs290.o(i.EXTI15_10_IRQHandler)
    EXTI1_IRQHandler                         0x080018e1   Thumb Code    24  adxl345.o(i.EXTI1_IRQHandler)
    EXTI2_IRQHandler                         0x080018fd   Thumb Code    44  motors.o(i.EXTI2_IRQHandler)
    EXTI4_IRQHandler                         0x08001935   Thumb Code    40  motors.o(i.EXTI4_IRQHandler)
    Message_ToByteArray                      0x08001969   Thumb Code    64  telemetry.o(i.Message_ToByteArray)
    Motors_Run                               0x080019ad   Thumb Code    20  motors.o(i.Motors_Run)
    Motors_Stop                              0x080019cd   Thumb Code    26  motors.o(i.Motors_Stop)
    Processing_TIM_Init                      0x08001a9d   Thumb Code   108  processing.o(i.Processing_TIM_Init)
    RCC_Init                                 0x08001b15   Thumb Code    46  main.o(i.RCC_Init)
    SPI2_GPIO_Init                           0x08001b55   Thumb Code   216  adxl345.o(i.SPI2_GPIO_Init)
    SPI2_IRQHandler                          0x08001c3d   Thumb Code   684  adxrs290.o(i.SPI2_IRQHandler)
    SPI2_Init                                0x08001f2d   Thumb Code   108  adxl345.o(i.SPI2_Init)
    SPI2_Read                                0x08001f9d   Thumb Code    22  adxl345.o(i.SPI2_Read)
    SPI2_SensorsPoll                         0x08001fb5   Thumb Code    90  adxrs290.o(i.SPI2_SensorsPoll)
    SPI2_Transfer                            0x08002029   Thumb Code    46  adxl345.o(i.SPI2_Transfer)
    SPI2_Write                               0x0800205d   Thumb Code    20  adxl345.o(i.SPI2_Write)
    SPI3_GPIO_Init                           0x08002071   Thumb Code   286  adxrs453.o(i.SPI3_GPIO_Init)
    SPI3_Init                                0x080021a9   Thumb Code    88  adxrs453.o(i.SPI3_Init)
    SPI3_NSS_High                            0x08002205   Thumb Code    20  adxrs453.o(i.SPI3_NSS_High)
    SPI3_NSS_Low                             0x08002221   Thumb Code    20  adxrs453.o(i.SPI3_NSS_Low)
    SendTelemetry                            0x0800223d   Thumb Code    40  telemetry.o(i.SendTelemetry)
    SystemInit                               0x08002279   Thumb Code   202  system_stm32f4xx.o(i.SystemInit)
    TIM1_BRK_TIM9_IRQHandler                 0x08002359   Thumb Code    38  motors.o(i.TIM1_BRK_TIM9_IRQHandler)
    TIM2_IRQHandler                          0x0800238d   Thumb Code    36  adxrs453.o(i.TIM2_IRQHandler)
    TIM3_IRQHandler                          0x080023b1   Thumb Code    76  motors.o(i.TIM3_IRQHandler)
    TIM5_IRQHandler                          0x08002411   Thumb Code    38  motors.o(i.TIM5_IRQHandler)
    TIM7_IRQHandler                          0x08002445   Thumb Code   148  processing.o(i.TIM7_IRQHandler)
    Telemetry_DMA_Init                       0x080024f9   Thumb Code    58  telemetry.o(i.Telemetry_DMA_Init)
    USART1_IRQHandler                        0x0800254d   Thumb Code  1572  telemetry.o(i.USART1_IRQHandler)
    USART_Init                               0x08002bc5   Thumb Code   236  telemetry.o(i.USART_Init)
    __hardfp_fabs                            0x08002cc9   Thumb Code    20  fabs.o(i.__hardfp_fabs)
    __hardfp_sqrt                            0x08002cdd   Thumb Code   122  sqrt_full.o(i.__hardfp_sqrt)
    checkCalibrationFinish                   0x08002d59   Thumb Code    20  main.o(i.checkCalibrationFinish)
    getFinalData                             0x08002d75   Thumb Code    80  processing.o(i.getFinalData)
    initWaitingForFloat                      0x08002dd5   Thumb Code    44  telemetry.o(i.initWaitingForFloat)
    initWaitingForInt                        0x08002e19   Thumb Code    26  telemetry.o(i.initWaitingForInt)
    lowpass                                  0x08002e45   Thumb Code    78  processing.o(i.lowpass)
    lpf_rect_hpf                             0x08002e99   Thumb Code   394  processing.o(i.lpf_rect_hpf)
    main                                     0x08003055   Thumb Code   986  main.o(i.main)
    __aeabi_d2f                              0x08003501   Thumb Code     0  d2f_clz.o(x$fpl$d2f)
    _d2f                                     0x08003501   Thumb Code   700  d2f_clz.o(x$fpl$d2f)
    __dflt_normalise                         0x080037c5   Thumb Code    26  dflt_clz.o(x$fpl$dfltn)
    __fpl_dnaninf                            0x080037df   Thumb Code   258  dnaninf.o(x$fpl$dnaninf)
    __fpl_drenorm2                           0x080038e1   Thumb Code   106  drenorm_clz.o(x$fpl$drenorm)
    __fpl_drenorm1                           0x0800394b   Thumb Code     6  drenorm_clz.o(x$fpl$drenorm)
    __fpl_dretinf                            0x08003951   Thumb Code    12  dretinf.o(x$fpl$dretinf)
    _dsqrt                                   0x0800395d   Thumb Code   520  dsqrt_umaalclz.o(x$fpl$dsqrt)
    __dunder                                 0x08003b65   Thumb Code   314  dunder_clz.o(x$fpl$dunder)
    __dunder_d                               0x08003c9f   Thumb Code    64  dunder_clz.o(x$fpl$dunder)
    __fpl_exception                          0x08003ce1   Thumb Code   454  except.o(x$fpl$exception)
    __aeabi_f2d                              0x08003ecd   Thumb Code     0  f2d.o(x$fpl$f2d)
    _f2d                                     0x08003ecd   Thumb Code   122  f2d.o(x$fpl$f2d)
    __fpl_fnaninf                            0x08003f47   Thumb Code   242  fnaninf.o(x$fpl$fnaninf)
    _fp_init                                 0x08004039   Thumb Code    10  fpinit.o(x$fpl$fpinit)
    __fplib_config_fpu_vfp                   0x08004041   Thumb Code     0  fpinit.o(x$fpl$fpinit)
    __fplib_config_pureend_doubles           0x08004041   Thumb Code     0  fpinit.o(x$fpl$fpinit)
    __fpl_fretinf                            0x08004043   Thumb Code    10  fretinf.o(x$fpl$fretinf)
    __funder                                 0x0800404d   Thumb Code   254  funder_clz.o(x$fpl$funder)
    __funder_d                               0x0800414b   Thumb Code    62  funder_clz.o(x$fpl$funder)
    __fpl_return_NaN                         0x08004189   Thumb Code   178  retnan.o(x$fpl$retnan)
    _fp_trapveneer                           0x0800423b   Thumb Code    36  trapv.o(x$fpl$trapveneer)
    __fpl_cmpreturn                          0x0800425f   Thumb Code    90  trapv.o(x$fpl$trapveneer)
    Region$$Table$$Base                      0x080042b8   Number         0  anon$$obj.o(Region$$Table)
    __I$use$fp                               0x080042b8   Number         0  usenofp.o(x$fpl$usenofp)
    Region$$Table$$Limit                     0x080042d8   Number         0  anon$$obj.o(Region$$Table)
    orient                                   0x20000000   Data          16  main.o(.data)
    ax                                       0x20000010   Data           2  main.o(.data)
    ay                                       0x20000012   Data           2  main.o(.data)
    az                                       0x20000014   Data           2  main.o(.data)
    ENGRDY                                   0x20000016   Data           1  main.o(.data)
    pwm                                      0x20000018   Data           4  main.o(.data)
    pwm1                                     0x2000001c   Data           4  main.o(.data)
    pwm2                                     0x20000020   Data           4  main.o(.data)
    COUNT1                                   0x20000024   Data           4  main.o(.data)
    COUNT2                                   0x20000028   Data           4  main.o(.data)
    F                                        0x2000002c   Data           4  main.o(.data)
    Kp                                       0x20000030   Data           4  main.o(.data)
    Kd                                       0x20000034   Data           4  main.o(.data)
    Ki                                       0x20000038   Data           4  main.o(.data)
    filterScale                              0x2000003c   Data           4  main.o(.data)
    SPI2_SCK                                 0x20000040   Data           1  adxl345.o(.data)
    SPI2_MISO                                0x20000041   Data           1  adxl345.o(.data)
    SPI2_MOSI                                0x20000042   Data           1  adxl345.o(.data)
    ACCEL_NSS                                0x20000043   Data           1  adxl345.o(.data)
    ACCEL_INT1                               0x20000044   Data           1  adxl345.o(.data)
    ACCEL_VDD                                0x20000045   Data           1  adxl345.o(.data)
    accelRegisters                           0x20000046   Data          12  adxl345.o(.data)
    accel_calibr_on                          0x20000052   Data           1  adxl345.o(.data)
    accel_calibr_index                       0x20000054   Data           4  adxl345.o(.data)
    accel_calibr_number                      0x20000058   Data           4  adxl345.o(.data)
    a                                        0x2000005c   Data           6  adxl345.o(.data)
    a_offset                                 0x20000062   Data           6  adxl345.o(.data)
    freshFreq                                0x20000068   Data           1  adxl345.o(.data)
    curFreq                                  0x20000069   Data           1  adxl345.o(.data)
    curDT                                    0x2000006c   Data           4  adxl345.o(.data)
    UART1_TX                                 0x20000070   Data           1  telemetry.o(.data)
    UART1_RX                                 0x20000071   Data           1  telemetry.o(.data)
    Message_Size                             0x20000072   Data           1  telemetry.o(.data)
    received                                 0x20000073   Data           1  telemetry.o(.data)
    i                                        0x20000074   Data           4  telemetry.o(.data)
    st                                       0x20000078   Data           4  telemetry.o(.data)
    intValue                                 0x2000007c   Data           4  telemetry.o(.data)
    k                                        0x20000080   Data           4  telemetry.o(.data)
    my_pow                                   0x20000084   Data           4  telemetry.o(.data)
    d_st                                     0x20000088   Data           4  telemetry.o(.data)
    floatValue                               0x2000008c   Data           4  telemetry.o(.data)
    curWaiting                               0x20000090   Data           1  telemetry.o(.data)
    curWaitingForInt                         0x20000091   Data           1  telemetry.o(.data)
    curWaitingForFloat                       0x20000092   Data           1  telemetry.o(.data)
    telemetryOn                              0x20000093   Data           1  telemetry.o(.data)
    recalibrate                              0x20000094   Data           1  telemetry.o(.data)
    turnUselessOn                            0x20000095   Data           1  telemetry.o(.data)
    gyroRecalibrationOn                      0x20000096   Data           1  telemetry.o(.data)
    len                                      0x20000097   Data           1  telemetry.o(.data)
    j                                        0x20000098   Data           1  telemetry.o(.data)
    rst                                      0x2000009c   Data           4  telemetry.o(.data)
    USART_DMA_transferComleted               0x200000a0   Data           1  telemetry.o(.data)
    maxAngle                                 0x200000a4   Data           4  processing.o(.data)
    accelDeviation                           0x200000a8   Data           4  processing.o(.data)
    angleFromAccel                           0x200000ac   Data           1  processing.o(.data)
    maxAngVel                                0x200000b0   Data           4  processing.o(.data)
    research                                 0x200000b4   Data           1  processing.o(.data)
    researchIndex                            0x200000b8   Data           4  processing.o(.data)
    researchAmplitude                        0x200000bc   Data           4  processing.o(.data)
    researchFrequency                        0x200000c0   Data           4  processing.o(.data)
    processCounter                           0x200000c4   Data           1  processing.o(.data)
    adxrsHistoryIndex                        0x200000c5   Data           1  processing.o(.data)
    adxrsCurHistoryIndex                     0x200000c6   Data           1  processing.o(.data)
    filteredVel                              0x200000c8   Data           4  processing.o(.data)
    doAccelProcess                           0x200000cc   Data           1  processing.o(.data)
    doGyroProcess                            0x200000cd   Data           1  processing.o(.data)
    doAdxrsProcess                           0x200000ce   Data           1  processing.o(.data)
    lowpassOn                                0x200000cf   Data           1  processing.o(.data)
    accelLowpassReady                        0x200000d0   Data           1  processing.o(.data)
    stabilizationOn                          0x200000d1   Data           1  processing.o(.data)
    k_dc                                     0x200000d4   Data           4  processing.o(.data)
    b_dc                                     0x200000d8   Data           4  processing.o(.data)
    k_f2                                     0x200000dc   Data           4  processing.o(.data)
    b_f2                                     0x200000e0   Data           4  processing.o(.data)
    angleIntegral                            0x200000e4   Data           4  processing.o(.data)
    angleIntegralMax                         0x200000e8   Data           4  processing.o(.data)
    phi                                      0x200000ec   Data           4  processing.o(.data)
    teta                                     0x200000f0   Data           4  processing.o(.data)
    psi                                      0x200000f4   Data           4  processing.o(.data)
    roll                                     0x200000f8   Data           4  processing.o(.data)
    pitch                                    0x200000fc   Data           4  processing.o(.data)
    A                                        0x20000100   Data          16  processing.o(.data)
    I                                        0x20000110   Data          16  processing.o(.data)
    Xroll                                    0x20000120   Data           8  processing.o(.data)
    Zroll                                    0x20000128   Data           8  processing.o(.data)
    Qroll                                    0x20000130   Data          16  processing.o(.data)
    Rroll                                    0x20000140   Data          16  processing.o(.data)
    Xpitch                                   0x20000150   Data           8  processing.o(.data)
    Zpitch                                   0x20000158   Data           8  processing.o(.data)
    Qpitch                                   0x20000160   Data          16  processing.o(.data)
    Rpitch                                   0x20000170   Data          16  processing.o(.data)
    invS                                     0x20000180   Data          36  processing.o(.data)
    offset                                   0x200001a4   Data          12  processing.o(.data)
    phi_x                                    0x200001b0   Data           4  processing.o(.data)
    phi_y                                    0x200001b4   Data           4  processing.o(.data)
    detector_index                           0x200001b8   Data           1  processing.o(.data)
    quasistatic_new_a                        0x200001b9   Data           1  processing.o(.data)
    quasistatic_moment                       0x200001ba   Data           1  processing.o(.data)
    MOT_PWM1                                 0x200001bc   Data           1  motors.o(.data)
    MOT_PWM2                                 0x200001bd   Data           1  motors.o(.data)
    MOT_FREQ1                                0x200001be   Data           1  motors.o(.data)
    MOT_FREQ2                                0x200001bf   Data           1  motors.o(.data)
    minPwm                                   0x200001c0   Data           4  motors.o(.data)
    maxPwm                                   0x200001c4   Data           4  motors.o(.data)
    tim3_status                              0x200001c8   Data           1  motors.o(.data)
    start_pwm                                0x200001cc   Data           4  motors.o(.data)
    timer                                    0x200001d0   Data           4  motors.o(.data)
    timer_1000                               0x200001d4   Data           4  motors.o(.data)
    Motor1Off                                0x200001d8   Data           1  motors.o(.data)
    Motor2Off                                0x200001d9   Data           1  motors.o(.data)
    SPI3_SCK                                 0x200001dc   Data           1  adxrs453.o(.data)
    SPI3_MISO                                0x200001dd   Data           1  adxrs453.o(.data)
    SPI3_MOSI                                0x200001de   Data           1  adxrs453.o(.data)
    SPI3_NSS                                 0x200001df   Data           1  adxrs453.o(.data)
    adxrs_Sum                                0x200001e0   Data           4  adxrs453.o(.data)
    adxrs_CalibrIndex                        0x200001e4   Data           2  adxrs453.o(.data)
    adxrs_CalibrNumber                       0x200001e6   Data           2  adxrs453.o(.data)
    adxrs_CalibrationOn                      0x200001e8   Data           1  adxrs453.o(.data)
    adxrs_Offset                             0x200001ec   Data           4  adxrs453.o(.data)
    adxrsCommands                            0x200001f0   Data           4  adxrs453.o(.data)
    adxrsResponses                           0x200001f4   Data           4  adxrs453.o(.data)
    transferFinished                         0x200001f8   Data           1  adxrs453.o(.data)
    adxrs_data                               0x200001fa   Data           2  adxrs453.o(.data)
    adxrsProcessCounter                      0x200001fc   Data           1  adxrs453.o(.data)
    adxrsLowpassReady                        0x200001fd   Data           1  adxrs453.o(.data)
    SPI2_curUsing                            0x20000200   Data           1  adxrs290.o(.data)
    adxrs290_regs                            0x20000201   Data           6  adxrs290.o(.data)
    adxrs290_filterCfs                       0x20000208   Data        1664  adxrs290.o(.data)
    ADXRS290_NSS_PORT                        0x20000888   Data          16  adxrs290.o(.data)
    ADXRS290_NSS_PIN                         0x20000898   Data           4  adxrs290.o(.data)
    ADXRS290_EXTI_PORTCODE                   0x2000089c   Data           4  adxrs290.o(.data)
    ADXRS290_EXTI_PORT                       0x200008a0   Data          16  adxrs290.o(.data)
    ADXRS290_EXTI_PIN                        0x200008b0   Data           4  adxrs290.o(.data)
    ars_spiIndex                             0x200008b4   Data           2  adxrs290.o(.data)
    adxrs290_calibr_on                       0x200008b6   Data           1  adxrs290.o(.data)
    adxrs290_calibr_index                    0x200008b8   Data           4  adxrs290.o(.data)
    adxrs290_calibr_number                   0x200008bc   Data           4  adxrs290.o(.data)
    adxrs290_offset                          0x200008c0   Data           8  adxrs290.o(.data)
    adxrs290_sum                             0x200008c8   Data           8  adxrs290.o(.data)
    calibrated_ar                            0x200008d0   Data           8  adxrs290.o(.data)
    ars_termoCf                              0x200008d8   Data          16  adxrs290.o(.data)
    termoDataCollected                       0x200008e8   Data           1  adxrs290.o(.data)
    accel_lpf_coeffs                         0x200008ec   Data         428  filters.o(.data)
    accel_history_index                      0x20000a98   Data           1  filters.o(.data)
    accel_history_filter_index               0x20000a99   Data           1  filters.o(.data)
    adxrs453_lpf_coeffs                      0x20000a9c   Data         360  filters.o(.data)
    adxrs453_history_index                   0x20000c04   Data           1  filters.o(.data)
    adxrs453_history_filter_index            0x20000c05   Data           1  filters.o(.data)
    filtered_arz                             0x20000c08   Data           4  filters.o(.data)
    adxrs290_lpf_coeffs                      0x20000c0c   Data        1196  filters.o(.data)
    adxrs290_history_index                   0x200010b8   Data           2  filters.o(.data)
    adxrs290_history_filter_index            0x200010ba   Data           2  filters.o(.data)
    filtered_ar                              0x200010bc   Data           8  filters.o(.data)
    adxrs290_lowpass_ready                   0x200010c4   Data           1  filters.o(.data)
    adxrs290_process_index                   0x200010c5   Data           1  filters.o(.data)
    adxrs290_do_process                      0x200010c6   Data           1  filters.o(.data)
    quasistatic_hpf_coeffs                   0x200010c8   Data        1012  filters.o(.data)
    accel_modulo_history_index               0x200014bc   Data           2  filters.o(.data)
    quasistatic_lpf_coeffs                   0x200014c0   Data         960  filters.o(.data)
    accel_modulo_highpassed_history_index    0x20001880   Data           2  filters.o(.data)
    accel                                    0x20001884   Data          12  adxl345.o(.bss)
    accel_sum                                0x20001890   Data          12  adxl345.o(.bss)
    accel_offset                             0x2000189c   Data          12  adxl345.o(.bss)
    calibrated_a                             0x200018a8   Data          12  adxl345.o(.bss)
    message                                  0x200018b4   Data          20  telemetry.o(.bss)
    str                                      0x200018c8   Data         100  telemetry.o(.bss)
    tele                                     0x2000192c   Data         100  telemetry.o(.bss)
    adxrs_b                                  0x20001990   Data         360  processing.o(.bss)
    adxrsHistory                             0x20001af8   Data         512  processing.o(.bss)
    final_a                                  0x20001cf8   Data          12  processing.o(.bss)
    T                                        0x20001d04   Data          36  processing.o(.bss)
    eulerAngleRate                           0x20001d28   Data          12  processing.o(.bss)
    Proll                                    0x20001d34   Data          16  processing.o(.bss)
    Ppitch                                   0x20001d44   Data          16  processing.o(.bss)
    tmp                                      0x20001d54   Data          12  processing.o(.bss)
    detector                                 0x20001d60   Data          64  processing.o(.bss)
    lpf_rect_hpf_a                           0x20001da0   Data          12  processing.o(.bss)
    ars_rawData                              0x20001dac   Data          12  adxrs290.o(.bss)
    ars_data                                 0x20001db8   Data          12  adxrs290.o(.bss)
    ars_termoData                            0x20001dc4   Data          16  adxrs290.o(.bss)
    ars_filteredData                         0x20001dd4   Data          16  adxrs290.o(.bss)
    ars_angleRate                            0x20001de4   Data          16  adxrs290.o(.bss)
    accel_lpf                                0x20001df4   Data          36  filters.o(.bss)
    accel_lpf_state                          0x20001e18   Data        1464  filters.o(.bss)
    accel_history                            0x200023d0   Data        2568  filters.o(.bss)
    filtered_a                               0x20002dd8   Data          12  filters.o(.bss)
    adxrs453_lpf                             0x20002de4   Data          12  filters.o(.bss)
    adxrs453_lpf_state                       0x20002df0   Data         372  filters.o(.bss)
    adxrs453_history                         0x20002f64   Data         720  filters.o(.bss)
    adxrs290_lpf                             0x20003234   Data          24  filters.o(.bss)
    adxrs290_lpf_state                       0x2000324c   Data         976  filters.o(.bss)
    adxrs290_history                         0x2000361c   Data        1712  filters.o(.bss)
    quasistatic_hpf                          0x20003ccc   Data          12  filters.o(.bss)
    quasistatic_hpf_state                    0x20003cd8   Data        1012  filters.o(.bss)
    accel_modulo_history                     0x200040cc   Data        2024  filters.o(.bss)
    quasistatic_lpf                          0x200048b4   Data          12  filters.o(.bss)
    quasistatic_lpf_state                    0x200048c0   Data         960  filters.o(.bss)
    accel_modulo_highpassed_history          0x20004c80   Data        1920  filters.o(.bss)
    __libspace_start                         0x20005400   Data          96  libspace.o(.bss)
    __temporary_stack_top$libspace           0x20005460   Data           0  libspace.o(.bss)



==============================================================================

Memory Map of the image

  Image Entry point : 0x08000271

  Load Region LR_1 (Base: 0x08000000, Size: 0x00005b5c, Max: 0xffffffff, ABSOLUTE, COMPRESSED[0x00005580])

    Execution Region ER_RO (Base: 0x08000000, Size: 0x000042d8, Max: 0xffffffff, ABSOLUTE)

    Base Addr    Size         Type   Attr      Idx    E Section Name        Object

    0x08000000   0x00000188   Data   RO          982    RESET               startup_stm32f407xx.o
    0x08000188   0x00000008   Code   RO         1240  * !!!main             c_w.l(__main.o)
    0x08000190   0x00000034   Code   RO         1630    !!!scatter          c_w.l(__scatter.o)
    0x080001c4   0x00000064   Code   RO         1628    !!dclz77c           c_w.l(__dclz77c.o)
    0x08000228   0x0000001c   Code   RO         1632    !!handler_zi        c_w.l(__scatter_zi.o)
    0x08000244   0x00000002   Code   RO         1568    .ARM.Collect$$libinit$$00000000  c_w.l(libinit.o)
    0x08000246   0x00000004   Code   RO         1378    .ARM.Collect$$libinit$$00000001  c_w.l(libinit2.o)
    0x0800024a   0x00000000   Code   RO         1381    .ARM.Collect$$libinit$$00000004  c_w.l(libinit2.o)
    0x0800024a   0x00000000   Code   RO         1384    .ARM.Collect$$libinit$$0000000A  c_w.l(libinit2.o)
    0x0800024a   0x00000000   Code   RO         1386    .ARM.Collect$$libinit$$0000000C  c_w.l(libinit2.o)
    0x0800024a   0x00000000   Code   RO         1388    .ARM.Collect$$libinit$$0000000E  c_w.l(libinit2.o)
    0x0800024a   0x00000000   Code   RO         1391    .ARM.Collect$$libinit$$00000011  c_w.l(libinit2.o)
    0x0800024a   0x00000000   Code   RO         1393    .ARM.Collect$$libinit$$00000013  c_w.l(libinit2.o)
    0x0800024a   0x00000000   Code   RO         1395    .ARM.Collect$$libinit$$00000015  c_w.l(libinit2.o)
    0x0800024a   0x00000000   Code   RO         1397    .ARM.Collect$$libinit$$00000017  c_w.l(libinit2.o)
    0x0800024a   0x00000000   Code   RO         1399    .ARM.Collect$$libinit$$00000019  c_w.l(libinit2.o)
    0x0800024a   0x00000000   Code   RO         1401    .ARM.Collect$$libinit$$0000001B  c_w.l(libinit2.o)
    0x0800024a   0x00000000   Code   RO         1403    .ARM.Collect$$libinit$$0000001D  c_w.l(libinit2.o)
    0x0800024a   0x00000000   Code   RO         1405    .ARM.Collect$$libinit$$0000001F  c_w.l(libinit2.o)
    0x0800024a   0x00000000   Code   RO         1407    .ARM.Collect$$libinit$$00000021  c_w.l(libinit2.o)
    0x0800024a   0x00000000   Code   RO         1409    .ARM.Collect$$libinit$$00000023  c_w.l(libinit2.o)
    0x0800024a   0x00000000   Code   RO         1411    .ARM.Collect$$libinit$$00000025  c_w.l(libinit2.o)
    0x0800024a   0x00000000   Code   RO         1415    .ARM.Collect$$libinit$$0000002C  c_w.l(libinit2.o)
    0x0800024a   0x00000000   Code   RO         1417    .ARM.Collect$$libinit$$0000002E  c_w.l(libinit2.o)
    0x0800024a   0x00000000   Code   RO         1419    .ARM.Collect$$libinit$$00000030  c_w.l(libinit2.o)
    0x0800024a   0x00000000   Code   RO         1421    .ARM.Collect$$libinit$$00000032  c_w.l(libinit2.o)
    0x0800024a   0x00000002   Code   RO         1422    .ARM.Collect$$libinit$$00000033  c_w.l(libinit2.o)
    0x0800024c   0x00000002   Code   RO         1625    .ARM.Collect$$libshutdown$$00000000  c_w.l(libshutdown.o)
    0x0800024e   0x00000000   Code   RO         1585    .ARM.Collect$$libshutdown$$00000003  c_w.l(libshutdown2.o)
    0x0800024e   0x00000000   Code   RO         1588    .ARM.Collect$$libshutdown$$00000006  c_w.l(libshutdown2.o)
    0x0800024e   0x00000000   Code   RO         1591    .ARM.Collect$$libshutdown$$00000009  c_w.l(libshutdown2.o)
    0x0800024e   0x00000000   Code   RO         1593    .ARM.Collect$$libshutdown$$0000000B  c_w.l(libshutdown2.o)
    0x0800024e   0x00000000   Code   RO         1596    .ARM.Collect$$libshutdown$$0000000E  c_w.l(libshutdown2.o)
    0x0800024e   0x00000002   Code   RO         1597    .ARM.Collect$$libshutdown$$0000000F  c_w.l(libshutdown2.o)
    0x08000250   0x00000000   Code   RO         1348    .ARM.Collect$$rtentry$$00000000  c_w.l(__rtentry.o)
    0x08000250   0x00000000   Code   RO         1492    .ARM.Collect$$rtentry$$00000002  c_w.l(__rtentry2.o)
    0x08000250   0x00000006   Code   RO         1504    .ARM.Collect$$rtentry$$00000004  c_w.l(__rtentry4.o)
    0x08000256   0x00000000   Code   RO         1494    .ARM.Collect$$rtentry$$00000009  c_w.l(__rtentry2.o)
    0x08000256   0x00000004   Code   RO         1495    .ARM.Collect$$rtentry$$0000000A  c_w.l(__rtentry2.o)
    0x0800025a   0x00000000   Code   RO         1497    .ARM.Collect$$rtentry$$0000000C  c_w.l(__rtentry2.o)
    0x0800025a   0x00000008   Code   RO         1498    .ARM.Collect$$rtentry$$0000000D  c_w.l(__rtentry2.o)
    0x08000262   0x00000002   Code   RO         1571    .ARM.Collect$$rtexit$$00000000  c_w.l(rtexit.o)
    0x08000264   0x00000000   Code   RO         1601    .ARM.Collect$$rtexit$$00000002  c_w.l(rtexit2.o)
    0x08000264   0x00000004   Code   RO         1602    .ARM.Collect$$rtexit$$00000003  c_w.l(rtexit2.o)
    0x08000268   0x00000006   Code   RO         1603    .ARM.Collect$$rtexit$$00000004  c_w.l(rtexit2.o)
    0x0800026e   0x00000002   PAD
    0x08000270   0x00000040   Code   RO          983  * .text               startup_stm32f407xx.o
    0x080002b0   0x0000043e   Code   RO         1026    .text               arm_cortexM4lf_math.lib(arm_fir_decimate_f32.o)
    0x080006ee   0x00000034   Code   RO         1075    .text               arm_cortexM4lf_math.lib(arm_fir_decimate_init_f32.o)
    0x08000722   0x00000002   PAD
    0x08000724   0x00000532   Code   RO         1099    .text               arm_cortexM4lf_math.lib(arm_fir_f32.o)
    0x08000c56   0x0000001c   Code   RO         1123    .text               arm_cortexM4lf_math.lib(arm_fir_init_f32.o)
    0x08000c72   0x00000002   PAD
    0x08000c74   0x00000090   Code   RO         1147    .text               arm_cortexM4lf_math.lib(arm_mean_f32.o)
    0x08000d04   0x0000008a   Code   RO         1232    .text               c_w.l(rt_memcpy_v6.o)
    0x08000d8e   0x00000064   Code   RO         1234    .text               c_w.l(rt_memcpy_w.o)
    0x08000df2   0x0000004e   Code   RO         1236    .text               c_w.l(rt_memclr_w.o)
    0x08000e40   0x00000006   Code   RO         1238    .text               c_w.l(heapauxi.o)
    0x08000e46   0x00000016   Code   RO         1374    .text               c_w.l(_rserrno.o)
    0x08000e5c   0x00000008   Code   RO         1488    .text               c_w.l(libspace.o)
    0x08000e64   0x00000008   Code   RO         1509    .text               c_w.l(rt_errno_addr_intlibspace.o)
    0x08000e6c   0x00000030   Code   RO         1519    .text               c_w.l(_fptrap.o)
    0x08000e9c   0x00000002   Code   RO         1540    .text               c_w.l(use_no_semi.o)
    0x08000e9e   0x00000000   Code   RO         1542    .text               c_w.l(indicate_semi.o)
    0x08000e9e   0x0000004a   Code   RO         1543    .text               c_w.l(sys_stackheap_outer.o)
    0x08000ee8   0x0000000c   Code   RO         1549    .text               c_w.l(exit.o)
    0x08000ef4   0x0000000a   Code   RO         1551    .text               c_w.l(defsig_exit.o)
    0x08000efe   0x0000000e   Code   RO         1553    .text               c_w.l(defsig_fpe_outer.o)
    0x08000f0c   0x0000000c   Code   RO         1569    .text               c_w.l(sys_exit.o)
    0x08000f18   0x00000032   Code   RO         1579    .text               c_w.l(defsig_general.o)
    0x08000f4a   0x00000002   PAD
    0x08000f4c   0x000000ac   Code   RO         1581    .text               c_w.l(defsig_fpe_inner.o)
    0x08000ff8   0x0000000e   Code   RO         1598    .text               c_w.l(sys_wrch.o)
    0x08001006   0x00000002   PAD
    0x08001008   0x00000048   Code   RO          200    i.ADXL345_Calibr    adxl345.o
    0x08001050   0x0000006c   Code   RO          201    i.ADXL345_DMA_Init  adxl345.o
    0x080010bc   0x00000078   Code   RO          203    i.ADXL345_Init      adxl345.o
    0x08001134   0x00000048   Code   RO          793    i.ADXRS290_Calibr   adxrs290.o
    0x0800117c   0x000000ac   Code   RO          794    i.ADXRS290_EXTI_Init  adxrs290.o
    0x08001228   0x0000006a   Code   RO          795    i.ADXRS290_Init     adxrs290.o
    0x08001292   0x00000002   PAD
    0x08001294   0x00000024   Code   RO          796    i.ADXRS290_NSS_High  adxrs290.o
    0x080012b8   0x00000044   Code   RO          797    i.ADXRS290_NSS_Init  adxrs290.o
    0x080012fc   0x00000024   Code   RO          798    i.ADXRS290_NSS_Low  adxrs290.o
    0x08001320   0x0000008c   Code   RO          685    i.ADXRS_DMA_Read    adxrs453.o
    0x080013ac   0x0000003a   Code   RO          686    i.ADXRS_TIM_Init    adxrs453.o
    0x080013e6   0x00000002   PAD
    0x080013e8   0x0000004c   Code   RO          799    i.ARS_GetData       adxrs290.o
    0x08001434   0x00000058   Code   RO          204    i.Accel_EXTI_Init   adxl345.o
    0x0800148c   0x0000001c   Code   RO          205    i.Accel_GetData     adxl345.o
    0x080014a8   0x0000001c   Code   RO          206    i.Accel_NSS_High    adxl345.o
    0x080014c4   0x0000004c   Code   RO          207    i.Accel_NSS_Init    adxl345.o
    0x08001510   0x0000001c   Code   RO          208    i.Accel_NSS_Low     adxl345.o
    0x0800152c   0x0000002c   Code   RO          209    i.Accel_UpdateFreq  adxl345.o
    0x08001558   0x00000060   Code   RO          210    i.Accel_VDD_Init    adxl345.o
    0x080015b8   0x0000001c   Code   RO          800    i.All_NSS_High      adxrs290.o
    0x080015d4   0x000000fc   Code   RO          687    i.DMA1_Stream2_IRQHandler  adxrs453.o
    0x080016d0   0x00000154   Code   RO          211    i.DMA1_Stream3_IRQHandler  adxl345.o
    0x08001824   0x00000028   Code   RO          212    i.DMA1_Stream4_IRQHandler  adxl345.o
    0x0800184c   0x0000000c   Code   RO          688    i.DMA1_Stream5_IRQHandler  adxrs453.o
    0x08001858   0x00000024   Code   RO          363    i.DMA2_Stream7_IRQHandler  telemetry.o
    0x0800187c   0x00000028   Code   RO          213    i.Delay             adxl345.o
    0x080018a4   0x0000003c   Code   RO          801    i.EXTI15_10_IRQHandler  adxrs290.o
    0x080018e0   0x0000001c   Code   RO          214    i.EXTI1_IRQHandler  adxl345.o
    0x080018fc   0x00000038   Code   RO          575    i.EXTI2_IRQHandler  motors.o
    0x08001934   0x00000034   Code   RO          576    i.EXTI4_IRQHandler  motors.o
    0x08001968   0x00000044   Code   RO          365    i.Message_ToByteArray  telemetry.o
    0x080019ac   0x00000020   Code   RO          580    i.Motors_Run        motors.o
    0x080019cc   0x00000028   Code   RO          582    i.Motors_Stop       motors.o
    0x080019f4   0x00000016   Code   RO          215    i.NVIC_EnableIRQ    adxl345.o
    0x08001a0a   0x00000016   Code   RO          366    i.NVIC_EnableIRQ    telemetry.o
    0x08001a20   0x00000016   Code   RO          689    i.NVIC_EnableIRQ    adxrs453.o
    0x08001a36   0x00000016   Code   RO          802    i.NVIC_EnableIRQ    adxrs290.o
    0x08001a4c   0x00000028   Code   RO          216    i.NVIC_SetPriority  adxl345.o
    0x08001a74   0x00000028   Code   RO          690    i.NVIC_SetPriority  adxrs453.o
    0x08001a9c   0x00000078   Code   RO          474    i.Processing_TIM_Init  processing.o
    0x08001b14   0x00000040   Code   RO            4    i.RCC_Init          main.o
    0x08001b54   0x000000e8   Code   RO          217    i.SPI2_GPIO_Init    adxl345.o
    0x08001c3c   0x000002f0   Code   RO          803    i.SPI2_IRQHandler   adxrs290.o
    0x08001f2c   0x00000070   Code   RO          218    i.SPI2_Init         adxl345.o
    0x08001f9c   0x00000016   Code   RO          219    i.SPI2_Read         adxl345.o
    0x08001fb2   0x00000002   PAD
    0x08001fb4   0x00000074   Code   RO          804    i.SPI2_SensorsPoll  adxrs290.o
    0x08002028   0x00000034   Code   RO          220    i.SPI2_Transfer     adxl345.o
    0x0800205c   0x00000014   Code   RO          221    i.SPI2_Write        adxl345.o
    0x08002070   0x00000138   Code   RO          691    i.SPI3_GPIO_Init    adxrs453.o
    0x080021a8   0x0000005c   Code   RO          692    i.SPI3_Init         adxrs453.o
    0x08002204   0x0000001c   Code   RO          693    i.SPI3_NSS_High     adxrs453.o
    0x08002220   0x0000001c   Code   RO          694    i.SPI3_NSS_Low      adxrs453.o
    0x0800223c   0x0000003c   Code   RO          367    i.SendTelemetry     telemetry.o
    0x08002278   0x000000e0   Code   RO          991    i.SystemInit        system_stm32f4xx.o
    0x08002358   0x00000034   Code   RO          586    i.TIM1_BRK_TIM9_IRQHandler  motors.o
    0x0800238c   0x00000024   Code   RO          696    i.TIM2_IRQHandler   adxrs453.o
    0x080023b0   0x00000060   Code   RO          587    i.TIM3_IRQHandler   motors.o
    0x08002410   0x00000034   Code   RO          588    i.TIM5_IRQHandler   motors.o
    0x08002444   0x000000b4   Code   RO          475    i.TIM7_IRQHandler   processing.o
    0x080024f8   0x00000054   Code   RO          368    i.Telemetry_DMA_Init  telemetry.o
    0x0800254c   0x00000678   Code   RO          369    i.USART1_IRQHandler  telemetry.o
    0x08002bc4   0x00000104   Code   RO          370    i.USART_Init        telemetry.o
    0x08002cc8   0x00000014   Code   RO         1304    i.__hardfp_fabs     m_wm.l(fabs.o)
    0x08002cdc   0x0000007a   Code   RO         1334    i.__hardfp_sqrt     m_wm.l(sqrt_full.o)
    0x08002d56   0x00000002   PAD
    0x08002d58   0x0000001c   Code   RO            5    i.checkCalibrationFinish  main.o
    0x08002d74   0x00000060   Code   RO          478    i.getFinalData      processing.o
    0x08002dd4   0x00000044   Code   RO          371    i.initWaitingForFloat  telemetry.o
    0x08002e18   0x0000002c   Code   RO          372    i.initWaitingForInt  telemetry.o
    0x08002e44   0x00000054   Code   RO          480    i.lowpass           processing.o
    0x08002e98   0x000001bc   Code   RO          481    i.lpf_rect_hpf      processing.o
    0x08003054   0x000004ac   Code   RO            6    i.main              main.o
    0x08003500   0x000002c4   Code   RO         1242    x$fpl$d2f           g_wm.l(d2f_clz.o)
    0x080037c4   0x0000001a   Code   RO         1256    x$fpl$dfltn         g_wm.l(dflt_clz.o)
    0x080037de   0x00000102   Code   RO         1427    x$fpl$dnaninf       g_wm.l(dnaninf.o)
    0x080038e0   0x00000070   Code   RO         1429    x$fpl$drenorm       g_wm.l(drenorm_clz.o)
    0x08003950   0x0000000c   Code   RO         1431    x$fpl$dretinf       g_wm.l(dretinf.o)
    0x0800395c   0x00000208   Code   RO         1433    x$fpl$dsqrt         g_wm.l(dsqrt_umaalclz.o)
    0x08003b64   0x0000017a   Code   RO         1435    x$fpl$dunder        g_wm.l(dunder_clz.o)
    0x08003cde   0x00000002   PAD
    0x08003ce0   0x000001ec   Code   RO         1437    x$fpl$exception     g_wm.l(except.o)
    0x08003ecc   0x0000007a   Code   RO         1262    x$fpl$f2d           g_wm.l(f2d.o)
    0x08003f46   0x000000f2   Code   RO         1439    x$fpl$fnaninf       g_wm.l(fnaninf.o)
    0x08004038   0x0000000a   Code   RO         1536    x$fpl$fpinit        g_wm.l(fpinit.o)
    0x08004042   0x0000000a   Code   RO         1441    x$fpl$fretinf       g_wm.l(fretinf.o)
    0x0800404c   0x0000013c   Code   RO         1443    x$fpl$funder        g_wm.l(funder_clz.o)
    0x08004188   0x000000b2   Code   RO         1538    x$fpl$retnan        g_wm.l(retnan.o)
    0x0800423a   0x0000007e   Code   RO         1445    x$fpl$trapveneer    g_wm.l(trapv.o)
    0x080042b8   0x00000000   Code   RO         1447    x$fpl$usenofp       g_wm.l(usenofp.o)
    0x080042b8   0x00000020   Data   RO         1626    Region$$Table       anon$$obj.o


    Execution Region ER_RW (Base: 0x20000000, Size: 0x00001884, Max: 0xffffffff, ABSOLUTE, COMPRESSED[0x000012a8])

    Base Addr    Size         Type   Attr      Idx    E Section Name        Object

    0x20000000   0x00000040   Data   RW            8    .data               main.o
    0x20000040   0x00000030   Data   RW          223    .data               adxl345.o
    0x20000070   0x00000031   Data   RW          375    .data               telemetry.o
    0x200000a1   0x00000003   PAD
    0x200000a4   0x00000117   Data   RW          485    .data               processing.o
    0x200001bb   0x00000001   PAD
    0x200001bc   0x0000001e   Data   RW          589    .data               motors.o
    0x200001da   0x00000002   PAD
    0x200001dc   0x00000022   Data   RW          697    .data               adxrs453.o
    0x200001fe   0x00000002   PAD
    0x20000200   0x000006e9   Data   RW          806    .data               adxrs290.o
    0x200008e9   0x00000003   PAD
    0x200008ec   0x00000f96   Data   RW          956    .data               filters.o


    Execution Region ER_ZI (Base: 0x20001884, Size: 0x000047dc, Max: 0xffffffff, ABSOLUTE)

    Base Addr    Size         Type   Attr      Idx    E Section Name        Object

    0x20001884   0x00000030   Zero   RW          222    .bss                adxl345.o
    0x200018b4   0x000000dc   Zero   RW          374    .bss                telemetry.o
    0x20001990   0x0000041c   Zero   RW          484    .bss                processing.o
    0x20001dac   0x00000048   Zero   RW          805    .bss                adxrs290.o
    0x20001df4   0x0000360c   Zero   RW          955    .bss                filters.o
    0x20005400   0x00000060   Zero   RW         1489    .bss                c_w.l(libspace.o)
    0x20005460   0x00000400   Zero   RW          981    HEAP                startup_stm32f407xx.o
    0x20005860   0x00000800   Zero   RW          980    STACK               startup_stm32f407xx.o


==============================================================================

Image component sizes


      Code (inc. data)   RO Data    RW Data    ZI Data      Debug   Object Name

      1636        202          0         48         48      38156   adxl345.o
      1544        194          0       1769         72       8292   adxrs290.o
      1020        138          0         34          0       6663   adxrs453.o
         0          0          0       3990      13836       2584   filters.o
      1288        236          0         64          0     261075   main.o
       380         98          0         30          0       3777   motors.o
       924        116          0        279       1052       7399   processing.o
        64         26        392          0       3072        864   startup_stm32f407xx.o
       224         22          0          0          0        585   system_stm32f4xx.o
      2298        418          0         49        220      34411   telemetry.o

    ----------------------------------------------------------------------
      9384       1450        424       6276      18300     363806   Object Totals
         0          0         32          0          0          0   (incl. Generated)
         6          0          0         13          0          0   (incl. Padding)

    ----------------------------------------------------------------------

      Code (inc. data)   RO Data    RW Data    ZI Data      Debug   Library Member Name

      1086          4          0          0          0      19035   arm_fir_decimate_f32.o
        52          0          0          0          0       1068   arm_fir_decimate_init_f32.o
      1330          6          0          0          0       2942   arm_fir_f32.o
        28          0          0          0          0        919   arm_fir_init_f32.o
       144          6          0          0          0        783   arm_mean_f32.o
       100          0          0          0          0          0   __dclz77c.o
         8          0          0          0          0         68   __main.o
         0          0          0          0          0          0   __rtentry.o
        12          0          0          0          0          0   __rtentry2.o
         6          0          0          0          0          0   __rtentry4.o
        52          8          0          0          0          0   __scatter.o
        28          0          0          0          0          0   __scatter_zi.o
        48          4          0          0          0         84   _fptrap.o
        22          0          0          0          0        100   _rserrno.o
        10          0          0          0          0         68   defsig_exit.o
       172        110          0          0          0         76   defsig_fpe_inner.o
        14          0          0          0          0         80   defsig_fpe_outer.o
        50          0          0          0          0         88   defsig_general.o
        12          0          0          0          0         72   exit.o
         6          0          0          0          0        152   heapauxi.o
         0          0          0          0          0          0   indicate_semi.o
         2          0          0          0          0          0   libinit.o
         6          0          0          0          0          0   libinit2.o
         2          0          0          0          0          0   libshutdown.o
         2          0          0          0          0          0   libshutdown2.o
         8          4          0          0         96         68   libspace.o
         8          4          0          0          0         68   rt_errno_addr_intlibspace.o
        78          0          0          0          0         80   rt_memclr_w.o
       138          0          0          0          0         68   rt_memcpy_v6.o
       100          0          0          0          0         80   rt_memcpy_w.o
         2          0          0          0          0          0   rtexit.o
        10          0          0          0          0          0   rtexit2.o
        12          4          0          0          0         68   sys_exit.o
        74          0          0          0          0         80   sys_stackheap_outer.o
        14          0          0          0          0         76   sys_wrch.o
         2          0          0          0          0         68   use_no_semi.o
       708         16          0          0          0        140   d2f_clz.o
        26          0          0          0          0        116   dflt_clz.o
       258          4          0          0          0        156   dnaninf.o
       112          0          0          0          0        160   drenorm_clz.o
        12          0          0          0          0        116   dretinf.o
       520         56          0          0          0        180   dsqrt_umaalclz.o
       378          0          0          0          0        168   dunder_clz.o
       492         36          0          0          0        148   except.o
       122          8          0          0          0        132   f2d.o
       242          4          0          0          0        144   fnaninf.o
        10          0          0          0          0        116   fpinit.o
        10          0          0          0          0        116   fretinf.o
       316          0          0          0          0        132   funder_clz.o
       178          0          0          0          0        116   retnan.o
       126          0          0          0          0        148   trapv.o
         0          0          0          0          0          0   usenofp.o
        20          0          0          0          0        124   fabs.o
       122          0          0          0          0        148   sqrt_full.o

    ----------------------------------------------------------------------
      7304        274          0          0         96      28551   Library Totals
        14          0          0          0          0          0   (incl. Padding)

    ----------------------------------------------------------------------

      Code (inc. data)   RO Data    RW Data    ZI Data      Debug   Library Name

      2640         16          0          0          0      24747   arm_cortexM4lf_math.lib
       998        134          0          0         96       1444   c_w.l
      3510        124          0          0          0       2088   g_wm.l
       142          0          0          0          0        272   m_wm.l

    ----------------------------------------------------------------------
      7304        274          0          0         96      28551   Library Totals

    ----------------------------------------------------------------------

==============================================================================


      Code (inc. data)   RO Data    RW Data    ZI Data      Debug   

     16688       1724        424       6276      18396     383729   Grand Totals
     16688       1724        424       4776      18396     383729   ELF Image Totals (compressed)
     16688       1724        424       4776          0          0   ROM Totals

==============================================================================

    Total RO  Size (Code + RO Data)                17112 (  16.71kB)
    Total RW  Size (RW Data + ZI Data)             24672 (  24.09kB)
    Total ROM Size (Code + RO Data + RW Data)      21888 (  21.38kB)

==============================================================================

