Component: ARM Compiler 5.05 update 1 (build 106) Tool: armlink [4d0efa]

==============================================================================

Section Cross References

    main.o(i.checkCalibrationFinish) refers to processing.o(i.Processing_TIM_Init) for Processing_TIM_Init
    main.o(i.checkCalibrationFinish) refers to adxrs453.o(.data) for adxrs_CalibrationOn
    main.o(i.checkCalibrationFinish) refers to adxl345.o(.data) for accelCalibrationOn
    main.o(i.main) refers to main.o(i.RCC_Init) for RCC_Init
    main.o(i.main) refers to arm_fir_decimate_init_f32.o(.text) for arm_fir_decimate_init_f32
    main.o(i.main) refers to adxl345.o(i.Accel_NSS_Init) for Accel_NSS_Init
    main.o(i.main) refers to adxl345.o(i.Accel_NSS_High) for Accel_NSS_High
    main.o(i.main) refers to adxrs290.o(i.ADXRS290_NSS_Init) for ADXRS290_NSS_Init
    main.o(i.main) refers to adxrs290.o(i.ADXRS290_NSS_High) for ADXRS290_NSS_High
    main.o(i.main) refers to adxl345.o(i.SPI2_Init) for SPI2_Init
    main.o(i.main) refers to adxl345.o(i.ADXL345_Init) for ADXL345_Init
    main.o(i.main) refers to adxl345.o(i.Accel_EXTI_Init) for Accel_EXTI_Init
    main.o(i.main) refers to telemetry.o(i.USART_Init) for USART_Init
    main.o(i.main) refers to processing.o(i.Processing_TIM_Init) for Processing_TIM_Init
    main.o(i.main) refers to processing.o(i.lowpass) for lowpass
    main.o(i.main) refers to arm_fir_decimate_f32.o(.text) for arm_fir_decimate_f32
    main.o(i.main) refers to telemetry.o(.data) for Message_Size
    main.o(i.main) refers to filters.o(.bss) for accel_lpf_state
    main.o(i.main) refers to filters.o(.data) for accel_lpf_coeffs
    main.o(i.main) refers to processing.o(.data) for doAdxrsProcess
    main.o(i.main) refers to processing.o(.bss) for adxrsHistory
    syssolve.o(i.mat2_inv) refers to syssolve.o(i.det2) for det2
    syssolve.o(i.system_solve) refers to h1_alloc.o(.text) for malloc
    syssolve.o(i.system_solve) refers to syssolve.o(i.transpose) for transpose
    syssolve.o(i.system_solve) refers to syssolve.o(i.mat_mul) for mat_mul
    syssolve.o(i.system_solve) refers to syssolve.o(i.det3) for det3
    syssolve.o(i.system_solve) refers to h1_free.o(.text) for free
    syssolve.o(i.system_solve) refers to rt_memcpy_w.o(.text) for __aeabi_memcpy4
    adxl345.o(i.ADXL345_Calibr) refers to adxl345.o(.bss) for a_sum
    adxl345.o(i.ADXL345_Calibr) refers to adxl345.o(.data) for accelCalibrIndex
    adxl345.o(i.ADXL345_DMA_Init) refers to adxl345.o(i.NVIC_SetPriority) for NVIC_SetPriority
    adxl345.o(i.ADXL345_DMA_Init) refers to adxl345.o(i.NVIC_EnableIRQ) for NVIC_EnableIRQ
    adxl345.o(i.ADXL345_DMA_Init) refers to adxl345.o(i.Accel_NSS_Low) for Accel_NSS_Low
    adxl345.o(i.ADXL345_DMA_Init) refers to adxl345.o(.bss) for accel
    adxl345.o(i.ADXL345_DMA_Init) refers to adxl345.o(.data) for accelRegisters
    adxl345.o(i.ADXL345_GetAccel) refers to adxl345.o(i.Accel_NSS_Low) for Accel_NSS_Low
    adxl345.o(i.ADXL345_GetAccel) refers to adxl345.o(i.SPI2_Read) for SPI2_Read
    adxl345.o(i.ADXL345_GetAccel) refers to adxl345.o(i.Accel_NSS_High) for Accel_NSS_High
    adxl345.o(i.ADXL345_Init) refers to adxl345.o(i.Accel_VDD_Init) for Accel_VDD_Init
    adxl345.o(i.ADXL345_Init) refers to adxl345.o(i.Accel_NSS_Init) for Accel_NSS_Init
    adxl345.o(i.ADXL345_Init) refers to adxl345.o(i.Delay) for Delay
    adxl345.o(i.ADXL345_Init) refers to adxl345.o(i.Accel_NSS_Low) for Accel_NSS_Low
    adxl345.o(i.ADXL345_Init) refers to adxl345.o(i.SPI2_Read) for SPI2_Read
    adxl345.o(i.ADXL345_Init) refers to adxl345.o(i.SPI2_Write) for SPI2_Write
    adxl345.o(i.ADXL345_Init) refers to adxl345.o(i.Accel_NSS_High) for Accel_NSS_High
    adxl345.o(i.ADXL345_Init) refers to adxl345.o(.data) for curFreq
    adxl345.o(i.Accel_EXTI_Init) refers to adxl345.o(i.NVIC_SetPriority) for NVIC_SetPriority
    adxl345.o(i.Accel_EXTI_Init) refers to adxl345.o(i.NVIC_EnableIRQ) for NVIC_EnableIRQ
    adxl345.o(i.Accel_GetData) refers to adxl345.o(i.ADXL345_DMA_Init) for ADXL345_DMA_Init
    adxl345.o(i.Accel_GetData) refers to adxrs290.o(.data) for SPI2_curUsing
    adxl345.o(i.Accel_NSS_High) refers to adxl345.o(.data) for ACCEL_NSS
    adxl345.o(i.Accel_NSS_Init) refers to adxl345.o(.data) for ACCEL_NSS
    adxl345.o(i.Accel_NSS_Low) refers to adxl345.o(.data) for ACCEL_NSS
    adxl345.o(i.Accel_UpdateFreq) refers to adxl345.o(i.Accel_NSS_Low) for Accel_NSS_Low
    adxl345.o(i.Accel_UpdateFreq) refers to adxl345.o(i.SPI2_Write) for SPI2_Write
    adxl345.o(i.Accel_UpdateFreq) refers to adxl345.o(i.Accel_NSS_High) for Accel_NSS_High
    adxl345.o(i.Accel_UpdateFreq) refers to adxl345.o(.data) for freshFreq
    adxl345.o(i.Accel_VDD_Init) refers to adxl345.o(.data) for ACCEL_VDD
    adxl345.o(i.DMA1_Stream3_IRQHandler) refers to adxrs290.o(i.All_NSS_High) for All_NSS_High
    adxl345.o(i.DMA1_Stream3_IRQHandler) refers to adxl345.o(i.Accel_UpdateFreq) for Accel_UpdateFreq
[...]
    Removing processing.o(i.pwm_from_force), (36 bytes).
    Removing motors.o(.rev16_text), (4 bytes).
    Removing motors.o(.revsh_text), (4 bytes).
    Removing motors.o(.rrx_text), (6 bytes).
    Removing motors.o(i.Motors_EXTI_Init), (124 bytes).
    Removing motors.o(i.Motors_GPIO_Init), (324 bytes).
    Removing motors.o(i.Motors_Init), (16 bytes).
    Removing motors.o(i.Motors_SetPwm), (148 bytes).
    Removing motors.o(i.Motors_TIM_Init), (256 bytes).
    Removing motors.o(i.NVIC_EnableIRQ), (22 bytes).
    Removing motors.o(i.NVIC_SetPriority), (40 bytes).
    Removing adxrs453.o(.rev16_text), (4 bytes).
    Removing adxrs453.o(.revsh_text), (4 bytes).
    Removing adxrs453.o(.rrx_text), (6 bytes).
    Removing adxrs453.o(i.ADXRS453_Read), (94 bytes).
    Removing adxrs453.o(i.ADXRS_TIM_Init), (58 bytes).
    Removing adxrs453.o(i.SPI3_GPIO_Init), (312 bytes).
    Removing adxrs453.o(i.SPI3_Init), (92 bytes).
    Removing adxrs453.o(i.SPI3_Transfer), (52 bytes).
    Removing adxrs290.o(.rev16_text), (4 bytes).
    Removing adxrs290.o(.revsh_text), (4 bytes).
    Removing adxrs290.o(.rrx_text), (6 bytes).
    Removing adxrs290.o(i.ADXRS290_Calibr), (76 bytes).
    Removing adxrs290.o(i.ADXRS290_EXTI_Init), (172 bytes).
    Removing adxrs290.o(i.ADXRS290_Init), (106 bytes).
    Removing adxrs290.o(i.NVIC_EnableIRQ), (22 bytes).
    Removing quaternion.o(i.Quat_FromAngleRate), (272 bytes).
    Removing quaternion.o(i.Quat_Mul), (100 bytes).
    Removing quaternion.o(i.Quat_ToEuler), (464 bytes).
    Removing quaternion.o(i.Vect3_Add), (48 bytes).
    Removing quaternion.o(i.Vect3_Mod), (112 bytes).
    Removing quaternion.o(i.Vect3_Mul), (38 bytes).
    Removing quaternion.o(i.Vect3_ScalarMul), (60 bytes).
    Removing quaternion.o(i.Vect3_VectorMul), (90 bytes).
    Removing mymath.o(i.nelder_mead), (1472 bytes).
    Removing filters.o(.rev16_text), (4 bytes).
    Removing filters.o(.revsh_text), (4 bytes).
    Removing filters.o(.rrx_text), (6 bytes).
    Removing system_stm32f4xx.o(.rev16_text), (4 bytes).
    Removing system_stm32f4xx.o(.revsh_text), (4 bytes).
    Removing system_stm32f4xx.o(.rrx_text), (6 bytes).
    Removing system_stm32f4xx.o(i.SystemCoreClockUpdate), (192 bytes).
    Removing system_stm32f4xx.o(.data), (20 bytes).
    Removing arm_fir_decimate_f32.o(.rev16_text), (4 bytes).
    Removing arm_fir_decimate_f32.o(.revsh_text), (4 bytes).
    Removing arm_fir_decimate_f32.o(.rrx_text), (6 bytes).
    Removing arm_fir_decimate_init_f32.o(.rev16_text), (4 bytes).
    Removing arm_fir_decimate_init_f32.o(.revsh_text), (4 bytes).
    Removing arm_fir_decimate_init_f32.o(.rrx_text), (6 bytes).

85 unused section(s) (total 8592 bytes) removed from the image.

==============================================================================

Image Symbol Table

    Local Symbols

    Symbol Name                              Value     Ov Type        Size  Object(Section)

    ../clib/angel/boardlib.s                 0x00000000   Number         0  boardinit1.o ABSOLUTE
    ../clib/angel/boardlib.s                 0x00000000   Number         0  boardinit2.o ABSOLUTE
    ../clib/angel/boardlib.s                 0x00000000   Number         0  boardinit3.o ABSOLUTE
    ../clib/angel/boardlib.s                 0x00000000   Number         0  boardshut.o ABSOLUTE
    ../clib/angel/dclz77c.s                  0x00000000   Number         0  __dclz77c.o ABSOLUTE
    ../clib/angel/handlers.s                 0x00000000   Number         0  __scatter_zi.o ABSOLUTE
    ../clib/angel/kernel.s                   0x00000000   Number         0  __rtentry.o ABSOLUTE
    ../clib/angel/kernel.s                   0x00000000   Number         0  rtexit.o ABSOLUTE
    ../clib/angel/kernel.s                   0x00000000   Number         0  __rtentry4.o ABSOLUTE
    ../clib/angel/kernel.s                   0x00000000   Number         0  rtexit2.o ABSOLUTE
    ../clib/angel/kernel.s                   0x00000000   Number         0  __rtentry2.o ABSOLUTE
    ../clib/angel/rt.s                       0x00000000   Number         0  rt_heap_descriptor.o ABSOLUTE
    ../clib/angel/rt.s                       0x00000000   Number         0  rt_raise.o ABSOLUTE
    ../clib/angel/rt.s                       0x00000000   Number         0  rt_heap_descriptor_intlibspace.o ABSOLUTE
    ../clib/angel/rt.s                       0x00000000   Number         0  rt_errno_addr_intlibspace.o ABSOLUTE
    ../clib/angel/rt.s                       0x00000000   Number         0  rt_errno_addr.o ABSOLUTE
    ../clib/angel/scatter.s                  0x00000000   Number         0  __scatter.o ABSOLUTE
    ../clib/angel/startup.s                  0x00000000   Number         0  __main.o ABSOLUTE
    ../clib/angel/sys.s                      0x00000000   Number         0  mutex_dummy.o ABSOLUTE
    ../clib/angel/sys.s                      0x00000000   Number         0  indicate_semi.o ABSOLUTE
    ../clib/angel/sys.s                      0x00000000   Number         0  sys_stackheap_outer.o ABSOLUTE
    ../clib/angel/sys.s                      0x00000000   Number         0  libspace.o ABSOLUTE
    ../clib/angel/sys.s                      0x00000000   Number         0  use_no_semi.o ABSOLUTE
    ../clib/angel/sysapp.c                   0x00000000   Number         0  sys_command.o ABSOLUTE
    ../clib/angel/sysapp.c                   0x00000000   Number         0  sys_exit.o ABSOLUTE
    ../clib/angel/sysapp.c                   0x00000000   Number         0  sys_wrch.o ABSOLUTE
    ../clib/armsys.c                         0x00000000   Number         0  argv_veneer.o ABSOLUTE
    ../clib/armsys.c                         0x00000000   Number         0  _get_argv_nomalloc.o ABSOLUTE
    ../clib/armsys.c                         0x00000000   Number         0  no_argv.o ABSOLUTE
    ../clib/armsys.c                         0x00000000   Number         0  argv_veneer.o ABSOLUTE
    ../clib/armsys.c                         0x00000000   Number         0  _get_argv.o ABSOLUTE
    ../clib/fenv.c                           0x00000000   Number         0  _fptrap.o ABSOLUTE
    ../clib/fenv.c                           0x00000000   Number         0  _rserrno.o ABSOLUTE
    ../clib/heap1.c                          0x00000000   Number         0  h1_init_mt.o ABSOLUTE
    ../clib/heap1.c                          0x00000000   Number         0  h1_init.o ABSOLUTE
    ../clib/heap1.c                          0x00000000   Number         0  h1_final_mt.o ABSOLUTE
    ../clib/heap1.c                          0x00000000   Number         0  h1_final.o ABSOLUTE
    ../clib/heap1.c                          0x00000000   Number         0  h1_alloc.o ABSOLUTE
    ../clib/heap1.c                          0x00000000   Number         0  h1_free.o ABSOLUTE
    ../clib/heap1.c                          0x00000000   Number         0  h1_alloc_mt.o ABSOLUTE
    ../clib/heap1.c                          0x00000000   Number         0  h1_free_mt.o ABSOLUTE
    ../clib/heap1.c                          0x00000000   Number         0  h1_extend.o ABSOLUTE
    ../clib/heap1.c                          0x00000000   Number         0  h1_extend_mt.o ABSOLUTE
    ../clib/heap2.c                          0x00000000   Number         0  fdtree.o ABSOLUTE
    ../clib/heap2.c                          0x00000000   Number         0  heap2mt.o ABSOLUTE
    ../clib/heap2.c                          0x00000000   Number         0  heap2.o ABSOLUTE
    ../clib/heapalloc.c                      0x00000000   Number         0  maybetermalloc2.o ABSOLUTE
    ../clib/heapalloc.c                      0x00000000   Number         0  heapstubs.o ABSOLUTE
    ../clib/heapalloc.c                      0x00000000   Number         0  hguard.o ABSOLUTE
    ../clib/heapalloc.c                      0x00000000   Number         0  malloc.o ABSOLUTE
    ../clib/heapalloc.c                      0x00000000   Number         0  free.o ABSOLUTE
    ../clib/heapalloc.c                      0x00000000   Number         0  hrguard.o ABSOLUTE
    ../clib/heapalloc.c                      0x00000000   Number         0  maybetermalloc1.o ABSOLUTE
    ../clib/heapalloc.c                      0x00000000   Number         0  maybetermalloc1.o ABSOLUTE
    ../clib/heapalloc.c                      0x00000000   Number         0  maybetermalloc2.o ABSOLUTE
    ../clib/heapalloc.c                      0x00000000   Number         0  init_alloc.o ABSOLUTE
    ../clib/heapalloc.c                      0x00000000   Number         0  term_alloc.o ABSOLUTE
    ../clib/heapaux.c                        0x00000000   Number         0  heapauxa.o ABSOLUTE
    ../clib/heapaux.c                        0x00000000   Number         0  heapauxi.o ABSOLUTE
    ../clib/libinit.s                        0x00000000   Number         0  libinit2.o ABSOLUTE
    ../clib/libinit.s                        0x00000000   Number         0  libshutdown2.o ABSOLUTE
    ../clib/libinit.s                        0x00000000   Number         0  libshutdown.o ABSOLUTE
    ../clib/libinit.s                        0x00000000   Number         0  libinit.o ABSOLUTE
    ../clib/memcpset.s                       0x00000000   Number         0  rt_memcpy_v6.o ABSOLUTE
    ../clib/memcpset.s                       0x00000000   Number         0  rt_memcpy_w.o ABSOLUTE
    ../clib/memcpset.s                       0x00000000   Number         0  rt_memclr_w.o ABSOLUTE
    ../clib/signal.c                         0x00000000   Number         0  defsig_fpe_outer.o ABSOLUTE
    ../clib/signal.c                         0x00000000   Number         0  defsig_stak_inner.o ABSOLUTE
    ../clib/signal.c                         0x00000000   Number         0  defsig_rtmem_outer.o ABSOLUTE
    ../clib/signal.c                         0x00000000   Number         0  defsig_rtmem_formal.o ABSOLUTE
    ../clib/signal.c                         0x00000000   Number         0  defsig_exit.o ABSOLUTE
    ../clib/signal.c                         0x00000000   Number         0  defsig_rtred_inner.o ABSOLUTE
    ../clib/signal.c                         0x00000000   Number         0  defsig_fpe_formal.o ABSOLUTE
    ../clib/signal.c                         0x00000000   Number         0  defsig_rtmem_inner.o ABSOLUTE
    ../clib/signal.c                         0x00000000   Number         0  __raise.o ABSOLUTE
    ../clib/signal.c                         0x00000000   Number         0  defsig_general.o ABSOLUTE
    ../clib/signal.c                         0x00000000   Number         0  defsig_fpe_inner.o ABSOLUTE
    ../clib/signal.c                         0x00000000   Number         0  defsig_abrt_inner.o ABSOLUTE
    ../clib/signal.c                         0x00000000   Number         0  defsig_other.o ABSOLUTE
    ../clib/signal.c                         0x00000000   Number         0  defsig_segv_inner.o ABSOLUTE
    ../clib/signal.c                         0x00000000   Number         0  defsig_pvfn_inner.o ABSOLUTE
    ../clib/signal.c                         0x00000000   Number         0  defsig_cppl_inner.o ABSOLUTE
    ../clib/signal.s                         0x00000000   Number         0  defsig.o ABSOLUTE
    ../clib/stdlib.c                         0x00000000   Number         0  exit.o ABSOLUTE
    ../fplib/basic.s                         0x00000000   Number         0  basic.o ABSOLUTE
    ../fplib/d2f.s                           0x00000000   Number         0  d2f_clz.o ABSOLUTE
    ../fplib/daddsub.s                       0x00000000   Number         0  daddsub_clz.o ABSOLUTE
    ../fplib/dcmpi.s                         0x00000000   Number         0  dcmpi.o ABSOLUTE
    ../fplib/ddiv.s                          0x00000000   Number         0  ddiv_clz.o ABSOLUTE
    ../fplib/dfix.s                          0x00000000   Number         0  dfix.o ABSOLUTE
    ../fplib/dflt.s                          0x00000000   Number         0  dflt_clz.o ABSOLUTE
    ../fplib/dleqf.s                         0x00000000   Number         0  dleqf.o ABSOLUTE
    ../fplib/dmul.s                          0x00000000   Number         0  dmul_clz.o ABSOLUTE
    ../fplib/dnaninf.s                       0x00000000   Number         0  dnaninf.o ABSOLUTE
    ../fplib/drenorm.s                       0x00000000   Number         0  drenorm_clz.o ABSOLUTE
    ../fplib/dretinf.s                       0x00000000   Number         0  dretinf.o ABSOLUTE
    ../fplib/dsqrt.s                         0x00000000   Number         0  dsqrt_umaalclz.o ABSOLUTE
    ../fplib/dunder.s                        0x00000000   Number         0  dunder_clz.o ABSOLUTE
    ../fplib/except.s                        0x00000000   Number         0  except.o ABSOLUTE
    ../fplib/f2d.s                           0x00000000   Number         0  f2d.o ABSOLUTE
    ../fplib/fnaninf.s                       0x00000000   Number         0  fnaninf.o ABSOLUTE
    ../fplib/fpinit.s                        0x00000000   Number         0  fpinit.o ABSOLUTE
    ../fplib/fretinf.s                       0x00000000   Number         0  fretinf.o ABSOLUTE
    ../fplib/funder.s                        0x00000000   Number         0  funder_clz.o ABSOLUTE
    ../fplib/retnan.s                        0x00000000   Number         0  retnan.o ABSOLUTE
    ../fplib/trapv.s                         0x00000000   Number         0  trapv.o ABSOLUTE
    ../fplib/usenofp.s                       0x00000000   Number         0  usenofp.o ABSOLUTE
    ../mathlib/asin.c                        0x00000000   Number         0  asin_x.o ABSOLUTE
    ../mathlib/asin.c                        0x00000000   Number         0  asin.o ABSOLUTE
    ../mathlib/atan.c                        0x00000000   Number         0  atan_x.o ABSOLUTE
    ../mathlib/atan.c                        0x00000000   Number         0  atan.o ABSOLUTE
    ../mathlib/cos.c                         0x00000000   Number         0  cos.o ABSOLUTE
    ../mathlib/cos.c                         0x00000000   Number         0  cos_x.o ABSOLUTE
    ../mathlib/cos_i.c                       0x00000000   Number         0  cos_i.o ABSOLUTE
    ../mathlib/dunder.c                      0x00000000   Number         0  dunder.o ABSOLUTE
    ../mathlib/fabs.c                        0x00000000   Number         0  fabs.o ABSOLUTE
    ../mathlib/fpclassify.c                  0x00000000   Number         0  fpclassify.o ABSOLUTE
    ../mathlib/poly.c                        0x00000000   Number         0  poly.o ABSOLUTE
    ../mathlib/rred.c                        0x00000000   Number         0  rred.o ABSOLUTE
    ../mathlib/sin.c                         0x00000000   Number         0  sin_x.o ABSOLUTE
    ../mathlib/sin.c                         0x00000000   Number         0  sin.o ABSOLUTE
    ../mathlib/sin_i.c                       0x00000000   Number         0  sin_i.o ABSOLUTE
    ../mathlib/sin_i.c                       0x00000000   Number         0  sin_i_x.o ABSOLUTE
    ../mathlib/sqrt.c                        0x00000000   Number         0  sqrt_full.o ABSOLUTE
    ../mathlib/sqrt.c                        0x00000000   Number         0  sqrt_full_x.o ABSOLUTE
    ../mathlib/tan.c                         0x00000000   Number         0  tan.o ABSOLUTE
    ../mathlib/tan.c                         0x00000000   Number         0  tan_x.o ABSOLUTE
    ../mathlib/tan_i.c                       0x00000000   Number         0  tan_i.o ABSOLUTE
    ../mathlib/tan_i.c                       0x00000000   Number         0  tan_i_x.o ABSOLUTE
    ..\FilteringFunctions\arm_fir_decimate_f32.c 0x00000000   Number         0  arm_fir_decimate_f32.o ABSOLUTE
    ..\FilteringFunctions\arm_fir_decimate_init_f32.c 0x00000000   Number         0  arm_fir_decimate_init_f32.o ABSOLUTE
    ..\\FilteringFunctions\\arm_fir_decimate_f32.c 0x00000000   Number         0  arm_fir_decimate_f32.o ABSOLUTE
    ..\\FilteringFunctions\\arm_fir_decimate_init_f32.c 0x00000000   Number         0  arm_fir_decimate_init_f32.o ABSOLUTE
    RTE\Device\STM32F407VGTx\startup_stm32f407xx.s 0x00000000   Number         0  startup_stm32f407xx.o ABSOLUTE
    RTE\Device\STM32F407VGTx\system_stm32f4xx.c 0x00000000   Number         0  system_stm32f4xx.o ABSOLUTE
    RTE\\Device\\STM32F407VGTx\\system_stm32f4xx.c 0x00000000   Number         0  system_stm32f4xx.o ABSOLUTE
    adxl345.c                                0x00000000   Number         0  adxl345.o ABSOLUTE
    adxl345.c                                0x00000000   Number         0  adxl345.o ABSOLUTE
    adxrs290.c                               0x00000000   Number         0  adxrs290.o ABSOLUTE
    adxrs290.c                               0x00000000   Number         0  adxrs290.o ABSOLUTE
    adxrs453.c                               0x00000000   Number         0  adxrs453.o ABSOLUTE
    adxrs453.c                               0x00000000   Number         0  adxrs453.o ABSOLUTE
    dc.s                                     0x00000000   Number         0  dc.o ABSOLUTE
    filters.c                                0x00000000   Number         0  filters.o ABSOLUTE
    filters.c                                0x00000000   Number         0  filters.o ABSOLUTE
    main.c                                   0x00000000   Number         0  main.o ABSOLUTE
    main.c                                   0x00000000   Number         0  main.o ABSOLUTE
    motors.c                                 0x00000000   Number         0  motors.o ABSOLUTE
    motors.c                                 0x00000000   Number         0  motors.o ABSOLUTE
    mymath.c                                 0x00000000   Number         0  mymath.o ABSOLUTE
    processing.c                             0x00000000   Number         0  processing.o ABSOLUTE
    processing.c                             0x00000000   Number         0  processing.o ABSOLUTE
    quaternion.c                             0x00000000   Number         0  quaternion.o ABSOLUTE
    syssolve.c                               0x00000000   Number         0  syssolve.o ABSOLUTE
    syssolve.c                               0x00000000   Number         0  syssolve.o ABSOLUTE
    telemetry.c                              0x00000000   Number         0  telemetry.o ABSOLUTE
    telemetry.c                              0x00000000   Number         0  telemetry.o ABSOLUTE
    RESET                                    0x08000000   Section      392  startup_stm32f407xx.o(RESET)
    !!!main                                  0x08000188   Section        8  __main.o(!!!main)
    !!!scatter                               0x08000190   Section       52  __scatter.o(!!!scatter)
    !!dclz77c                                0x080001c4   Section      100  __dclz77c.o(!!dclz77c)
    !!handler_zi                             0x08000228   Section       28  __scatter_zi.o(!!handler_zi)
    .ARM.Collect$$libinit$$00000000          0x08000244   Section        2  libinit.o(.ARM.Collect$$libinit$$00000000)
    .ARM.Collect$$libinit$$00000001          0x08000246   Section        4  libinit2.o(.ARM.Collect$$libinit$$00000001)
    .ARM.Collect$$libinit$$00000004          0x0800024a   Section        0  libinit2.o(.ARM.Collect$$libinit$$00000004)
    .ARM.Collect$$libinit$$0000000A          0x0800024a   Section        0  libinit2.o(.ARM.Collect$$libinit$$0000000A)
    .ARM.Collect$$libinit$$0000000C          0x0800024a   Section        0  libinit2.o(.ARM.Collect$$libinit$$0000000C)
    .ARM.Collect$$libinit$$0000000E          0x0800024a   Section        0  libinit2.o(.ARM.Collect$$libinit$$0000000E)
    .ARM.Collect$$libinit$$00000011          0x0800024a   Section        0  libinit2.o(.ARM.Collect$$libinit$$00000011)
    .ARM.Collect$$libinit$$00000013          0x0800024a   Section        0  libinit2.o(.ARM.Collect$$libinit$$00000013)
    .ARM.Collect$$libinit$$00000015          0x0800024a   Section        0  libinit2.o(.ARM.Collect$$libinit$$00000015)
    .ARM.Collect$$libinit$$00000017          0x0800024a   Section        0  libinit2.o(.ARM.Collect$$libinit$$00000017)
    .ARM.Collect$$libinit$$00000019          0x0800024a   Section        0  libinit2.o(.ARM.Collect$$libinit$$00000019)
    .ARM.Collect$$libinit$$0000001B          0x0800024a   Section        0  libinit2.o(.ARM.Collect$$libinit$$0000001B)
    .ARM.Collect$$libinit$$0000001D          0x0800024a   Section        0  libinit2.o(.ARM.Collect$$libinit$$0000001D)
    .ARM.Collect$$libinit$$0000001F          0x0800024a   Section        0  libinit2.o(.ARM.Collect$$libinit$$0000001F)
    .ARM.Collect$$libinit$$00000021          0x0800024a   Section        0  libinit2.o(.ARM.Collect$$libinit$$00000021)
    .ARM.Collect$$libinit$$00000023          0x0800024a   Section        0  libinit2.o(.ARM.Collect$$libinit$$00000023)
    .ARM.Collect$$libinit$$00000025          0x0800024a   Section        0  libinit2.o(.ARM.Collect$$libinit$$00000025)
    .ARM.Collect$$libinit$$0000002C          0x0800024a   Section        0  libinit2.o(.ARM.Collect$$libinit$$0000002C)
    .ARM.Collect$$libinit$$0000002E          0x0800024a   Section        0  libinit2.o(.ARM.Collect$$libinit$$0000002E)
    .ARM.Collect$$libinit$$00000030          0x0800024a   Section        0  libinit2.o(.ARM.Collect$$libinit$$00000030)
    .ARM.Collect$$libinit$$00000032          0x0800024a   Section        0  libinit2.o(.ARM.Collect$$libinit$$00000032)
    .ARM.Collect$$libinit$$00000033          0x0800024a   Section        2  libinit2.o(.ARM.Collect$$libinit$$00000033)
    .ARM.Collect$$libshutdown$$00000000      0x0800024c   Section        2  libshutdown.o(.ARM.Collect$$libshutdown$$00000000)
    .ARM.Collect$$libshutdown$$00000003      0x0800024e   Section        0  libshutdown2.o(.ARM.Collect$$libshutdown$$00000003)
    .ARM.Collect$$libshutdown$$00000006      0x0800024e   Section        0  libshutdown2.o(.ARM.Collect$$libshutdown$$00000006)
    .ARM.Collect$$libshutdown$$00000009      0x0800024e   Section        0  libshutdown2.o(.ARM.Collect$$libshutdown$$00000009)
    .ARM.Collect$$libshutdown$$0000000B      0x0800024e   Section        0  libshutdown2.o(.ARM.Collect$$libshutdown$$0000000B)
    .ARM.Collect$$libshutdown$$0000000E      0x0800024e   Section        0  libshutdown2.o(.ARM.Collect$$libshutdown$$0000000E)
    .ARM.Collect$$libshutdown$$0000000F      0x0800024e   Section        2  libshutdown2.o(.ARM.Collect$$libshutdown$$0000000F)
    .ARM.Collect$$rtentry$$00000000          0x08000250   Section        0  __rtentry.o(.ARM.Collect$$rtentry$$00000000)
    .ARM.Collect$$rtentry$$00000002          0x08000250   Section        0  __rtentry2.o(.ARM.Collect$$rtentry$$00000002)
    .ARM.Collect$$rtentry$$00000004          0x08000250   Section        6  __rtentry4.o(.ARM.Collect$$rtentry$$00000004)
    .ARM.Collect$$rtentry$$00000009          0x08000256   Section        0  __rtentry2.o(.ARM.Collect$$rtentry$$00000009)
    .ARM.Collect$$rtentry$$0000000A          0x08000256   Section        4  __rtentry2.o(.ARM.Collect$$rtentry$$0000000A)
    .ARM.Collect$$rtentry$$0000000C          0x0800025a   Section        0  __rtentry2.o(.ARM.Collect$$rtentry$$0000000C)
    .ARM.Collect$$rtentry$$0000000D          0x0800025a   Section        8  __rtentry2.o(.ARM.Collect$$rtentry$$0000000D)
    .ARM.Collect$$rtexit$$00000000           0x08000262   Section        2  rtexit.o(.ARM.Collect$$rtexit$$00000000)
    .ARM.Collect$$rtexit$$00000002           0x08000264   Section        0  rtexit2.o(.ARM.Collect$$rtexit$$00000002)
    .ARM.Collect$$rtexit$$00000003           0x08000264   Section        4  rtexit2.o(.ARM.Collect$$rtexit$$00000003)
    .ARM.Collect$$rtexit$$00000004           0x08000268   Section        6  rtexit2.o(.ARM.Collect$$rtexit$$00000004)
    .text                                    0x08000270   Section       64  startup_stm32f407xx.o(.text)
    $v0                                      0x08000270   Number         0  startup_stm32f407xx.o(.text)
    .text                                    0x080002b0   Section        0  arm_fir_decimate_f32.o(.text)
    .text                                    0x080006ee   Section        0  arm_fir_decimate_init_f32.o(.text)
    .text                                    0x08000722   Section      138  rt_memcpy_v6.o(.text)
    .text                                    0x080007ac   Section      100  rt_memcpy_w.o(.text)
    .text                                    0x08000810   Section       78  rt_memclr_w.o(.text)
    .text                                    0x0800085e   Section        0  heapauxi.o(.text)
    .text                                    0x08000864   Section        8  libspace.o(.text)
    .text                                    0x0800086c   Section        2  use_no_semi.o(.text)
    .text                                    0x0800086e   Section       74  sys_stackheap_outer.o(.text)
    .text                                    0x0800086e   Section        0  indicate_semi.o(.text)
    .text                                    0x080008b8   Section        0  exit.o(.text)
    .text                                    0x080008c4   Section        0  sys_exit.o(.text)
    i.ADXL345_Calibr                         0x080008d0   Section        0  adxl345.o(i.ADXL345_Calibr)
    i.ADXL345_DMA_Init                       0x08000914   Section        0  adxl345.o(i.ADXL345_DMA_Init)
    i.ADXL345_Init                           0x08000980   Section        0  adxl345.o(i.ADXL345_Init)
    i.ADXRS290_NSS_High                      0x080009f8   Section        0  adxrs290.o(i.ADXRS290_NSS_High)
    i.ADXRS290_NSS_Init                      0x08000a1c   Section        0  adxrs290.o(i.ADXRS290_NSS_Init)
    i.ADXRS290_NSS_Low                       0x08000a60   Section        0  adxrs290.o(i.ADXRS290_NSS_Low)
    i.ADXRS_Calibr                           0x08000a84   Section        0  adxrs453.o(i.ADXRS_Calibr)
    i.ADXRS_DMA_Read                         0x08000ab8   Section        0  adxrs453.o(i.ADXRS_DMA_Read)
    i.ARS_GetData                            0x08000b44   Section        0  adxrs290.o(i.ARS_GetData)
    i.Accel_EXTI_Init                        0x08000b90   Section        0  adxl345.o(i.Accel_EXTI_Init)
    i.Accel_GetData                          0x08000be8   Section        0  adxl345.o(i.Accel_GetData)
    i.Accel_NSS_High                         0x08000c04   Section        0  adxl345.o(i.Accel_NSS_High)
    i.Accel_NSS_Init                         0x08000c20   Section        0  adxl345.o(i.Accel_NSS_Init)
    i.Accel_NSS_Low                          0x08000c6c   Section        0  adxl345.o(i.Accel_NSS_Low)
    i.Accel_UpdateFreq                       0x08000c88   Section        0  adxl345.o(i.Accel_UpdateFreq)
    i.Accel_VDD_Init                         0x08000cb4   Section        0  adxl345.o(i.Accel_VDD_Init)
    i.All_NSS_High                           0x08000d14   Section        0  adxrs290.o(i.All_NSS_High)
    i.DMA1_Stream2_IRQHandler                0x08000d30   Section        0  adxrs453.o(i.DMA1_Stream2_IRQHandler)
    i.DMA1_Stream3_IRQHandler                0x08000e00   Section        0  adxl345.o(i.DMA1_Stream3_IRQHandler)
    i.DMA1_Stream4_IRQHandler                0x08000f2c   Section        0  adxl345.o(i.DMA1_Stream4_IRQHandler)
    i.DMA1_Stream5_IRQHandler                0x08000f54   Section        0  adxrs453.o(i.DMA1_Stream5_IRQHandler)
    i.DMA2_Stream7_IRQHandler                0x08000f60   Section        0  telemetry.o(i.DMA2_Stream7_IRQHandler)
    i.Delay                                  0x08000f84   Section        0  adxl345.o(i.Delay)
    i.EXTI15_10_IRQHandler                   0x08000fac   Section        0  adxrs290.o(i.EXTI15_10_IRQHandler)
    i.EXTI1_IRQHandler                       0x08000fe8   Section        0  adxl345.o(i.EXTI1_IRQHandler)
    i.EXTI2_IRQHandler                       0x08001004   Section        0  motors.o(i.EXTI2_IRQHandler)
    i.EXTI4_IRQHandler                       0x0800103c   Section        0  motors.o(i.EXTI4_IRQHandler)
    i.Message_ToByteArray                    0x08001070   Section        0  telemetry.o(i.Message_ToByteArray)
    i.Motors_Run                             0x080010b4   Section        0  motors.o(i.Motors_Run)
    i.Motors_Stop                            0x080010d4   Section        0  motors.o(i.Motors_Stop)
    i.NVIC_EnableIRQ                         0x080010fc   Section        0  adxl345.o(i.NVIC_EnableIRQ)
    NVIC_EnableIRQ                           0x080010fd   Thumb Code    22  adxl345.o(i.NVIC_EnableIRQ)
    i.NVIC_EnableIRQ                         0x08001112   Section        0  telemetry.o(i.NVIC_EnableIRQ)
    NVIC_EnableIRQ                           0x08001113   Thumb Code    22  telemetry.o(i.NVIC_EnableIRQ)
    i.NVIC_EnableIRQ                         0x08001128   Section        0  adxrs453.o(i.NVIC_EnableIRQ)
    NVIC_EnableIRQ                           0x08001129   Thumb Code    22  adxrs453.o(i.NVIC_EnableIRQ)
    i.NVIC_SetPriority                       0x08001140   Section        0  adxl345.o(i.NVIC_SetPriority)
    NVIC_SetPriority                         0x08001141   Thumb Code    32  adxl345.o(i.NVIC_SetPriority)
    i.NVIC_SetPriority                       0x08001168   Section        0  adxrs453.o(i.NVIC_SetPriority)
    NVIC_SetPriority                         0x08001169   Thumb Code    32  adxrs453.o(i.NVIC_SetPriority)
    i.Processing_TIM_Init                    0x08001190   Section        0  processing.o(i.Processing_TIM_Init)
    i.RCC_Init                               0x0800120c   Section        0  main.o(i.RCC_Init)
    i.SPI2_GPIO_Init                         0x0800124c   Section        0  adxl345.o(i.SPI2_GPIO_Init)
    i.SPI2_IRQHandler                        0x08001334   Section        0  adxrs290.o(i.SPI2_IRQHandler)
    i.SPI2_Init                              0x08001600   Section        0  adxl345.o(i.SPI2_Init)
    i.SPI2_Read                              0x08001670   Section        0  adxl345.o(i.SPI2_Read)
    i.SPI2_SensorsPoll                       0x08001688   Section        0  adxrs290.o(i.SPI2_SensorsPoll)
    i.SPI2_Transfer                          0x080016fc   Section        0  adxl345.o(i.SPI2_Transfer)
    i.SPI2_Write                             0x08001730   Section        0  adxl345.o(i.SPI2_Write)
    i.SPI3_NSS_High                          0x08001744   Section        0  adxrs453.o(i.SPI3_NSS_High)
    i.SPI3_NSS_Low                           0x08001760   Section        0  adxrs453.o(i.SPI3_NSS_Low)
    i.SendTelemetry                          0x0800177c   Section        0  telemetry.o(i.SendTelemetry)
    i.SystemInit                             0x080017b8   Section        0  system_stm32f4xx.o(i.SystemInit)
    i.TIM1_BRK_TIM9_IRQHandler               0x08001898   Section        0  motors.o(i.TIM1_BRK_TIM9_IRQHandler)
    i.TIM2_IRQHandler                        0x080018cc   Section        0  adxrs453.o(i.TIM2_IRQHandler)
    i.TIM3_IRQHandler                        0x080018f0   Section        0  motors.o(i.TIM3_IRQHandler)
    i.TIM5_IRQHandler                        0x08001950   Section        0  motors.o(i.TIM5_IRQHandler)
    i.TIM7_IRQHandler                        0x08001984   Section        0  processing.o(i.TIM7_IRQHandler)
    i.Telemetry_DMA_Init                     0x080019e8   Section        0  telemetry.o(i.Telemetry_DMA_Init)
    i.USART1_IRQHandler                      0x08001a3c   Section        0  telemetry.o(i.USART1_IRQHandler)
    i.USART_Init                             0x080020b4   Section        0  telemetry.o(i.USART_Init)
    i.getFinalData                           0x080021b8   Section        0  processing.o(i.getFinalData)
    i.initWaitingForFloat                    0x08002218   Section        0  telemetry.o(i.initWaitingForFloat)
    i.initWaitingForInt                      0x0800225c   Section        0  telemetry.o(i.initWaitingForInt)
    i.lowpass                                0x08002288   Section        0  processing.o(i.lowpass)
    i.main                                   0x080022dc   Section        0  main.o(i.main)
    x$fpl$fpinit                             0x0800244c   Section       10  fpinit.o(x$fpl$fpinit)
    $v0                                      0x0800244c   Number         0  fpinit.o(x$fpl$fpinit)
    .data                                    0x20000000   Section       64  main.o(.data)
    .data                                    0x20000040   Section       48  adxl345.o(.data)
    .data                                    0x20000070   Section       49  telemetry.o(.data)
    .data                                    0x200000a4   Section      632  processing.o(.data)
    .data                                    0x2000031c   Section       30  motors.o(.data)
    .data                                    0x2000033c   Section       34  adxrs453.o(.data)
    .data                                    0x20000360   Section     1768  adxrs290.o(.data)
    .data                                    0x20000a48   Section     2094  filters.o(.data)
    .bss                                     0x20001278   Section       24  adxl345.o(.bss)
    .bss                                     0x20001290   Section      220  telemetry.o(.bss)
    .bss                                     0x2000136c   Section      616  processing.o(.bss)
    .bss                                     0x200015d4   Section     4200  adxrs290.o(.bss)
    .bss                                     0x2000263c   Section     7760  filters.o(.bss)
    .bss                                     0x2000448c   Section       96  libspace.o(.bss)
    HEAP                                     0x200044f0   Section     1024  startup_stm32f407xx.o(HEAP)
    Heap_Mem                                 0x200044f0   Data        1024  startup_stm32f407xx.o(HEAP)
    STACK                                    0x200048f0   Section     2048  startup_stm32f407xx.o(STACK)
    Stack_Mem                                0x200048f0   Data        2048  startup_stm32f407xx.o(STACK)
    __initial_sp                             0x200050f0   Data           0  startup_stm32f407xx.o(STACK)

    Global Symbols

    Symbol Name                              Value     Ov Type        Size  Object(Section)

    BuildAttributes$$THM_ISAv4$E$P$D$K$B$S$7EM$VFPi3$EXTD16$VFPS$VFMA$PE$A:L22UL41UL21$X:L11$S22US41US21$IEEE1$IW$USESV6$~STKCKD$USESV7$~SHL$OTIME$ROPI$IEEEX$EBA8$UX$STANDARDLIB$REQ8$PRES8$EABIv2 0x00000000   Number         0  anon$$obj.o ABSOLUTE
    __ARM_use_no_argv                        0x00000000   Number         0  main.o ABSOLUTE
    __ARM_exceptions_init                     - Undefined Weak Reference
    __alloca_initialize                       - Undefined Weak Reference
    __arm_preinit_                            - Undefined Weak Reference
    __cpp_initialize__aeabi_                  - Undefined Weak Reference
    __cxa_finalize                            - Undefined Weak Reference
    __rt_locale                               - Undefined Weak Reference
    __sigvec_lookup                           - Undefined Weak Reference
    __user_heap_extent                        - Undefined Weak Reference
    _atexit_init                              - Undefined Weak Reference
    _call_atexit_fns                          - Undefined Weak Reference
    _clock_init                               - Undefined Weak Reference
    _fp_trap_big                              - Undefined Weak Reference
    _fp_trap_init                             - Undefined Weak Reference
    _fp_trap_shutdown                         - Undefined Weak Reference
    _get_lc_collate                           - Undefined Weak Reference
    _get_lc_ctype                             - Undefined Weak Reference
    _get_lc_monetary                          - Undefined Weak Reference
    _get_lc_numeric                           - Undefined Weak Reference
    _get_lc_time                              - Undefined Weak Reference
    _getenv_init                              - Undefined Weak Reference
    _handle_redirection                       - Undefined Weak Reference
    _initio                                   - Undefined Weak Reference
    _mutex_acquire                            - Undefined Weak Reference
    _mutex_free                               - Undefined Weak Reference
    _mutex_release                            - Undefined Weak Reference
    _rand_init                                - Undefined Weak Reference
    _signal_finish                            - Undefined Weak Reference
    _signal_init                              - Undefined Weak Reference
    _terminateio                              - Undefined Weak Reference
    __Vectors_Size                           0x00000188   Number         0  startup_stm32f407xx.o ABSOLUTE
    __Vectors                                0x08000000   Data           4  startup_stm32f407xx.o(RESET)
    __Vectors_End                            0x08000188   Data           0  startup_stm32f407xx.o(RESET)
    __main                                   0x08000189   Thumb Code     8  __main.o(!!!main)
    __scatterload                            0x08000191   Thumb Code     0  __scatter.o(!!!scatter)
    __scatterload_rt2                        0x08000191   Thumb Code    44  __scatter.o(!!!scatter)
    __scatterload_rt2_thumb_only             0x08000191   Thumb Code     0  __scatter.o(!!!scatter)
    __scatterload_null                       0x0800019f   Thumb Code     0  __scatter.o(!!!scatter)
    __decompress                             0x080001c5   Thumb Code   100  __dclz77c.o(!!dclz77c)
    __decompress2                            0x080001c5   Thumb Code     0  __dclz77c.o(!!dclz77c)
    __scatterload_zeroinit                   0x08000229   Thumb Code    28  __scatter_zi.o(!!handler_zi)
    __rt_lib_init                            0x08000245   Thumb Code     0  libinit.o(.ARM.Collect$$libinit$$00000000)
    __rt_lib_init_fp_1                       0x08000247   Thumb Code     0  libinit2.o(.ARM.Collect$$libinit$$00000001)
    __rt_lib_init_alloca_1                   0x0800024b   Thumb Code     0  libinit2.o(.ARM.Collect$$libinit$$0000002E)
    __rt_lib_init_argv_1                     0x0800024b   Thumb Code     0  libinit2.o(.ARM.Collect$$libinit$$0000002C)
    __rt_lib_init_atexit_1                   0x0800024b   Thumb Code     0  libinit2.o(.ARM.Collect$$libinit$$0000001B)
    __rt_lib_init_clock_1                    0x0800024b   Thumb Code     0  libinit2.o(.ARM.Collect$$libinit$$00000021)
    __rt_lib_init_cpp_1                      0x0800024b   Thumb Code     0  libinit2.o(.ARM.Collect$$libinit$$00000032)
    __rt_lib_init_exceptions_1               0x0800024b   Thumb Code     0  libinit2.o(.ARM.Collect$$libinit$$00000030)
    __rt_lib_init_fp_trap_1                  0x0800024b   Thumb Code     0  libinit2.o(.ARM.Collect$$libinit$$0000001F)
    __rt_lib_init_getenv_1                   0x0800024b   Thumb Code     0  libinit2.o(.ARM.Collect$$libinit$$00000023)
    __rt_lib_init_heap_1                     0x0800024b   Thumb Code     0  libinit2.o(.ARM.Collect$$libinit$$0000000A)
    __rt_lib_init_lc_collate_1               0x0800024b   Thumb Code     0  libinit2.o(.ARM.Collect$$libinit$$00000011)
    __rt_lib_init_lc_ctype_1                 0x0800024b   Thumb Code     0  libinit2.o(.ARM.Collect$$libinit$$00000013)
    __rt_lib_init_lc_monetary_1              0x0800024b   Thumb Code     0  libinit2.o(.ARM.Collect$$libinit$$00000015)
    __rt_lib_init_lc_numeric_1               0x0800024b   Thumb Code     0  libinit2.o(.ARM.Collect$$libinit$$00000017)
    __rt_lib_init_lc_time_1                  0x0800024b   Thumb Code     0  libinit2.o(.ARM.Collect$$libinit$$00000019)
    __rt_lib_init_preinit_1                  0x0800024b   Thumb Code     0  libinit2.o(.ARM.Collect$$libinit$$00000004)
    __rt_lib_init_rand_1                     0x0800024b   Thumb Code     0  libinit2.o(.ARM.Collect$$libinit$$0000000E)
    __rt_lib_init_return                     0x0800024b   Thumb Code     0  libinit2.o(.ARM.Collect$$libinit$$00000033)
    __rt_lib_init_signal_1                   0x0800024b   Thumb Code     0  libinit2.o(.ARM.Collect$$libinit$$0000001D)
    __rt_lib_init_stdio_1                    0x0800024b   Thumb Code     0  libinit2.o(.ARM.Collect$$libinit$$00000025)
    __rt_lib_init_user_alloc_1               0x0800024b   Thumb Code     0  libinit2.o(.ARM.Collect$$libinit$$0000000C)
    __rt_lib_shutdown                        0x0800024d   Thumb Code     0  libshutdown.o(.ARM.Collect$$libshutdown$$00000000)
    __rt_lib_shutdown_fp_trap_1              0x0800024f   Thumb Code     0  libshutdown2.o(.ARM.Collect$$libshutdown$$00000006)
    __rt_lib_shutdown_heap_1                 0x0800024f   Thumb Code     0  libshutdown2.o(.ARM.Collect$$libshutdown$$0000000E)
    __rt_lib_shutdown_return                 0x0800024f   Thumb Code     0  libshutdown2.o(.ARM.Collect$$libshutdown$$0000000F)
    __rt_lib_shutdown_signal_1               0x0800024f   Thumb Code     0  libshutdown2.o(.ARM.Collect$$libshutdown$$00000009)
    __rt_lib_shutdown_stdio_1                0x0800024f   Thumb Code     0  libshutdown2.o(.ARM.Collect$$libshutdown$$00000003)
    __rt_lib_shutdown_user_alloc_1           0x0800024f   Thumb Code     0  libshutdown2.o(.ARM.Collect$$libshutdown$$0000000B)
    __rt_entry                               0x08000251   Thumb Code     0  __rtentry.o(.ARM.Collect$$rtentry$$00000000)
    __rt_entry_presh_1                       0x08000251   Thumb Code     0  __rtentry2.o(.ARM.Collect$$rtentry$$00000002)
    __rt_entry_sh                            0x08000251   Thumb Code     0  __rtentry4.o(.ARM.Collect$$rtentry$$00000004)
    __rt_entry_li                            0x08000257   Thumb Code     0  __rtentry2.o(.ARM.Collect$$rtentry$$0000000A)
    __rt_entry_postsh_1                      0x08000257   Thumb Code     0  __rtentry2.o(.ARM.Collect$$rtentry$$00000009)
    __rt_entry_main                          0x0800025b   Thumb Code     0  __rtentry2.o(.ARM.Collect$$rtentry$$0000000D)
    __rt_entry_postli_1                      0x0800025b   Thumb Code     0  __rtentry2.o(.ARM.Collect$$rtentry$$0000000C)
    __rt_exit                                0x08000263   Thumb Code     0  rtexit.o(.ARM.Collect$$rtexit$$00000000)
    __rt_exit_ls                             0x08000265   Thumb Code     0  rtexit2.o(.ARM.Collect$$rtexit$$00000003)
    __rt_exit_prels_1                        0x08000265   Thumb Code     0  rtexit2.o(.ARM.Collect$$rtexit$$00000002)
    __rt_exit_exit                           0x08000269   Thumb Code     0  rtexit2.o(.ARM.Collect$$rtexit$$00000004)
    Reset_Handler                            0x08000271   Thumb Code     8  startup_stm32f407xx.o(.text)
    NMI_Handler                              0x08000279   Thumb Code     2  startup_stm32f407xx.o(.text)
    HardFault_Handler                        0x0800027b   Thumb Code     2  startup_stm32f407xx.o(.text)
    MemManage_Handler                        0x0800027d   Thumb Code     2  startup_stm32f407xx.o(.text)
    BusFault_Handler                         0x0800027f   Thumb Code     2  startup_stm32f407xx.o(.text)
    UsageFault_Handler                       0x08000281   Thumb Code     2  startup_stm32f407xx.o(.text)
    SVC_Handler                              0x08000283   Thumb Code     2  startup_stm32f407xx.o(.text)
    DebugMon_Handler                         0x08000285   Thumb Code     2  startup_stm32f407xx.o(.text)
    PendSV_Handler                           0x08000287   Thumb Code     2  startup_stm32f407xx.o(.text)
    SysTick_Handler                          0x08000289   Thumb Code     2  startup_stm32f407xx.o(.text)
    ADC_IRQHandler                           0x0800028b   Thumb Code     0  startup_stm32f407xx.o(.text)
    CAN1_RX0_IRQHandler                      0x0800028b   Thumb Code     0  startup_stm32f407xx.o(.text)
    CAN1_RX1_IRQHandler                      0x0800028b   Thumb Code     0  startup_stm32f407xx.o(.text)
    CAN1_SCE_IRQHandler                      0x0800028b   Thumb Code     0  startup_stm32f407xx.o(.text)
    CAN1_TX_IRQHandler                       0x0800028b   Thumb Code     0  startup_stm32f407xx.o(.text)
    CAN2_RX0_IRQHandler                      0x0800028b   Thumb Code     0  startup_stm32f407xx.o(.text)
    CAN2_RX1_IRQHandler                      0x0800028b   Thumb Code     0  startup_stm32f407xx.o(.text)
    CAN2_SCE_IRQHandler                      0x0800028b   Thumb Code     0  startup_stm32f407xx.o(.text)
    CAN2_TX_IRQHandler                       0x0800028b   Thumb Code     0  startup_stm32f407xx.o(.text)
    DCMI_IRQHandler                          0x0800028b   Thumb Code     0  startup_stm32f407xx.o(.text)
    DMA1_Stream0_IRQHandler                  0x0800028b   Thumb Code     0  startup_stm32f407xx.o(.text)
    DMA1_Stream1_IRQHandler                  0x0800028b   Thumb Code     0  startup_stm32f407xx.o(.text)
    DMA1_Stream6_IRQHandler                  0x0800028b   Thumb Code     0  startup_stm32f407xx.o(.text)
    DMA1_Stream7_IRQHandler                  0x0800028b   Thumb Code     0  startup_stm32f407xx.o(.text)
    DMA2_Stream0_IRQHandler                  0x0800028b   Thumb Code     0  startup_stm32f407xx.o(.text)
    DMA2_Stream1_IRQHandler                  0x0800028b   Thumb Code     0  startup_stm32f407xx.o(.text)
    DMA2_Stream2_IRQHandler                  0x0800028b   Thumb Code     0  startup_stm32f407xx.o(.text)
    DMA2_Stream3_IRQHandler                  0x0800028b   Thumb Code     0  startup_stm32f407xx.o(.text)
    DMA2_Stream4_IRQHandler                  0x0800028b   Thumb Code     0  startup_stm32f407xx.o(.text)
    DMA2_Stream5_IRQHandler                  0x0800028b   Thumb Code     0  startup_stm32f407xx.o(.text)
    DMA2_Stream6_IRQHandler                  0x0800028b   Thumb Code     0  startup_stm32f407xx.o(.text)
    ETH_IRQHandler                           0x0800028b   Thumb Code     0  startup_stm32f407xx.o(.text)
    ETH_WKUP_IRQHandler                      0x0800028b   Thumb Code     0  startup_stm32f407xx.o(.text)
    EXTI0_IRQHandler                         0x0800028b   Thumb Code     0  startup_stm32f407xx.o(.text)
    EXTI3_IRQHandler                         0x0800028b   Thumb Code     0  startup_stm32f407xx.o(.text)
    EXTI9_5_IRQHandler                       0x0800028b   Thumb Code     0  startup_stm32f407xx.o(.text)
    FLASH_IRQHandler                         0x0800028b   Thumb Code     0  startup_stm32f407xx.o(.text)
    FMC_IRQHandler                           0x0800028b   Thumb Code     0  startup_stm32f407xx.o(.text)
    FPU_IRQHandler                           0x0800028b   Thumb Code     0  startup_stm32f407xx.o(.text)
    HASH_RNG_IRQHandler                      0x0800028b   Thumb Code     0  startup_stm32f407xx.o(.text)
    I2C1_ER_IRQHandler                       0x0800028b   Thumb Code     0  startup_stm32f407xx.o(.text)
    I2C1_EV_IRQHandler                       0x0800028b   Thumb Code     0  startup_stm32f407xx.o(.text)
    I2C2_ER_IRQHandler                       0x0800028b   Thumb Code     0  startup_stm32f407xx.o(.text)
    I2C2_EV_IRQHandler                       0x0800028b   Thumb Code     0  startup_stm32f407xx.o(.text)
    I2C3_ER_IRQHandler                       0x0800028b   Thumb Code     0  startup_stm32f407xx.o(.text)
    I2C3_EV_IRQHandler                       0x0800028b   Thumb Code     0  startup_stm32f407xx.o(.text)
    OTG_FS_IRQHandler                        0x0800028b   Thumb Code     0  startup_stm32f407xx.o(.text)
    OTG_FS_WKUP_IRQHandler                   0x0800028b   Thumb Code     0  startup_stm32f407xx.o(.text)
    OTG_HS_EP1_IN_IRQHandler                 0x0800028b   Thumb Code     0  startup_stm32f407xx.o(.text)
    OTG_HS_EP1_OUT_IRQHandler                0x0800028b   Thumb Code     0  startup_stm32f407xx.o(.text)
    OTG_HS_IRQHandler                        0x0800028b   Thumb Code     0  startup_stm32f407xx.o(.text)
    OTG_HS_WKUP_IRQHandler                   0x0800028b   Thumb Code     0  startup_stm32f407xx.o(.text)
    PVD_IRQHandler                           0x0800028b   Thumb Code     0  startup_stm32f407xx.o(.text)
    RCC_IRQHandler                           0x0800028b   Thumb Code     0  startup_stm32f407xx.o(.text)
    RTC_Alarm_IRQHandler                     0x0800028b   Thumb Code     0  startup_stm32f407xx.o(.text)
    RTC_WKUP_IRQHandler                      0x0800028b   Thumb Code     0  startup_stm32f407xx.o(.text)
    SDIO_IRQHandler                          0x0800028b   Thumb Code     0  startup_stm32f407xx.o(.text)
    SPI1_IRQHandler                          0x0800028b   Thumb Code     0  startup_stm32f407xx.o(.text)
    SPI3_IRQHandler                          0x0800028b   Thumb Code     0  startup_stm32f407xx.o(.text)
    TAMP_STAMP_IRQHandler                    0x0800028b   Thumb Code     0  startup_stm32f407xx.o(.text)
    TIM1_CC_IRQHandler                       0x0800028b   Thumb Code     0  startup_stm32f407xx.o(.text)
    TIM1_TRG_COM_TIM11_IRQHandler            0x0800028b   Thumb Code     0  startup_stm32f407xx.o(.text)
    TIM1_UP_TIM10_IRQHandler                 0x0800028b   Thumb Code     0  startup_stm32f407xx.o(.text)
    TIM4_IRQHandler                          0x0800028b   Thumb Code     0  startup_stm32f407xx.o(.text)
    TIM6_DAC_IRQHandler                      0x0800028b   Thumb Code     0  startup_stm32f407xx.o(.text)
    TIM8_BRK_TIM12_IRQHandler                0x0800028b   Thumb Code     0  startup_stm32f407xx.o(.text)
    TIM8_CC_IRQHandler                       0x0800028b   Thumb Code     0  startup_stm32f407xx.o(.text)
    TIM8_TRG_COM_TIM14_IRQHandler            0x0800028b   Thumb Code     0  startup_stm32f407xx.o(.text)
    TIM8_UP_TIM13_IRQHandler                 0x0800028b   Thumb Code     0  startup_stm32f407xx.o(.text)
    UART4_IRQHandler                         0x0800028b   Thumb Code     0  startup_stm32f407xx.o(.text)
    UART5_IRQHandler                         0x0800028b   Thumb Code     0  startup_stm32f407xx.o(.text)
    USART2_IRQHandler                        0x0800028b   Thumb Code     0  startup_stm32f407xx.o(.text)
    USART3_IRQHandler                        0x0800028b   Thumb Code     0  startup_stm32f407xx.o(.text)
    USART6_IRQHandler                        0x0800028b   Thumb Code     0  startup_stm32f407xx.o(.text)
    WWDG_IRQHandler                          0x0800028b   Thumb Code     0  startup_stm32f407xx.o(.text)
    __user_initial_stackheap                 0x0800028d   Thumb Code     0  startup_stm32f407xx.o(.text)
    arm_fir_decimate_f32                     0x080002b1   Thumb Code  1086  arm_fir_decimate_f32.o(.text)
    arm_fir_decimate_init_f32                0x080006ef   Thumb Code    52  arm_fir_decimate_init_f32.o(.text)
    __aeabi_memcpy                           0x08000723   Thumb Code     0  rt_memcpy_v6.o(.text)
    __rt_memcpy                              0x08000723   Thumb Code   138  rt_memcpy_v6.o(.text)
    _memcpy_lastbytes                        0x08000789   Thumb Code     0  rt_memcpy_v6.o(.text)
    __aeabi_memcpy4                          0x080007ad   Thumb Code     0  rt_memcpy_w.o(.text)
    __aeabi_memcpy8                          0x080007ad   Thumb Code     0  rt_memcpy_w.o(.text)
    __rt_memcpy_w                            0x080007ad   Thumb Code   100  rt_memcpy_w.o(.text)
    _memcpy_lastbytes_aligned                0x080007f5   Thumb Code     0  rt_memcpy_w.o(.text)
    __aeabi_memclr4                          0x08000811   Thumb Code     0  rt_memclr_w.o(.text)
    __aeabi_memclr8                          0x08000811   Thumb Code     0  rt_memclr_w.o(.text)
    __rt_memclr_w                            0x08000811   Thumb Code    78  rt_memclr_w.o(.text)
    _memset_w                                0x08000815   Thumb Code     0  rt_memclr_w.o(.text)
    __use_two_region_memory                  0x0800085f   Thumb Code     2  heapauxi.o(.text)
    __rt_heap_escrow                         0x08000861   Thumb Code     2  heapauxi.o(.text)
    __rt_heap_expand                         0x08000863   Thumb Code     2  heapauxi.o(.text)
    __user_libspace                          0x08000865   Thumb Code     8  libspace.o(.text)
    __user_perproc_libspace                  0x08000865   Thumb Code     0  libspace.o(.text)
    __user_perthread_libspace                0x08000865   Thumb Code     0  libspace.o(.text)
    __I$use$semihosting                      0x0800086d   Thumb Code     0  use_no_semi.o(.text)
    __use_no_semihosting_swi                 0x0800086d   Thumb Code     2  use_no_semi.o(.text)
    __semihosting_library_function           0x0800086f   Thumb Code     0  indicate_semi.o(.text)
    __user_setup_stackheap                   0x0800086f   Thumb Code    74  sys_stackheap_outer.o(.text)
    exit                                     0x080008b9   Thumb Code    12  exit.o(.text)
    _sys_exit                                0x080008c5   Thumb Code     8  sys_exit.o(.text)
    ADXL345_Calibr                           0x080008d1   Thumb Code    48  adxl345.o(i.ADXL345_Calibr)
    ADXL345_DMA_Init                         0x08000915   Thumb Code    88  adxl345.o(i.ADXL345_DMA_Init)
    ADXL345_Init                             0x08000981   Thumb Code   116  adxl345.o(i.ADXL345_Init)
    ADXRS290_NSS_High                        0x080009f9   Thumb Code    28  adxrs290.o(i.ADXRS290_NSS_High)
    ADXRS290_NSS_Init                        0x08000a1d   Thumb Code    58  adxrs290.o(i.ADXRS290_NSS_Init)
    ADXRS290_NSS_Low                         0x08000a61   Thumb Code    28  adxrs290.o(i.ADXRS290_NSS_Low)
    ADXRS_Calibr                             0x08000a85   Thumb Code    32  adxrs453.o(i.ADXRS_Calibr)
    ADXRS_DMA_Read                           0x08000ab9   Thumb Code   114  adxrs453.o(i.ADXRS_DMA_Read)
    ARS_GetData                              0x08000b45   Thumb Code    58  adxrs290.o(i.ARS_GetData)
    Accel_EXTI_Init                          0x08000b91   Thumb Code    76  adxl345.o(i.Accel_EXTI_Init)
    Accel_GetData                            0x08000be9   Thumb Code    22  adxl345.o(i.Accel_GetData)
    Accel_NSS_High                           0x08000c05   Thumb Code    20  adxl345.o(i.Accel_NSS_High)
    Accel_NSS_Init                           0x08000c21   Thumb Code    66  adxl345.o(i.Accel_NSS_Init)
    Accel_NSS_Low                            0x08000c6d   Thumb Code    20  adxl345.o(i.Accel_NSS_Low)
    Accel_UpdateFreq                         0x08000c89   Thumb Code    34  adxl345.o(i.Accel_UpdateFreq)
    Accel_VDD_Init                           0x08000cb5   Thumb Code    86  adxl345.o(i.Accel_VDD_Init)
    All_NSS_High                             0x08000d15   Thumb Code    28  adxrs290.o(i.All_NSS_High)
    DMA1_Stream2_IRQHandler                  0x08000d31   Thumb Code   164  adxrs453.o(i.DMA1_Stream2_IRQHandler)
    DMA1_Stream3_IRQHandler                  0x08000e01   Thumb Code   258  adxl345.o(i.DMA1_Stream3_IRQHandler)
    DMA1_Stream4_IRQHandler                  0x08000f2d   Thumb Code    34  adxl345.o(i.DMA1_Stream4_IRQHandler)
    DMA1_Stream5_IRQHandler                  0x08000f55   Thumb Code     6  adxrs453.o(i.DMA1_Stream5_IRQHandler)
    DMA2_Stream7_IRQHandler                  0x08000f61   Thumb Code    28  telemetry.o(i.DMA2_Stream7_IRQHandler)
    Delay                                    0x08000f85   Thumb Code    40  adxl345.o(i.Delay)
    EXTI15_10_IRQHandler                     0x08000fad   Thumb Code    52  adxrs290.o(i.EXTI15_10_IRQHandler)
    EXTI1_IRQHandler                         0x08000fe9   Thumb Code    24  adxl345.o(i.EXTI1_IRQHandler)
    EXTI2_IRQHandler                         0x08001005   Thumb Code    44  motors.o(i.EXTI2_IRQHandler)
    EXTI4_IRQHandler                         0x0800103d   Thumb Code    40  motors.o(i.EXTI4_IRQHandler)
    Message_ToByteArray                      0x08001071   Thumb Code    64  telemetry.o(i.Message_ToByteArray)
    Motors_Run                               0x080010b5   Thumb Code    20  motors.o(i.Motors_Run)
    Motors_Stop                              0x080010d5   Thumb Code    26  motors.o(i.Motors_Stop)
    Processing_TIM_Init                      0x08001191   Thumb Code   106  processing.o(i.Processing_TIM_Init)
    RCC_Init                                 0x0800120d   Thumb Code    46  main.o(i.RCC_Init)
    SPI2_GPIO_Init                           0x0800124d   Thumb Code   216  adxl345.o(i.SPI2_GPIO_Init)
    SPI2_IRQHandler                          0x08001335   Thumb Code   648  adxrs290.o(i.SPI2_IRQHandler)
    SPI2_Init                                0x08001601   Thumb Code   108  adxl345.o(i.SPI2_Init)
    SPI2_Read                                0x08001671   Thumb Code    22  adxl345.o(i.SPI2_Read)
    SPI2_SensorsPoll                         0x08001689   Thumb Code    90  adxrs290.o(i.SPI2_SensorsPoll)
    SPI2_Transfer                            0x080016fd   Thumb Code    46  adxl345.o(i.SPI2_Transfer)
    SPI2_Write                               0x08001731   Thumb Code    20  adxl345.o(i.SPI2_Write)
    SPI3_NSS_High                            0x08001745   Thumb Code    20  adxrs453.o(i.SPI3_NSS_High)
    SPI3_NSS_Low                             0x08001761   Thumb Code    20  adxrs453.o(i.SPI3_NSS_Low)
    SendTelemetry                            0x0800177d   Thumb Code    40  telemetry.o(i.SendTelemetry)
    SystemInit                               0x080017b9   Thumb Code   202  system_stm32f4xx.o(i.SystemInit)
    TIM1_BRK_TIM9_IRQHandler                 0x08001899   Thumb Code    38  motors.o(i.TIM1_BRK_TIM9_IRQHandler)
    TIM2_IRQHandler                          0x080018cd   Thumb Code    36  adxrs453.o(i.TIM2_IRQHandler)
    TIM3_IRQHandler                          0x080018f1   Thumb Code    76  motors.o(i.TIM3_IRQHandler)
    TIM5_IRQHandler                          0x08001951   Thumb Code    38  motors.o(i.TIM5_IRQHandler)
    TIM7_IRQHandler                          0x08001985   Thumb Code    84  processing.o(i.TIM7_IRQHandler)
    Telemetry_DMA_Init                       0x080019e9   Thumb Code    58  telemetry.o(i.Telemetry_DMA_Init)
    USART1_IRQHandler                        0x08001a3d   Thumb Code  1572  telemetry.o(i.USART1_IRQHandler)
    USART_Init                               0x080020b5   Thumb Code   236  telemetry.o(i.USART_Init)
    getFinalData                             0x080021b9   Thumb Code    80  processing.o(i.getFinalData)
    initWaitingForFloat                      0x08002219   Thumb Code    44  telemetry.o(i.initWaitingForFloat)
    initWaitingForInt                        0x0800225d   Thumb Code    26  telemetry.o(i.initWaitingForInt)
    lowpass                                  0x08002289   Thumb Code    78  processing.o(i.lowpass)
    main                                     0x080022dd   Thumb Code   296  main.o(i.main)
    _fp_init                                 0x0800244d   Thumb Code    10  fpinit.o(x$fpl$fpinit)
    __fplib_config_fpu_vfp                   0x08002455   Thumb Code     0  fpinit.o(x$fpl$fpinit)
    __fplib_config_pureend_doubles           0x08002455   Thumb Code     0  fpinit.o(x$fpl$fpinit)
    Region$$Table$$Base                      0x08002458   Number         0  anon$$obj.o(Region$$Table)
    Region$$Table$$Limit                     0x08002478   Number         0  anon$$obj.o(Region$$Table)
    orient                                   0x20000000   Data          16  main.o(.data)
    ax                                       0x20000010   Data           2  main.o(.data)
    ay                                       0x20000012   Data           2  main.o(.data)
    az                                       0x20000014   Data           2  main.o(.data)
    ENGRDY                                   0x20000016   Data           1  main.o(.data)
    pwm                                      0x20000018   Data           4  main.o(.data)
    pwm1                                     0x2000001c   Data           4  main.o(.data)
    pwm2                                     0x20000020   Data           4  main.o(.data)
    COUNT1                                   0x20000024   Data           4  main.o(.data)
    COUNT2                                   0x20000028   Data           4  main.o(.data)
    F                                        0x2000002c   Data           4  main.o(.data)
    Kp                                       0x20000030   Data           4  main.o(.data)
    Kd                                       0x20000034   Data           4  main.o(.data)
    Ki                                       0x20000038   Data           4  main.o(.data)
    filterScale                              0x2000003c   Data           4  main.o(.data)
    SPI2_SCK                                 0x20000040   Data           1  adxl345.o(.data)
    SPI2_MISO                                0x20000041   Data           1  adxl345.o(.data)
    SPI2_MOSI                                0x20000042   Data           1  adxl345.o(.data)
    ACCEL_NSS                                0x20000043   Data           1  adxl345.o(.data)
    ACCEL_INT1                               0x20000044   Data           1  adxl345.o(.data)
    ACCEL_VDD                                0x20000045   Data           1  adxl345.o(.data)
    accelRegisters                           0x20000046   Data          12  adxl345.o(.data)
    accelCalibrationOn                       0x20000052   Data           1  adxl345.o(.data)
    accelCalibrIndex                         0x20000054   Data           4  adxl345.o(.data)
    accelCalibrNumber                        0x20000058   Data           4  adxl345.o(.data)
    a                                        0x2000005c   Data           6  adxl345.o(.data)
    a_offset                                 0x20000062   Data           6  adxl345.o(.data)
    freshFreq                                0x20000068   Data           1  adxl345.o(.data)
    curFreq                                  0x20000069   Data           1  adxl345.o(.data)
    curDT                                    0x2000006c   Data           4  adxl345.o(.data)
    UART1_TX                                 0x20000070   Data           1  telemetry.o(.data)
    UART1_RX                                 0x20000071   Data           1  telemetry.o(.data)
    Message_Size                             0x20000072   Data           1  telemetry.o(.data)
    received                                 0x20000073   Data           1  telemetry.o(.data)
    i                                        0x20000074   Data           4  telemetry.o(.data)
    st                                       0x20000078   Data           4  telemetry.o(.data)
    intValue                                 0x2000007c   Data           4  telemetry.o(.data)
    k                                        0x20000080   Data           4  telemetry.o(.data)
    my_pow                                   0x20000084   Data           4  telemetry.o(.data)
    d_st                                     0x20000088   Data           4  telemetry.o(.data)
    floatValue                               0x2000008c   Data           4  telemetry.o(.data)
    curWaiting                               0x20000090   Data           1  telemetry.o(.data)
    curWaitingForInt                         0x20000091   Data           1  telemetry.o(.data)
    curWaitingForFloat                       0x20000092   Data           1  telemetry.o(.data)
    telemetryOn                              0x20000093   Data           1  telemetry.o(.data)
    recalibrate                              0x20000094   Data           1  telemetry.o(.data)
    turnUselessOn                            0x20000095   Data           1  telemetry.o(.data)
    gyroRecalibrationOn                      0x20000096   Data           1  telemetry.o(.data)
    len                                      0x20000097   Data           1  telemetry.o(.data)
    j                                        0x20000098   Data           1  telemetry.o(.data)
    rst                                      0x2000009c   Data           4  telemetry.o(.data)
    USART_DMA_transferComleted               0x200000a0   Data           1  telemetry.o(.data)
    maxAngle                                 0x200000a4   Data           4  processing.o(.data)
    accelDeviation                           0x200000a8   Data           4  processing.o(.data)
    angleFromAccel                           0x200000ac   Data           1  processing.o(.data)
    maxAngVel                                0x200000b0   Data           4  processing.o(.data)
    research                                 0x200000b4   Data           1  processing.o(.data)
    researchIndex                            0x200000b8   Data           4  processing.o(.data)
    researchAmplitude                        0x200000bc   Data           4  processing.o(.data)
    researchFrequency                        0x200000c0   Data           4  processing.o(.data)
    processCounter                           0x200000c4   Data           1  processing.o(.data)
    adxrs_b                                  0x200000c8   Data         360  processing.o(.data)
    adxrsHistoryIndex                        0x20000230   Data           1  processing.o(.data)
    adxrsCurHistoryIndex                     0x20000231   Data           1  processing.o(.data)
    filteredVel                              0x20000234   Data           4  processing.o(.data)
    doAccelProcess                           0x20000238   Data           1  processing.o(.data)
    doGyroProcess                            0x20000239   Data           1  processing.o(.data)
    doAdxrsProcess                           0x2000023a   Data           1  processing.o(.data)
    lowpassOn                                0x2000023b   Data           1  processing.o(.data)
    accelLowpassReady                        0x2000023c   Data           1  processing.o(.data)
    stabilizationOn                          0x2000023d   Data           1  processing.o(.data)
    k_dc                                     0x20000240   Data           4  processing.o(.data)
    b_dc                                     0x20000244   Data           4  processing.o(.data)
    k_f2                                     0x20000248   Data           4  processing.o(.data)
    b_f2                                     0x2000024c   Data           4  processing.o(.data)
    angleIntegral                            0x20000250   Data           4  processing.o(.data)
    angleIntegralMax                         0x20000254   Data           4  processing.o(.data)
    phi                                      0x20000258   Data           4  processing.o(.data)
    teta                                     0x2000025c   Data           4  processing.o(.data)
    psi                                      0x20000260   Data           4  processing.o(.data)
    roll                                     0x20000264   Data           4  processing.o(.data)
    pitch                                    0x20000268   Data           4  processing.o(.data)
    A                                        0x2000026c   Data          16  processing.o(.data)
    I                                        0x2000027c   Data          16  processing.o(.data)
    Xroll                                    0x2000028c   Data           8  processing.o(.data)
    Zroll                                    0x20000294   Data           8  processing.o(.data)
    Qroll                                    0x2000029c   Data          16  processing.o(.data)
    Rroll                                    0x200002ac   Data          16  processing.o(.data)
    Xpitch                                   0x200002bc   Data           8  processing.o(.data)
    Zpitch                                   0x200002c4   Data           8  processing.o(.data)
    Qpitch                                   0x200002cc   Data          16  processing.o(.data)
    Rpitch                                   0x200002dc   Data          16  processing.o(.data)
    invS                                     0x200002ec   Data          36  processing.o(.data)
    offset                                   0x20000310   Data          12  processing.o(.data)
    MOT_PWM1                                 0x2000031c   Data           1  motors.o(.data)
    MOT_PWM2                                 0x2000031d   Data           1  motors.o(.data)
    MOT_FREQ1                                0x2000031e   Data           1  motors.o(.data)
    MOT_FREQ2                                0x2000031f   Data           1  motors.o(.data)
    minPwm                                   0x20000320   Data           4  motors.o(.data)
    maxPwm                                   0x20000324   Data           4  motors.o(.data)
    tim3_status                              0x20000328   Data           1  motors.o(.data)
    start_pwm                                0x2000032c   Data           4  motors.o(.data)
    timer                                    0x20000330   Data           4  motors.o(.data)
    timer_1000                               0x20000334   Data           4  motors.o(.data)
    Motor1Off                                0x20000338   Data           1  motors.o(.data)
    Motor2Off                                0x20000339   Data           1  motors.o(.data)
    SPI3_SCK                                 0x2000033c   Data           1  adxrs453.o(.data)
    SPI3_MISO                                0x2000033d   Data           1  adxrs453.o(.data)
    SPI3_MOSI                                0x2000033e   Data           1  adxrs453.o(.data)
    SPI3_NSS                                 0x2000033f   Data           1  adxrs453.o(.data)
    adxrs_Sum                                0x20000340   Data           4  adxrs453.o(.data)
    adxrs_CalibrIndex                        0x20000344   Data           2  adxrs453.o(.data)
    adxrs_CalibrNumber                       0x20000346   Data           2  adxrs453.o(.data)
    adxrs_CalibrationOn                      0x20000348   Data           1  adxrs453.o(.data)
    adxrs_Offset                             0x2000034c   Data           4  adxrs453.o(.data)
    adxrsCommands                            0x20000350   Data           4  adxrs453.o(.data)
    adxrsResponses                           0x20000354   Data           4  adxrs453.o(.data)
    transferFinished                         0x20000358   Data           1  adxrs453.o(.data)
    adxrs_data                               0x2000035a   Data           2  adxrs453.o(.data)
    adxrsProcessCounter                      0x2000035c   Data           1  adxrs453.o(.data)
    adxrsLowpassReady                        0x2000035d   Data           1  adxrs453.o(.data)
    SPI2_curUsing                            0x20000360   Data           1  adxrs290.o(.data)
    adxrs290_regs                            0x20000361   Data           6  adxrs290.o(.data)
    adxrs290_filterCfs                       0x20000368   Data        1664  adxrs290.o(.data)
    ADXRS290_NSS_PORT                        0x200009e8   Data          16  adxrs290.o(.data)
    ADXRS290_NSS_PIN                         0x200009f8   Data           4  adxrs290.o(.data)
    ADXRS290_EXTI_PORTCODE                   0x200009fc   Data           4  adxrs290.o(.data)
    ADXRS290_EXTI_PORT                       0x20000a00   Data          16  adxrs290.o(.data)
    ADXRS290_EXTI_PIN                        0x20000a10   Data           4  adxrs290.o(.data)
    ars_spiIndex                             0x20000a14   Data           2  adxrs290.o(.data)
    ars_calibrationOn                        0x20000a16   Data           2  adxrs290.o(.data)
    ars_calibrIndex                          0x20000a18   Data           8  adxrs290.o(.data)
    ars_calibrNumber                         0x20000a20   Data           8  adxrs290.o(.data)
    ars_historyIndex                         0x20000a28   Data           4  adxrs290.o(.data)
    ars_curHistoryIndex                      0x20000a2c   Data           4  adxrs290.o(.data)
    ars_processIndex                         0x20000a30   Data           2  adxrs290.o(.data)
    ars_processNumber                        0x20000a32   Data           1  adxrs290.o(.data)
    ars_lowpassReady                         0x20000a33   Data           2  adxrs290.o(.data)
    ars_doProcess                            0x20000a35   Data           2  adxrs290.o(.data)
    ars_termoCf                              0x20000a38   Data          16  adxrs290.o(.data)
    adxrs290_lpf_cf                          0x20000a48   Data        1664  filters.o(.data)
    accel_lpf_coeffs                         0x200010c8   Data         428  filters.o(.data)
    accel_history_index                      0x20001274   Data           1  filters.o(.data)
    accel_history_filter_index               0x20001275   Data           1  filters.o(.data)
    accel                                    0x20001278   Data          12  adxl345.o(.bss)
    a_sum                                    0x20001284   Data          12  adxl345.o(.bss)
    message                                  0x20001290   Data          20  telemetry.o(.bss)
    str                                      0x200012a4   Data         100  telemetry.o(.bss)
    tele                                     0x20001308   Data         100  telemetry.o(.bss)
    adxrsHistory                             0x2000136c   Data         512  processing.o(.bss)
    final_a                                  0x2000156c   Data          12  processing.o(.bss)
    T                                        0x20001578   Data          36  processing.o(.bss)
    eulerAngleRate                           0x2000159c   Data          12  processing.o(.bss)
    Proll                                    0x200015a8   Data          16  processing.o(.bss)
    Ppitch                                   0x200015b8   Data          16  processing.o(.bss)
    tmp                                      0x200015c8   Data          12  processing.o(.bss)
    ars_rawData                              0x200015d4   Data          12  adxrs290.o(.bss)
    ars_data                                 0x200015e0   Data          12  adxrs290.o(.bss)
    ars_termoData                            0x200015ec   Data          16  adxrs290.o(.bss)
    ars_filteredData                         0x200015fc   Data          16  adxrs290.o(.bss)
    ars_angleRate                            0x2000160c   Data          16  adxrs290.o(.bss)
    ars_offset                               0x2000161c   Data          16  adxrs290.o(.bss)
    ars_sum                                  0x2000162c   Data          16  adxrs290.o(.bss)
    ars_history                              0x2000163c   Data        4096  adxrs290.o(.bss)
    adxrs290_lpf                             0x2000263c   Data          24  filters.o(.bss)
    ars_state                                0x20002654   Data        3656  filters.o(.bss)
    accel_lpf                                0x2000349c   Data          36  filters.o(.bss)
    accel_lpf_state                          0x200034c0   Data        1464  filters.o(.bss)
    accel_history                            0x20003a78   Data        2568  filters.o(.bss)
    filtered_a                               0x20004480   Data          12  filters.o(.bss)
    __libspace_start                         0x2000448c   Data          96  libspace.o(.bss)
    __temporary_stack_top$libspace           0x200044ec   Data           0  libspace.o(.bss)



==============================================================================

Memory Map of the image

  Image Entry point : 0x08000271

  Load Region LR_1 (Base: 0x08000000, Size: 0x000036f0, Max: 0xffffffff, ABSOLUTE, COMPRESSED[0x00002d70])

    Execution Region ER_RO (Base: 0x08000000, Size: 0x00002478, Max: 0xffffffff, ABSOLUTE)

    Base Addr    Size         Type   Attr      Idx    E Section Name        Object

    0x08000000   0x00000188   Data   RO          976    RESET               startup_stm32f407xx.o
    0x08000188   0x00000008   Code   RO         1162  * !!!main             c_w.l(__main.o)
    0x08000190   0x00000034   Code   RO         1552    !!!scatter          c_w.l(__scatter.o)
    0x080001c4   0x00000064   Code   RO         1550    !!dclz77c           c_w.l(__dclz77c.o)
    0x08000228   0x0000001c   Code   RO         1554    !!handler_zi        c_w.l(__scatter_zi.o)
    0x08000244   0x00000002   Code   RO         1490    .ARM.Collect$$libinit$$00000000  c_w.l(libinit.o)
    0x08000246   0x00000004   Code   RO         1300    .ARM.Collect$$libinit$$00000001  c_w.l(libinit2.o)
    0x0800024a   0x00000000   Code   RO         1303    .ARM.Collect$$libinit$$00000004  c_w.l(libinit2.o)
    0x0800024a   0x00000000   Code   RO         1306    .ARM.Collect$$libinit$$0000000A  c_w.l(libinit2.o)
    0x0800024a   0x00000000   Code   RO         1308    .ARM.Collect$$libinit$$0000000C  c_w.l(libinit2.o)
    0x0800024a   0x00000000   Code   RO         1310    .ARM.Collect$$libinit$$0000000E  c_w.l(libinit2.o)
    0x0800024a   0x00000000   Code   RO         1313    .ARM.Collect$$libinit$$00000011  c_w.l(libinit2.o)
    0x0800024a   0x00000000   Code   RO         1315    .ARM.Collect$$libinit$$00000013  c_w.l(libinit2.o)
    0x0800024a   0x00000000   Code   RO         1317    .ARM.Collect$$libinit$$00000015  c_w.l(libinit2.o)
    0x0800024a   0x00000000   Code   RO         1319    .ARM.Collect$$libinit$$00000017  c_w.l(libinit2.o)
    0x0800024a   0x00000000   Code   RO         1321    .ARM.Collect$$libinit$$00000019  c_w.l(libinit2.o)
    0x0800024a   0x00000000   Code   RO         1323    .ARM.Collect$$libinit$$0000001B  c_w.l(libinit2.o)
    0x0800024a   0x00000000   Code   RO         1325    .ARM.Collect$$libinit$$0000001D  c_w.l(libinit2.o)
    0x0800024a   0x00000000   Code   RO         1327    .ARM.Collect$$libinit$$0000001F  c_w.l(libinit2.o)
    0x0800024a   0x00000000   Code   RO         1329    .ARM.Collect$$libinit$$00000021  c_w.l(libinit2.o)
    0x0800024a   0x00000000   Code   RO         1331    .ARM.Collect$$libinit$$00000023  c_w.l(libinit2.o)
    0x0800024a   0x00000000   Code   RO         1333    .ARM.Collect$$libinit$$00000025  c_w.l(libinit2.o)
    0x0800024a   0x00000000   Code   RO         1337    .ARM.Collect$$libinit$$0000002C  c_w.l(libinit2.o)
    0x0800024a   0x00000000   Code   RO         1339    .ARM.Collect$$libinit$$0000002E  c_w.l(libinit2.o)
    0x0800024a   0x00000000   Code   RO         1341    .ARM.Collect$$libinit$$00000030  c_w.l(libinit2.o)
    0x0800024a   0x00000000   Code   RO         1343    .ARM.Collect$$libinit$$00000032  c_w.l(libinit2.o)
    0x0800024a   0x00000002   Code   RO         1344    .ARM.Collect$$libinit$$00000033  c_w.l(libinit2.o)
    0x0800024c   0x00000002   Code   RO         1547    .ARM.Collect$$libshutdown$$00000000  c_w.l(libshutdown.o)
    0x0800024e   0x00000000   Code   RO         1507    .ARM.Collect$$libshutdown$$00000003  c_w.l(libshutdown2.o)
    0x0800024e   0x00000000   Code   RO         1510    .ARM.Collect$$libshutdown$$00000006  c_w.l(libshutdown2.o)
    0x0800024e   0x00000000   Code   RO         1513    .ARM.Collect$$libshutdown$$00000009  c_w.l(libshutdown2.o)
    0x0800024e   0x00000000   Code   RO         1515    .ARM.Collect$$libshutdown$$0000000B  c_w.l(libshutdown2.o)
    0x0800024e   0x00000000   Code   RO         1518    .ARM.Collect$$libshutdown$$0000000E  c_w.l(libshutdown2.o)
    0x0800024e   0x00000002   Code   RO         1519    .ARM.Collect$$libshutdown$$0000000F  c_w.l(libshutdown2.o)
    0x08000250   0x00000000   Code   RO         1270    .ARM.Collect$$rtentry$$00000000  c_w.l(__rtentry.o)
    0x08000250   0x00000000   Code   RO         1414    .ARM.Collect$$rtentry$$00000002  c_w.l(__rtentry2.o)
    0x08000250   0x00000006   Code   RO         1426    .ARM.Collect$$rtentry$$00000004  c_w.l(__rtentry4.o)
    0x08000256   0x00000000   Code   RO         1416    .ARM.Collect$$rtentry$$00000009  c_w.l(__rtentry2.o)
    0x08000256   0x00000004   Code   RO         1417    .ARM.Collect$$rtentry$$0000000A  c_w.l(__rtentry2.o)
    0x0800025a   0x00000000   Code   RO         1419    .ARM.Collect$$rtentry$$0000000C  c_w.l(__rtentry2.o)
    0x0800025a   0x00000008   Code   RO         1420    .ARM.Collect$$rtentry$$0000000D  c_w.l(__rtentry2.o)
    0x08000262   0x00000002   Code   RO         1493    .ARM.Collect$$rtexit$$00000000  c_w.l(rtexit.o)
    0x08000264   0x00000000   Code   RO         1523    .ARM.Collect$$rtexit$$00000002  c_w.l(rtexit2.o)
    0x08000264   0x00000004   Code   RO         1524    .ARM.Collect$$rtexit$$00000003  c_w.l(rtexit2.o)
    0x08000268   0x00000006   Code   RO         1525    .ARM.Collect$$rtexit$$00000004  c_w.l(rtexit2.o)
    0x0800026e   0x00000002   PAD
    0x08000270   0x00000040   Code   RO          977  * .text               startup_stm32f407xx.o
    0x080002b0   0x0000043e   Code   RO         1020    .text               arm_cortexM4lf_math.lib(arm_fir_decimate_f32.o)
    0x080006ee   0x00000034   Code   RO         1069    .text               arm_cortexM4lf_math.lib(arm_fir_decimate_init_f32.o)
    0x08000722   0x0000008a   Code   RO         1154    .text               c_w.l(rt_memcpy_v6.o)
    0x080007ac   0x00000064   Code   RO         1156    .text               c_w.l(rt_memcpy_w.o)
    0x08000810   0x0000004e   Code   RO         1158    .text               c_w.l(rt_memclr_w.o)
    0x0800085e   0x00000006   Code   RO         1160    .text               c_w.l(heapauxi.o)
    0x08000864   0x00000008   Code   RO         1410    .text               c_w.l(libspace.o)
    0x0800086c   0x00000002   Code   RO         1462    .text               c_w.l(use_no_semi.o)
    0x0800086e   0x00000000   Code   RO         1464    .text               c_w.l(indicate_semi.o)
    0x0800086e   0x0000004a   Code   RO         1465    .text               c_w.l(sys_stackheap_outer.o)
    0x080008b8   0x0000000c   Code   RO         1471    .text               c_w.l(exit.o)
    0x080008c4   0x0000000c   Code   RO         1491    .text               c_w.l(sys_exit.o)
    0x080008d0   0x00000044   Code   RO          200    i.ADXL345_Calibr    adxl345.o
    0x08000914   0x0000006c   Code   RO          201    i.ADXL345_DMA_Init  adxl345.o
    0x08000980   0x00000078   Code   RO          203    i.ADXL345_Init      adxl345.o
    0x080009f8   0x00000024   Code   RO          790    i.ADXRS290_NSS_High  adxrs290.o
    0x08000a1c   0x00000044   Code   RO          791    i.ADXRS290_NSS_Init  adxrs290.o
    0x08000a60   0x00000024   Code   RO          792    i.ADXRS290_NSS_Low  adxrs290.o
    0x08000a84   0x00000034   Code   RO          678    i.ADXRS_Calibr      adxrs453.o
    0x08000ab8   0x0000008c   Code   RO          679    i.ADXRS_DMA_Read    adxrs453.o
    0x08000b44   0x0000004c   Code   RO          793    i.ARS_GetData       adxrs290.o
    0x08000b90   0x00000058   Code   RO          204    i.Accel_EXTI_Init   adxl345.o
    0x08000be8   0x0000001c   Code   RO          205    i.Accel_GetData     adxl345.o
    0x08000c04   0x0000001c   Code   RO          206    i.Accel_NSS_High    adxl345.o
    0x08000c20   0x0000004c   Code   RO          207    i.Accel_NSS_Init    adxl345.o
    0x08000c6c   0x0000001c   Code   RO          208    i.Accel_NSS_Low     adxl345.o
    0x08000c88   0x0000002c   Code   RO          209    i.Accel_UpdateFreq  adxl345.o
    0x08000cb4   0x00000060   Code   RO          210    i.Accel_VDD_Init    adxl345.o
    0x08000d14   0x0000001c   Code   RO          794    i.All_NSS_High      adxrs290.o
    0x08000d30   0x000000d0   Code   RO          681    i.DMA1_Stream2_IRQHandler  adxrs453.o
    0x08000e00   0x0000012c   Code   RO          211    i.DMA1_Stream3_IRQHandler  adxl345.o
    0x08000f2c   0x00000028   Code   RO          212    i.DMA1_Stream4_IRQHandler  adxl345.o
    0x08000f54   0x0000000c   Code   RO          682    i.DMA1_Stream5_IRQHandler  adxrs453.o
    0x08000f60   0x00000024   Code   RO          363    i.DMA2_Stream7_IRQHandler  telemetry.o
    0x08000f84   0x00000028   Code   RO          213    i.Delay             adxl345.o
    0x08000fac   0x0000003c   Code   RO          795    i.EXTI15_10_IRQHandler  adxrs290.o
    0x08000fe8   0x0000001c   Code   RO          214    i.EXTI1_IRQHandler  adxl345.o
    0x08001004   0x00000038   Code   RO          569    i.EXTI2_IRQHandler  motors.o
    0x0800103c   0x00000034   Code   RO          570    i.EXTI4_IRQHandler  motors.o
    0x08001070   0x00000044   Code   RO          365    i.Message_ToByteArray  telemetry.o
    0x080010b4   0x00000020   Code   RO          574    i.Motors_Run        motors.o
    0x080010d4   0x00000028   Code   RO          576    i.Motors_Stop       motors.o
    0x080010fc   0x00000016   Code   RO          215    i.NVIC_EnableIRQ    adxl345.o
    0x08001112   0x00000016   Code   RO          366    i.NVIC_EnableIRQ    telemetry.o
    0x08001128   0x00000016   Code   RO          683    i.NVIC_EnableIRQ    adxrs453.o
    0x0800113e   0x00000002   PAD
    0x08001140   0x00000028   Code   RO          216    i.NVIC_SetPriority  adxl345.o
    0x08001168   0x00000028   Code   RO          684    i.NVIC_SetPriority  adxrs453.o
    0x08001190   0x0000007c   Code   RO          474    i.Processing_TIM_Init  processing.o
    0x0800120c   0x00000040   Code   RO            4    i.RCC_Init          main.o
    0x0800124c   0x000000e8   Code   RO          217    i.SPI2_GPIO_Init    adxl345.o
    0x08001334   0x000002cc   Code   RO          797    i.SPI2_IRQHandler   adxrs290.o
    0x08001600   0x00000070   Code   RO          218    i.SPI2_Init         adxl345.o
    0x08001670   0x00000016   Code   RO          219    i.SPI2_Read         adxl345.o
    0x08001686   0x00000002   PAD
    0x08001688   0x00000074   Code   RO          798    i.SPI2_SensorsPoll  adxrs290.o
    0x080016fc   0x00000034   Code   RO          220    i.SPI2_Transfer     adxl345.o
    0x08001730   0x00000014   Code   RO          221    i.SPI2_Write        adxl345.o
    0x08001744   0x0000001c   Code   RO          687    i.SPI3_NSS_High     adxrs453.o
    0x08001760   0x0000001c   Code   RO          688    i.SPI3_NSS_Low      adxrs453.o
    0x0800177c   0x0000003c   Code   RO          367    i.SendTelemetry     telemetry.o
    0x080017b8   0x000000e0   Code   RO          985    i.SystemInit        system_stm32f4xx.o
    0x08001898   0x00000034   Code   RO          580    i.TIM1_BRK_TIM9_IRQHandler  motors.o
    0x080018cc   0x00000024   Code   RO          690    i.TIM2_IRQHandler   adxrs453.o
    0x080018f0   0x00000060   Code   RO          581    i.TIM3_IRQHandler   motors.o
    0x08001950   0x00000034   Code   RO          582    i.TIM5_IRQHandler   motors.o
    0x08001984   0x00000064   Code   RO          475    i.TIM7_IRQHandler   processing.o
    0x080019e8   0x00000054   Code   RO          368    i.Telemetry_DMA_Init  telemetry.o
    0x08001a3c   0x00000678   Code   RO          369    i.USART1_IRQHandler  telemetry.o
    0x080020b4   0x00000104   Code   RO          370    i.USART_Init        telemetry.o
    0x080021b8   0x00000060   Code   RO          478    i.getFinalData      processing.o
    0x08002218   0x00000044   Code   RO          371    i.initWaitingForFloat  telemetry.o
    0x0800225c   0x0000002c   Code   RO          372    i.initWaitingForInt  telemetry.o
    0x08002288   0x00000054   Code   RO          480    i.lowpass           processing.o
    0x080022dc   0x00000170   Code   RO            6    i.main              main.o
    0x0800244c   0x0000000a   Code   RO         1458    x$fpl$fpinit        g_wm.l(fpinit.o)
    0x08002456   0x00000002   PAD
    0x08002458   0x00000020   Data   RO         1548    Region$$Table       anon$$obj.o


    Execution Region ER_RW (Base: 0x20000000, Size: 0x00001278, Max: 0xffffffff, ABSOLUTE, COMPRESSED[0x000008f8])

    Base Addr    Size         Type   Attr      Idx    E Section Name        Object

    0x20000000   0x00000040   Data   RW            8    .data               main.o
    0x20000040   0x00000030   Data   RW          223    .data               adxl345.o
    0x20000070   0x00000031   Data   RW          375    .data               telemetry.o
    0x200000a1   0x00000003   PAD
    0x200000a4   0x00000278   Data   RW          484    .data               processing.o
    0x2000031c   0x0000001e   Data   RW          583    .data               motors.o
    0x2000033a   0x00000002   PAD
    0x2000033c   0x00000022   Data   RW          691    .data               adxrs453.o
    0x2000035e   0x00000002   PAD
    0x20000360   0x000006e8   Data   RW          800    .data               adxrs290.o
    0x20000a48   0x0000082e   Data   RW          950    .data               filters.o


    Execution Region ER_ZI (Base: 0x20001278, Size: 0x00003e78, Max: 0xffffffff, ABSOLUTE)

    Base Addr    Size         Type   Attr      Idx    E Section Name        Object

    0x20001278   0x00000018   Zero   RW          222    .bss                adxl345.o
    0x20001290   0x000000dc   Zero   RW          374    .bss                telemetry.o
    0x2000136c   0x00000268   Zero   RW          483    .bss                processing.o
    0x200015d4   0x00001068   Zero   RW          799    .bss                adxrs290.o
    0x2000263c   0x00001e50   Zero   RW          949    .bss                filters.o
    0x2000448c   0x00000060   Zero   RW         1411    .bss                c_w.l(libspace.o)
    0x200044ec   0x00000004   PAD
    0x200044f0   0x00000400   Zero   RW          975    HEAP                startup_stm32f407xx.o
    0x200048f0   0x00000800   Zero   RW          974    STACK               startup_stm32f407xx.o


==============================================================================

Image component sizes


      Code (inc. data)   RO Data    RW Data    ZI Data      Debug   Object Name

      1592        194          0         48         24      38021   adxl345.o
      1136        146          0       1768       4200       6344   adxrs290.o
       566        120          0         34          0       5668   adxrs453.o
         0          0          0       2094       7760        980   filters.o
       432         90          0         64          0     260238   main.o
       380         98          0         30          0       3777   motors.o
       404         56          0        632        616       6344   processing.o
        64         26        392          0       3072        864   startup_stm32f407xx.o
       224         22          0          0          0        585   system_stm32f4xx.o
      2298        418          0         49        220      34419   telemetry.o

    ----------------------------------------------------------------------
      7100       1170        424       4728      15892     357240   Object Totals
         0          0         32          0          0          0   (incl. Generated)
         4          0          0          9          0          0   (incl. Padding)

    ----------------------------------------------------------------------

      Code (inc. data)   RO Data    RW Data    ZI Data      Debug   Library Member Name

      1086          4          0          0          0      19035   arm_fir_decimate_f32.o
        52          0          0          0          0       1068   arm_fir_decimate_init_f32.o
       100          0          0          0          0          0   __dclz77c.o
         8          0          0          0          0         68   __main.o
         0          0          0          0          0          0   __rtentry.o
        12          0          0          0          0          0   __rtentry2.o
         6          0          0          0          0          0   __rtentry4.o
        52          8          0          0          0          0   __scatter.o
        28          0          0          0          0          0   __scatter_zi.o
        12          0          0          0          0         72   exit.o
         6          0          0          0          0        152   heapauxi.o
         0          0          0          0          0          0   indicate_semi.o
         2          0          0          0          0          0   libinit.o
         6          0          0          0          0          0   libinit2.o
         2          0          0          0          0          0   libshutdown.o
         2          0          0          0          0          0   libshutdown2.o
         8          4          0          0         96         68   libspace.o
        78          0          0          0          0         80   rt_memclr_w.o
       138          0          0          0          0         68   rt_memcpy_v6.o
       100          0          0          0          0         80   rt_memcpy_w.o
         2          0          0          0          0          0   rtexit.o
        10          0          0          0          0          0   rtexit2.o
        12          4          0          0          0         68   sys_exit.o
        74          0          0          0          0         80   sys_stackheap_outer.o
         2          0          0          0          0         68   use_no_semi.o
        10          0          0          0          0        116   fpinit.o

    ----------------------------------------------------------------------
      1812         20          0          0        100      21023   Library Totals
         4          0          0          0          4          0   (incl. Padding)

    ----------------------------------------------------------------------

      Code (inc. data)   RO Data    RW Data    ZI Data      Debug   Library Name

      1138          4          0          0          0      20103   arm_cortexM4lf_math.lib
       660         16          0          0         96        804   c_w.l
        10          0          0          0          0        116   g_wm.l

    ----------------------------------------------------------------------
      1812         20          0          0        100      21023   Library Totals

    ----------------------------------------------------------------------

==============================================================================


      Code (inc. data)   RO Data    RW Data    ZI Data      Debug   

      8912       1190        424       4728      15992     372551   Grand Totals
      8912       1190        424       2296      15992     372551   ELF Image Totals (compressed)
      8912       1190        424       2296          0          0   ROM Totals

==============================================================================

    Total RO  Size (Code + RO Data)                 9336 (   9.12kB)
    Total RW  Size (RW Data + ZI Data)             20720 (  20.23kB)
    Total ROM Size (Code + RO Data + RW Data)      11632 (  11.36kB)

==============================================================================

