Component: ARM Compiler 5.05 update 1 (build 106) Tool: armlink [4d0efa]

==============================================================================

Section Cross References

    main.o(i.main) refers to main.o(i.RCC_Init) for RCC_Init
    main.o(i.main) refers to adxl345.o(i.ADXL345_Init) for ADXL345_Init
    main.o(i.main) refers to adxl345.o(i.Accel_EXTI_Init) for Accel_EXTI_Init
    main.o(i.main) refers to adxl345.o(i.ADXL345_Calibr) for ADXL345_Calibr
    main.o(i.main) refers to gyro.o(i.Gyro_Init) for Gyro_Init
    main.o(i.main) refers to gyro.o(i.Gyro_EXTI_Init) for Gyro_EXTI_Init
    main.o(i.main) refers to gyro.o(i.Gyro_Calibr) for Gyro_Calibr
    main.o(i.main) refers to motors.o(i.Motors_Init) for Motors_Init
    main.o(i.main) refers to telemetry.o(i.USART_Init) for USART_Init
    main.o(i.main) refers to processing.o(i.Processing_TIM_Init) for Processing_TIM_Init
    main.o(i.main) refers to processing.o(i.lowpass) for lowpass
    main.o(i.main) refers to main.o(.data) for ENGRDY
    main.o(i.main) refers to processing.o(.data) for doGyroProcess
    main.o(i.main) refers to processing.o(.bss) for gxHistory
    syssolve.o(i.system_solve) refers to h1_alloc.o(.text) for malloc
    syssolve.o(i.system_solve) refers to syssolve.o(i.transpose) for transpose
    syssolve.o(i.system_solve) refers to syssolve.o(i.mat_mul) for mat_mul
    syssolve.o(i.system_solve) refers to syssolve.o(i.det3) for det3
    syssolve.o(i.system_solve) refers to h1_free.o(.text) for free
    syssolve.o(i.system_solve) refers to rt_memcpy_w.o(.text) for __aeabi_memcpy4
    adxl345.o(i.ADXL345_AccelVCCInit) refers to adxl345.o(i.Delay) for Delay
    adxl345.o(i.ADXL345_AccelVCCInit) refers to adxl345.o(.data) for ACCEL_VCC
    adxl345.o(i.ADXL345_Calibr) refers to f2d.o(x$fpl$f2d) for __aeabi_f2d
    adxl345.o(i.ADXL345_Calibr) refers to ddiv.o(x$fpl$ddiv) for __aeabi_ddiv
    adxl345.o(i.ADXL345_Calibr) refers to dfix.o(x$fpl$dfix) for __aeabi_d2iz
    adxl345.o(i.ADXL345_Calibr) refers to adxl345.o(.data) for accel_xSum
    adxl345.o(i.ADXL345_DMA_Init) refers to adxl345.o(i.NVIC_SetPriority) for NVIC_SetPriority
    adxl345.o(i.ADXL345_DMA_Init) refers to adxl345.o(i.NVIC_EnableIRQ) for NVIC_EnableIRQ
    adxl345.o(i.ADXL345_DMA_Init) refers to adxl345.o(.bss) for accel
    adxl345.o(i.ADXL345_DMA_Init) refers to adxl345.o(.data) for accelRegisters
    adxl345.o(i.ADXL345_GetAccel) refers to adxl345.o(i.NSS_Low) for NSS_Low
    adxl345.o(i.ADXL345_GetAccel) refers to adxl345.o(i.ADXL345_Read) for ADXL345_Read
    adxl345.o(i.ADXL345_GetAccel) refers to adxl345.o(i.NSS_High) for NSS_High
    adxl345.o(i.ADXL345_Init) refers to adxl345.o(i.ADXL345_AccelVCCInit) for ADXL345_AccelVCCInit
    adxl345.o(i.ADXL345_Init) refers to adxl345.o(i.SPI2_Init) for SPI2_Init
    adxl345.o(i.ADXL345_Init) refers to processing.o(i.allocAveraging) for allocAveraging
    adxl345.o(i.ADXL345_Init) refers to adxl345.o(i.NSS_Low) for NSS_Low
    adxl345.o(i.ADXL345_Init) refers to adxl345.o(i.ADXL345_Read) for ADXL345_Read
    adxl345.o(i.ADXL345_Init) refers to adxl345.o(i.ADXL345_Write) for ADXL345_Write
    adxl345.o(i.ADXL345_Init) refers to adxl345.o(i.NSS_High) for NSS_High
    adxl345.o(i.ADXL345_Init) refers to adxl345.o(.data) for curFreq
    adxl345.o(i.ADXL345_Read) refers to adxl345.o(i.SPI1_Transfer) for SPI1_Transfer
    adxl345.o(i.ADXL345_Write) refers to adxl345.o(i.SPI1_Transfer) for SPI1_Transfer
    adxl345.o(i.Accel_EXTI_Init) refers to adxl345.o(i.NVIC_SetPriority) for NVIC_SetPriority
    adxl345.o(i.Accel_EXTI_Init) refers to adxl345.o(i.NVIC_EnableIRQ) for NVIC_EnableIRQ
    adxl345.o(i.DMA1_Stream3_IRQHandler) refers to adxl345.o(i.ADXL345_DMA_Init) for ADXL345_DMA_Init
    adxl345.o(i.DMA1_Stream3_IRQHandler) refers to adxl345.o(i.NSS_High) for NSS_High
    adxl345.o(i.DMA1_Stream3_IRQHandler) refers to adxl345.o(i.updateFreq) for updateFreq
    adxl345.o(i.DMA1_Stream3_IRQHandler) refers to adxl345.o(.bss) for accel
    adxl345.o(i.DMA1_Stream3_IRQHandler) refers to main.o(.data) for ax
    adxl345.o(i.DMA1_Stream3_IRQHandler) refers to adxl345.o(.data) for accelCalibrationOn
    adxl345.o(i.DMA1_Stream3_IRQHandler) refers to processing.o(.bss) for axHistory
    adxl345.o(i.DMA1_Stream3_IRQHandler) refers to processing.o(.data) for axHistoryIndex
    adxl345.o(i.EXTI1_IRQHandler) refers to adxl345.o(i.NSS_Low) for NSS_Low
    adxl345.o(i.EXTI1_IRQHandler) refers to adxl345.o(i.ADXL345_DMA_Init) for ADXL345_DMA_Init
    adxl345.o(i.NSS_High) refers to adxl345.o(.data) for SPI2_NSS
    adxl345.o(i.NSS_Low) refers to adxl345.o(.data) for SPI2_NSS
    adxl345.o(i.SPI2_GPIO_Init) refers to adxl345.o(i.NSS_High) for NSS_High
    adxl345.o(i.SPI2_GPIO_Init) refers to adxl345.o(.data) for SPI2_SCK
    adxl345.o(i.SPI2_Init) refers to adxl345.o(i.SPI2_GPIO_Init) for SPI2_GPIO_Init
    adxl345.o(i.updateFreq) refers to adxl345.o(i.NSS_Low) for NSS_Low
[...]
    NVIC_SetPriority                         0x080027e1   Thumb Code    32  motors.o(i.NVIC_SetPriority)
    i.NVIC_SetPriority                       0x08002808   Section        0  gyro.o(i.NVIC_SetPriority)
    NVIC_SetPriority                         0x08002809   Thumb Code    32  gyro.o(i.NVIC_SetPriority)
    i.Processing_TIM_Init                    0x08002830   Section        0  processing.o(i.Processing_TIM_Init)
    i.RCC_Init                               0x080028a8   Section        0  main.o(i.RCC_Init)
    i.SPI1_Transfer                          0x080028e8   Section        0  adxl345.o(i.SPI1_Transfer)
    i.SPI2_GPIO_Init                         0x0800291c   Section        0  adxl345.o(i.SPI2_GPIO_Init)
    i.SPI2_Init                              0x08002a14   Section        0  adxl345.o(i.SPI2_Init)
    i.SendTelemetry                          0x08002a7c   Section        0  telemetry.o(i.SendTelemetry)
    i.SystemInit                             0x08002c94   Section        0  system_stm32f4xx.o(i.SystemInit)
    i.TIM3_IRQHandler                        0x08002d30   Section        0  motors.o(i.TIM3_IRQHandler)
    i.TIM7_IRQHandler                        0x08002e90   Section        0  processing.o(i.TIM7_IRQHandler)
    i.Telemetry_DMA_Init                     0x0800308c   Section        0  telemetry.o(i.Telemetry_DMA_Init)
    i.USART1_IRQHandler                      0x080030e4   Section        0  telemetry.o(i.USART1_IRQHandler)
    i.USART_Init                             0x08003688   Section        0  telemetry.o(i.USART_Init)
    i.__ARM_fpclassify                       0x0800378c   Section        0  fpclassify.o(i.__ARM_fpclassify)
    i.__hardfp_atan                          0x080037c0   Section        0  atan.o(i.__hardfp_atan)
    i.__hardfp_fabs                          0x08003a98   Section        0  fabs.o(i.__hardfp_fabs)
    i.__hardfp_sqrt                          0x08003aac   Section        0  sqrt.o(i.__hardfp_sqrt)
    i.__kernel_poly                          0x08003b26   Section        0  poly.o(i.__kernel_poly)
    i.__mathlib_dbl_infnan                   0x08003c1e   Section        0  dunder.o(i.__mathlib_dbl_infnan)
    i.__mathlib_dbl_underflow                0x08003c38   Section        0  dunder.o(i.__mathlib_dbl_underflow)
    i._is_digit                              0x08003c58   Section        0  __printf_wp.o(i._is_digit)
    i.allocAngVelAveraging                   0x08003c68   Section        0  processing.o(i.allocAngVelAveraging)
    i.allocAngleAveraging                    0x08003d08   Section        0  processing.o(i.allocAngleAveraging)
    i.allocAveraging                         0x08003da8   Section        0  processing.o(i.allocAveraging)
    i.chooseRoot                             0x08003df4   Section        0  processing.o(i.chooseRoot)
    i.control                                0x08003f74   Section        0  processing.o(i.control)
    i.delay                                  0x08004310   Section        0  gyro.o(i.delay)
    i.det3                                   0x08004328   Section        0  syssolve.o(i.det3)
    i.fabs                                   0x08004410   Section        0  fabs.o(i.fabs)
    i.initWaitingForFloat                    0x08004428   Section        0  telemetry.o(i.initWaitingForFloat)
    i.initWaitingForInt                      0x0800446c   Section        0  telemetry.o(i.initWaitingForInt)
    i.lowpass                                0x08004498   Section        0  processing.o(i.lowpass)
    i.main                                   0x080044f8   Section        0  main.o(i.main)
    i.mat_mul                                0x08004600   Section        0  syssolve.o(i.mat_mul)
    i.system_solve                           0x08004688   Section        0  syssolve.o(i.system_solve)
    i.transformGyroData                      0x080047d4   Section        0  processing.o(i.transformGyroData)
    i.transpose                              0x08004980   Section        0  syssolve.o(i.transpose)
    i.updateFreq                             0x080049b4   Section        0  adxl345.o(i.updateFreq)
    locale$$code                             0x080049e0   Section       44  lc_numeric_c.o(locale$$code)
    x$fpl$basic                              0x08004a0c   Section       24  basic.o(x$fpl$basic)
    $v0                                      0x08004a0c   Number         0  basic.o(x$fpl$basic)
    x$fpl$d2f                                0x08004a24   Section       98  d2f.o(x$fpl$d2f)
    $v0                                      0x08004a24   Number         0  d2f.o(x$fpl$d2f)
    x$fpl$dadd                               0x08004a88   Section      336  daddsub_clz.o(x$fpl$dadd)
    $v0                                      0x08004a88   Number         0  daddsub_clz.o(x$fpl$dadd)
    _dadd1                                   0x08004a99   Thumb Code     0  daddsub_clz.o(x$fpl$dadd)
    x$fpl$dcmpinf                            0x08004bd8   Section       24  dcmpi.o(x$fpl$dcmpinf)
    $v0                                      0x08004bd8   Number         0  dcmpi.o(x$fpl$dcmpinf)
    x$fpl$ddiv                               0x08004bf0   Section      688  ddiv.o(x$fpl$ddiv)
    $v0                                      0x08004bf0   Number         0  ddiv.o(x$fpl$ddiv)
    ddiv_entry                               0x08004bf7   Thumb Code     0  ddiv.o(x$fpl$ddiv)
    x$fpl$dfix                               0x08004ea0   Section       94  dfix.o(x$fpl$dfix)
    $v0                                      0x08004ea0   Number         0  dfix.o(x$fpl$dfix)
    x$fpl$dfixu                              0x08004f00   Section       90  dfixu.o(x$fpl$dfixu)
    $v0                                      0x08004f00   Number         0  dfixu.o(x$fpl$dfixu)
    x$fpl$dflt                               0x08004f5a   Section       46  dflt_clz.o(x$fpl$dflt)
    $v0                                      0x08004f5a   Number         0  dflt_clz.o(x$fpl$dflt)
    x$fpl$dleqf                              0x08004f88   Section      120  dleqf.o(x$fpl$dleqf)
    $v0                                      0x08004f88   Number         0  dleqf.o(x$fpl$dleqf)
    x$fpl$dmul                               0x08005000   Section      340  dmul.o(x$fpl$dmul)
    $v0                                      0x08005000   Number         0  dmul.o(x$fpl$dmul)
    x$fpl$dnaninf                            0x08005154   Section      156  dnaninf.o(x$fpl$dnaninf)
    $v0                                      0x08005154   Number         0  dnaninf.o(x$fpl$dnaninf)
    x$fpl$dretinf                            0x080051f0   Section       12  dretinf.o(x$fpl$dretinf)
    $v0                                      0x080051f0   Number         0  dretinf.o(x$fpl$dretinf)
    x$fpl$drsb                               0x080051fc   Section       22  daddsub_clz.o(x$fpl$drsb)
    $v0                                      0x080051fc   Number         0  daddsub_clz.o(x$fpl$drsb)
    x$fpl$dsqrt                              0x08005214   Section      408  dsqrt_umaal.o(x$fpl$dsqrt)
    $v0                                      0x08005214   Number         0  dsqrt_umaal.o(x$fpl$dsqrt)
    x$fpl$dsub                               0x080053ac   Section      468  daddsub_clz.o(x$fpl$dsub)
    $v0                                      0x080053ac   Number         0  daddsub_clz.o(x$fpl$dsub)
    _dsub1                                   0x080053bd   Thumb Code     0  daddsub_clz.o(x$fpl$dsub)
    x$fpl$f2d                                0x08005580   Section       86  f2d.o(x$fpl$f2d)
    $v0                                      0x08005580   Number         0  f2d.o(x$fpl$f2d)
    x$fpl$fnaninf                            0x080055d6   Section      140  fnaninf.o(x$fpl$fnaninf)
    $v0                                      0x080055d6   Number         0  fnaninf.o(x$fpl$fnaninf)
    x$fpl$fpinit                             0x08005662   Section       10  fpinit.o(x$fpl$fpinit)
    $v0                                      0x08005662   Number         0  fpinit.o(x$fpl$fpinit)
    x$fpl$fretinf                            0x0800566c   Section       10  fretinf.o(x$fpl$fretinf)
    $v0                                      0x0800566c   Number         0  fretinf.o(x$fpl$fretinf)
    x$fpl$printf1                            0x08005676   Section        4  printf1.o(x$fpl$printf1)
    $v0                                      0x08005676   Number         0  printf1.o(x$fpl$printf1)
    x$fpl$usenofp                            0x0800567a   Section        0  usenofp.o(x$fpl$usenofp)
    .constdata                               0x08005680   Section      152  atan.o(.constdata)
    atanhi                                   0x08005680   Data          32  atan.o(.constdata)
    atanlo                                   0x080056a0   Data          32  atan.o(.constdata)
    aTodd                                    0x080056c0   Data          40  atan.o(.constdata)
    aTeven                                   0x080056e8   Data          48  atan.o(.constdata)
    .constdata                               0x08005718   Section      148  bigflt0.o(.constdata)
    tenpwrs_x                                0x08005718   Data          60  bigflt0.o(.constdata)
    tenpwrs_i                                0x08005754   Data          64  bigflt0.o(.constdata)
    locale$$data                             0x080057cc   Section       28  lc_numeric_c.o(locale$$data)
    __lcnum_c_name                           0x080057d0   Data           2  lc_numeric_c.o(locale$$data)
    __lcnum_c_start                          0x080057d8   Data           0  lc_numeric_c.o(locale$$data)
    __lcnum_c_point                          0x080057e4   Data           0  lc_numeric_c.o(locale$$data)
    __lcnum_c_thousands                      0x080057e6   Data           0  lc_numeric_c.o(locale$$data)
    __lcnum_c_grouping                       0x080057e7   Data           0  lc_numeric_c.o(locale$$data)
    __lcnum_c_end                            0x080057e8   Data           0  lc_numeric_c.o(locale$$data)
    .data                                    0x20000000   Section       56  main.o(.data)
    .data                                    0x20000038   Section        2  syssolve.o(.data)
    .data                                    0x2000003c   Section       52  adxl345.o(.data)
    .data                                    0x20000070   Section       45  telemetry.o(.data)
    .data                                    0x200000a0   Section      992  processing.o(.data)
    .data                                    0x20000480   Section       36  motors.o(.data)
    .data                                    0x200004a4   Section       59  gyro.o(.data)
    .bss                                     0x200004e0   Section      196  syssolve.o(.bss)
    .bss                                     0x200005a4   Section       12  adxl345.o(.bss)
    .bss                                     0x200005b0   Section      200  telemetry.o(.bss)
    .bss                                     0x20000678   Section     1552  processing.o(.bss)
    .bss                                     0x20000c88   Section       96  libspace.o(.bss)
    HEAP                                     0x20000ce8   Section      512  startup_stm32f407xx.o(HEAP)
    Heap_Mem                                 0x20000ce8   Data         512  startup_stm32f407xx.o(HEAP)
    STACK                                    0x20000ee8   Section     1024  startup_stm32f407xx.o(STACK)
    Stack_Mem                                0x20000ee8   Data        1024  startup_stm32f407xx.o(STACK)
    __initial_sp                             0x200012e8   Data           0  startup_stm32f407xx.o(STACK)

    Global Symbols

    Symbol Name                              Value     Ov Type        Size  Object(Section)

    BuildAttributes$$THM_ISAv4$E$P$D$K$B$S$7EM$VFPi3$EXTD16$VFPS$VFMA$PE$A:L22UL41UL21$X:L11$S22US41US21$IEEE1$IW$USESV6$~STKCKD$USESV7$~SHL$OTIME$ROPI$IEEEX$EBA8$UX$STANDARDLIB$REQ8$PRES8$EABIv2 0x00000000   Number         0  anon$$obj.o ABSOLUTE
    __ARM_use_no_argv                        0x00000000   Number         0  main.o ABSOLUTE
    _printf_flags                            0x00000000   Number         0  printf_stubs.o ABSOLUTE
    _printf_return_value                     0x00000000   Number         0  printf_stubs.o ABSOLUTE
    _printf_sizespec                         0x00000000   Number         0  printf_stubs.o ABSOLUTE
    _printf_widthprec                        0x00000000   Number         0  printf_stubs.o ABSOLUTE
    __ARM_exceptions_init                     - Undefined Weak Reference
    __alloca_initialize                       - Undefined Weak Reference
    __arm_preinit_                            - Undefined Weak Reference
    __cpp_initialize__aeabi_                  - Undefined Weak Reference
    __cxa_finalize                            - Undefined Weak Reference
    __sigvec_lookup                           - Undefined Weak Reference
    __user_heap_extent                        - Undefined Weak Reference
    _atexit_init                              - Undefined Weak Reference
    _call_atexit_fns                          - Undefined Weak Reference
    _clock_init                               - Undefined Weak Reference
    _fp_trap_init                             - Undefined Weak Reference
    _fp_trap_shutdown                         - Undefined Weak Reference
    _get_lc_collate                           - Undefined Weak Reference
    _get_lc_ctype                             - Undefined Weak Reference
    _get_lc_monetary                          - Undefined Weak Reference
    _get_lc_time                              - Undefined Weak Reference
    _getenv_init                              - Undefined Weak Reference
    _handle_redirection                       - Undefined Weak Reference
    _initio                                   - Undefined Weak Reference
    _mutex_acquire                            - Undefined Weak Reference
    _mutex_free                               - Undefined Weak Reference
    _mutex_release                            - Undefined Weak Reference
    _printf_post_padding                      - Undefined Weak Reference
    _printf_pre_padding                       - Undefined Weak Reference
    _rand_init                                - Undefined Weak Reference
    _signal_finish                            - Undefined Weak Reference
    _signal_init                              - Undefined Weak Reference
    _terminateio                              - Undefined Weak Reference
    __Vectors_Size                           0x00000188   Number         0  startup_stm32f407xx.o ABSOLUTE
    __Vectors                                0x08000000   Data           4  startup_stm32f407xx.o(RESET)
    __Vectors_End                            0x08000188   Data           0  startup_stm32f407xx.o(RESET)
    __main                                   0x08000189   Thumb Code     8  __main.o(!!!main)
    __scatterload                            0x08000191   Thumb Code     0  __scatter.o(!!!scatter)
    __scatterload_rt2                        0x08000191   Thumb Code    44  __scatter.o(!!!scatter)
    __scatterload_rt2_thumb_only             0x08000191   Thumb Code     0  __scatter.o(!!!scatter)
    __scatterload_null                       0x0800019f   Thumb Code     0  __scatter.o(!!!scatter)
    __decompress                             0x080001c5   Thumb Code   100  __dclz77c.o(!!dclz77c)
    __decompress2                            0x080001c5   Thumb Code     0  __dclz77c.o(!!dclz77c)
    __scatterload_zeroinit                   0x08000229   Thumb Code    28  __scatter_zi.o(!!handler_zi)
    _printf_f                                0x08000245   Thumb Code     0  _printf_f.o(.ARM.Collect$$_printf_percent$$00000003)
    _printf_percent                          0x08000245   Thumb Code     0  _printf_percent.o(.ARM.Collect$$_printf_percent$$00000000)
    _printf_d                                0x0800024b   Thumb Code     0  _printf_d.o(.ARM.Collect$$_printf_percent$$00000009)
    _printf_percent_end                      0x08000251   Thumb Code     0  _printf_percent_end.o(.ARM.Collect$$_printf_percent$$00000017)
    __rt_lib_init                            0x08000255   Thumb Code     0  libinit.o(.ARM.Collect$$libinit$$00000000)
    __rt_lib_init_fp_1                       0x08000257   Thumb Code     0  libinit2.o(.ARM.Collect$$libinit$$00000001)
    __rt_lib_init_heap_2                     0x0800025b   Thumb Code     0  libinit2.o(.ARM.Collect$$libinit$$00000005)
    __rt_lib_init_preinit_1                  0x0800025b   Thumb Code     0  libinit2.o(.ARM.Collect$$libinit$$00000004)
    __rt_lib_init_heap_1                     0x08000263   Thumb Code     0  libinit2.o(.ARM.Collect$$libinit$$0000000A)
    __rt_lib_init_lc_common                  0x08000263   Thumb Code     0  libinit2.o(.ARM.Collect$$libinit$$0000000F)
    __rt_lib_init_rand_1                     0x08000263   Thumb Code     0  libinit2.o(.ARM.Collect$$libinit$$0000000E)
    __rt_lib_init_user_alloc_1               0x08000263   Thumb Code     0  libinit2.o(.ARM.Collect$$libinit$$0000000C)
    __rt_lib_init_lc_collate_1               0x08000269   Thumb Code     0  libinit2.o(.ARM.Collect$$libinit$$00000011)
    __rt_lib_init_lc_ctype_1                 0x08000269   Thumb Code     0  libinit2.o(.ARM.Collect$$libinit$$00000013)
    __rt_lib_init_lc_monetary_1              0x08000269   Thumb Code     0  libinit2.o(.ARM.Collect$$libinit$$00000015)
    __rt_lib_init_lc_numeric_2               0x08000269   Thumb Code     0  libinit2.o(.ARM.Collect$$libinit$$00000016)
    __rt_lib_init_alloca_1                   0x08000273   Thumb Code     0  libinit2.o(.ARM.Collect$$libinit$$0000002E)
    __rt_lib_init_argv_1                     0x08000273   Thumb Code     0  libinit2.o(.ARM.Collect$$libinit$$0000002C)
    __rt_lib_init_atexit_1                   0x08000273   Thumb Code     0  libinit2.o(.ARM.Collect$$libinit$$0000001B)
    __rt_lib_init_clock_1                    0x08000273   Thumb Code     0  libinit2.o(.ARM.Collect$$libinit$$00000021)
    __rt_lib_init_cpp_1                      0x08000273   Thumb Code     0  libinit2.o(.ARM.Collect$$libinit$$00000032)
    __rt_lib_init_exceptions_1               0x08000273   Thumb Code     0  libinit2.o(.ARM.Collect$$libinit$$00000030)
    __rt_lib_init_fp_trap_1                  0x08000273   Thumb Code     0  libinit2.o(.ARM.Collect$$libinit$$0000001F)
    __rt_lib_init_getenv_1                   0x08000273   Thumb Code     0  libinit2.o(.ARM.Collect$$libinit$$00000023)
    __rt_lib_init_lc_numeric_1               0x08000273   Thumb Code     0  libinit2.o(.ARM.Collect$$libinit$$00000017)
    __rt_lib_init_lc_time_1                  0x08000273   Thumb Code     0  libinit2.o(.ARM.Collect$$libinit$$00000019)
    __rt_lib_init_return                     0x08000273   Thumb Code     0  libinit2.o(.ARM.Collect$$libinit$$00000033)
    __rt_lib_init_signal_1                   0x08000273   Thumb Code     0  libinit2.o(.ARM.Collect$$libinit$$0000001D)
    __rt_lib_init_stdio_1                    0x08000273   Thumb Code     0  libinit2.o(.ARM.Collect$$libinit$$00000025)
    __rt_lib_shutdown                        0x08000275   Thumb Code     0  libshutdown.o(.ARM.Collect$$libshutdown$$00000000)
    __rt_lib_shutdown_fp_trap_1              0x08000277   Thumb Code     0  libshutdown2.o(.ARM.Collect$$libshutdown$$00000006)
    __rt_lib_shutdown_heap_1                 0x08000277   Thumb Code     0  libshutdown2.o(.ARM.Collect$$libshutdown$$0000000E)
    __rt_lib_shutdown_return                 0x08000277   Thumb Code     0  libshutdown2.o(.ARM.Collect$$libshutdown$$0000000F)
    __rt_lib_shutdown_signal_1               0x08000277   Thumb Code     0  libshutdown2.o(.ARM.Collect$$libshutdown$$00000009)
    __rt_lib_shutdown_stdio_1                0x08000277   Thumb Code     0  libshutdown2.o(.ARM.Collect$$libshutdown$$00000003)
    __rt_lib_shutdown_user_alloc_1           0x08000277   Thumb Code     0  libshutdown2.o(.ARM.Collect$$libshutdown$$0000000B)
    __rt_entry                               0x08000279   Thumb Code     0  __rtentry.o(.ARM.Collect$$rtentry$$00000000)
    __rt_entry_presh_1                       0x08000279   Thumb Code     0  __rtentry2.o(.ARM.Collect$$rtentry$$00000002)
    __rt_entry_sh                            0x08000279   Thumb Code     0  __rtentry4.o(.ARM.Collect$$rtentry$$00000004)
    __rt_entry_li                            0x0800027f   Thumb Code     0  __rtentry2.o(.ARM.Collect$$rtentry$$0000000A)
    __rt_entry_postsh_1                      0x0800027f   Thumb Code     0  __rtentry2.o(.ARM.Collect$$rtentry$$00000009)
    __rt_entry_main                          0x08000283   Thumb Code     0  __rtentry2.o(.ARM.Collect$$rtentry$$0000000D)
    __rt_entry_postli_1                      0x08000283   Thumb Code     0  __rtentry2.o(.ARM.Collect$$rtentry$$0000000C)
    __rt_exit                                0x0800028b   Thumb Code     0  rtexit.o(.ARM.Collect$$rtexit$$00000000)
    __rt_exit_ls                             0x0800028d   Thumb Code     0  rtexit2.o(.ARM.Collect$$rtexit$$00000003)
    __rt_exit_prels_1                        0x0800028d   Thumb Code     0  rtexit2.o(.ARM.Collect$$rtexit$$00000002)
    __rt_exit_exit                           0x08000291   Thumb Code     0  rtexit2.o(.ARM.Collect$$rtexit$$00000004)
    Reset_Handler                            0x08000299   Thumb Code     8  startup_stm32f407xx.o(.text)
    _maybe_terminate_alloc                   0x08000299   Thumb Code     0  maybetermalloc1.o(.emb_text)
    NMI_Handler                              0x080002a1   Thumb Code     2  startup_stm32f407xx.o(.text)
    HardFault_Handler                        0x080002a3   Thumb Code     2  startup_stm32f407xx.o(.text)
    MemManage_Handler                        0x080002a5   Thumb Code     2  startup_stm32f407xx.o(.text)
    BusFault_Handler                         0x080002a7   Thumb Code     2  startup_stm32f407xx.o(.text)
    UsageFault_Handler                       0x080002a9   Thumb Code     2  startup_stm32f407xx.o(.text)
    SVC_Handler                              0x080002ab   Thumb Code     2  startup_stm32f407xx.o(.text)
    DebugMon_Handler                         0x080002ad   Thumb Code     2  startup_stm32f407xx.o(.text)
    PendSV_Handler                           0x080002af   Thumb Code     2  startup_stm32f407xx.o(.text)
    SysTick_Handler                          0x080002b1   Thumb Code     2  startup_stm32f407xx.o(.text)
    ADC_IRQHandler                           0x080002b3   Thumb Code     0  startup_stm32f407xx.o(.text)
    CAN1_RX0_IRQHandler                      0x080002b3   Thumb Code     0  startup_stm32f407xx.o(.text)
    CAN1_RX1_IRQHandler                      0x080002b3   Thumb Code     0  startup_stm32f407xx.o(.text)
    CAN1_SCE_IRQHandler                      0x080002b3   Thumb Code     0  startup_stm32f407xx.o(.text)
    CAN1_TX_IRQHandler                       0x080002b3   Thumb Code     0  startup_stm32f407xx.o(.text)
    CAN2_RX0_IRQHandler                      0x080002b3   Thumb Code     0  startup_stm32f407xx.o(.text)
    CAN2_RX1_IRQHandler                      0x080002b3   Thumb Code     0  startup_stm32f407xx.o(.text)
    CAN2_SCE_IRQHandler                      0x080002b3   Thumb Code     0  startup_stm32f407xx.o(.text)
    CAN2_TX_IRQHandler                       0x080002b3   Thumb Code     0  startup_stm32f407xx.o(.text)
    DCMI_IRQHandler                          0x080002b3   Thumb Code     0  startup_stm32f407xx.o(.text)
    DMA1_Stream1_IRQHandler                  0x080002b3   Thumb Code     0  startup_stm32f407xx.o(.text)
    DMA1_Stream2_IRQHandler                  0x080002b3   Thumb Code     0  startup_stm32f407xx.o(.text)
    DMA1_Stream5_IRQHandler                  0x080002b3   Thumb Code     0  startup_stm32f407xx.o(.text)
    DMA1_Stream6_IRQHandler                  0x080002b3   Thumb Code     0  startup_stm32f407xx.o(.text)
    DMA1_Stream7_IRQHandler                  0x080002b3   Thumb Code     0  startup_stm32f407xx.o(.text)
    DMA2_Stream0_IRQHandler                  0x080002b3   Thumb Code     0  startup_stm32f407xx.o(.text)
    DMA2_Stream1_IRQHandler                  0x080002b3   Thumb Code     0  startup_stm32f407xx.o(.text)
    DMA2_Stream2_IRQHandler                  0x080002b3   Thumb Code     0  startup_stm32f407xx.o(.text)
    DMA2_Stream3_IRQHandler                  0x080002b3   Thumb Code     0  startup_stm32f407xx.o(.text)
    DMA2_Stream4_IRQHandler                  0x080002b3   Thumb Code     0  startup_stm32f407xx.o(.text)
    DMA2_Stream5_IRQHandler                  0x080002b3   Thumb Code     0  startup_stm32f407xx.o(.text)
    DMA2_Stream6_IRQHandler                  0x080002b3   Thumb Code     0  startup_stm32f407xx.o(.text)
    ETH_IRQHandler                           0x080002b3   Thumb Code     0  startup_stm32f407xx.o(.text)
    ETH_WKUP_IRQHandler                      0x080002b3   Thumb Code     0  startup_stm32f407xx.o(.text)
    EXTI0_IRQHandler                         0x080002b3   Thumb Code     0  startup_stm32f407xx.o(.text)
    EXTI15_10_IRQHandler                     0x080002b3   Thumb Code     0  startup_stm32f407xx.o(.text)
    EXTI9_5_IRQHandler                       0x080002b3   Thumb Code     0  startup_stm32f407xx.o(.text)
    FLASH_IRQHandler                         0x080002b3   Thumb Code     0  startup_stm32f407xx.o(.text)
    FMC_IRQHandler                           0x080002b3   Thumb Code     0  startup_stm32f407xx.o(.text)
    FPU_IRQHandler                           0x080002b3   Thumb Code     0  startup_stm32f407xx.o(.text)
    HASH_RNG_IRQHandler                      0x080002b3   Thumb Code     0  startup_stm32f407xx.o(.text)
    I2C1_ER_IRQHandler                       0x080002b3   Thumb Code     0  startup_stm32f407xx.o(.text)
    I2C2_ER_IRQHandler                       0x080002b3   Thumb Code     0  startup_stm32f407xx.o(.text)
    I2C2_EV_IRQHandler                       0x080002b3   Thumb Code     0  startup_stm32f407xx.o(.text)
    I2C3_ER_IRQHandler                       0x080002b3   Thumb Code     0  startup_stm32f407xx.o(.text)
    I2C3_EV_IRQHandler                       0x080002b3   Thumb Code     0  startup_stm32f407xx.o(.text)
    OTG_FS_IRQHandler                        0x080002b3   Thumb Code     0  startup_stm32f407xx.o(.text)
    OTG_FS_WKUP_IRQHandler                   0x080002b3   Thumb Code     0  startup_stm32f407xx.o(.text)
    OTG_HS_EP1_IN_IRQHandler                 0x080002b3   Thumb Code     0  startup_stm32f407xx.o(.text)
    OTG_HS_EP1_OUT_IRQHandler                0x080002b3   Thumb Code     0  startup_stm32f407xx.o(.text)
    OTG_HS_IRQHandler                        0x080002b3   Thumb Code     0  startup_stm32f407xx.o(.text)
    OTG_HS_WKUP_IRQHandler                   0x080002b3   Thumb Code     0  startup_stm32f407xx.o(.text)
    PVD_IRQHandler                           0x080002b3   Thumb Code     0  startup_stm32f407xx.o(.text)
    RCC_IRQHandler                           0x080002b3   Thumb Code     0  startup_stm32f407xx.o(.text)
    RTC_Alarm_IRQHandler                     0x080002b3   Thumb Code     0  startup_stm32f407xx.o(.text)
    RTC_WKUP_IRQHandler                      0x080002b3   Thumb Code     0  startup_stm32f407xx.o(.text)
    SDIO_IRQHandler                          0x080002b3   Thumb Code     0  startup_stm32f407xx.o(.text)
    SPI1_IRQHandler                          0x080002b3   Thumb Code     0  startup_stm32f407xx.o(.text)
    SPI2_IRQHandler                          0x080002b3   Thumb Code     0  startup_stm32f407xx.o(.text)
    SPI3_IRQHandler                          0x080002b3   Thumb Code     0  startup_stm32f407xx.o(.text)
    TAMP_STAMP_IRQHandler                    0x080002b3   Thumb Code     0  startup_stm32f407xx.o(.text)
    TIM1_BRK_TIM9_IRQHandler                 0x080002b3   Thumb Code     0  startup_stm32f407xx.o(.text)
    TIM1_CC_IRQHandler                       0x080002b3   Thumb Code     0  startup_stm32f407xx.o(.text)
    TIM1_TRG_COM_TIM11_IRQHandler            0x080002b3   Thumb Code     0  startup_stm32f407xx.o(.text)
    TIM1_UP_TIM10_IRQHandler                 0x080002b3   Thumb Code     0  startup_stm32f407xx.o(.text)
    TIM2_IRQHandler                          0x080002b3   Thumb Code     0  startup_stm32f407xx.o(.text)
    TIM4_IRQHandler                          0x080002b3   Thumb Code     0  startup_stm32f407xx.o(.text)
    TIM5_IRQHandler                          0x080002b3   Thumb Code     0  startup_stm32f407xx.o(.text)
    TIM6_DAC_IRQHandler                      0x080002b3   Thumb Code     0  startup_stm32f407xx.o(.text)
    TIM8_BRK_TIM12_IRQHandler                0x080002b3   Thumb Code     0  startup_stm32f407xx.o(.text)
    TIM8_CC_IRQHandler                       0x080002b3   Thumb Code     0  startup_stm32f407xx.o(.text)
    TIM8_TRG_COM_TIM14_IRQHandler            0x080002b3   Thumb Code     0  startup_stm32f407xx.o(.text)
    TIM8_UP_TIM13_IRQHandler                 0x080002b3   Thumb Code     0  startup_stm32f407xx.o(.text)
    UART4_IRQHandler                         0x080002b3   Thumb Code     0  startup_stm32f407xx.o(.text)
    UART5_IRQHandler                         0x080002b3   Thumb Code     0  startup_stm32f407xx.o(.text)
    USART2_IRQHandler                        0x080002b3   Thumb Code     0  startup_stm32f407xx.o(.text)
    USART3_IRQHandler                        0x080002b3   Thumb Code     0  startup_stm32f407xx.o(.text)
    USART6_IRQHandler                        0x080002b3   Thumb Code     0  startup_stm32f407xx.o(.text)
    WWDG_IRQHandler                          0x080002b3   Thumb Code     0  startup_stm32f407xx.o(.text)
    __user_initial_stackheap                 0x080002b5   Thumb Code     0  startup_stm32f407xx.o(.text)
    malloc                                   0x080002d9   Thumb Code    94  h1_alloc.o(.text)
    free                                     0x08000337   Thumb Code    78  h1_free.o(.text)
    __2sprintf                               0x08000385   Thumb Code    34  noretval__2sprintf.o(.text)
    _printf_truncate_signed                  0x080003ad   Thumb Code    18  _printf_truncate.o(.text)
    _printf_truncate_unsigned                0x080003bf   Thumb Code    18  _printf_truncate.o(.text)
    _printf_int_dec                          0x080003d1   Thumb Code   104  _printf_dec.o(.text)
    __printf                                 0x08000449   Thumb Code   352  __printf_ss_wp.o(.text)
    strlen                                   0x080005a9   Thumb Code    62  strlen.o(.text)
    __aeabi_memcpy4                          0x080005e7   Thumb Code     0  rt_memcpy_w.o(.text)
    __aeabi_memcpy8                          0x080005e7   Thumb Code     0  rt_memcpy_w.o(.text)
    __rt_memcpy_w                            0x080005e7   Thumb Code   100  rt_memcpy_w.o(.text)
    _memcpy_lastbytes_aligned                0x0800062f   Thumb Code     0  rt_memcpy_w.o(.text)
    __aeabi_memclr4                          0x0800064b   Thumb Code     0  rt_memclr_w.o(.text)
    __aeabi_memclr8                          0x0800064b   Thumb Code     0  rt_memclr_w.o(.text)
    __rt_memclr_w                            0x0800064b   Thumb Code    78  rt_memclr_w.o(.text)
    _memset_w                                0x0800064f   Thumb Code     0  rt_memclr_w.o(.text)
    __use_two_region_memory                  0x08000699   Thumb Code     2  heapauxi.o(.text)
    __rt_heap_escrow                         0x0800069b   Thumb Code     2  heapauxi.o(.text)
    __rt_heap_expand                         0x0800069d   Thumb Code     2  heapauxi.o(.text)
    __rt_heap_descriptor                     0x080006a1   Thumb Code     8  rt_heap_descriptor_intlibspace.o(.text)
    __use_no_heap                            0x080006a9   Thumb Code     2  hguard.o(.text)
    __heap$guard                             0x080006ab   Thumb Code     2  hguard.o(.text)
    _terminate_user_alloc                    0x080006ad   Thumb Code     2  init_alloc.o(.text)
    _init_user_alloc                         0x080006af   Thumb Code     2  init_alloc.o(.text)
    __Heap_Full                              0x080006b1   Thumb Code    34  init_alloc.o(.text)
    __Heap_Broken                            0x080006d3   Thumb Code     6  init_alloc.o(.text)
    _init_alloc                              0x080006d9   Thumb Code    94  init_alloc.o(.text)
    __Heap_Initialize                        0x08000737   Thumb Code    10  h1_init.o(.text)
    __Heap_DescSize                          0x08000741   Thumb Code     4  h1_init.o(.text)
    __read_errno                             0x08000745   Thumb Code    10  _rserrno.o(.text)
    __set_errno                              0x0800074f   Thumb Code    12  _rserrno.o(.text)
    _printf_int_common                       0x0800075b   Thumb Code   178  _printf_intcommon.o(.text)
    __lib_sel_fp_printf                      0x0800080d   Thumb Code     2  _printf_fp_dec.o(.text)
    _printf_fp_dec_real                      0x080009bb   Thumb Code   620  _printf_fp_dec.o(.text)
    _printf_char_common                      0x08000c33   Thumb Code    32  _printf_char_common.o(.text)
    _sputc                                   0x08000c59   Thumb Code    10  _sputc.o(.text)
    __user_libspace                          0x08000c65   Thumb Code     8  libspace.o(.text)
    __user_perproc_libspace                  0x08000c65   Thumb Code     0  libspace.o(.text)
    __user_perthread_libspace                0x08000c65   Thumb Code     0  libspace.o(.text)
    __rt_locale                              0x08000c6d   Thumb Code     8  rt_locale_intlibspace.o(.text)
    __aeabi_errno_addr                       0x08000c75   Thumb Code     8  rt_errno_addr_intlibspace.o(.text)
    __errno$intlibspace                      0x08000c75   Thumb Code     0  rt_errno_addr_intlibspace.o(.text)
    __rt_errno_addr$intlibspace              0x08000c75   Thumb Code     0  rt_errno_addr_intlibspace.o(.text)
    __Heap_ProvideMemory                     0x08000c7d   Thumb Code    52  h1_extend.o(.text)
    _ll_udiv10                               0x08000cb1   Thumb Code   138  lludiv10.o(.text)
    _printf_fp_infnan                        0x08000d3d   Thumb Code   112  _printf_fp_infnan.o(.text)
    _btod_etento                             0x08000dbd   Thumb Code   216  bigflt0.o(.text)
    __rt_SIGRTMEM                            0x08000e99   Thumb Code    14  defsig_rtmem_outer.o(.text)
    __I$use$semihosting                      0x08000ea7   Thumb Code     0  use_no_semi.o(.text)
    __use_no_semihosting_swi                 0x08000ea7   Thumb Code     2  use_no_semi.o(.text)
    __semihosting_library_function           0x08000ea9   Thumb Code     0  indicate_semi.o(.text)
    __user_setup_stackheap                   0x08000ea9   Thumb Code    74  sys_stackheap_outer.o(.text)
    exit                                     0x08000ef3   Thumb Code    12  exit.o(.text)
    __sig_exit                               0x08000eff   Thumb Code    10  defsig_exit.o(.text)
    __rt_SIGRTMEM_inner                      0x08000f09   Thumb Code    22  defsig_rtmem_inner.o(.text)
    strcmp                                   0x08000f59   Thumb Code   128  strcmpv7m.o(.text)
    _sys_exit                                0x08000fd9   Thumb Code     8  sys_exit.o(.text)
    __default_signal_display                 0x08000fe5   Thumb Code    50  defsig_general.o(.text)
    _ttywrch                                 0x08001017   Thumb Code    14  sys_wrch.o(.text)
    _btod_d2e                                0x08001025   Thumb Code    62  btod.o(CL$$btod_d2e)
    _d2e_denorm_low                          0x08001063   Thumb Code    70  btod.o(CL$$btod_d2e_denorm_low)
    _d2e_norm_op1                            0x080010a9   Thumb Code    96  btod.o(CL$$btod_d2e_norm_op1)
    __btod_div_common                        0x08001109   Thumb Code   696  btod.o(CL$$btod_div_common)
    _e2e                                     0x08001441   Thumb Code   198  btod.o(CL$$btod_e2e)
    _btod_ediv                               0x08001507   Thumb Code    40  btod.o(CL$$btod_ediv)
    _btod_emul                               0x0800152f   Thumb Code    40  btod.o(CL$$btod_emul)
    __btod_mult_common                       0x08001557   Thumb Code   580  btod.o(CL$$btod_mult_common)
    ADXL345_AccelVCCInit                     0x0800179d   Thumb Code    92  adxl345.o(i.ADXL345_AccelVCCInit)
    ADXL345_Calibr                           0x08001801   Thumb Code    94  adxl345.o(i.ADXL345_Calibr)
    ADXL345_DMA_Init                         0x08001889   Thumb Code    90  adxl345.o(i.ADXL345_DMA_Init)
    ADXL345_Init                             0x080018f9   Thumb Code   116  adxl345.o(i.ADXL345_Init)
    ADXL345_Read                             0x08001971   Thumb Code    22  adxl345.o(i.ADXL345_Read)
    ADXL345_Write                            0x08001987   Thumb Code    20  adxl345.o(i.ADXL345_Write)
    Accel_EXTI_Init                          0x0800199d   Thumb Code    66  adxl345.o(i.Accel_EXTI_Init)
    DMA1_Stream0_IRQHandler                  0x080019ed   Thumb Code   322  gyro.o(i.DMA1_Stream0_IRQHandler)
    DMA1_Stream3_IRQHandler                  0x08001b79   Thumb Code   502  adxl345.o(i.DMA1_Stream3_IRQHandler)
    DMA1_Stream4_IRQHandler                  0x08001dd5   Thumb Code    34  adxl345.o(i.DMA1_Stream4_IRQHandler)
    DMA2_Stream7_IRQHandler                  0x08001dfd   Thumb Code    28  telemetry.o(i.DMA2_Stream7_IRQHandler)
    Delay                                    0x08001e21   Thumb Code    28  adxl345.o(i.Delay)
    EXTI1_IRQHandler                         0x08001e3d   Thumb Code    28  adxl345.o(i.EXTI1_IRQHandler)
    EXTI2_IRQHandler                         0x08001e5d   Thumb Code    78  motors.o(i.EXTI2_IRQHandler)
    EXTI3_IRQHandler                         0x08001eb9   Thumb Code    24  gyro.o(i.EXTI3_IRQHandler)
    EXTI4_IRQHandler                         0x08001ed5   Thumb Code    68  motors.o(i.EXTI4_IRQHandler)
    Gyro_Calibr                              0x08001f25   Thumb Code    94  gyro.o(i.Gyro_Calibr)
    Gyro_DMA_Init                            0x08001fad   Thumb Code    48  gyro.o(i.Gyro_DMA_Init)
    Gyro_EXTI_Init                           0x08001fed   Thumb Code    88  gyro.o(i.Gyro_EXTI_Init)
    Gyro_Init                                0x08002055   Thumb Code    88  gyro.o(i.Gyro_Init)
    Gyro_ReadWithInterrupt                   0x080020b5   Thumb Code    64  gyro.o(i.Gyro_ReadWithInterrupt)
    Gyro_SingleByteRead                      0x08002105   Thumb Code   274  gyro.o(i.Gyro_SingleByteRead)
    Gyro_SingleByteWrite                     0x0800221d   Thumb Code   186  gyro.o(i.Gyro_SingleByteWrite)
    I2C1_EV_IRQHandler                       0x080022dd   Thumb Code   124  gyro.o(i.I2C1_EV_IRQHandler)
    I2C1_GPIO_Init                           0x08002369   Thumb Code   194  gyro.o(i.I2C1_GPIO_Init)
    I2C1_Init                                0x08002439   Thumb Code    50  gyro.o(i.I2C1_Init)
    Motors_EXTI_Init                         0x08002471   Thumb Code   116  motors.o(i.Motors_EXTI_Init)
    Motors_GPIO_Init                         0x080024ed   Thumb Code   298  motors.o(i.Motors_GPIO_Init)
    Motors_Init                              0x08002631   Thumb Code    16  motors.o(i.Motors_Init)
    Motors_Stop                              0x08002641   Thumb Code    32  motors.o(i.Motors_Stop)
    Motors_TIM_Init                          0x0800266d   Thumb Code   166  motors.o(i.Motors_TIM_Init)
    NSS_High                                 0x08002729   Thumb Code    20  adxl345.o(i.NSS_High)
    NSS_Low                                  0x08002745   Thumb Code    20  adxl345.o(i.NSS_Low)
    Processing_TIM_Init                      0x08002831   Thumb Code   108  processing.o(i.Processing_TIM_Init)
    RCC_Init                                 0x080028a9   Thumb Code    46  main.o(i.RCC_Init)
    SPI1_Transfer                            0x080028e9   Thumb Code    46  adxl345.o(i.SPI1_Transfer)
    SPI2_GPIO_Init                           0x0800291d   Thumb Code   226  adxl345.o(i.SPI2_GPIO_Init)
    SPI2_Init                                0x08002a15   Thumb Code    98  adxl345.o(i.SPI2_Init)
    SendTelemetry                            0x08002a7d   Thumb Code   386  telemetry.o(i.SendTelemetry)
    SystemInit                               0x08002c95   Thumb Code   140  system_stm32f4xx.o(i.SystemInit)
    TIM3_IRQHandler                          0x08002d31   Thumb Code   308  motors.o(i.TIM3_IRQHandler)
    TIM7_IRQHandler                          0x08002e91   Thumb Code   438  processing.o(i.TIM7_IRQHandler)
    Telemetry_DMA_Init                       0x0800308d   Thumb Code    64  telemetry.o(i.Telemetry_DMA_Init)
    USART1_IRQHandler                        0x080030e5   Thumb Code  1404  telemetry.o(i.USART1_IRQHandler)
    USART_Init                               0x08003689   Thumb Code   234  telemetry.o(i.USART_Init)
    __ARM_fpclassify                         0x0800378d   Thumb Code    48  fpclassify.o(i.__ARM_fpclassify)
    __hardfp_atan                            0x080037c1   Thumb Code   622  atan.o(i.__hardfp_atan)
    __hardfp_fabs                            0x08003a99   Thumb Code    20  fabs.o(i.__hardfp_fabs)
    __hardfp_sqrt                            0x08003aad   Thumb Code   122  sqrt.o(i.__hardfp_sqrt)
    __kernel_poly                            0x08003b27   Thumb Code   248  poly.o(i.__kernel_poly)
    __mathlib_dbl_infnan                     0x08003c1f   Thumb Code    20  dunder.o(i.__mathlib_dbl_infnan)
    __mathlib_dbl_underflow                  0x08003c39   Thumb Code    24  dunder.o(i.__mathlib_dbl_underflow)
    _is_digit                                0x08003c59   Thumb Code    14  __printf_wp.o(i._is_digit)
    allocAngVelAveraging                     0x08003c69   Thumb Code   142  processing.o(i.allocAngVelAveraging)
    allocAngleAveraging                      0x08003d09   Thumb Code   142  processing.o(i.allocAngleAveraging)
    allocAveraging                           0x08003da9   Thumb Code    60  processing.o(i.allocAveraging)
    chooseRoot                               0x08003df5   Thumb Code   354  processing.o(i.chooseRoot)
    control                                  0x08003f75   Thumb Code   814  processing.o(i.control)
    delay                                    0x08004311   Thumb Code    22  gyro.o(i.delay)
    det3                                     0x08004329   Thumb Code   226  syssolve.o(i.det3)
    fabs                                     0x08004411   Thumb Code    24  fabs.o(i.fabs)
    initWaitingForFloat                      0x08004429   Thumb Code    44  telemetry.o(i.initWaitingForFloat)
    initWaitingForInt                        0x0800446d   Thumb Code    26  telemetry.o(i.initWaitingForInt)
    lowpass                                  0x08004499   Thumb Code    90  processing.o(i.lowpass)
    main                                     0x080044f9   Thumb Code   192  main.o(i.main)
    mat_mul                                  0x08004601   Thumb Code   132  syssolve.o(i.mat_mul)
    system_solve                             0x08004689   Thumb Code   326  syssolve.o(i.system_solve)
    transformGyroData                        0x080047d5   Thumb Code   364  processing.o(i.transformGyroData)
    transpose                                0x08004981   Thumb Code    52  syssolve.o(i.transpose)
    updateFreq                               0x080049b5   Thumb Code    34  adxl345.o(i.updateFreq)
    _get_lc_numeric                          0x080049e1   Thumb Code    44  lc_numeric_c.o(locale$$code)
    __aeabi_dneg                             0x08004a0d   Thumb Code     0  basic.o(x$fpl$basic)
    _dneg                                    0x08004a0d   Thumb Code     6  basic.o(x$fpl$basic)
    __aeabi_fneg                             0x08004a13   Thumb Code     0  basic.o(x$fpl$basic)
    _fneg                                    0x08004a13   Thumb Code     6  basic.o(x$fpl$basic)
    _dabs                                    0x08004a19   Thumb Code     6  basic.o(x$fpl$basic)
    _fabs                                    0x08004a1f   Thumb Code     6  basic.o(x$fpl$basic)
    __aeabi_d2f                              0x08004a25   Thumb Code     0  d2f.o(x$fpl$d2f)
    _d2f                                     0x08004a25   Thumb Code    98  d2f.o(x$fpl$d2f)
    __aeabi_dadd                             0x08004a89   Thumb Code     0  daddsub_clz.o(x$fpl$dadd)
    _dadd                                    0x08004a89   Thumb Code   332  daddsub_clz.o(x$fpl$dadd)
    __fpl_dcmp_Inf                           0x08004bd9   Thumb Code    24  dcmpi.o(x$fpl$dcmpinf)
    __aeabi_ddiv                             0x08004bf1   Thumb Code     0  ddiv.o(x$fpl$ddiv)
    _ddiv                                    0x08004bf1   Thumb Code   552  ddiv.o(x$fpl$ddiv)
    __aeabi_d2iz                             0x08004ea1   Thumb Code     0  dfix.o(x$fpl$dfix)
    _dfix                                    0x08004ea1   Thumb Code    94  dfix.o(x$fpl$dfix)
    __aeabi_d2uiz                            0x08004f01   Thumb Code     0  dfixu.o(x$fpl$dfixu)
    _dfixu                                   0x08004f01   Thumb Code    90  dfixu.o(x$fpl$dfixu)
    __aeabi_i2d                              0x08004f5b   Thumb Code     0  dflt_clz.o(x$fpl$dflt)
    _dflt                                    0x08004f5b   Thumb Code    46  dflt_clz.o(x$fpl$dflt)
    __aeabi_cdcmple                          0x08004f89   Thumb Code     0  dleqf.o(x$fpl$dleqf)
    _dcmple                                  0x08004f89   Thumb Code   120  dleqf.o(x$fpl$dleqf)
    __fpl_dcmple_InfNaN                      0x08004feb   Thumb Code     0  dleqf.o(x$fpl$dleqf)
    __aeabi_dmul                             0x08005001   Thumb Code     0  dmul.o(x$fpl$dmul)
    _dmul                                    0x08005001   Thumb Code   332  dmul.o(x$fpl$dmul)
    __fpl_dnaninf                            0x08005155   Thumb Code   156  dnaninf.o(x$fpl$dnaninf)
    __fpl_dretinf                            0x080051f1   Thumb Code    12  dretinf.o(x$fpl$dretinf)
    __aeabi_drsub                            0x080051fd   Thumb Code     0  daddsub_clz.o(x$fpl$drsb)
    _drsb                                    0x080051fd   Thumb Code    22  daddsub_clz.o(x$fpl$drsb)
    _dsqrt                                   0x08005215   Thumb Code   404  dsqrt_umaal.o(x$fpl$dsqrt)
    __aeabi_dsub                             0x080053ad   Thumb Code     0  daddsub_clz.o(x$fpl$dsub)
    _dsub                                    0x080053ad   Thumb Code   464  daddsub_clz.o(x$fpl$dsub)
    __aeabi_f2d                              0x08005581   Thumb Code     0  f2d.o(x$fpl$f2d)
    _f2d                                     0x08005581   Thumb Code    86  f2d.o(x$fpl$f2d)
    __fpl_fnaninf                            0x080055d7   Thumb Code   140  fnaninf.o(x$fpl$fnaninf)
    _fp_init                                 0x08005663   Thumb Code    10  fpinit.o(x$fpl$fpinit)
    __fplib_config_fpu_vfp                   0x0800566b   Thumb Code     0  fpinit.o(x$fpl$fpinit)
    __fplib_config_pureend_doubles           0x0800566b   Thumb Code     0  fpinit.o(x$fpl$fpinit)
    __fpl_fretinf                            0x0800566d   Thumb Code    10  fretinf.o(x$fpl$fretinf)
    _printf_fp_dec                           0x08005677   Thumb Code     4  printf1.o(x$fpl$printf1)
    __I$use$fp                               0x0800567a   Number         0  usenofp.o(x$fpl$usenofp)
    Region$$Table$$Base                      0x080057ac   Number         0  anon$$obj.o(Region$$Table)
    Region$$Table$$Limit                     0x080057cc   Number         0  anon$$obj.o(Region$$Table)
    ax                                       0x20000000   Data           2  main.o(.data)
    ay                                       0x20000002   Data           2  main.o(.data)
    az                                       0x20000004   Data           2  main.o(.data)
    gx                                       0x20000006   Data           2  main.o(.data)
    gy                                       0x20000008   Data           2  main.o(.data)
    gz                                       0x2000000a   Data           2  main.o(.data)
    ENGRDY                                   0x2000000c   Data           1  main.o(.data)
    STABRDY                                  0x2000000d   Data           1  main.o(.data)
    pwm1                                     0x20000010   Data           4  main.o(.data)
    pwm2                                     0x20000014   Data           4  main.o(.data)
    COUNT1                                   0x20000018   Data           4  main.o(.data)
    COUNT2                                   0x2000001c   Data           4  main.o(.data)
    F                                        0x20000020   Data           4  main.o(.data)
    Kp                                       0x20000024   Data           4  main.o(.data)
    Kd                                       0x20000028   Data           4  main.o(.data)
    Ki                                       0x2000002c   Data           4  main.o(.data)
    angle                                    0x20000030   Data           4  main.o(.data)
    angularVelocity                          0x20000034   Data           4  main.o(.data)
    anglesAccumulated                        0x20000038   Data           1  syssolve.o(.data)
    row                                      0x20000039   Data           1  syssolve.o(.data)
    SPI2_SCK                                 0x2000003c   Data           1  adxl345.o(.data)
    SPI2_MISO                                0x2000003d   Data           1  adxl345.o(.data)
    SPI2_MOSI                                0x2000003e   Data           1  adxl345.o(.data)
    SPI2_NSS                                 0x2000003f   Data           1  adxl345.o(.data)
    ACCEL_INT1                               0x20000040   Data           1  adxl345.o(.data)
    ACCEL_VCC                                0x20000041   Data           1  adxl345.o(.data)
    accelRegisters                           0x20000042   Data          12  adxl345.o(.data)
    accelCalibrationOn                       0x2000004e   Data           1  adxl345.o(.data)
    accelCalibrIndex                         0x20000050   Data           4  adxl345.o(.data)
    accelCalibrNumber                        0x20000054   Data           4  adxl345.o(.data)
    accel_xSum                               0x20000058   Data           4  adxl345.o(.data)
    accel_ySum                               0x2000005c   Data           4  adxl345.o(.data)
    accel_zSum                               0x20000060   Data           4  adxl345.o(.data)
    xOffset                                  0x20000064   Data           2  adxl345.o(.data)
    yOffset                                  0x20000066   Data           2  adxl345.o(.data)
    zOffset                                  0x20000068   Data           2  adxl345.o(.data)
    freshFreq                                0x2000006a   Data           1  adxl345.o(.data)
    curFreq                                  0x2000006b   Data           1  adxl345.o(.data)
    curDT                                    0x2000006c   Data           4  adxl345.o(.data)
    UART1_TX                                 0x20000070   Data           1  telemetry.o(.data)
    UART1_RX                                 0x20000071   Data           1  telemetry.o(.data)
    received                                 0x20000072   Data           1  telemetry.o(.data)
    i                                        0x20000074   Data           4  telemetry.o(.data)
    st                                       0x20000078   Data           4  telemetry.o(.data)
    intValue                                 0x2000007c   Data           4  telemetry.o(.data)
    k                                        0x20000080   Data           4  telemetry.o(.data)
    my_pow                                   0x20000084   Data           4  telemetry.o(.data)
    d_st                                     0x20000088   Data           4  telemetry.o(.data)
    floatValue                               0x2000008c   Data           4  telemetry.o(.data)
    curWaiting                               0x20000090   Data           1  telemetry.o(.data)
    curWaitingForInt                         0x20000091   Data           1  telemetry.o(.data)
    curWaitingForFloat                       0x20000092   Data           1  telemetry.o(.data)
    telemetryOn                              0x20000093   Data           1  telemetry.o(.data)
    curTelemetryMode                         0x20000094   Data           1  telemetry.o(.data)
    recalibrate                              0x20000095   Data           1  telemetry.o(.data)
    len                                      0x20000096   Data           1  telemetry.o(.data)
    j                                        0x20000097   Data           1  telemetry.o(.data)
    rst                                      0x20000098   Data           4  telemetry.o(.data)
    USART_DMA_transferComleted               0x2000009c   Data           1  telemetry.o(.data)
    processCounter                           0x200000a0   Data           1  processing.o(.data)
    gyro_b                                   0x200000a4   Data         336  processing.o(.data)
    gxHistoryIndex                           0x200001f4   Data           1  processing.o(.data)
    gxCurHistoryIndex                        0x200001f5   Data           1  processing.o(.data)
    finalGX                                  0x200001f6   Data           2  processing.o(.data)
    accel_b                                  0x200001f8   Data         428  processing.o(.data)
    azHistoryIndex                           0x200003a4   Data           1  processing.o(.data)
    azCurHistoryIndex                        0x200003a5   Data           1  processing.o(.data)
    finalAZ                                  0x200003a6   Data           2  processing.o(.data)
    axHistoryIndex                           0x200003a8   Data           1  processing.o(.data)
    axCurHistoryIndex                        0x200003a9   Data           1  processing.o(.data)
    finalAX                                  0x200003aa   Data           2  processing.o(.data)
    doAccelProcess                           0x200003ac   Data           1  processing.o(.data)
    doGyroProcess                            0x200003ad   Data           1  processing.o(.data)
    lowpassOn                                0x200003ae   Data           1  processing.o(.data)
    accelLowpassReady                        0x200003af   Data           1  processing.o(.data)
    gyroLowpassReady                         0x200003b0   Data           1  processing.o(.data)
    prevAngle                                0x200003b4   Data           4  processing.o(.data)
    angleIntegral                            0x200003b8   Data           4  processing.o(.data)
    angleIntegralMax                         0x200003bc   Data           4  processing.o(.data)
    stabilizationOn                          0x200003c0   Data           1  processing.o(.data)
    kalmanOn                                 0x200003c1   Data           1  processing.o(.data)
    angleAveragingOn                         0x200003c2   Data           1  processing.o(.data)
    angVelAveragingOn                        0x200003c3   Data           1  processing.o(.data)
    impulseOn                                0x200003c4   Data           1  processing.o(.data)
    angleWindowSize                          0x200003c5   Data           1  processing.o(.data)
    angVelWindowSize                         0x200003c6   Data           1  processing.o(.data)
    A                                        0x200003c8   Data          16  processing.o(.data)
    At                                       0x200003d8   Data          16  processing.o(.data)
    H                                        0x200003e8   Data           8  processing.o(.data)
    Ht                                       0x200003f0   Data           8  processing.o(.data)
    Xaposteriori                             0x200003f8   Data           8  processing.o(.data)
    Paposteriori                             0x20000400   Data          16  processing.o(.data)
    R                                        0x20000410   Data           4  processing.o(.data)
    Q                                        0x20000414   Data          16  processing.o(.data)
    I                                        0x20000424   Data          16  processing.o(.data)
    Xapriori                                 0x20000434   Data           8  processing.o(.data)
    Aappr                                    0x2000043c   Data           4  processing.o(.data)
    Bappr                                    0x20000440   Data           4  processing.o(.data)
    Cappr                                    0x20000444   Data           4  processing.o(.data)
    D                                        0x20000448   Data           4  processing.o(.data)
    x1                                       0x2000044c   Data           4  processing.o(.data)
    x2                                       0x20000450   Data           4  processing.o(.data)
    angleIndex                               0x20000454   Data           1  processing.o(.data)
    angleSum                                 0x20000458   Data           4  processing.o(.data)
    angles                                   0x2000045c   Data           4  processing.o(.data)
    angVelIndex                              0x20000460   Data           1  processing.o(.data)
    angVelSum                                0x20000464   Data           4  processing.o(.data)
    angVels                                  0x20000468   Data           4  processing.o(.data)
    identificationReady                      0x2000046c   Data           1  processing.o(.data)
    gyroX                                    0x20000470   Data           4  processing.o(.data)
    gyroY                                    0x20000474   Data           4  processing.o(.data)
    gyroZ                                    0x20000478   Data           4  processing.o(.data)
    a2                                       0x2000047c   Data           4  processing.o(.data)
    MOT_PWM1                                 0x20000480   Data           1  motors.o(.data)
    MOT_PWM2                                 0x20000481   Data           1  motors.o(.data)
    MOT_FREQ1                                0x20000482   Data           1  motors.o(.data)
    MOT_FREQ2                                0x20000483   Data           1  motors.o(.data)
    minPwm                                   0x20000484   Data           4  motors.o(.data)
    tim3_status                              0x20000488   Data           1  motors.o(.data)
    pwm                                      0x2000048c   Data           4  motors.o(.data)
    timer                                    0x20000490   Data           4  motors.o(.data)
    timer_1000                               0x20000494   Data           4  motors.o(.data)
    timer_2000                               0x20000498   Data           4  motors.o(.data)
    pwm_step                                 0x2000049c   Data           4  motors.o(.data)
    pwmstartmax                              0x200004a0   Data           4  motors.o(.data)
    I2C1_SCL                                 0x200004a4   Data           1  gyro.o(.data)
    I2C1_SDA                                 0x200004a5   Data           1  gyro.o(.data)
    gyroFreshFreq                            0x200004a6   Data           1  gyro.o(.data)
    gyroCurFreq                              0x200004a7   Data           1  gyro.o(.data)
    gyroCurDT                                0x200004a8   Data           4  gyro.o(.data)
    gyroAngle                                0x200004ac   Data           4  gyro.o(.data)
    gyro                                     0x200004b0   Data           6  gyro.o(.data)
    gyroRegisters                            0x200004b6   Data           6  gyro.o(.data)
    GYRO_ADDR                                0x200004bc   Data           1  gyro.o(.data)
    read                                     0x200004bd   Data           1  gyro.o(.data)
    addr                                     0x200004be   Data           1  gyro.o(.data)
    gyro_val                                 0x200004bf   Data           1  gyro.o(.data)
    gyroIndex                                0x200004c0   Data           1  gyro.o(.data)
    gyroCalibrationOn                        0x200004c1   Data           1  gyro.o(.data)
    calibrIndex                              0x200004c4   Data           4  gyro.o(.data)
    calibrNumber                             0x200004c8   Data           4  gyro.o(.data)
    xSum                                     0x200004cc   Data           4  gyro.o(.data)
    ySum                                     0x200004d0   Data           4  gyro.o(.data)
    zSum                                     0x200004d4   Data           4  gyro.o(.data)
    gyro_xOffset                             0x200004d8   Data           2  gyro.o(.data)
    gyro_yOffset                             0x200004da   Data           2  gyro.o(.data)
    gyro_zOffset                             0x200004dc   Data           2  gyro.o(.data)
    gyroProcessCounter                       0x200004de   Data           1  gyro.o(.data)
    y                                        0x200004e0   Data          12  syssolve.o(.bss)
    u                                        0x200004ec   Data          12  syssolve.o(.bss)
    w                                        0x200004f8   Data          12  syssolve.o(.bss)
    Afull                                    0x20000504   Data         120  syssolve.o(.bss)
    Bfull                                    0x2000057c   Data          40  syssolve.o(.bss)
    accel                                    0x200005a4   Data          12  adxl345.o(.bss)
    str                                      0x200005b0   Data         100  telemetry.o(.bss)
    tele                                     0x20000614   Data         100  telemetry.o(.bss)
    gxHistory                                0x20000678   Data         512  processing.o(.bss)
    azHistory                                0x20000878   Data         512  processing.o(.bss)
    axHistory                                0x20000a78   Data         512  processing.o(.bss)
    Papriori                                 0x20000c78   Data          16  processing.o(.bss)
    __libspace_start                         0x20000c88   Data          96  libspace.o(.bss)
    __temporary_stack_top$libspace           0x20000ce8   Data           0  libspace.o(.bss)



==============================================================================

Memory Map of the image

  Image Entry point : 0x08000299

  Load Region LR_1 (Base: 0x08000000, Size: 0x00005cc8, Max: 0xffffffff, ABSOLUTE, COMPRESSED[0x00005ae0])

    Execution Region ER_RO (Base: 0x08000000, Size: 0x000057e8, Max: 0xffffffff, ABSOLUTE)

    Base Addr    Size         Type   Attr      Idx    E Section Name        Object

    0x08000000   0x00000188   Data   RO          743    RESET               startup_stm32f407xx.o
    0x08000188   0x00000008   Code   RO          889  * !!!main             c_w.l(__main.o)
    0x08000190   0x00000034   Code   RO         1249    !!!scatter          c_w.l(__scatter.o)
    0x080001c4   0x00000064   Code   RO         1247    !!dclz77c           c_w.l(__dclz77c.o)
    0x08000228   0x0000001c   Code   RO         1251    !!handler_zi        c_w.l(__scatter_zi.o)
    0x08000244   0x00000000   Code   RO          880    .ARM.Collect$$_printf_percent$$00000000  c_w.l(_printf_percent.o)
    0x08000244   0x00000006   Code   RO          879    .ARM.Collect$$_printf_percent$$00000003  c_w.l(_printf_f.o)
    0x0800024a   0x00000006   Code   RO          878    .ARM.Collect$$_printf_percent$$00000009  c_w.l(_printf_d.o)
    0x08000250   0x00000004   Code   RO          995    .ARM.Collect$$_printf_percent$$00000017  c_w.l(_printf_percent_end.o)
    0x08000254   0x00000002   Code   RO         1187    .ARM.Collect$$libinit$$00000000  c_w.l(libinit.o)
    0x08000256   0x00000004   Code   RO          998    .ARM.Collect$$libinit$$00000001  c_w.l(libinit2.o)
    0x0800025a   0x00000000   Code   RO         1001    .ARM.Collect$$libinit$$00000004  c_w.l(libinit2.o)
    0x0800025a   0x00000008   Code   RO         1002    .ARM.Collect$$libinit$$00000005  c_w.l(libinit2.o)
    0x08000262   0x00000000   Code   RO         1004    .ARM.Collect$$libinit$$0000000A  c_w.l(libinit2.o)
    0x08000262   0x00000000   Code   RO         1006    .ARM.Collect$$libinit$$0000000C  c_w.l(libinit2.o)
    0x08000262   0x00000000   Code   RO         1008    .ARM.Collect$$libinit$$0000000E  c_w.l(libinit2.o)
    0x08000262   0x00000006   Code   RO         1009    .ARM.Collect$$libinit$$0000000F  c_w.l(libinit2.o)
    0x08000268   0x00000000   Code   RO         1011    .ARM.Collect$$libinit$$00000011  c_w.l(libinit2.o)
    0x08000268   0x00000000   Code   RO         1013    .ARM.Collect$$libinit$$00000013  c_w.l(libinit2.o)
    0x08000268   0x00000000   Code   RO         1015    .ARM.Collect$$libinit$$00000015  c_w.l(libinit2.o)
    0x08000268   0x0000000a   Code   RO         1016    .ARM.Collect$$libinit$$00000016  c_w.l(libinit2.o)
    0x08000272   0x00000000   Code   RO         1017    .ARM.Collect$$libinit$$00000017  c_w.l(libinit2.o)
    0x08000272   0x00000000   Code   RO         1019    .ARM.Collect$$libinit$$00000019  c_w.l(libinit2.o)
    0x08000272   0x00000000   Code   RO         1021    .ARM.Collect$$libinit$$0000001B  c_w.l(libinit2.o)
    0x08000272   0x00000000   Code   RO         1023    .ARM.Collect$$libinit$$0000001D  c_w.l(libinit2.o)
    0x08000272   0x00000000   Code   RO         1025    .ARM.Collect$$libinit$$0000001F  c_w.l(libinit2.o)
    0x08000272   0x00000000   Code   RO         1027    .ARM.Collect$$libinit$$00000021  c_w.l(libinit2.o)
    0x08000272   0x00000000   Code   RO         1029    .ARM.Collect$$libinit$$00000023  c_w.l(libinit2.o)
    0x08000272   0x00000000   Code   RO         1031    .ARM.Collect$$libinit$$00000025  c_w.l(libinit2.o)
    0x08000272   0x00000000   Code   RO         1035    .ARM.Collect$$libinit$$0000002C  c_w.l(libinit2.o)
    0x08000272   0x00000000   Code   RO         1037    .ARM.Collect$$libinit$$0000002E  c_w.l(libinit2.o)
    0x08000272   0x00000000   Code   RO         1039    .ARM.Collect$$libinit$$00000030  c_w.l(libinit2.o)
    0x08000272   0x00000000   Code   RO         1041    .ARM.Collect$$libinit$$00000032  c_w.l(libinit2.o)
    0x08000272   0x00000002   Code   RO         1042    .ARM.Collect$$libinit$$00000033  c_w.l(libinit2.o)
    0x08000274   0x00000002   Code   RO         1244    .ARM.Collect$$libshutdown$$00000000  c_w.l(libshutdown.o)
    0x08000276   0x00000000   Code   RO         1202    .ARM.Collect$$libshutdown$$00000003  c_w.l(libshutdown2.o)
    0x08000276   0x00000000   Code   RO         1205    .ARM.Collect$$libshutdown$$00000006  c_w.l(libshutdown2.o)
    0x08000276   0x00000000   Code   RO         1208    .ARM.Collect$$libshutdown$$00000009  c_w.l(libshutdown2.o)
    0x08000276   0x00000000   Code   RO         1210    .ARM.Collect$$libshutdown$$0000000B  c_w.l(libshutdown2.o)
    0x08000276   0x00000000   Code   RO         1213    .ARM.Collect$$libshutdown$$0000000E  c_w.l(libshutdown2.o)
    0x08000276   0x00000002   Code   RO         1214    .ARM.Collect$$libshutdown$$0000000F  c_w.l(libshutdown2.o)
    0x08000278   0x00000000   Code   RO          959    .ARM.Collect$$rtentry$$00000000  c_w.l(__rtentry.o)
    0x08000278   0x00000000   Code   RO         1082    .ARM.Collect$$rtentry$$00000002  c_w.l(__rtentry2.o)
    0x08000278   0x00000006   Code   RO         1094    .ARM.Collect$$rtentry$$00000004  c_w.l(__rtentry4.o)
    0x0800027e   0x00000000   Code   RO         1084    .ARM.Collect$$rtentry$$00000009  c_w.l(__rtentry2.o)
    0x0800027e   0x00000004   Code   RO         1085    .ARM.Collect$$rtentry$$0000000A  c_w.l(__rtentry2.o)
    0x08000282   0x00000000   Code   RO         1087    .ARM.Collect$$rtentry$$0000000C  c_w.l(__rtentry2.o)
    0x08000282   0x00000008   Code   RO         1088    .ARM.Collect$$rtentry$$0000000D  c_w.l(__rtentry2.o)
    0x0800028a   0x00000002   Code   RO         1190    .ARM.Collect$$rtexit$$00000000  c_w.l(rtexit.o)
    0x0800028c   0x00000000   Code   RO         1218    .ARM.Collect$$rtexit$$00000002  c_w.l(rtexit2.o)
    0x0800028c   0x00000004   Code   RO         1219    .ARM.Collect$$rtexit$$00000003  c_w.l(rtexit2.o)
    0x08000290   0x00000006   Code   RO         1220    .ARM.Collect$$rtexit$$00000004  c_w.l(rtexit2.o)
    0x08000296   0x00000002   PAD
    0x08000298   0x00000000   Code   RO         1108    .emb_text           c_w.l(maybetermalloc1.o)
    0x08000298   0x00000040   Code   RO          744  * .text               startup_stm32f407xx.o
    0x080002d8   0x0000005e   Code   RO          790    .text               c_w.l(h1_alloc.o)
    0x08000336   0x0000004e   Code   RO          792    .text               c_w.l(h1_free.o)
    0x08000384   0x00000028   Code   RO          850    .text               c_w.l(noretval__2sprintf.o)
    0x080003ac   0x00000024   Code   RO          854    .text               c_w.l(_printf_truncate.o)
    0x080003d0   0x00000078   Code   RO          856    .text               c_w.l(_printf_dec.o)
    0x08000448   0x00000160   Code   RO          873    .text               c_w.l(__printf_ss_wp.o)
    0x080005a8   0x0000003e   Code   RO          881    .text               c_w.l(strlen.o)
    0x080005e6   0x00000064   Code   RO          883    .text               c_w.l(rt_memcpy_w.o)
    0x0800064a   0x0000004e   Code   RO          885    .text               c_w.l(rt_memclr_w.o)
    0x08000698   0x00000006   Code   RO          887    .text               c_w.l(heapauxi.o)
    0x0800069e   0x00000002   PAD
    0x080006a0   0x00000008   Code   RO          963    .text               c_w.l(rt_heap_descriptor_intlibspace.o)
    0x080006a8   0x00000004   Code   RO          965    .text               c_w.l(hguard.o)
    0x080006ac   0x0000008a   Code   RO          967    .text               c_w.l(init_alloc.o)
    0x08000736   0x0000000e   Code   RO          971    .text               c_w.l(h1_init.o)
    0x08000744   0x00000016   Code   RO          985    .text               c_w.l(_rserrno.o)
    0x0800075a   0x000000b2   Code   RO          987    .text               c_w.l(_printf_intcommon.o)
    0x0800080c   0x0000041a   Code   RO          989    .text               c_w.l(_printf_fp_dec.o)
    0x08000c26   0x00000002   PAD
    0x08000c28   0x00000030   Code   RO          991    .text               c_w.l(_printf_char_common.o)
    0x08000c58   0x0000000a   Code   RO          993    .text               c_w.l(_sputc.o)
    0x08000c62   0x00000002   PAD
    0x08000c64   0x00000008   Code   RO         1078    .text               c_w.l(libspace.o)
    0x08000c6c   0x00000008   Code   RO         1099    .text               c_w.l(rt_locale_intlibspace.o)
    0x08000c74   0x00000008   Code   RO         1104    .text               c_w.l(rt_errno_addr_intlibspace.o)
    0x08000c7c   0x00000034   Code   RO         1110    .text               c_w.l(h1_extend.o)
    0x08000cb0   0x0000008a   Code   RO         1114    .text               c_w.l(lludiv10.o)
    0x08000d3a   0x00000002   PAD
    0x08000d3c   0x00000080   Code   RO         1116    .text               c_w.l(_printf_fp_infnan.o)
    0x08000dbc   0x000000dc   Code   RO         1120    .text               c_w.l(bigflt0.o)
    0x08000e98   0x0000000e   Code   RO         1148    .text               c_w.l(defsig_rtmem_outer.o)
    0x08000ea6   0x00000002   Code   RO         1161    .text               c_w.l(use_no_semi.o)
    0x08000ea8   0x00000000   Code   RO         1163    .text               c_w.l(indicate_semi.o)
    0x08000ea8   0x0000004a   Code   RO         1164    .text               c_w.l(sys_stackheap_outer.o)
    0x08000ef2   0x0000000c   Code   RO         1170    .text               c_w.l(exit.o)
    0x08000efe   0x0000000a   Code   RO         1172    .text               c_w.l(defsig_exit.o)
    0x08000f08   0x00000050   Code   RO         1174    .text               c_w.l(defsig_rtmem_inner.o)
    0x08000f58   0x00000080   Code   RO         1176    .text               c_w.l(strcmpv7m.o)
    0x08000fd8   0x0000000c   Code   RO         1188    .text               c_w.l(sys_exit.o)
    0x08000fe4   0x00000032   Code   RO         1198    .text               c_w.l(defsig_general.o)
    0x08001016   0x0000000e   Code   RO         1215    .text               c_w.l(sys_wrch.o)
    0x08001024   0x0000003e   Code   RO         1123    CL$$btod_d2e        c_w.l(btod.o)
    0x08001062   0x00000046   Code   RO         1125    CL$$btod_d2e_denorm_low  c_w.l(btod.o)
    0x080010a8   0x00000060   Code   RO         1124    CL$$btod_d2e_norm_op1  c_w.l(btod.o)
    0x08001108   0x00000338   Code   RO         1133    CL$$btod_div_common  c_w.l(btod.o)
    0x08001440   0x000000c6   Code   RO         1130    CL$$btod_e2e        c_w.l(btod.o)
    0x08001506   0x00000028   Code   RO         1127    CL$$btod_ediv       c_w.l(btod.o)
    0x0800152e   0x00000028   Code   RO         1126    CL$$btod_emul       c_w.l(btod.o)
    0x08001556   0x00000244   Code   RO         1132    CL$$btod_mult_common  c_w.l(btod.o)
    0x0800179a   0x00000002   PAD
    0x0800179c   0x00000064   Code   RO          153    i.ADXL345_AccelVCCInit  adxl345.o
    0x08001800   0x00000088   Code   RO          154    i.ADXL345_Calibr    adxl345.o
    0x08001888   0x00000070   Code   RO          155    i.ADXL345_DMA_Init  adxl345.o
    0x080018f8   0x00000078   Code   RO          157    i.ADXL345_Init      adxl345.o
    0x08001970   0x00000016   Code   RO          158    i.ADXL345_Read      adxl345.o
    0x08001986   0x00000014   Code   RO          159    i.ADXL345_Write     adxl345.o
    0x0800199a   0x00000002   PAD
    0x0800199c   0x00000050   Code   RO          160    i.Accel_EXTI_Init   adxl345.o
    0x080019ec   0x0000018c   Code   RO          631    i.DMA1_Stream0_IRQHandler  gyro.o
    0x08001b78   0x0000025c   Code   RO          161    i.DMA1_Stream3_IRQHandler  adxl345.o
    0x08001dd4   0x00000028   Code   RO          162    i.DMA1_Stream4_IRQHandler  adxl345.o
    0x08001dfc   0x00000024   Code   RO          305    i.DMA2_Stream7_IRQHandler  telemetry.o
    0x08001e20   0x0000001c   Code   RO          163    i.Delay             adxl345.o
    0x08001e3c   0x00000020   Code   RO          164    i.EXTI1_IRQHandler  adxl345.o
    0x08001e5c   0x0000005c   Code   RO          541    i.EXTI2_IRQHandler  motors.o
    0x08001eb8   0x0000001c   Code   RO          632    i.EXTI3_IRQHandler  gyro.o
    0x08001ed4   0x00000050   Code   RO          542    i.EXTI4_IRQHandler  motors.o
    0x08001f24   0x00000088   Code   RO          633    i.Gyro_Calibr       gyro.o
    0x08001fac   0x00000040   Code   RO          634    i.Gyro_DMA_Init     gyro.o
    0x08001fec   0x00000068   Code   RO          635    i.Gyro_EXTI_Init    gyro.o
    0x08002054   0x00000060   Code   RO          636    i.Gyro_Init         gyro.o
    0x080020b4   0x00000050   Code   RO          637    i.Gyro_ReadWithInterrupt  gyro.o
    0x08002104   0x00000118   Code   RO          638    i.Gyro_SingleByteRead  gyro.o
    0x0800221c   0x000000c0   Code   RO          639    i.Gyro_SingleByteWrite  gyro.o
    0x080022dc   0x0000008c   Code   RO          640    i.I2C1_EV_IRQHandler  gyro.o
    0x08002368   0x000000d0   Code   RO          641    i.I2C1_GPIO_Init    gyro.o
    0x08002438   0x00000038   Code   RO          642    i.I2C1_Init         gyro.o
    0x08002470   0x0000007c   Code   RO          543    i.Motors_EXTI_Init  motors.o
    0x080024ec   0x00000144   Code   RO          544    i.Motors_GPIO_Init  motors.o
    0x08002630   0x00000010   Code   RO          545    i.Motors_Init       motors.o
    0x08002640   0x0000002c   Code   RO          547    i.Motors_Stop       motors.o
    0x0800266c   0x000000bc   Code   RO          548    i.Motors_TIM_Init   motors.o
    0x08002728   0x0000001c   Code   RO          165    i.NSS_High          adxl345.o
    0x08002744   0x0000001c   Code   RO          166    i.NSS_Low           adxl345.o
    0x08002760   0x00000016   Code   RO          167    i.NVIC_EnableIRQ    adxl345.o
    0x08002776   0x00000016   Code   RO          306    i.NVIC_EnableIRQ    telemetry.o
    0x0800278c   0x00000016   Code   RO          549    i.NVIC_EnableIRQ    motors.o
    0x080027a2   0x00000016   Code   RO          643    i.NVIC_EnableIRQ    gyro.o
    0x080027b8   0x00000028   Code   RO          168    i.NVIC_SetPriority  adxl345.o
    0x080027e0   0x00000028   Code   RO          550    i.NVIC_SetPriority  motors.o
    0x08002808   0x00000028   Code   RO          644    i.NVIC_SetPriority  gyro.o
    0x08002830   0x00000078   Code   RO          419    i.Processing_TIM_Init  processing.o
    0x080028a8   0x00000040   Code   RO            4    i.RCC_Init          main.o
    0x080028e8   0x00000034   Code   RO          169    i.SPI1_Transfer     adxl345.o
    0x0800291c   0x000000f8   Code   RO          170    i.SPI2_GPIO_Init    adxl345.o
    0x08002a14   0x00000068   Code   RO          171    i.SPI2_Init         adxl345.o
    0x08002a7c   0x00000218   Code   RO          309    i.SendTelemetry     telemetry.o
    0x08002c94   0x0000009c   Code   RO          752    i.SystemInit        system_stm32f4xx.o
    0x08002d30   0x00000160   Code   RO          551    i.TIM3_IRQHandler   motors.o
    0x08002e90   0x000001fc   Code   RO          420    i.TIM7_IRQHandler   processing.o
    0x0800308c   0x00000058   Code   RO          310    i.Telemetry_DMA_Init  telemetry.o
    0x080030e4   0x000005a4   Code   RO          311    i.USART1_IRQHandler  telemetry.o
    0x08003688   0x00000104   Code   RO          312    i.USART_Init        telemetry.o
    0x0800378c   0x00000030   Code   RO         1072    i.__ARM_fpclassify  m_wm.l(fpclassify.o)
    0x080037bc   0x00000004   PAD
    0x080037c0   0x000002d8   Code   RO          925    i.__hardfp_atan     m_wm.l(atan.o)
    0x08003a98   0x00000014   Code   RO          939    i.__hardfp_fabs     m_wm.l(fabs.o)
    0x08003aac   0x0000007a   Code   RO          945    i.__hardfp_sqrt     m_wm.l(sqrt.o)
    0x08003b26   0x000000f8   Code   RO         1074    i.__kernel_poly     m_wm.l(poly.o)
    0x08003c1e   0x00000014   Code   RO         1059    i.__mathlib_dbl_infnan  m_wm.l(dunder.o)
    0x08003c32   0x00000006   PAD
    0x08003c38   0x00000020   Code   RO         1064    i.__mathlib_dbl_underflow  m_wm.l(dunder.o)
    0x08003c58   0x0000000e   Code   RO          868    i._is_digit         c_w.l(__printf_wp.o)
    0x08003c66   0x00000002   PAD
    0x08003c68   0x000000a0   Code   RO          421    i.allocAngVelAveraging  processing.o
    0x08003d08   0x000000a0   Code   RO          422    i.allocAngleAveraging  processing.o
    0x08003da8   0x0000004c   Code   RO          423    i.allocAveraging    processing.o
    0x08003df4   0x00000180   Code   RO          426    i.chooseRoot        processing.o
    0x08003f74   0x0000039c   Code   RO          427    i.control           processing.o
    0x08004310   0x00000016   Code   RO          645    i.delay             gyro.o
    0x08004326   0x00000002   PAD
    0x08004328   0x000000e8   Code   RO           86    i.det3              syssolve.o
    0x08004410   0x00000018   Code   RO          941    i.fabs              m_wm.l(fabs.o)
    0x08004428   0x00000044   Code   RO          313    i.initWaitingForFloat  telemetry.o
    0x0800446c   0x0000002c   Code   RO          314    i.initWaitingForInt  telemetry.o
    0x08004498   0x00000060   Code   RO          429    i.lowpass           processing.o
    0x080044f8   0x00000108   Code   RO            5    i.main              main.o
    0x08004600   0x00000088   Code   RO           88    i.mat_mul           syssolve.o
    0x08004688   0x0000014c   Code   RO           90    i.system_solve      syssolve.o
    0x080047d4   0x000001ac   Code   RO          431    i.transformGyroData  processing.o
    0x08004980   0x00000034   Code   RO           91    i.transpose         syssolve.o
    0x080049b4   0x0000002c   Code   RO          172    i.updateFreq        adxl345.o
    0x080049e0   0x0000002c   Code   RO         1146    locale$$code        c_w.l(lc_numeric_c.o)
    0x08004a0c   0x00000018   Code   RO         1043    x$fpl$basic         fz_wm.l(basic.o)
    0x08004a24   0x00000062   Code   RO          891    x$fpl$d2f           fz_wm.l(d2f.o)
    0x08004a86   0x00000002   PAD
    0x08004a88   0x00000150   Code   RO          893    x$fpl$dadd          fz_wm.l(daddsub_clz.o)
    0x08004bd8   0x00000018   Code   RO         1045    x$fpl$dcmpinf       fz_wm.l(dcmpi.o)
    0x08004bf0   0x000002b0   Code   RO          900    x$fpl$ddiv          fz_wm.l(ddiv.o)
    0x08004ea0   0x0000005e   Code   RO          903    x$fpl$dfix          fz_wm.l(dfix.o)
    0x08004efe   0x00000002   PAD
    0x08004f00   0x0000005a   Code   RO          907    x$fpl$dfixu         fz_wm.l(dfixu.o)
    0x08004f5a   0x0000002e   Code   RO          912    x$fpl$dflt          fz_wm.l(dflt_clz.o)
    0x08004f88   0x00000078   Code   RO          917    x$fpl$dleqf         fz_wm.l(dleqf.o)
    0x08005000   0x00000154   Code   RO          919    x$fpl$dmul          fz_wm.l(dmul.o)
    0x08005154   0x0000009c   Code   RO         1047    x$fpl$dnaninf       fz_wm.l(dnaninf.o)
    0x080051f0   0x0000000c   Code   RO         1049    x$fpl$dretinf       fz_wm.l(dretinf.o)
    0x080051fc   0x00000016   Code   RO          894    x$fpl$drsb          fz_wm.l(daddsub_clz.o)
    0x08005212   0x00000002   PAD
    0x08005214   0x00000198   Code   RO         1051    x$fpl$dsqrt         fz_wm.l(dsqrt_umaal.o)
    0x080053ac   0x000001d4   Code   RO          895    x$fpl$dsub          fz_wm.l(daddsub_clz.o)
    0x08005580   0x00000056   Code   RO          921    x$fpl$f2d           fz_wm.l(f2d.o)
    0x080055d6   0x0000008c   Code   RO         1053    x$fpl$fnaninf       fz_wm.l(fnaninf.o)
    0x08005662   0x0000000a   Code   RO         1157    x$fpl$fpinit        fz_wm.l(fpinit.o)
    0x0800566c   0x0000000a   Code   RO         1055    x$fpl$fretinf       fz_wm.l(fretinf.o)
    0x08005676   0x00000004   Code   RO          923    x$fpl$printf1       fz_wm.l(printf1.o)
    0x0800567a   0x00000000   Code   RO         1057    x$fpl$usenofp       fz_wm.l(usenofp.o)
    0x0800567a   0x00000006   PAD
    0x08005680   0x00000098   Data   RO          928    .constdata          m_wm.l(atan.o)
    0x08005718   0x00000094   Data   RO         1121    .constdata          c_w.l(bigflt0.o)
    0x080057ac   0x00000020   Data   RO         1245    Region$$Table       anon$$obj.o
    0x080057cc   0x0000001c   Data   RO         1145    locale$$data        c_w.l(lc_numeric_c.o)


    Execution Region ER_RW (Base: 0x20000000, Size: 0x000004e0, Max: 0xffffffff, ABSOLUTE, COMPRESSED[0x000002f8])

    Base Addr    Size         Type   Attr      Idx    E Section Name        Object

    0x20000000   0x00000038   Data   RW            6    .data               main.o
    0x20000038   0x00000002   Data   RW           93    .data               syssolve.o
    0x2000003a   0x00000002   PAD
    0x2000003c   0x00000034   Data   RW          174    .data               adxl345.o
    0x20000070   0x0000002d   Data   RW          317    .data               telemetry.o
    0x2000009d   0x00000003   PAD
    0x200000a0   0x000003e0   Data   RW          433    .data               processing.o
    0x20000480   0x00000024   Data   RW          552    .data               motors.o
    0x200004a4   0x0000003b   Data   RW          646    .data               gyro.o


    Execution Region ER_ZI (Base: 0x200004e0, Size: 0x00000e08, Max: 0xffffffff, ABSOLUTE)

    Base Addr    Size         Type   Attr      Idx    E Section Name        Object

    0x200004e0   0x000000c4   Zero   RW           92    .bss                syssolve.o
    0x200005a4   0x0000000c   Zero   RW          173    .bss                adxl345.o
    0x200005b0   0x000000c8   Zero   RW          316    .bss                telemetry.o
    0x20000678   0x00000610   Zero   RW          432    .bss                processing.o
    0x20000c88   0x00000060   Zero   RW         1079    .bss                c_w.l(libspace.o)
    0x20000ce8   0x00000200   Zero   RW          742    HEAP                startup_stm32f407xx.o
    0x20000ee8   0x00000400   Zero   RW          741    STACK               startup_stm32f407xx.o


==============================================================================

Image component sizes


      Code (inc. data)   RO Data    RW Data    ZI Data      Debug   Object Name

      1860        270          0         52         12      37205   adxl345.o
      1864        232          0         59          0       9156   gyro.o
       328         90          0         56          0     246054   main.o
      1282        146          0         36          0       5516   motors.o
      2856        344          0        992       1552       8878   processing.o
        64         26        392          0       1536        864   startup_stm32f407xx.o
       752         16          0          2        196       4126   syssolve.o
       156         16          0          0          0        553   system_stm32f4xx.o
      2498        514          0         45        200      32951   telemetry.o

    ----------------------------------------------------------------------
     11664       1654        424       1248       3496     345303   Object Totals
         0          0         32          0          0          0   (incl. Generated)
         4          0          0          6          0          0   (incl. Padding)

    ----------------------------------------------------------------------

      Code (inc. data)   RO Data    RW Data    ZI Data      Debug   Library Member Name

       100          0          0          0          0          0   __dclz77c.o
         8          0          0          0          0         68   __main.o
       352          0          0          0          0         88   __printf_ss_wp.o
        14          0          0          0          0         68   __printf_wp.o
         0          0          0          0          0          0   __rtentry.o
        12          0          0          0          0          0   __rtentry2.o
         6          0          0          0          0          0   __rtentry4.o
        52          8          0          0          0          0   __scatter.o
        28          0          0          0          0          0   __scatter_zi.o
        48          6          0          0          0         96   _printf_char_common.o
         6          0          0          0          0          0   _printf_d.o
       120         16          0          0          0         92   _printf_dec.o
         6          0          0          0          0          0   _printf_f.o
      1050          0          0          0          0        216   _printf_fp_dec.o
       128         16          0          0          0         84   _printf_fp_infnan.o
       178          0          0          0          0         88   _printf_intcommon.o
         0          0          0          0          0          0   _printf_percent.o
         4          0          0          0          0          0   _printf_percent_end.o
        36          0          0          0          0         84   _printf_truncate.o
        22          0          0          0          0        100   _rserrno.o
        10          0          0          0          0         68   _sputc.o
       220          4        148          0          0         96   bigflt0.o
      1910        128          0          0          0        672   btod.o
        10          0          0          0          0         68   defsig_exit.o
        50          0          0          0          0         88   defsig_general.o
        80         58          0          0          0         76   defsig_rtmem_inner.o
        14          0          0          0          0         80   defsig_rtmem_outer.o
        12          0          0          0          0         72   exit.o
        94          0          0          0          0         80   h1_alloc.o
        52          0          0          0          0         68   h1_extend.o
        78          0          0          0          0         80   h1_free.o
        14          0          0          0          0         84   h1_init.o
         6          0          0          0          0        152   heapauxi.o
         4          0          0          0          0        136   hguard.o
         0          0          0          0          0          0   indicate_semi.o
       138          0          0          0          0        168   init_alloc.o
        44         10         28          0          0         76   lc_numeric_c.o
         2          0          0          0          0          0   libinit.o
        30          0          0          0          0          0   libinit2.o
         2          0          0          0          0          0   libshutdown.o
         2          0          0          0          0          0   libshutdown2.o
         8          4          0          0         96         68   libspace.o
       138          0          0          0          0         80   lludiv10.o
         0          0          0          0          0          0   maybetermalloc1.o
        40          6          0          0          0         84   noretval__2sprintf.o
         8          4          0          0          0         68   rt_errno_addr_intlibspace.o
         8          4          0          0          0         68   rt_heap_descriptor_intlibspace.o
         8          4          0          0          0         68   rt_locale_intlibspace.o
        78          0          0          0          0         80   rt_memclr_w.o
       100          0          0          0          0         80   rt_memcpy_w.o
         2          0          0          0          0          0   rtexit.o
        10          0          0          0          0          0   rtexit2.o
       128          0          0          0          0         68   strcmpv7m.o
        62          0          0          0          0         76   strlen.o
        12          4          0          0          0         68   sys_exit.o
        74          0          0          0          0         80   sys_stackheap_outer.o
        14          0          0          0          0         76   sys_wrch.o
         2          0          0          0          0         68   use_no_semi.o
        24          0          0          0          0        164   basic.o
        98          4          0          0          0        140   d2f.o
       826         16          0          0          0        492   daddsub_clz.o
        24          0          0          0          0        116   dcmpi.o
       688        140          0          0          0        256   ddiv.o
        94          4          0          0          0        140   dfix.o
        90          4          0          0          0        140   dfixu.o
        46          0          0          0          0        116   dflt_clz.o
       120          4          0          0          0        140   dleqf.o
       340         12          0          0          0        152   dmul.o
       156          4          0          0          0        140   dnaninf.o
        12          0          0          0          0        116   dretinf.o
       408         56          0          0          0        168   dsqrt_umaal.o
        86          4          0          0          0        132   f2d.o
       140          4          0          0          0        132   fnaninf.o
        10          0          0          0          0        116   fpinit.o
        10          0          0          0          0        116   fretinf.o
         4          0          0          0          0        116   printf1.o
         0          0          0          0          0          0   usenofp.o
       728        106        152          0          0        228   atan.o
        52          8          0          0          0        248   dunder.o
        44          0          0          0          0        248   fabs.o
        48          0          0          0          0        124   fpclassify.o
       248          0          0          0          0        152   poly.o
       122          0          0          0          0        148   sqrt.o

    ----------------------------------------------------------------------
     10088        638        328          0         96       8120   Library Totals
        36          0          0          0          0          0   (incl. Padding)

    ----------------------------------------------------------------------

      Code (inc. data)   RO Data    RW Data    ZI Data      Debug   Library Name

      5634        272        176          0         96       4080   c_w.l
      3176        252          0          0          0       2892   fz_wm.l
      1242        114        152          0          0       1148   m_wm.l

    ----------------------------------------------------------------------
     10088        638        328          0         96       8120   Library Totals

    ----------------------------------------------------------------------

==============================================================================


      Code (inc. data)   RO Data    RW Data    ZI Data      Debug   

     21752       2292        752       1248       3592     342583   Grand Totals
     21752       2292        752        760       3592     342583   ELF Image Totals (compressed)
     21752       2292        752        760          0          0   ROM Totals

==============================================================================

    Total RO  Size (Code + RO Data)                22504 (  21.98kB)
    Total RW  Size (RW Data + ZI Data)              4840 (   4.73kB)
    Total ROM Size (Code + RO Data + RW Data)      23264 (  22.72kB)

==============================================================================

