Component: ARM Compiler 5.05 update 1 (build 106) Tool: armlink [4d0efa]

==============================================================================

Section Cross References

    main.o(i.main) refers to main.o(i.RCC_Init) for RCC_Init
    main.o(i.main) refers to adxl345.o(i.Accel_VDD_Init) for Accel_VDD_Init
    main.o(i.main) refers to adxrs290.o(i.ARS1_VDD_Init) for ARS1_VDD_Init
    main.o(i.main) refers to adxrs290.o(i.ARS2_VDD_Init) for ARS2_VDD_Init
    main.o(i.main) refers to adxl345.o(i.Accel_NSS_Init) for Accel_NSS_Init
    main.o(i.main) refers to adxl345.o(i.Accel_NSS_High) for Accel_NSS_High
    main.o(i.main) refers to adxrs290.o(i.ARS1_NSS_Init) for ARS1_NSS_Init
    main.o(i.main) refers to adxrs290.o(i.ARS1_NSS_High) for ARS1_NSS_High
    main.o(i.main) refers to adxrs290.o(i.ARS2_NSS_Init) for ARS2_NSS_Init
    main.o(i.main) refers to adxrs290.o(i.ARS2_NSS_High) for ARS2_NSS_High
    main.o(i.main) refers to adxl345.o(i.SPI2_Init) for SPI2_Init
    main.o(i.main) refers to adxrs290.o(i.ARS1_Init) for ARS1_Init
    main.o(i.main) refers to adxrs290.o(i.ARS1_EXTI_Init) for ARS1_EXTI_Init
    syssolve.o(i.system_solve) refers to h1_alloc.o(.text) for malloc
    syssolve.o(i.system_solve) refers to syssolve.o(i.transpose) for transpose
    syssolve.o(i.system_solve) refers to syssolve.o(i.mat_mul) for mat_mul
    syssolve.o(i.system_solve) refers to syssolve.o(i.det3) for det3
    syssolve.o(i.system_solve) refers to h1_free.o(.text) for free
    syssolve.o(i.system_solve) refers to rt_memcpy_w.o(.text) for __aeabi_memcpy4
    adxl345.o(i.ADXL345_Calibr) refers to f2d.o(x$fpl$f2d) for __aeabi_f2d
    adxl345.o(i.ADXL345_Calibr) refers to ddiv.o(x$fpl$ddiv) for __aeabi_ddiv
    adxl345.o(i.ADXL345_Calibr) refers to dfix.o(x$fpl$dfix) for __aeabi_d2iz
    adxl345.o(i.ADXL345_Calibr) refers to adxl345.o(.data) for accel_xSum
    adxl345.o(i.ADXL345_DMA_Init) refers to adxl345.o(i.NVIC_SetPriority) for NVIC_SetPriority
    adxl345.o(i.ADXL345_DMA_Init) refers to adxl345.o(i.NVIC_EnableIRQ) for NVIC_EnableIRQ
    adxl345.o(i.ADXL345_DMA_Init) refers to adxl345.o(i.Accel_NSS_Low) for Accel_NSS_Low
    adxl345.o(i.ADXL345_DMA_Init) refers to adxl345.o(.bss) for accel
    adxl345.o(i.ADXL345_DMA_Init) refers to adxl345.o(.data) for accelRegisters
    adxl345.o(i.ADXL345_GetAccel) refers to adxl345.o(i.Accel_NSS_Low) for Accel_NSS_Low
    adxl345.o(i.ADXL345_GetAccel) refers to adxl345.o(i.SPI2_Read) for SPI2_Read
    adxl345.o(i.ADXL345_GetAccel) refers to adxl345.o(i.Accel_NSS_High) for Accel_NSS_High
    adxl345.o(i.ADXL345_Init) refers to adxl345.o(i.Accel_VDD_Init) for Accel_VDD_Init
    adxl345.o(i.ADXL345_Init) refers to adxl345.o(i.Accel_NSS_Init) for Accel_NSS_Init
    adxl345.o(i.ADXL345_Init) refers to adxl345.o(i.Delay) for Delay
    adxl345.o(i.ADXL345_Init) refers to adxl345.o(i.Accel_NSS_Low) for Accel_NSS_Low
    adxl345.o(i.ADXL345_Init) refers to adxl345.o(i.SPI2_Read) for SPI2_Read
    adxl345.o(i.ADXL345_Init) refers to adxl345.o(i.SPI2_Write) for SPI2_Write
    adxl345.o(i.ADXL345_Init) refers to adxl345.o(i.Accel_NSS_High) for Accel_NSS_High
    adxl345.o(i.ADXL345_Init) refers to adxl345.o(.data) for curFreq
    adxl345.o(i.Accel_EXTI_Init) refers to adxl345.o(i.NVIC_SetPriority) for NVIC_SetPriority
    adxl345.o(i.Accel_EXTI_Init) refers to adxl345.o(i.NVIC_EnableIRQ) for NVIC_EnableIRQ
    adxl345.o(i.Accel_GetData) refers to adxl345.o(i.ADXL345_DMA_Init) for ADXL345_DMA_Init
    adxl345.o(i.Accel_GetData) refers to adxrs290.o(.data) for SPI2_Busy
    adxl345.o(i.Accel_NSS_High) refers to adxl345.o(.data) for ACCEL_NSS
    adxl345.o(i.Accel_NSS_Init) refers to adxl345.o(.data) for ACCEL_NSS
    adxl345.o(i.Accel_NSS_Low) refers to adxl345.o(.data) for ACCEL_NSS
    adxl345.o(i.Accel_UpdateFreq) refers to adxl345.o(i.Accel_NSS_Low) for Accel_NSS_Low
    adxl345.o(i.Accel_UpdateFreq) refers to adxl345.o(i.SPI2_Write) for SPI2_Write
    adxl345.o(i.Accel_UpdateFreq) refers to adxl345.o(i.Accel_NSS_High) for Accel_NSS_High
    adxl345.o(i.Accel_UpdateFreq) refers to adxl345.o(.data) for freshFreq
    adxl345.o(i.Accel_VDD_Init) refers to adxl345.o(.data) for ACCEL_VDD
    adxl345.o(i.DMA1_Stream3_IRQHandler) refers to adxrs290.o(i.All_NSS_High) for All_NSS_High
    adxl345.o(i.DMA1_Stream3_IRQHandler) refers to adxl345.o(i.Accel_UpdateFreq) for Accel_UpdateFreq
    adxl345.o(i.DMA1_Stream3_IRQHandler) refers to adxrs290.o(i.SPI2_SensorsPoll) for SPI2_SensorsPoll
    adxl345.o(i.DMA1_Stream3_IRQHandler) refers to adxl345.o(.bss) for accel
    adxl345.o(i.DMA1_Stream3_IRQHandler) refers to main.o(.data) for ax
    adxl345.o(i.DMA1_Stream3_IRQHandler) refers to adxl345.o(.data) for accelCalibrationOn
    adxl345.o(i.DMA1_Stream3_IRQHandler) refers to processing.o(.bss) for axHistory
    adxl345.o(i.DMA1_Stream3_IRQHandler) refers to processing.o(.data) for axHistoryIndex
    adxl345.o(i.EXTI1_IRQHandler) refers to adxl345.o(i.Accel_GetData) for Accel_GetData
[...]
    .text                                    0x080005e4   Section        0  sys_exit.o(.text)
    i.ADXL345_Calibr                         0x080005f0   Section        0  adxl345.o(i.ADXL345_Calibr)
    i.ADXL345_DMA_Init                       0x08000678   Section        0  adxl345.o(i.ADXL345_DMA_Init)
    i.ADXRS_Calibr                           0x080006e4   Section        0  adxrs453.o(i.ADXRS_Calibr)
    i.ADXRS_DMA_Read                         0x08000718   Section        0  adxrs453.o(i.ADXRS_DMA_Read)
    i.ARS1_EXTI_Init                         0x080007a4   Section        0  adxrs290.o(i.ARS1_EXTI_Init)
    i.ARS1_GetData                           0x080007e8   Section        0  adxrs290.o(i.ARS1_GetData)
    i.ARS1_Init                              0x0800083c   Section        0  adxrs290.o(i.ARS1_Init)
    i.ARS1_NSS_High                          0x08000890   Section        0  adxrs290.o(i.ARS1_NSS_High)
    i.ARS1_NSS_Init                          0x080008ac   Section        0  adxrs290.o(i.ARS1_NSS_Init)
    i.ARS1_NSS_Low                           0x080008e4   Section        0  adxrs290.o(i.ARS1_NSS_Low)
    i.ARS1_VDD_Init                          0x08000900   Section        0  adxrs290.o(i.ARS1_VDD_Init)
    i.ARS2_GetData                           0x08000934   Section        0  adxrs290.o(i.ARS2_GetData)
    i.ARS2_NSS_High                          0x08000a54   Section        0  adxrs290.o(i.ARS2_NSS_High)
    i.ARS2_NSS_Init                          0x08000a70   Section        0  adxrs290.o(i.ARS2_NSS_Init)
    i.ARS2_NSS_Low                           0x08000aa8   Section        0  adxrs290.o(i.ARS2_NSS_Low)
    i.ARS2_VDD_Init                          0x08000ac4   Section        0  adxrs290.o(i.ARS2_VDD_Init)
    i.Accel_GetData                          0x08000af4   Section        0  adxl345.o(i.Accel_GetData)
    i.Accel_NSS_High                         0x08000b1c   Section        0  adxl345.o(i.Accel_NSS_High)
    i.Accel_NSS_Init                         0x08000b38   Section        0  adxl345.o(i.Accel_NSS_Init)
    i.Accel_NSS_Low                          0x08000b84   Section        0  adxl345.o(i.Accel_NSS_Low)
    i.Accel_UpdateFreq                       0x08000ba0   Section        0  adxl345.o(i.Accel_UpdateFreq)
    i.Accel_VDD_Init                         0x08000bcc   Section        0  adxl345.o(i.Accel_VDD_Init)
    i.All_NSS_High                           0x08000c2c   Section        0  adxrs290.o(i.All_NSS_High)
    i.DMA1_Stream2_IRQHandler                0x08000c3c   Section        0  adxrs453.o(i.DMA1_Stream2_IRQHandler)
    i.DMA1_Stream3_IRQHandler                0x08000d38   Section        0  adxl345.o(i.DMA1_Stream3_IRQHandler)
    i.DMA1_Stream4_IRQHandler                0x08000f90   Section        0  adxl345.o(i.DMA1_Stream4_IRQHandler)
    i.DMA1_Stream5_IRQHandler                0x08000fb8   Section        0  adxrs453.o(i.DMA1_Stream5_IRQHandler)
    i.DMA2_Stream7_IRQHandler                0x08000fc4   Section        0  telemetry.o(i.DMA2_Stream7_IRQHandler)
    i.EXTI15_10_IRQHandler                   0x08000fe8   Section        0  adxrs290.o(i.EXTI15_10_IRQHandler)
    i.EXTI1_IRQHandler                       0x08001020   Section        0  adxl345.o(i.EXTI1_IRQHandler)
    i.EXTI2_IRQHandler                       0x0800103c   Section        0  motors.o(i.EXTI2_IRQHandler)
    i.EXTI4_IRQHandler                       0x08001074   Section        0  motors.o(i.EXTI4_IRQHandler)
    i.Motors_Run                             0x080010a8   Section        0  motors.o(i.Motors_Run)
    i.Motors_SetPwm                          0x080010c8   Section        0  motors.o(i.Motors_SetPwm)
    i.Motors_Stop                            0x0800115c   Section        0  motors.o(i.Motors_Stop)
    i.NVIC_EnableIRQ                         0x08001184   Section        0  adxl345.o(i.NVIC_EnableIRQ)
    NVIC_EnableIRQ                           0x08001185   Thumb Code    22  adxl345.o(i.NVIC_EnableIRQ)
    i.NVIC_EnableIRQ                         0x0800119a   Section        0  telemetry.o(i.NVIC_EnableIRQ)
    NVIC_EnableIRQ                           0x0800119b   Thumb Code    22  telemetry.o(i.NVIC_EnableIRQ)
    i.NVIC_EnableIRQ                         0x080011b0   Section        0  adxrs453.o(i.NVIC_EnableIRQ)
    NVIC_EnableIRQ                           0x080011b1   Thumb Code    22  adxrs453.o(i.NVIC_EnableIRQ)
    i.NVIC_EnableIRQ                         0x080011c6   Section        0  adxrs290.o(i.NVIC_EnableIRQ)
    NVIC_EnableIRQ                           0x080011c7   Thumb Code    22  adxrs290.o(i.NVIC_EnableIRQ)
    i.NVIC_SetPriority                       0x080011dc   Section        0  adxl345.o(i.NVIC_SetPriority)
    NVIC_SetPriority                         0x080011dd   Thumb Code    32  adxl345.o(i.NVIC_SetPriority)
    i.NVIC_SetPriority                       0x08001204   Section        0  adxrs453.o(i.NVIC_SetPriority)
    NVIC_SetPriority                         0x08001205   Thumb Code    32  adxrs453.o(i.NVIC_SetPriority)
    i.NVIC_SetPriority                       0x0800122c   Section        0  adxrs290.o(i.NVIC_SetPriority)
    NVIC_SetPriority                         0x0800122d   Thumb Code    32  adxrs290.o(i.NVIC_SetPriority)
    i.RCC_Init                               0x08001254   Section        0  main.o(i.RCC_Init)
    i.SPI2_GPIO_Init                         0x08001294   Section        0  adxl345.o(i.SPI2_GPIO_Init)
    i.SPI2_IRQHandler                        0x0800137c   Section        0  adxrs290.o(i.SPI2_IRQHandler)
    i.SPI2_Init                              0x08001440   Section        0  adxl345.o(i.SPI2_Init)
    i.SPI2_Read                              0x080014a8   Section        0  adxl345.o(i.SPI2_Read)
    i.SPI2_SensorsPoll                       0x080014c0   Section        0  adxrs290.o(i.SPI2_SensorsPoll)
    i.SPI2_Transfer                          0x080014cc   Section        0  adxl345.o(i.SPI2_Transfer)
    i.SPI2_Write                             0x08001500   Section        0  adxl345.o(i.SPI2_Write)
    i.SPI3_NSS_High                          0x08001514   Section        0  adxrs453.o(i.SPI3_NSS_High)
    i.SPI3_NSS_Low                           0x08001530   Section        0  adxrs453.o(i.SPI3_NSS_Low)
    i.SendTelemetry                          0x0800154c   Section        0  telemetry.o(i.SendTelemetry)
    i.SystemInit                             0x080015c8   Section        0  system_stm32f4xx.o(i.SystemInit)
    i.TIM1_BRK_TIM9_IRQHandler               0x08001664   Section        0  motors.o(i.TIM1_BRK_TIM9_IRQHandler)
    i.TIM2_IRQHandler                        0x08001698   Section        0  adxrs453.o(i.TIM2_IRQHandler)
    i.TIM3_IRQHandler                        0x080016bc   Section        0  motors.o(i.TIM3_IRQHandler)
    i.TIM5_IRQHandler                        0x08001814   Section        0  motors.o(i.TIM5_IRQHandler)
    i.TIM7_IRQHandler                        0x08001848   Section        0  processing.o(i.TIM7_IRQHandler)
    i.Telemetry_DMA_Init                     0x08001a08   Section        0  telemetry.o(i.Telemetry_DMA_Init)
    i.USART1_IRQHandler                      0x08001a60   Section        0  telemetry.o(i.USART1_IRQHandler)
    i.__ARM_fpclassify                       0x08002124   Section        0  fpclassify.o(i.__ARM_fpclassify)
    i.__hardfp_atan                          0x08002158   Section        0  atan.o(i.__hardfp_atan)
    i.__hardfp_exp                           0x08002430   Section        0  exp.o(i.__hardfp_exp)
    i.__hardfp_fabs                          0x08002788   Section        0  fabs.o(i.__hardfp_fabs)
    i.__hardfp_sin                           0x080027a0   Section        0  sin.o(i.__hardfp_sin)
    i.__ieee754_rem_pio2                     0x08002868   Section        0  rred.o(i.__ieee754_rem_pio2)
    i.__kernel_cos                           0x08002ca0   Section        0  cos_i.o(i.__kernel_cos)
    i.__kernel_poly                          0x08002e10   Section        0  poly.o(i.__kernel_poly)
    i.__kernel_sin                           0x08002f08   Section        0  sin_i.o(i.__kernel_sin)
    i.__mathlib_dbl_infnan                   0x08003038   Section        0  dunder.o(i.__mathlib_dbl_infnan)
    i.__mathlib_dbl_invalid                  0x08003050   Section        0  dunder.o(i.__mathlib_dbl_invalid)
    i.__mathlib_dbl_overflow                 0x08003070   Section        0  dunder.o(i.__mathlib_dbl_overflow)
    i.__mathlib_dbl_underflow                0x08003090   Section        0  dunder.o(i.__mathlib_dbl_underflow)
    i.adjustControl                          0x080030b0   Section        0  processing.o(i.adjustControl)
    i.calcAngAccel                           0x08003264   Section        0  processing.o(i.calcAngAccel)
    i.calcAngVel                             0x080032c8   Section        0  processing.o(i.calcAngVel)
    i.calcAngle                              0x08003370   Section        0  processing.o(i.calcAngle)
    i.calcPwms                               0x080034e4   Section        0  processing.o(i.calcPwms)
    i.control                                0x08003640   Section        0  processing.o(i.control)
    i.fabs                                   0x08003698   Section        0  fabs.o(i.fabs)
    i.gCheck                                 0x080036b0   Section        0  processing.o(i.gCheck)
    i.getFinalData                           0x080037a4   Section        0  processing.o(i.getFinalData)
    i.initWaitingForFloat                    0x08003804   Section        0  telemetry.o(i.initWaitingForFloat)
    i.initWaitingForInt                      0x08003848   Section        0  telemetry.o(i.initWaitingForInt)
    i.main                                   0x08003874   Section        0  main.o(i.main)
    i.simplestControl                        0x080038ec   Section        0  processing.o(i.simplestControl)
    i.turnOffUselessMotor                    0x08003a14   Section        0  processing.o(i.turnOffUselessMotor)
    x$fpl$basic                              0x08003ad4   Section       24  basic.o(x$fpl$basic)
    $v0                                      0x08003ad4   Number         0  basic.o(x$fpl$basic)
    x$fpl$d2f                                0x08003aec   Section       98  d2f.o(x$fpl$d2f)
    $v0                                      0x08003aec   Number         0  d2f.o(x$fpl$d2f)
    x$fpl$dadd                               0x08003b50   Section      336  daddsub_clz.o(x$fpl$dadd)
    $v0                                      0x08003b50   Number         0  daddsub_clz.o(x$fpl$dadd)
    _dadd1                                   0x08003b61   Thumb Code     0  daddsub_clz.o(x$fpl$dadd)
    x$fpl$dcmpinf                            0x08003ca0   Section       24  dcmpi.o(x$fpl$dcmpinf)
    $v0                                      0x08003ca0   Number         0  dcmpi.o(x$fpl$dcmpinf)
    x$fpl$ddiv                               0x08003cb8   Section      688  ddiv.o(x$fpl$ddiv)
    $v0                                      0x08003cb8   Number         0  ddiv.o(x$fpl$ddiv)
    ddiv_entry                               0x08003cbf   Thumb Code     0  ddiv.o(x$fpl$ddiv)
    x$fpl$dfix                               0x08003f68   Section       94  dfix.o(x$fpl$dfix)
    $v0                                      0x08003f68   Number         0  dfix.o(x$fpl$dfix)
    x$fpl$dflt                               0x08003fc6   Section       46  dflt_clz.o(x$fpl$dflt)
    $v0                                      0x08003fc6   Number         0  dflt_clz.o(x$fpl$dflt)
    x$fpl$dfltu                              0x08003ff4   Section       38  dflt_clz.o(x$fpl$dfltu)
    $v0                                      0x08003ff4   Number         0  dflt_clz.o(x$fpl$dfltu)
    x$fpl$dleqf                              0x0800401c   Section      120  dleqf.o(x$fpl$dleqf)
    $v0                                      0x0800401c   Number         0  dleqf.o(x$fpl$dleqf)
    x$fpl$dmul                               0x08004094   Section      340  dmul.o(x$fpl$dmul)
    $v0                                      0x08004094   Number         0  dmul.o(x$fpl$dmul)
    x$fpl$dnaninf                            0x080041e8   Section      156  dnaninf.o(x$fpl$dnaninf)
    $v0                                      0x080041e8   Number         0  dnaninf.o(x$fpl$dnaninf)
    x$fpl$dretinf                            0x08004284   Section       12  dretinf.o(x$fpl$dretinf)
    $v0                                      0x08004284   Number         0  dretinf.o(x$fpl$dretinf)
    x$fpl$drleqf                             0x08004290   Section      108  drleqf.o(x$fpl$drleqf)
    $v0                                      0x08004290   Number         0  drleqf.o(x$fpl$drleqf)
    x$fpl$drsb                               0x080042fc   Section       22  daddsub_clz.o(x$fpl$drsb)
    $v0                                      0x080042fc   Number         0  daddsub_clz.o(x$fpl$drsb)
    x$fpl$dsub                               0x08004314   Section      468  daddsub_clz.o(x$fpl$dsub)
    $v0                                      0x08004314   Number         0  daddsub_clz.o(x$fpl$dsub)
    _dsub1                                   0x08004325   Thumb Code     0  daddsub_clz.o(x$fpl$dsub)
    x$fpl$f2d                                0x080044e8   Section       86  f2d.o(x$fpl$f2d)
    $v0                                      0x080044e8   Number         0  f2d.o(x$fpl$f2d)
    x$fpl$fnaninf                            0x0800453e   Section      140  fnaninf.o(x$fpl$fnaninf)
    $v0                                      0x0800453e   Number         0  fnaninf.o(x$fpl$fnaninf)
    x$fpl$fpinit                             0x080045ca   Section       10  fpinit.o(x$fpl$fpinit)
    $v0                                      0x080045ca   Number         0  fpinit.o(x$fpl$fpinit)
    x$fpl$fretinf                            0x080045d4   Section       10  fretinf.o(x$fpl$fretinf)
    $v0                                      0x080045d4   Number         0  fretinf.o(x$fpl$fretinf)
    x$fpl$usenofp                            0x080045de   Section        0  usenofp.o(x$fpl$usenofp)
    .constdata                               0x080045e0   Section      152  atan.o(.constdata)
    atanhi                                   0x080045e0   Data          32  atan.o(.constdata)
    atanlo                                   0x08004600   Data          32  atan.o(.constdata)
    aTodd                                    0x08004620   Data          40  atan.o(.constdata)
    aTeven                                   0x08004648   Data          48  atan.o(.constdata)
    .constdata                               0x08004678   Section       88  exp.o(.constdata)
    halF                                     0x08004678   Data          16  exp.o(.constdata)
    ln2HI                                    0x08004688   Data          16  exp.o(.constdata)
    ln2LO                                    0x08004698   Data          16  exp.o(.constdata)
    P                                        0x080046a8   Data          40  exp.o(.constdata)
    .constdata                               0x080046d0   Section       48  cos_i.o(.constdata)
    C                                        0x080046d0   Data          48  cos_i.o(.constdata)
    .constdata                               0x08004700   Section      200  rred.o(.constdata)
    pio2s                                    0x08004700   Data          48  rred.o(.constdata)
    twooverpi                                0x08004730   Data         152  rred.o(.constdata)
    .constdata                               0x080047c8   Section       40  sin_i.o(.constdata)
    S                                        0x080047c8   Data          40  sin_i.o(.constdata)
    .data                                    0x20000000   Section       56  main.o(.data)
    .data                                    0x20000038   Section       52  adxl345.o(.data)
    .data                                    0x2000006c   Section       49  telemetry.o(.data)
    .data                                    0x200000a0   Section      921  processing.o(.data)
    .data                                    0x2000043c   Section       42  motors.o(.data)
    .data                                    0x20000468   Section       34  adxrs453.o(.data)
    .data                                    0x2000048c   Section     1780  adxrs290.o(.data)
    .bss                                     0x20000b80   Section       12  adxl345.o(.bss)
    .bss                                     0x20000b8c   Section      200  telemetry.o(.bss)
    .bss                                     0x20000c54   Section     1556  processing.o(.bss)
    .bss                                     0x20001268   Section     2096  adxrs290.o(.bss)
    .bss                                     0x20001a98   Section       96  libspace.o(.bss)
    HEAP                                     0x20001af8   Section      512  startup_stm32f407xx.o(HEAP)
    Heap_Mem                                 0x20001af8   Data         512  startup_stm32f407xx.o(HEAP)
    STACK                                    0x20001cf8   Section     1024  startup_stm32f407xx.o(STACK)
    Stack_Mem                                0x20001cf8   Data        1024  startup_stm32f407xx.o(STACK)
    __initial_sp                             0x200020f8   Data           0  startup_stm32f407xx.o(STACK)

    Global Symbols

    Symbol Name                              Value     Ov Type        Size  Object(Section)

    BuildAttributes$$THM_ISAv4$E$P$D$K$B$S$7EM$VFPi3$EXTD16$VFPS$VFMA$PE$A:L22UL41UL21$X:L11$S22US41US21$IEEE1$IW$USESV6$~STKCKD$USESV7$~SHL$OTIME$ROPI$IEEEX$EBA8$UX$STANDARDLIB$REQ8$PRES8$EABIv2 0x00000000   Number         0  anon$$obj.o ABSOLUTE
    __ARM_use_no_argv                        0x00000000   Number         0  main.o ABSOLUTE
    _printf_flags                            0x00000000   Number         0  printf_stubs.o ABSOLUTE
    _printf_return_value                     0x00000000   Number         0  printf_stubs.o ABSOLUTE
    _printf_sizespec                         0x00000000   Number         0  printf_stubs.o ABSOLUTE
    _printf_widthprec                        0x00000000   Number         0  printf_stubs.o ABSOLUTE
    __ARM_exceptions_init                     - Undefined Weak Reference
    __alloca_initialize                       - Undefined Weak Reference
    __arm_preinit_                            - Undefined Weak Reference
    __cpp_initialize__aeabi_                  - Undefined Weak Reference
    __cxa_finalize                            - Undefined Weak Reference
    __rt_locale                               - Undefined Weak Reference
    __sigvec_lookup                           - Undefined Weak Reference
    __user_heap_extent                        - Undefined Weak Reference
    _atexit_init                              - Undefined Weak Reference
    _call_atexit_fns                          - Undefined Weak Reference
    _clock_init                               - Undefined Weak Reference
    _fp_trap_init                             - Undefined Weak Reference
    _fp_trap_shutdown                         - Undefined Weak Reference
    _get_lc_collate                           - Undefined Weak Reference
    _get_lc_ctype                             - Undefined Weak Reference
    _get_lc_monetary                          - Undefined Weak Reference
    _get_lc_numeric                           - Undefined Weak Reference
    _get_lc_time                              - Undefined Weak Reference
    _getenv_init                              - Undefined Weak Reference
    _handle_redirection                       - Undefined Weak Reference
    _initio                                   - Undefined Weak Reference
    _mutex_acquire                            - Undefined Weak Reference
    _mutex_free                               - Undefined Weak Reference
    _mutex_release                            - Undefined Weak Reference
    _printf_post_padding                      - Undefined Weak Reference
    _printf_pre_padding                       - Undefined Weak Reference
    _rand_init                                - Undefined Weak Reference
    _signal_finish                            - Undefined Weak Reference
    _signal_init                              - Undefined Weak Reference
    _terminateio                              - Undefined Weak Reference
    __Vectors_Size                           0x00000188   Number         0  startup_stm32f407xx.o ABSOLUTE
    __Vectors                                0x08000000   Data           4  startup_stm32f407xx.o(RESET)
    __Vectors_End                            0x08000188   Data           0  startup_stm32f407xx.o(RESET)
    __main                                   0x08000189   Thumb Code     8  __main.o(!!!main)
    __scatterload                            0x08000191   Thumb Code     0  __scatter.o(!!!scatter)
    __scatterload_rt2                        0x08000191   Thumb Code    44  __scatter.o(!!!scatter)
    __scatterload_rt2_thumb_only             0x08000191   Thumb Code     0  __scatter.o(!!!scatter)
    __scatterload_null                       0x0800019f   Thumb Code     0  __scatter.o(!!!scatter)
    __decompress                             0x080001c5   Thumb Code   100  __dclz77c.o(!!dclz77c)
    __decompress2                            0x080001c5   Thumb Code     0  __dclz77c.o(!!dclz77c)
    __scatterload_zeroinit                   0x08000229   Thumb Code    28  __scatter_zi.o(!!handler_zi)
    _printf_d                                0x08000245   Thumb Code     0  _printf_d.o(.ARM.Collect$$_printf_percent$$00000009)
    _printf_percent                          0x08000245   Thumb Code     0  _printf_percent.o(.ARM.Collect$$_printf_percent$$00000000)
    _printf_percent_end                      0x0800024b   Thumb Code     0  _printf_percent_end.o(.ARM.Collect$$_printf_percent$$00000017)
    __rt_lib_init                            0x0800024f   Thumb Code     0  libinit.o(.ARM.Collect$$libinit$$00000000)
    __rt_lib_init_fp_1                       0x08000251   Thumb Code     0  libinit2.o(.ARM.Collect$$libinit$$00000001)
    __rt_lib_init_alloca_1                   0x08000255   Thumb Code     0  libinit2.o(.ARM.Collect$$libinit$$0000002E)
    __rt_lib_init_argv_1                     0x08000255   Thumb Code     0  libinit2.o(.ARM.Collect$$libinit$$0000002C)
    __rt_lib_init_atexit_1                   0x08000255   Thumb Code     0  libinit2.o(.ARM.Collect$$libinit$$0000001B)
    __rt_lib_init_clock_1                    0x08000255   Thumb Code     0  libinit2.o(.ARM.Collect$$libinit$$00000021)
    __rt_lib_init_cpp_1                      0x08000255   Thumb Code     0  libinit2.o(.ARM.Collect$$libinit$$00000032)
    __rt_lib_init_exceptions_1               0x08000255   Thumb Code     0  libinit2.o(.ARM.Collect$$libinit$$00000030)
    __rt_lib_init_fp_trap_1                  0x08000255   Thumb Code     0  libinit2.o(.ARM.Collect$$libinit$$0000001F)
    __rt_lib_init_getenv_1                   0x08000255   Thumb Code     0  libinit2.o(.ARM.Collect$$libinit$$00000023)
    __rt_lib_init_heap_1                     0x08000255   Thumb Code     0  libinit2.o(.ARM.Collect$$libinit$$0000000A)
    __rt_lib_init_lc_collate_1               0x08000255   Thumb Code     0  libinit2.o(.ARM.Collect$$libinit$$00000011)
    __rt_lib_init_lc_ctype_1                 0x08000255   Thumb Code     0  libinit2.o(.ARM.Collect$$libinit$$00000013)
    __rt_lib_init_lc_monetary_1              0x08000255   Thumb Code     0  libinit2.o(.ARM.Collect$$libinit$$00000015)
    __rt_lib_init_lc_numeric_1               0x08000255   Thumb Code     0  libinit2.o(.ARM.Collect$$libinit$$00000017)
    __rt_lib_init_lc_time_1                  0x08000255   Thumb Code     0  libinit2.o(.ARM.Collect$$libinit$$00000019)
    __rt_lib_init_preinit_1                  0x08000255   Thumb Code     0  libinit2.o(.ARM.Collect$$libinit$$00000004)
    __rt_lib_init_rand_1                     0x08000255   Thumb Code     0  libinit2.o(.ARM.Collect$$libinit$$0000000E)
    __rt_lib_init_return                     0x08000255   Thumb Code     0  libinit2.o(.ARM.Collect$$libinit$$00000033)
    __rt_lib_init_signal_1                   0x08000255   Thumb Code     0  libinit2.o(.ARM.Collect$$libinit$$0000001D)
    __rt_lib_init_stdio_1                    0x08000255   Thumb Code     0  libinit2.o(.ARM.Collect$$libinit$$00000025)
    __rt_lib_init_user_alloc_1               0x08000255   Thumb Code     0  libinit2.o(.ARM.Collect$$libinit$$0000000C)
    __rt_lib_shutdown                        0x08000257   Thumb Code     0  libshutdown.o(.ARM.Collect$$libshutdown$$00000000)
    __rt_lib_shutdown_fp_trap_1              0x08000259   Thumb Code     0  libshutdown2.o(.ARM.Collect$$libshutdown$$00000006)
    __rt_lib_shutdown_heap_1                 0x08000259   Thumb Code     0  libshutdown2.o(.ARM.Collect$$libshutdown$$0000000E)
    __rt_lib_shutdown_return                 0x08000259   Thumb Code     0  libshutdown2.o(.ARM.Collect$$libshutdown$$0000000F)
    __rt_lib_shutdown_signal_1               0x08000259   Thumb Code     0  libshutdown2.o(.ARM.Collect$$libshutdown$$00000009)
    __rt_lib_shutdown_stdio_1                0x08000259   Thumb Code     0  libshutdown2.o(.ARM.Collect$$libshutdown$$00000003)
    __rt_lib_shutdown_user_alloc_1           0x08000259   Thumb Code     0  libshutdown2.o(.ARM.Collect$$libshutdown$$0000000B)
    __rt_entry                               0x0800025b   Thumb Code     0  __rtentry.o(.ARM.Collect$$rtentry$$00000000)
    __rt_entry_presh_1                       0x0800025b   Thumb Code     0  __rtentry2.o(.ARM.Collect$$rtentry$$00000002)
    __rt_entry_sh                            0x0800025b   Thumb Code     0  __rtentry4.o(.ARM.Collect$$rtentry$$00000004)
    __rt_entry_li                            0x08000261   Thumb Code     0  __rtentry2.o(.ARM.Collect$$rtentry$$0000000A)
    __rt_entry_postsh_1                      0x08000261   Thumb Code     0  __rtentry2.o(.ARM.Collect$$rtentry$$00000009)
    __rt_entry_main                          0x08000265   Thumb Code     0  __rtentry2.o(.ARM.Collect$$rtentry$$0000000D)
    __rt_entry_postli_1                      0x08000265   Thumb Code     0  __rtentry2.o(.ARM.Collect$$rtentry$$0000000C)
    __rt_exit                                0x0800026d   Thumb Code     0  rtexit.o(.ARM.Collect$$rtexit$$00000000)
    __rt_exit_ls                             0x0800026f   Thumb Code     0  rtexit2.o(.ARM.Collect$$rtexit$$00000003)
    __rt_exit_prels_1                        0x0800026f   Thumb Code     0  rtexit2.o(.ARM.Collect$$rtexit$$00000002)
    __rt_exit_exit                           0x08000273   Thumb Code     0  rtexit2.o(.ARM.Collect$$rtexit$$00000004)
    Reset_Handler                            0x08000279   Thumb Code     8  startup_stm32f407xx.o(.text)
    NMI_Handler                              0x08000281   Thumb Code     2  startup_stm32f407xx.o(.text)
    HardFault_Handler                        0x08000283   Thumb Code     2  startup_stm32f407xx.o(.text)
    MemManage_Handler                        0x08000285   Thumb Code     2  startup_stm32f407xx.o(.text)
    BusFault_Handler                         0x08000287   Thumb Code     2  startup_stm32f407xx.o(.text)
    UsageFault_Handler                       0x08000289   Thumb Code     2  startup_stm32f407xx.o(.text)
    SVC_Handler                              0x0800028b   Thumb Code     2  startup_stm32f407xx.o(.text)
    DebugMon_Handler                         0x0800028d   Thumb Code     2  startup_stm32f407xx.o(.text)
    PendSV_Handler                           0x0800028f   Thumb Code     2  startup_stm32f407xx.o(.text)
    SysTick_Handler                          0x08000291   Thumb Code     2  startup_stm32f407xx.o(.text)
    ADC_IRQHandler                           0x08000293   Thumb Code     0  startup_stm32f407xx.o(.text)
    CAN1_RX0_IRQHandler                      0x08000293   Thumb Code     0  startup_stm32f407xx.o(.text)
    CAN1_RX1_IRQHandler                      0x08000293   Thumb Code     0  startup_stm32f407xx.o(.text)
    CAN1_SCE_IRQHandler                      0x08000293   Thumb Code     0  startup_stm32f407xx.o(.text)
    CAN1_TX_IRQHandler                       0x08000293   Thumb Code     0  startup_stm32f407xx.o(.text)
    CAN2_RX0_IRQHandler                      0x08000293   Thumb Code     0  startup_stm32f407xx.o(.text)
    CAN2_RX1_IRQHandler                      0x08000293   Thumb Code     0  startup_stm32f407xx.o(.text)
    CAN2_SCE_IRQHandler                      0x08000293   Thumb Code     0  startup_stm32f407xx.o(.text)
    CAN2_TX_IRQHandler                       0x08000293   Thumb Code     0  startup_stm32f407xx.o(.text)
    DCMI_IRQHandler                          0x08000293   Thumb Code     0  startup_stm32f407xx.o(.text)
    DMA1_Stream0_IRQHandler                  0x08000293   Thumb Code     0  startup_stm32f407xx.o(.text)
    DMA1_Stream1_IRQHandler                  0x08000293   Thumb Code     0  startup_stm32f407xx.o(.text)
    DMA1_Stream6_IRQHandler                  0x08000293   Thumb Code     0  startup_stm32f407xx.o(.text)
    DMA1_Stream7_IRQHandler                  0x08000293   Thumb Code     0  startup_stm32f407xx.o(.text)
    DMA2_Stream0_IRQHandler                  0x08000293   Thumb Code     0  startup_stm32f407xx.o(.text)
    DMA2_Stream1_IRQHandler                  0x08000293   Thumb Code     0  startup_stm32f407xx.o(.text)
    DMA2_Stream2_IRQHandler                  0x08000293   Thumb Code     0  startup_stm32f407xx.o(.text)
    DMA2_Stream3_IRQHandler                  0x08000293   Thumb Code     0  startup_stm32f407xx.o(.text)
    DMA2_Stream4_IRQHandler                  0x08000293   Thumb Code     0  startup_stm32f407xx.o(.text)
    DMA2_Stream5_IRQHandler                  0x08000293   Thumb Code     0  startup_stm32f407xx.o(.text)
    DMA2_Stream6_IRQHandler                  0x08000293   Thumb Code     0  startup_stm32f407xx.o(.text)
    ETH_IRQHandler                           0x08000293   Thumb Code     0  startup_stm32f407xx.o(.text)
    ETH_WKUP_IRQHandler                      0x08000293   Thumb Code     0  startup_stm32f407xx.o(.text)
    EXTI0_IRQHandler                         0x08000293   Thumb Code     0  startup_stm32f407xx.o(.text)
    EXTI3_IRQHandler                         0x08000293   Thumb Code     0  startup_stm32f407xx.o(.text)
    EXTI9_5_IRQHandler                       0x08000293   Thumb Code     0  startup_stm32f407xx.o(.text)
    FLASH_IRQHandler                         0x08000293   Thumb Code     0  startup_stm32f407xx.o(.text)
    FMC_IRQHandler                           0x08000293   Thumb Code     0  startup_stm32f407xx.o(.text)
    FPU_IRQHandler                           0x08000293   Thumb Code     0  startup_stm32f407xx.o(.text)
    HASH_RNG_IRQHandler                      0x08000293   Thumb Code     0  startup_stm32f407xx.o(.text)
    I2C1_ER_IRQHandler                       0x08000293   Thumb Code     0  startup_stm32f407xx.o(.text)
    I2C1_EV_IRQHandler                       0x08000293   Thumb Code     0  startup_stm32f407xx.o(.text)
    I2C2_ER_IRQHandler                       0x08000293   Thumb Code     0  startup_stm32f407xx.o(.text)
    I2C2_EV_IRQHandler                       0x08000293   Thumb Code     0  startup_stm32f407xx.o(.text)
    I2C3_ER_IRQHandler                       0x08000293   Thumb Code     0  startup_stm32f407xx.o(.text)
    I2C3_EV_IRQHandler                       0x08000293   Thumb Code     0  startup_stm32f407xx.o(.text)
    OTG_FS_IRQHandler                        0x08000293   Thumb Code     0  startup_stm32f407xx.o(.text)
    OTG_FS_WKUP_IRQHandler                   0x08000293   Thumb Code     0  startup_stm32f407xx.o(.text)
    OTG_HS_EP1_IN_IRQHandler                 0x08000293   Thumb Code     0  startup_stm32f407xx.o(.text)
    OTG_HS_EP1_OUT_IRQHandler                0x08000293   Thumb Code     0  startup_stm32f407xx.o(.text)
    OTG_HS_IRQHandler                        0x08000293   Thumb Code     0  startup_stm32f407xx.o(.text)
    OTG_HS_WKUP_IRQHandler                   0x08000293   Thumb Code     0  startup_stm32f407xx.o(.text)
    PVD_IRQHandler                           0x08000293   Thumb Code     0  startup_stm32f407xx.o(.text)
    RCC_IRQHandler                           0x08000293   Thumb Code     0  startup_stm32f407xx.o(.text)
    RTC_Alarm_IRQHandler                     0x08000293   Thumb Code     0  startup_stm32f407xx.o(.text)
    RTC_WKUP_IRQHandler                      0x08000293   Thumb Code     0  startup_stm32f407xx.o(.text)
    SDIO_IRQHandler                          0x08000293   Thumb Code     0  startup_stm32f407xx.o(.text)
    SPI1_IRQHandler                          0x08000293   Thumb Code     0  startup_stm32f407xx.o(.text)
    SPI3_IRQHandler                          0x08000293   Thumb Code     0  startup_stm32f407xx.o(.text)
    TAMP_STAMP_IRQHandler                    0x08000293   Thumb Code     0  startup_stm32f407xx.o(.text)
    TIM1_CC_IRQHandler                       0x08000293   Thumb Code     0  startup_stm32f407xx.o(.text)
    TIM1_TRG_COM_TIM11_IRQHandler            0x08000293   Thumb Code     0  startup_stm32f407xx.o(.text)
    TIM1_UP_TIM10_IRQHandler                 0x08000293   Thumb Code     0  startup_stm32f407xx.o(.text)
    TIM4_IRQHandler                          0x08000293   Thumb Code     0  startup_stm32f407xx.o(.text)
    TIM6_DAC_IRQHandler                      0x08000293   Thumb Code     0  startup_stm32f407xx.o(.text)
    TIM8_BRK_TIM12_IRQHandler                0x08000293   Thumb Code     0  startup_stm32f407xx.o(.text)
    TIM8_CC_IRQHandler                       0x08000293   Thumb Code     0  startup_stm32f407xx.o(.text)
    TIM8_TRG_COM_TIM14_IRQHandler            0x08000293   Thumb Code     0  startup_stm32f407xx.o(.text)
    TIM8_UP_TIM13_IRQHandler                 0x08000293   Thumb Code     0  startup_stm32f407xx.o(.text)
    UART4_IRQHandler                         0x08000293   Thumb Code     0  startup_stm32f407xx.o(.text)
    UART5_IRQHandler                         0x08000293   Thumb Code     0  startup_stm32f407xx.o(.text)
    USART2_IRQHandler                        0x08000293   Thumb Code     0  startup_stm32f407xx.o(.text)
    USART3_IRQHandler                        0x08000293   Thumb Code     0  startup_stm32f407xx.o(.text)
    USART6_IRQHandler                        0x08000293   Thumb Code     0  startup_stm32f407xx.o(.text)
    WWDG_IRQHandler                          0x08000293   Thumb Code     0  startup_stm32f407xx.o(.text)
    __user_initial_stackheap                 0x08000295   Thumb Code     0  startup_stm32f407xx.o(.text)
    __2sprintf                               0x080002b9   Thumb Code    34  noretval__2sprintf.o(.text)
    _printf_truncate_signed                  0x080002e1   Thumb Code    18  _printf_truncate.o(.text)
    _printf_truncate_unsigned                0x080002f3   Thumb Code    18  _printf_truncate.o(.text)
    _printf_int_dec                          0x08000305   Thumb Code   104  _printf_dec.o(.text)
    __printf                                 0x0800037d   Thumb Code   184  __printf_ss.o(.text)
    strlen                                   0x08000435   Thumb Code    62  strlen.o(.text)
    __use_two_region_memory                  0x08000473   Thumb Code     2  heapauxi.o(.text)
    __rt_heap_escrow                         0x08000475   Thumb Code     2  heapauxi.o(.text)
    __rt_heap_expand                         0x08000477   Thumb Code     2  heapauxi.o(.text)
    __read_errno                             0x08000479   Thumb Code    10  _rserrno.o(.text)
    __set_errno                              0x08000483   Thumb Code    12  _rserrno.o(.text)
    _printf_int_common                       0x0800048f   Thumb Code   178  _printf_intcommon.o(.text)
    _printf_char_common                      0x0800054b   Thumb Code    32  _printf_char_common.o(.text)
    _sputc                                   0x08000571   Thumb Code    10  _sputc.o(.text)
    __user_libspace                          0x0800057d   Thumb Code     8  libspace.o(.text)
    __user_perproc_libspace                  0x0800057d   Thumb Code     0  libspace.o(.text)
    __user_perthread_libspace                0x0800057d   Thumb Code     0  libspace.o(.text)
    __aeabi_errno_addr                       0x08000585   Thumb Code     8  rt_errno_addr_intlibspace.o(.text)
    __errno$intlibspace                      0x08000585   Thumb Code     0  rt_errno_addr_intlibspace.o(.text)
    __rt_errno_addr$intlibspace              0x08000585   Thumb Code     0  rt_errno_addr_intlibspace.o(.text)
    __I$use$semihosting                      0x0800058d   Thumb Code     0  use_no_semi.o(.text)
    __use_no_semihosting_swi                 0x0800058d   Thumb Code     2  use_no_semi.o(.text)
    __semihosting_library_function           0x0800058f   Thumb Code     0  indicate_semi.o(.text)
    __user_setup_stackheap                   0x0800058f   Thumb Code    74  sys_stackheap_outer.o(.text)
    exit                                     0x080005d9   Thumb Code    12  exit.o(.text)
    _sys_exit                                0x080005e5   Thumb Code     8  sys_exit.o(.text)
    ADXL345_Calibr                           0x080005f1   Thumb Code    94  adxl345.o(i.ADXL345_Calibr)
    ADXL345_DMA_Init                         0x08000679   Thumb Code    88  adxl345.o(i.ADXL345_DMA_Init)
    ADXRS_Calibr                             0x080006e5   Thumb Code    32  adxrs453.o(i.ADXRS_Calibr)
    ADXRS_DMA_Read                           0x08000719   Thumb Code   114  adxrs453.o(i.ADXRS_DMA_Read)
    ARS1_EXTI_Init                           0x080007a5   Thumb Code    58  adxrs290.o(i.ARS1_EXTI_Init)
    ARS1_GetData                             0x080007e9   Thumb Code    68  adxrs290.o(i.ARS1_GetData)
    ARS1_Init                                0x0800083d   Thumb Code    84  adxrs290.o(i.ARS1_Init)
    ARS1_NSS_High                            0x08000891   Thumb Code    20  adxrs290.o(i.ARS1_NSS_High)
    ARS1_NSS_Init                            0x080008ad   Thumb Code    46  adxrs290.o(i.ARS1_NSS_Init)
    ARS1_NSS_Low                             0x080008e5   Thumb Code    20  adxrs290.o(i.ARS1_NSS_Low)
    ARS1_VDD_Init                            0x08000901   Thumb Code    44  adxrs290.o(i.ARS1_VDD_Init)
    ARS2_GetData                             0x08000935   Thumb Code   236  adxrs290.o(i.ARS2_GetData)
    ARS2_NSS_High                            0x08000a55   Thumb Code    20  adxrs290.o(i.ARS2_NSS_High)
    ARS2_NSS_Init                            0x08000a71   Thumb Code    46  adxrs290.o(i.ARS2_NSS_Init)
    ARS2_NSS_Low                             0x08000aa9   Thumb Code    20  adxrs290.o(i.ARS2_NSS_Low)
    ARS2_VDD_Init                            0x08000ac5   Thumb Code    40  adxrs290.o(i.ARS2_VDD_Init)
    Accel_GetData                            0x08000af5   Thumb Code    32  adxl345.o(i.Accel_GetData)
    Accel_NSS_High                           0x08000b1d   Thumb Code    20  adxl345.o(i.Accel_NSS_High)
    Accel_NSS_Init                           0x08000b39   Thumb Code    66  adxl345.o(i.Accel_NSS_Init)
    Accel_NSS_Low                            0x08000b85   Thumb Code    20  adxl345.o(i.Accel_NSS_Low)
    Accel_UpdateFreq                         0x08000ba1   Thumb Code    34  adxl345.o(i.Accel_UpdateFreq)
    Accel_VDD_Init                           0x08000bcd   Thumb Code    86  adxl345.o(i.Accel_VDD_Init)
    All_NSS_High                             0x08000c2d   Thumb Code    16  adxrs290.o(i.All_NSS_High)
    DMA1_Stream2_IRQHandler                  0x08000c3d   Thumb Code   202  adxrs453.o(i.DMA1_Stream2_IRQHandler)
    DMA1_Stream3_IRQHandler                  0x08000d39   Thumb Code   498  adxl345.o(i.DMA1_Stream3_IRQHandler)
    DMA1_Stream4_IRQHandler                  0x08000f91   Thumb Code    34  adxl345.o(i.DMA1_Stream4_IRQHandler)
    DMA1_Stream5_IRQHandler                  0x08000fb9   Thumb Code     6  adxrs453.o(i.DMA1_Stream5_IRQHandler)
    DMA2_Stream7_IRQHandler                  0x08000fc5   Thumb Code    28  telemetry.o(i.DMA2_Stream7_IRQHandler)
    EXTI15_10_IRQHandler                     0x08000fe9   Thumb Code    50  adxrs290.o(i.EXTI15_10_IRQHandler)
    EXTI1_IRQHandler                         0x08001021   Thumb Code    24  adxl345.o(i.EXTI1_IRQHandler)
    EXTI2_IRQHandler                         0x0800103d   Thumb Code    44  motors.o(i.EXTI2_IRQHandler)
    EXTI4_IRQHandler                         0x08001075   Thumb Code    40  motors.o(i.EXTI4_IRQHandler)
    Motors_Run                               0x080010a9   Thumb Code    20  motors.o(i.Motors_Run)
    Motors_SetPwm                            0x080010c9   Thumb Code   126  motors.o(i.Motors_SetPwm)
    Motors_Stop                              0x0800115d   Thumb Code    26  motors.o(i.Motors_Stop)
    RCC_Init                                 0x08001255   Thumb Code    46  main.o(i.RCC_Init)
    SPI2_GPIO_Init                           0x08001295   Thumb Code   216  adxl345.o(i.SPI2_GPIO_Init)
    SPI2_IRQHandler                          0x0800137d   Thumb Code   172  adxrs290.o(i.SPI2_IRQHandler)
    SPI2_Init                                0x08001441   Thumb Code    98  adxl345.o(i.SPI2_Init)
    SPI2_Read                                0x080014a9   Thumb Code    22  adxl345.o(i.SPI2_Read)
    SPI2_SensorsPoll                         0x080014c1   Thumb Code     8  adxrs290.o(i.SPI2_SensorsPoll)
    SPI2_Transfer                            0x080014cd   Thumb Code    46  adxl345.o(i.SPI2_Transfer)
    SPI2_Write                               0x08001501   Thumb Code    20  adxl345.o(i.SPI2_Write)
    SPI3_NSS_High                            0x08001515   Thumb Code    20  adxrs453.o(i.SPI3_NSS_High)
    SPI3_NSS_Low                             0x08001531   Thumb Code    20  adxrs453.o(i.SPI3_NSS_Low)
    SendTelemetry                            0x0800154d   Thumb Code    74  telemetry.o(i.SendTelemetry)
    SystemInit                               0x080015c9   Thumb Code   140  system_stm32f4xx.o(i.SystemInit)
    TIM1_BRK_TIM9_IRQHandler                 0x08001665   Thumb Code    38  motors.o(i.TIM1_BRK_TIM9_IRQHandler)
    TIM2_IRQHandler                          0x08001699   Thumb Code    36  adxrs453.o(i.TIM2_IRQHandler)
    TIM3_IRQHandler                          0x080016bd   Thumb Code   302  motors.o(i.TIM3_IRQHandler)
    TIM5_IRQHandler                          0x08001815   Thumb Code    38  motors.o(i.TIM5_IRQHandler)
    TIM7_IRQHandler                          0x08001849   Thumb Code   416  processing.o(i.TIM7_IRQHandler)
    Telemetry_DMA_Init                       0x08001a09   Thumb Code    64  telemetry.o(i.Telemetry_DMA_Init)
    USART1_IRQHandler                        0x08001a61   Thumb Code  1634  telemetry.o(i.USART1_IRQHandler)
    __ARM_fpclassify                         0x08002125   Thumb Code    48  fpclassify.o(i.__ARM_fpclassify)
    __hardfp_atan                            0x08002159   Thumb Code   622  atan.o(i.__hardfp_atan)
    __hardfp_exp                             0x08002431   Thumb Code   714  exp.o(i.__hardfp_exp)
    __hardfp_fabs                            0x08002789   Thumb Code    20  fabs.o(i.__hardfp_fabs)
    __hardfp_sin                             0x080027a1   Thumb Code   180  sin.o(i.__hardfp_sin)
    __ieee754_rem_pio2                       0x08002869   Thumb Code   938  rred.o(i.__ieee754_rem_pio2)
    __kernel_cos                             0x08002ca1   Thumb Code   322  cos_i.o(i.__kernel_cos)
    __kernel_poly                            0x08002e11   Thumb Code   248  poly.o(i.__kernel_poly)
    __kernel_sin                             0x08002f09   Thumb Code   280  sin_i.o(i.__kernel_sin)
    __mathlib_dbl_infnan                     0x08003039   Thumb Code    20  dunder.o(i.__mathlib_dbl_infnan)
    __mathlib_dbl_invalid                    0x08003051   Thumb Code    24  dunder.o(i.__mathlib_dbl_invalid)
    __mathlib_dbl_overflow                   0x08003071   Thumb Code    24  dunder.o(i.__mathlib_dbl_overflow)
    __mathlib_dbl_underflow                  0x08003091   Thumb Code    24  dunder.o(i.__mathlib_dbl_underflow)
    adjustControl                            0x080030b1   Thumb Code   390  processing.o(i.adjustControl)
    calcAngAccel                             0x08003265   Thumb Code    78  processing.o(i.calcAngAccel)
    calcAngVel                               0x080032c9   Thumb Code   130  processing.o(i.calcAngVel)
    calcAngle                                0x08003371   Thumb Code   326  processing.o(i.calcAngle)
    calcPwms                                 0x080034e5   Thumb Code   278  processing.o(i.calcPwms)
    control                                  0x08003641   Thumb Code    64  processing.o(i.control)
    fabs                                     0x08003699   Thumb Code    24  fabs.o(i.fabs)
    gCheck                                   0x080036b1   Thumb Code   204  processing.o(i.gCheck)
    getFinalData                             0x080037a5   Thumb Code    60  processing.o(i.getFinalData)
    initWaitingForFloat                      0x08003805   Thumb Code    44  telemetry.o(i.initWaitingForFloat)
    initWaitingForInt                        0x08003849   Thumb Code    26  telemetry.o(i.initWaitingForInt)
    main                                     0x08003875   Thumb Code   106  main.o(i.main)
    simplestControl                          0x080038ed   Thumb Code   270  processing.o(i.simplestControl)
    turnOffUselessMotor                      0x08003a15   Thumb Code   168  processing.o(i.turnOffUselessMotor)
    __aeabi_dneg                             0x08003ad5   Thumb Code     0  basic.o(x$fpl$basic)
    _dneg                                    0x08003ad5   Thumb Code     6  basic.o(x$fpl$basic)
    __aeabi_fneg                             0x08003adb   Thumb Code     0  basic.o(x$fpl$basic)
    _fneg                                    0x08003adb   Thumb Code     6  basic.o(x$fpl$basic)
    _dabs                                    0x08003ae1   Thumb Code     6  basic.o(x$fpl$basic)
    _fabs                                    0x08003ae7   Thumb Code     6  basic.o(x$fpl$basic)
    __aeabi_d2f                              0x08003aed   Thumb Code     0  d2f.o(x$fpl$d2f)
    _d2f                                     0x08003aed   Thumb Code    98  d2f.o(x$fpl$d2f)
    __aeabi_dadd                             0x08003b51   Thumb Code     0  daddsub_clz.o(x$fpl$dadd)
    _dadd                                    0x08003b51   Thumb Code   332  daddsub_clz.o(x$fpl$dadd)
    __fpl_dcmp_Inf                           0x08003ca1   Thumb Code    24  dcmpi.o(x$fpl$dcmpinf)
    __aeabi_ddiv                             0x08003cb9   Thumb Code     0  ddiv.o(x$fpl$ddiv)
    _ddiv                                    0x08003cb9   Thumb Code   552  ddiv.o(x$fpl$ddiv)
    __aeabi_d2iz                             0x08003f69   Thumb Code     0  dfix.o(x$fpl$dfix)
    _dfix                                    0x08003f69   Thumb Code    94  dfix.o(x$fpl$dfix)
    __aeabi_i2d                              0x08003fc7   Thumb Code     0  dflt_clz.o(x$fpl$dflt)
    _dflt                                    0x08003fc7   Thumb Code    46  dflt_clz.o(x$fpl$dflt)
    __aeabi_ui2d                             0x08003ff5   Thumb Code     0  dflt_clz.o(x$fpl$dfltu)
    _dfltu                                   0x08003ff5   Thumb Code    38  dflt_clz.o(x$fpl$dfltu)
    __aeabi_cdcmple                          0x0800401d   Thumb Code     0  dleqf.o(x$fpl$dleqf)
    _dcmple                                  0x0800401d   Thumb Code   120  dleqf.o(x$fpl$dleqf)
    __fpl_dcmple_InfNaN                      0x0800407f   Thumb Code     0  dleqf.o(x$fpl$dleqf)
    __aeabi_dmul                             0x08004095   Thumb Code     0  dmul.o(x$fpl$dmul)
    _dmul                                    0x08004095   Thumb Code   332  dmul.o(x$fpl$dmul)
    __fpl_dnaninf                            0x080041e9   Thumb Code   156  dnaninf.o(x$fpl$dnaninf)
    __fpl_dretinf                            0x08004285   Thumb Code    12  dretinf.o(x$fpl$dretinf)
    __aeabi_cdrcmple                         0x08004291   Thumb Code     0  drleqf.o(x$fpl$drleqf)
    _drcmple                                 0x08004291   Thumb Code   108  drleqf.o(x$fpl$drleqf)
    __aeabi_drsub                            0x080042fd   Thumb Code     0  daddsub_clz.o(x$fpl$drsb)
    _drsb                                    0x080042fd   Thumb Code    22  daddsub_clz.o(x$fpl$drsb)
    __aeabi_dsub                             0x08004315   Thumb Code     0  daddsub_clz.o(x$fpl$dsub)
    _dsub                                    0x08004315   Thumb Code   464  daddsub_clz.o(x$fpl$dsub)
    __aeabi_f2d                              0x080044e9   Thumb Code     0  f2d.o(x$fpl$f2d)
    _f2d                                     0x080044e9   Thumb Code    86  f2d.o(x$fpl$f2d)
    __fpl_fnaninf                            0x0800453f   Thumb Code   140  fnaninf.o(x$fpl$fnaninf)
    _fp_init                                 0x080045cb   Thumb Code    10  fpinit.o(x$fpl$fpinit)
    __fplib_config_fpu_vfp                   0x080045d3   Thumb Code     0  fpinit.o(x$fpl$fpinit)
    __fplib_config_pureend_doubles           0x080045d3   Thumb Code     0  fpinit.o(x$fpl$fpinit)
    __fpl_fretinf                            0x080045d5   Thumb Code    10  fretinf.o(x$fpl$fretinf)
    __I$use$fp                               0x080045de   Number         0  usenofp.o(x$fpl$usenofp)
    Region$$Table$$Base                      0x080047f0   Number         0  anon$$obj.o(Region$$Table)
    Region$$Table$$Limit                     0x08004810   Number         0  anon$$obj.o(Region$$Table)
    ax                                       0x20000000   Data           2  main.o(.data)
    ay                                       0x20000002   Data           2  main.o(.data)
    az                                       0x20000004   Data           2  main.o(.data)
    ENGRDY                                   0x20000006   Data           1  main.o(.data)
    pwm                                      0x20000008   Data           4  main.o(.data)
    pwm1                                     0x2000000c   Data           4  main.o(.data)
    pwm2                                     0x20000010   Data           4  main.o(.data)
    COUNT1                                   0x20000014   Data           4  main.o(.data)
    COUNT2                                   0x20000018   Data           4  main.o(.data)
    F                                        0x2000001c   Data           4  main.o(.data)
    Kp                                       0x20000020   Data           4  main.o(.data)
    Kd                                       0x20000024   Data           4  main.o(.data)
    Ki                                       0x20000028   Data           4  main.o(.data)
    angle                                    0x2000002c   Data           4  main.o(.data)
    angularVelocity                          0x20000030   Data           4  main.o(.data)
    filterScale                              0x20000034   Data           4  main.o(.data)
    SPI2_SCK                                 0x20000038   Data           1  adxl345.o(.data)
    SPI2_MISO                                0x20000039   Data           1  adxl345.o(.data)
    SPI2_MOSI                                0x2000003a   Data           1  adxl345.o(.data)
    ACCEL_NSS                                0x2000003b   Data           1  adxl345.o(.data)
    ACCEL_INT1                               0x2000003c   Data           1  adxl345.o(.data)
    ACCEL_VDD                                0x2000003d   Data           1  adxl345.o(.data)
    accelRegisters                           0x2000003e   Data          12  adxl345.o(.data)
    accelCalibrationOn                       0x2000004a   Data           1  adxl345.o(.data)
    accelCalibrIndex                         0x2000004c   Data           4  adxl345.o(.data)
    accelCalibrNumber                        0x20000050   Data           4  adxl345.o(.data)
    accel_xSum                               0x20000054   Data           4  adxl345.o(.data)
    accel_ySum                               0x20000058   Data           4  adxl345.o(.data)
    accel_zSum                               0x2000005c   Data           4  adxl345.o(.data)
    xOffset                                  0x20000060   Data           2  adxl345.o(.data)
    yOffset                                  0x20000062   Data           2  adxl345.o(.data)
    zOffset                                  0x20000064   Data           2  adxl345.o(.data)
    freshFreq                                0x20000066   Data           1  adxl345.o(.data)
    curFreq                                  0x20000067   Data           1  adxl345.o(.data)
    curDT                                    0x20000068   Data           4  adxl345.o(.data)
    UART1_TX                                 0x2000006c   Data           1  telemetry.o(.data)
    UART1_RX                                 0x2000006d   Data           1  telemetry.o(.data)
    received                                 0x2000006e   Data           1  telemetry.o(.data)
    i                                        0x20000070   Data           4  telemetry.o(.data)
    st                                       0x20000074   Data           4  telemetry.o(.data)
    intValue                                 0x20000078   Data           4  telemetry.o(.data)
    k                                        0x2000007c   Data           4  telemetry.o(.data)
    my_pow                                   0x20000080   Data           4  telemetry.o(.data)
    d_st                                     0x20000084   Data           4  telemetry.o(.data)
    floatValue                               0x20000088   Data           4  telemetry.o(.data)
    curWaiting                               0x2000008c   Data           1  telemetry.o(.data)
    curWaitingForInt                         0x2000008d   Data           1  telemetry.o(.data)
    curWaitingForFloat                       0x2000008e   Data           1  telemetry.o(.data)
    telemetryOn                              0x2000008f   Data           1  telemetry.o(.data)
    recalibrate                              0x20000090   Data           1  telemetry.o(.data)
    turnUselessOn                            0x20000091   Data           1  telemetry.o(.data)
    gyroRecalibrationOn                      0x20000092   Data           1  telemetry.o(.data)
    len                                      0x20000093   Data           1  telemetry.o(.data)
    j                                        0x20000094   Data           1  telemetry.o(.data)
    rst                                      0x20000098   Data           4  telemetry.o(.data)
    USART_DMA_transferComleted               0x2000009c   Data           1  telemetry.o(.data)
    maxAngle                                 0x200000a0   Data           4  processing.o(.data)
    accelDeviation                           0x200000a4   Data           4  processing.o(.data)
    angleFromAccel                           0x200000a8   Data           1  processing.o(.data)
    maxAngVel                                0x200000ac   Data           4  processing.o(.data)
    research                                 0x200000b0   Data           1  processing.o(.data)
    researchIndex                            0x200000b4   Data           4  processing.o(.data)
    researchAmplitude                        0x200000b8   Data           4  processing.o(.data)
    researchFrequency                        0x200000bc   Data           4  processing.o(.data)
    processCounter                           0x200000c0   Data           1  processing.o(.data)
    adxrs_b                                  0x200000c4   Data         360  processing.o(.data)
    adxrsHistoryIndex                        0x2000022c   Data           1  processing.o(.data)
    adxrsCurHistoryIndex                     0x2000022d   Data           1  processing.o(.data)
    filteredVel                              0x20000230   Data           4  processing.o(.data)
    accel_b                                  0x20000234   Data         428  processing.o(.data)
    azHistoryIndex                           0x200003e0   Data           1  processing.o(.data)
    azCurHistoryIndex                        0x200003e1   Data           1  processing.o(.data)
    filteredAZ                               0x200003e2   Data           2  processing.o(.data)
    finalAZ                                  0x200003e4   Data           2  processing.o(.data)
    axHistoryIndex                           0x200003e6   Data           1  processing.o(.data)
    axCurHistoryIndex                        0x200003e7   Data           1  processing.o(.data)
    filteredAX                               0x200003e8   Data           2  processing.o(.data)
    finalAX                                  0x200003ea   Data           2  processing.o(.data)
    finalAY                                  0x200003ec   Data           2  processing.o(.data)
    doAccelProcess                           0x200003ee   Data           1  processing.o(.data)
    doGyroProcess                            0x200003ef   Data           1  processing.o(.data)
    doAdxrsProcess                           0x200003f0   Data           1  processing.o(.data)
    lowpassOn                                0x200003f1   Data           1  processing.o(.data)
    accelLowpassReady                        0x200003f2   Data           1  processing.o(.data)
    angleIntegral                            0x200003f4   Data           4  processing.o(.data)
    angleIntegralMax                         0x200003f8   Data           4  processing.o(.data)
    angleAcceleration                        0x200003fc   Data           4  processing.o(.data)
    prevAngularVelocity                      0x20000400   Data           4  processing.o(.data)
    Aappr                                    0x20000404   Data           4  processing.o(.data)
    Bappr                                    0x20000408   Data           4  processing.o(.data)
    Cappr                                    0x2000040c   Data           4  processing.o(.data)
    D                                        0x20000410   Data           4  processing.o(.data)
    x1                                       0x20000414   Data           4  processing.o(.data)
    x2                                       0x20000418   Data           4  processing.o(.data)
    minF                                     0x2000041c   Data           4  processing.o(.data)
    identificationReady                      0x20000420   Data           1  processing.o(.data)
    boundaryAngle                            0x20000424   Data           4  processing.o(.data)
    angularVelocityHistoryIndex              0x20000428   Data           1  processing.o(.data)
    tranquilityTime                          0x20000429   Data           1  processing.o(.data)
    tranquilityCount                         0x2000042a   Data           1  processing.o(.data)
    angVelSmall                              0x2000042c   Data           4  processing.o(.data)
    Edes                                     0x20000430   Data           4  processing.o(.data)
    pwmStep                                  0x20000434   Data           4  processing.o(.data)
    everyN                                   0x20000438   Data           1  processing.o(.data)
    MOT_PWM1                                 0x2000043c   Data           1  motors.o(.data)
    MOT_PWM2                                 0x2000043d   Data           1  motors.o(.data)
    MOT_FREQ1                                0x2000043e   Data           1  motors.o(.data)
    MOT_FREQ2                                0x2000043f   Data           1  motors.o(.data)
    minPwm                                   0x20000440   Data           4  motors.o(.data)
    maxPwm                                   0x20000444   Data           4  motors.o(.data)
    tim3_status                              0x20000448   Data           1  motors.o(.data)
    start_pwm                                0x2000044c   Data           4  motors.o(.data)
    timer                                    0x20000450   Data           4  motors.o(.data)
    timer_1000                               0x20000454   Data           4  motors.o(.data)
    timer_2000                               0x20000458   Data           4  motors.o(.data)
    pwm_step                                 0x2000045c   Data           4  motors.o(.data)
    pwmstartmax                              0x20000460   Data           4  motors.o(.data)
    Motor1Off                                0x20000464   Data           1  motors.o(.data)
    Motor2Off                                0x20000465   Data           1  motors.o(.data)
    SPI3_SCK                                 0x20000468   Data           1  adxrs453.o(.data)
    SPI3_MISO                                0x20000469   Data           1  adxrs453.o(.data)
    SPI3_MOSI                                0x2000046a   Data           1  adxrs453.o(.data)
    SPI3_NSS                                 0x2000046b   Data           1  adxrs453.o(.data)
    adxrs_Sum                                0x2000046c   Data           4  adxrs453.o(.data)
    adxrs_CalibrIndex                        0x20000470   Data           2  adxrs453.o(.data)
    adxrs_CalibrNumber                       0x20000472   Data           2  adxrs453.o(.data)
    adxrs_CalibrationOn                      0x20000474   Data           1  adxrs453.o(.data)
    adxrs_Offset                             0x20000478   Data           4  adxrs453.o(.data)
    adxrsCommands                            0x2000047c   Data           4  adxrs453.o(.data)
    adxrsResponses                           0x20000480   Data           4  adxrs453.o(.data)
    transferFinished                         0x20000484   Data           1  adxrs453.o(.data)
    adxrs_data                               0x20000486   Data           2  adxrs453.o(.data)
    adxrsProcessCounter                      0x20000488   Data           1  adxrs453.o(.data)
    adxrsLowpassReady                        0x20000489   Data           1  adxrs453.o(.data)
    SPI2_Busy                                0x2000048c   Data           1  adxrs290.o(.data)
    adxrs290_regs                            0x2000048d   Data           6  adxrs290.o(.data)
    adxrs290_filterCfs                       0x20000494   Data        1664  adxrs290.o(.data)
    spiReceived                              0x20000b14   Data           1  adxrs290.o(.data)
    ARS1_NSS                                 0x20000b15   Data           1  adxrs290.o(.data)
    ARS1_VDD                                 0x20000b16   Data           1  adxrs290.o(.data)
    ARS1_EXTI                                0x20000b17   Data           1  adxrs290.o(.data)
    ars1_spiIndex                            0x20000b18   Data           1  adxrs290.o(.data)
    ars1_rawData                             0x20000b19   Data           6  adxrs290.o(.data)
    ars1_data                                0x20000b20   Data           6  adxrs290.o(.data)
    ars1_filteredData                        0x20000b28   Data           8  adxrs290.o(.data)
    ars1_angleRate                           0x20000b30   Data           8  adxrs290.o(.data)
    ars1_calibrationOn                       0x20000b38   Data           1  adxrs290.o(.data)
    ars1_calibrIndex                         0x20000b3c   Data           4  adxrs290.o(.data)
    ars1_calibrNumber                        0x20000b40   Data           4  adxrs290.o(.data)
    ars1_historyIndex                        0x20000b44   Data           2  adxrs290.o(.data)
    ars1_curHistoryIndex                     0x20000b46   Data           2  adxrs290.o(.data)
    ars1_processIndex                        0x20000b48   Data           1  adxrs290.o(.data)
    ars1_processNumber                       0x20000b49   Data           1  adxrs290.o(.data)
    ars1_lowpassReady                        0x20000b4a   Data           1  adxrs290.o(.data)
    ars1_doProcess                           0x20000b4b   Data           1  adxrs290.o(.data)
    ARS2_NSS                                 0x20000b4c   Data           1  adxrs290.o(.data)
    ARS2_VDD                                 0x20000b4d   Data           1  adxrs290.o(.data)
    ARS2_EXTI                                0x20000b4e   Data           1  adxrs290.o(.data)
    ars2_rawData                             0x20000b4f   Data           6  adxrs290.o(.data)
    ars2_data                                0x20000b56   Data           6  adxrs290.o(.data)
    ars2_filteredData                        0x20000b5c   Data           8  adxrs290.o(.data)
    ars2_angleRate                           0x20000b64   Data           8  adxrs290.o(.data)
    ars2_calibrationOn                       0x20000b6c   Data           1  adxrs290.o(.data)
    ars2_calibrIndex                         0x20000b70   Data           4  adxrs290.o(.data)
    ars2_calibrNumber                        0x20000b74   Data           4  adxrs290.o(.data)
    ars2_historyIndex                        0x20000b78   Data           2  adxrs290.o(.data)
    ars2_curHistoryIndex                     0x20000b7a   Data           2  adxrs290.o(.data)
    ars2_processIndex                        0x20000b7c   Data           1  adxrs290.o(.data)
    ars2_processNumber                       0x20000b7d   Data           1  adxrs290.o(.data)
    ars2_lowpassReady                        0x20000b7e   Data           1  adxrs290.o(.data)
    ars2_doProcess                           0x20000b7f   Data           1  adxrs290.o(.data)
    accel                                    0x20000b80   Data          12  adxl345.o(.bss)
    str                                      0x20000b8c   Data         100  telemetry.o(.bss)
    tele                                     0x20000bf0   Data         100  telemetry.o(.bss)
    adxrsHistory                             0x20000c54   Data         512  processing.o(.bss)
    azHistory                                0x20000e54   Data         512  processing.o(.bss)
    axHistory                                0x20001054   Data         512  processing.o(.bss)
    angularVelocityHistory                   0x20001254   Data          20  processing.o(.bss)
    ars1_offset                              0x20001268   Data          12  adxrs290.o(.bss)
    ars1_sum                                 0x20001274   Data          12  adxrs290.o(.bss)
    ars1_history                             0x20001280   Data        1024  adxrs290.o(.bss)
    ars2_offset                              0x20001680   Data          12  adxrs290.o(.bss)
    ars2_sum                                 0x2000168c   Data          12  adxrs290.o(.bss)
    ars2_history                             0x20001698   Data        1024  adxrs290.o(.bss)
    __libspace_start                         0x20001a98   Data          96  libspace.o(.bss)
    __temporary_stack_top$libspace           0x20001af8   Data           0  libspace.o(.bss)



==============================================================================

Memory Map of the image

  Image Entry point : 0x08000279

  Load Region LR_1 (Base: 0x08000000, Size: 0x00005390, Max: 0xffffffff, ABSOLUTE, COMPRESSED[0x0000507c])

    Execution Region ER_RO (Base: 0x08000000, Size: 0x00004810, Max: 0xffffffff, ABSOLUTE)

    Base Addr    Size         Type   Attr      Idx    E Section Name        Object

    0x08000000   0x00000188   Data   RO          944    RESET               startup_stm32f407xx.o
    0x08000188   0x00000008   Code   RO         1087  * !!!main             c_w.l(__main.o)
    0x08000190   0x00000034   Code   RO         1441    !!!scatter          c_w.l(__scatter.o)
    0x080001c4   0x00000064   Code   RO         1439    !!dclz77c           c_w.l(__dclz77c.o)
    0x08000228   0x0000001c   Code   RO         1443    !!handler_zi        c_w.l(__scatter_zi.o)
    0x08000244   0x00000000   Code   RO         1080    .ARM.Collect$$_printf_percent$$00000000  c_w.l(_printf_percent.o)
    0x08000244   0x00000006   Code   RO         1079    .ARM.Collect$$_printf_percent$$00000009  c_w.l(_printf_d.o)
    0x0800024a   0x00000004   Code   RO         1211    .ARM.Collect$$_printf_percent$$00000017  c_w.l(_printf_percent_end.o)
    0x0800024e   0x00000002   Code   RO         1379    .ARM.Collect$$libinit$$00000000  c_w.l(libinit.o)
    0x08000250   0x00000004   Code   RO         1214    .ARM.Collect$$libinit$$00000001  c_w.l(libinit2.o)
    0x08000254   0x00000000   Code   RO         1217    .ARM.Collect$$libinit$$00000004  c_w.l(libinit2.o)
    0x08000254   0x00000000   Code   RO         1220    .ARM.Collect$$libinit$$0000000A  c_w.l(libinit2.o)
    0x08000254   0x00000000   Code   RO         1222    .ARM.Collect$$libinit$$0000000C  c_w.l(libinit2.o)
    0x08000254   0x00000000   Code   RO         1224    .ARM.Collect$$libinit$$0000000E  c_w.l(libinit2.o)
    0x08000254   0x00000000   Code   RO         1227    .ARM.Collect$$libinit$$00000011  c_w.l(libinit2.o)
    0x08000254   0x00000000   Code   RO         1229    .ARM.Collect$$libinit$$00000013  c_w.l(libinit2.o)
    0x08000254   0x00000000   Code   RO         1231    .ARM.Collect$$libinit$$00000015  c_w.l(libinit2.o)
    0x08000254   0x00000000   Code   RO         1233    .ARM.Collect$$libinit$$00000017  c_w.l(libinit2.o)
    0x08000254   0x00000000   Code   RO         1235    .ARM.Collect$$libinit$$00000019  c_w.l(libinit2.o)
    0x08000254   0x00000000   Code   RO         1237    .ARM.Collect$$libinit$$0000001B  c_w.l(libinit2.o)
    0x08000254   0x00000000   Code   RO         1239    .ARM.Collect$$libinit$$0000001D  c_w.l(libinit2.o)
    0x08000254   0x00000000   Code   RO         1241    .ARM.Collect$$libinit$$0000001F  c_w.l(libinit2.o)
    0x08000254   0x00000000   Code   RO         1243    .ARM.Collect$$libinit$$00000021  c_w.l(libinit2.o)
    0x08000254   0x00000000   Code   RO         1245    .ARM.Collect$$libinit$$00000023  c_w.l(libinit2.o)
    0x08000254   0x00000000   Code   RO         1247    .ARM.Collect$$libinit$$00000025  c_w.l(libinit2.o)
    0x08000254   0x00000000   Code   RO         1251    .ARM.Collect$$libinit$$0000002C  c_w.l(libinit2.o)
    0x08000254   0x00000000   Code   RO         1253    .ARM.Collect$$libinit$$0000002E  c_w.l(libinit2.o)
    0x08000254   0x00000000   Code   RO         1255    .ARM.Collect$$libinit$$00000030  c_w.l(libinit2.o)
    0x08000254   0x00000000   Code   RO         1257    .ARM.Collect$$libinit$$00000032  c_w.l(libinit2.o)
    0x08000254   0x00000002   Code   RO         1258    .ARM.Collect$$libinit$$00000033  c_w.l(libinit2.o)
    0x08000256   0x00000002   Code   RO         1436    .ARM.Collect$$libshutdown$$00000000  c_w.l(libshutdown.o)
    0x08000258   0x00000000   Code   RO         1394    .ARM.Collect$$libshutdown$$00000003  c_w.l(libshutdown2.o)
    0x08000258   0x00000000   Code   RO         1397    .ARM.Collect$$libshutdown$$00000006  c_w.l(libshutdown2.o)
    0x08000258   0x00000000   Code   RO         1400    .ARM.Collect$$libshutdown$$00000009  c_w.l(libshutdown2.o)
    0x08000258   0x00000000   Code   RO         1402    .ARM.Collect$$libshutdown$$0000000B  c_w.l(libshutdown2.o)
    0x08000258   0x00000000   Code   RO         1405    .ARM.Collect$$libshutdown$$0000000E  c_w.l(libshutdown2.o)
    0x08000258   0x00000002   Code   RO         1406    .ARM.Collect$$libshutdown$$0000000F  c_w.l(libshutdown2.o)
    0x0800025a   0x00000000   Code   RO         1177    .ARM.Collect$$rtentry$$00000000  c_w.l(__rtentry.o)
    0x0800025a   0x00000000   Code   RO         1315    .ARM.Collect$$rtentry$$00000002  c_w.l(__rtentry2.o)
    0x0800025a   0x00000006   Code   RO         1327    .ARM.Collect$$rtentry$$00000004  c_w.l(__rtentry4.o)
    0x08000260   0x00000000   Code   RO         1317    .ARM.Collect$$rtentry$$00000009  c_w.l(__rtentry2.o)
    0x08000260   0x00000004   Code   RO         1318    .ARM.Collect$$rtentry$$0000000A  c_w.l(__rtentry2.o)
    0x08000264   0x00000000   Code   RO         1320    .ARM.Collect$$rtentry$$0000000C  c_w.l(__rtentry2.o)
    0x08000264   0x00000008   Code   RO         1321    .ARM.Collect$$rtentry$$0000000D  c_w.l(__rtentry2.o)
    0x0800026c   0x00000002   Code   RO         1382    .ARM.Collect$$rtexit$$00000000  c_w.l(rtexit.o)
    0x0800026e   0x00000000   Code   RO         1410    .ARM.Collect$$rtexit$$00000002  c_w.l(rtexit2.o)
    0x0800026e   0x00000004   Code   RO         1411    .ARM.Collect$$rtexit$$00000003  c_w.l(rtexit2.o)
    0x08000272   0x00000006   Code   RO         1412    .ARM.Collect$$rtexit$$00000004  c_w.l(rtexit2.o)
    0x08000278   0x00000040   Code   RO          945  * .text               startup_stm32f407xx.o
    0x080002b8   0x00000028   Code   RO         1051    .text               c_w.l(noretval__2sprintf.o)
    0x080002e0   0x00000024   Code   RO         1055    .text               c_w.l(_printf_truncate.o)
    0x08000304   0x00000078   Code   RO         1057    .text               c_w.l(_printf_dec.o)
    0x0800037c   0x000000b8   Code   RO         1062    .text               c_w.l(__printf_ss.o)
    0x08000434   0x0000003e   Code   RO         1081    .text               c_w.l(strlen.o)
    0x08000472   0x00000006   Code   RO         1085    .text               c_w.l(heapauxi.o)
    0x08000478   0x00000016   Code   RO         1203    .text               c_w.l(_rserrno.o)
    0x0800048e   0x000000b2   Code   RO         1205    .text               c_w.l(_printf_intcommon.o)
    0x08000540   0x00000030   Code   RO         1207    .text               c_w.l(_printf_char_common.o)
    0x08000570   0x0000000a   Code   RO         1209    .text               c_w.l(_sputc.o)
    0x0800057a   0x00000002   PAD
    0x0800057c   0x00000008   Code   RO         1311    .text               c_w.l(libspace.o)
    0x08000584   0x00000008   Code   RO         1332    .text               c_w.l(rt_errno_addr_intlibspace.o)
    0x0800058c   0x00000002   Code   RO         1355    .text               c_w.l(use_no_semi.o)
    0x0800058e   0x00000000   Code   RO         1357    .text               c_w.l(indicate_semi.o)
    0x0800058e   0x0000004a   Code   RO         1358    .text               c_w.l(sys_stackheap_outer.o)
    0x080005d8   0x0000000c   Code   RO         1364    .text               c_w.l(exit.o)
    0x080005e4   0x0000000c   Code   RO         1380    .text               c_w.l(sys_exit.o)
    0x080005f0   0x00000088   Code   RO          162    i.ADXL345_Calibr    adxl345.o
    0x08000678   0x0000006c   Code   RO          163    i.ADXL345_DMA_Init  adxl345.o
    0x080006e4   0x00000034   Code   RO          685    i.ADXRS_Calibr      adxrs453.o
    0x08000718   0x0000008c   Code   RO          686    i.ADXRS_DMA_Read    adxrs453.o
    0x080007a4   0x00000044   Code   RO          791    i.ARS1_EXTI_Init    adxrs290.o
    0x080007e8   0x00000054   Code   RO          792    i.ARS1_GetData      adxrs290.o
    0x0800083c   0x00000054   Code   RO          793    i.ARS1_Init         adxrs290.o
    0x08000890   0x0000001c   Code   RO          794    i.ARS1_NSS_High     adxrs290.o
    0x080008ac   0x00000038   Code   RO          795    i.ARS1_NSS_Init     adxrs290.o
    0x080008e4   0x0000001c   Code   RO          796    i.ARS1_NSS_Low      adxrs290.o
    0x08000900   0x00000034   Code   RO          797    i.ARS1_VDD_Init     adxrs290.o
    0x08000934   0x00000120   Code   RO          800    i.ARS2_GetData      adxrs290.o
    0x08000a54   0x0000001c   Code   RO          802    i.ARS2_NSS_High     adxrs290.o
    0x08000a70   0x00000038   Code   RO          803    i.ARS2_NSS_Init     adxrs290.o
    0x08000aa8   0x0000001c   Code   RO          804    i.ARS2_NSS_Low      adxrs290.o
    0x08000ac4   0x00000030   Code   RO          805    i.ARS2_VDD_Init     adxrs290.o
    0x08000af4   0x00000028   Code   RO          167    i.Accel_GetData     adxl345.o
    0x08000b1c   0x0000001c   Code   RO          168    i.Accel_NSS_High    adxl345.o
    0x08000b38   0x0000004c   Code   RO          169    i.Accel_NSS_Init    adxl345.o
    0x08000b84   0x0000001c   Code   RO          170    i.Accel_NSS_Low     adxl345.o
    0x08000ba0   0x0000002c   Code   RO          171    i.Accel_UpdateFreq  adxl345.o
    0x08000bcc   0x00000060   Code   RO          172    i.Accel_VDD_Init    adxl345.o
    0x08000c2c   0x00000010   Code   RO          806    i.All_NSS_High      adxrs290.o
    0x08000c3c   0x000000fc   Code   RO          688    i.DMA1_Stream2_IRQHandler  adxrs453.o
    0x08000d38   0x00000258   Code   RO          173    i.DMA1_Stream3_IRQHandler  adxl345.o
    0x08000f90   0x00000028   Code   RO          174    i.DMA1_Stream4_IRQHandler  adxl345.o
    0x08000fb8   0x0000000c   Code   RO          689    i.DMA1_Stream5_IRQHandler  adxrs453.o
    0x08000fc4   0x00000024   Code   RO          326    i.DMA2_Stream7_IRQHandler  telemetry.o
    0x08000fe8   0x00000038   Code   RO          807    i.EXTI15_10_IRQHandler  adxrs290.o
    0x08001020   0x0000001c   Code   RO          176    i.EXTI1_IRQHandler  adxl345.o
    0x0800103c   0x00000038   Code   RO          576    i.EXTI2_IRQHandler  motors.o
    0x08001074   0x00000034   Code   RO          577    i.EXTI4_IRQHandler  motors.o
    0x080010a8   0x00000020   Code   RO          581    i.Motors_Run        motors.o
    0x080010c8   0x00000094   Code   RO          582    i.Motors_SetPwm     motors.o
    0x0800115c   0x00000028   Code   RO          583    i.Motors_Stop       motors.o
    0x08001184   0x00000016   Code   RO          177    i.NVIC_EnableIRQ    adxl345.o
    0x0800119a   0x00000016   Code   RO          327    i.NVIC_EnableIRQ    telemetry.o
    0x080011b0   0x00000016   Code   RO          690    i.NVIC_EnableIRQ    adxrs453.o
    0x080011c6   0x00000016   Code   RO          808    i.NVIC_EnableIRQ    adxrs290.o
    0x080011dc   0x00000028   Code   RO          178    i.NVIC_SetPriority  adxl345.o
    0x08001204   0x00000028   Code   RO          691    i.NVIC_SetPriority  adxrs453.o
    0x0800122c   0x00000028   Code   RO          809    i.NVIC_SetPriority  adxrs290.o
    0x08001254   0x00000040   Code   RO            4    i.RCC_Init          main.o
    0x08001294   0x000000e8   Code   RO          179    i.SPI2_GPIO_Init    adxl345.o
    0x0800137c   0x000000c4   Code   RO          810    i.SPI2_IRQHandler   adxrs290.o
    0x08001440   0x00000068   Code   RO          180    i.SPI2_Init         adxl345.o
    0x080014a8   0x00000016   Code   RO          181    i.SPI2_Read         adxl345.o
    0x080014be   0x00000002   PAD
    0x080014c0   0x0000000c   Code   RO          811    i.SPI2_SensorsPoll  adxrs290.o
    0x080014cc   0x00000034   Code   RO          182    i.SPI2_Transfer     adxl345.o
    0x08001500   0x00000014   Code   RO          183    i.SPI2_Write        adxl345.o
    0x08001514   0x0000001c   Code   RO          694    i.SPI3_NSS_High     adxrs453.o
    0x08001530   0x0000001c   Code   RO          695    i.SPI3_NSS_Low      adxrs453.o
    0x0800154c   0x0000007c   Code   RO          330    i.SendTelemetry     telemetry.o
    0x080015c8   0x0000009c   Code   RO          953    i.SystemInit        system_stm32f4xx.o
    0x08001664   0x00000034   Code   RO          587    i.TIM1_BRK_TIM9_IRQHandler  motors.o
    0x08001698   0x00000024   Code   RO          697    i.TIM2_IRQHandler   adxrs453.o
    0x080016bc   0x00000158   Code   RO          588    i.TIM3_IRQHandler   motors.o
    0x08001814   0x00000034   Code   RO          589    i.TIM5_IRQHandler   motors.o
    0x08001848   0x000001c0   Code   RO          437    i.TIM7_IRQHandler   processing.o
    0x08001a08   0x00000058   Code   RO          331    i.Telemetry_DMA_Init  telemetry.o
    0x08001a60   0x000006c4   Code   RO          332    i.USART1_IRQHandler  telemetry.o
    0x08002124   0x00000030   Code   RO         1293    i.__ARM_fpclassify  m_wm.l(fpclassify.o)
    0x08002154   0x00000004   PAD
    0x08002158   0x000002d8   Code   RO         1117    i.__hardfp_atan     m_wm.l(atan.o)
    0x08002430   0x00000358   Code   RO         1131    i.__hardfp_exp      m_wm.l(exp.o)
    0x08002788   0x00000014   Code   RO         1145    i.__hardfp_fabs     m_wm.l(fabs.o)
    0x0800279c   0x00000004   PAD
    0x080027a0   0x000000c8   Code   RO         1151    i.__hardfp_sin      m_wm.l(sin.o)
    0x08002868   0x00000438   Code   RO         1298    i.__ieee754_rem_pio2  m_wm.l(rred.o)
    0x08002ca0   0x00000170   Code   RO         1276    i.__kernel_cos      m_wm.l(cos_i.o)
    0x08002e10   0x000000f8   Code   RO         1295    i.__kernel_poly     m_wm.l(poly.o)
    0x08002f08   0x00000130   Code   RO         1303    i.__kernel_sin      m_wm.l(sin_i.o)
    0x08003038   0x00000014   Code   RO         1280    i.__mathlib_dbl_infnan  m_wm.l(dunder.o)
    0x0800304c   0x00000004   PAD
    0x08003050   0x00000020   Code   RO         1282    i.__mathlib_dbl_invalid  m_wm.l(dunder.o)
    0x08003070   0x00000020   Code   RO         1283    i.__mathlib_dbl_overflow  m_wm.l(dunder.o)
    0x08003090   0x00000020   Code   RO         1285    i.__mathlib_dbl_underflow  m_wm.l(dunder.o)
    0x080030b0   0x000001b4   Code   RO          438    i.adjustControl     processing.o
    0x08003264   0x00000064   Code   RO          439    i.calcAngAccel      processing.o
    0x080032c8   0x000000a8   Code   RO          440    i.calcAngVel        processing.o
    0x08003370   0x00000174   Code   RO          441    i.calcAngle         processing.o
    0x080034e4   0x0000015c   Code   RO          442    i.calcPwms          processing.o
    0x08003640   0x00000058   Code   RO          444    i.control           processing.o
    0x08003698   0x00000018   Code   RO         1147    i.fabs              m_wm.l(fabs.o)
    0x080036b0   0x000000f4   Code   RO          445    i.gCheck            processing.o
    0x080037a4   0x00000060   Code   RO          446    i.getFinalData      processing.o
    0x08003804   0x00000044   Code   RO          334    i.initWaitingForFloat  telemetry.o
    0x08003848   0x0000002c   Code   RO          335    i.initWaitingForInt  telemetry.o
    0x08003874   0x00000078   Code   RO            5    i.main              main.o
    0x080038ec   0x00000128   Code   RO          450    i.simplestControl   processing.o
    0x08003a14   0x000000c0   Code   RO          451    i.turnOffUselessMotor  processing.o
    0x08003ad4   0x00000018   Code   RO         1259    x$fpl$basic         fz_wm.l(basic.o)
    0x08003aec   0x00000062   Code   RO         1089    x$fpl$d2f           fz_wm.l(d2f.o)
    0x08003b4e   0x00000002   PAD
    0x08003b50   0x00000150   Code   RO         1091    x$fpl$dadd          fz_wm.l(daddsub_clz.o)
    0x08003ca0   0x00000018   Code   RO         1261    x$fpl$dcmpinf       fz_wm.l(dcmpi.o)
    0x08003cb8   0x000002b0   Code   RO         1098    x$fpl$ddiv          fz_wm.l(ddiv.o)
    0x08003f68   0x0000005e   Code   RO         1101    x$fpl$dfix          fz_wm.l(dfix.o)
    0x08003fc6   0x0000002e   Code   RO         1106    x$fpl$dflt          fz_wm.l(dflt_clz.o)
    0x08003ff4   0x00000026   Code   RO         1105    x$fpl$dfltu         fz_wm.l(dflt_clz.o)
    0x0800401a   0x00000002   PAD
    0x0800401c   0x00000078   Code   RO         1111    x$fpl$dleqf         fz_wm.l(dleqf.o)
    0x08004094   0x00000154   Code   RO         1113    x$fpl$dmul          fz_wm.l(dmul.o)
    0x080041e8   0x0000009c   Code   RO         1263    x$fpl$dnaninf       fz_wm.l(dnaninf.o)
    0x08004284   0x0000000c   Code   RO         1265    x$fpl$dretinf       fz_wm.l(dretinf.o)
    0x08004290   0x0000006c   Code   RO         1267    x$fpl$drleqf        fz_wm.l(drleqf.o)
    0x080042fc   0x00000016   Code   RO         1092    x$fpl$drsb          fz_wm.l(daddsub_clz.o)
    0x08004312   0x00000002   PAD
    0x08004314   0x000001d4   Code   RO         1093    x$fpl$dsub          fz_wm.l(daddsub_clz.o)
    0x080044e8   0x00000056   Code   RO         1115    x$fpl$f2d           fz_wm.l(f2d.o)
    0x0800453e   0x0000008c   Code   RO         1271    x$fpl$fnaninf       fz_wm.l(fnaninf.o)
    0x080045ca   0x0000000a   Code   RO         1353    x$fpl$fpinit        fz_wm.l(fpinit.o)
    0x080045d4   0x0000000a   Code   RO         1273    x$fpl$fretinf       fz_wm.l(fretinf.o)
    0x080045de   0x00000000   Code   RO         1275    x$fpl$usenofp       fz_wm.l(usenofp.o)
    0x080045de   0x00000002   PAD
    0x080045e0   0x00000098   Data   RO         1120    .constdata          m_wm.l(atan.o)
    0x08004678   0x00000058   Data   RO         1134    .constdata          m_wm.l(exp.o)
    0x080046d0   0x00000030   Data   RO         1277    .constdata          m_wm.l(cos_i.o)
    0x08004700   0x000000c8   Data   RO         1300    .constdata          m_wm.l(rred.o)
    0x080047c8   0x00000028   Data   RO         1304    .constdata          m_wm.l(sin_i.o)
    0x080047f0   0x00000020   Data   RO         1437    Region$$Table       anon$$obj.o


    Execution Region ER_RW (Base: 0x20000000, Size: 0x00000b80, Max: 0xffffffff, ABSOLUTE, COMPRESSED[0x0000086c])

    Base Addr    Size         Type   Attr      Idx    E Section Name        Object

    0x20000000   0x00000038   Data   RW            7    .data               main.o
    0x20000038   0x00000034   Data   RW          185    .data               adxl345.o
    0x2000006c   0x00000031   Data   RW          338    .data               telemetry.o
    0x2000009d   0x00000003   PAD
    0x200000a0   0x00000399   Data   RW          453    .data               processing.o
    0x20000439   0x00000003   PAD
    0x2000043c   0x0000002a   Data   RW          590    .data               motors.o
    0x20000466   0x00000002   PAD
    0x20000468   0x00000022   Data   RW          698    .data               adxrs453.o
    0x2000048a   0x00000002   PAD
    0x2000048c   0x000006f4   Data   RW          813    .data               adxrs290.o


    Execution Region ER_ZI (Base: 0x20000b80, Size: 0x00001578, Max: 0xffffffff, ABSOLUTE)

    Base Addr    Size         Type   Attr      Idx    E Section Name        Object

    0x20000b80   0x0000000c   Zero   RW          184    .bss                adxl345.o
    0x20000b8c   0x000000c8   Zero   RW          337    .bss                telemetry.o
    0x20000c54   0x00000614   Zero   RW          452    .bss                processing.o
    0x20001268   0x00000830   Zero   RW          812    .bss                adxrs290.o
    0x20001a98   0x00000060   Zero   RW         1312    .bss                c_w.l(libspace.o)
    0x20001af8   0x00000200   Zero   RW          943    HEAP                startup_stm32f407xx.o
    0x20001cf8   0x00000400   Zero   RW          942    STACK               startup_stm32f407xx.o


==============================================================================

Image component sizes


      Code (inc. data)   RO Data    RW Data    ZI Data      Debug   Object Name

      1716        264          0         52         12      36640   adxl345.o
      1190        188          0       1780       2096      11301   adxrs290.o
       610        126          0         34          0       5656   adxrs453.o
       184         32          0         56          0     246483   main.o
       776        142          0         42          0       4489   motors.o
      2788        414          0        921       1556      10722   processing.o
        64         26        392          0       1536        864   startup_stm32f407xx.o
       156         16          0          0          0        557   system_stm32f4xx.o
      2114        448          0         49        200      32559   telemetry.o

    ----------------------------------------------------------------------
      9600       1656        424       2944       5400     349271   Object Totals
         0          0         32          0          0          0   (incl. Generated)
         2          0          0         10          0          0   (incl. Padding)

    ----------------------------------------------------------------------

      Code (inc. data)   RO Data    RW Data    ZI Data      Debug   Library Member Name

       100          0          0          0          0          0   __dclz77c.o
         8          0          0          0          0         68   __main.o
       184          0          0          0          0         84   __printf_ss.o
         0          0          0          0          0          0   __rtentry.o
        12          0          0          0          0          0   __rtentry2.o
         6          0          0          0          0          0   __rtentry4.o
        52          8          0          0          0          0   __scatter.o
        28          0          0          0          0          0   __scatter_zi.o
        48          6          0          0          0         96   _printf_char_common.o
         6          0          0          0          0          0   _printf_d.o
       120         16          0          0          0         92   _printf_dec.o
       178          0          0          0          0         88   _printf_intcommon.o
         0          0          0          0          0          0   _printf_percent.o
         4          0          0          0          0          0   _printf_percent_end.o
        36          0          0          0          0         84   _printf_truncate.o
        22          0          0          0          0        100   _rserrno.o
        10          0          0          0          0         68   _sputc.o
        12          0          0          0          0         72   exit.o
         6          0          0          0          0        152   heapauxi.o
         0          0          0          0          0          0   indicate_semi.o
         2          0          0          0          0          0   libinit.o
         6          0          0          0          0          0   libinit2.o
         2          0          0          0          0          0   libshutdown.o
         2          0          0          0          0          0   libshutdown2.o
         8          4          0          0         96         68   libspace.o
        40          6          0          0          0         84   noretval__2sprintf.o
         8          4          0          0          0         68   rt_errno_addr_intlibspace.o
         2          0          0          0          0          0   rtexit.o
        10          0          0          0          0          0   rtexit2.o
        62          0          0          0          0         76   strlen.o
        12          4          0          0          0         68   sys_exit.o
        74          0          0          0          0         80   sys_stackheap_outer.o
         2          0          0          0          0         68   use_no_semi.o
        24          0          0          0          0        164   basic.o
        98          4          0          0          0        140   d2f.o
       826         16          0          0          0        492   daddsub_clz.o
        24          0          0          0          0        116   dcmpi.o
       688        140          0          0          0        256   ddiv.o
        94          4          0          0          0        140   dfix.o
        84          0          0          0          0        232   dflt_clz.o
       120          4          0          0          0        140   dleqf.o
       340         12          0          0          0        152   dmul.o
       156          4          0          0          0        140   dnaninf.o
        12          0          0          0          0        116   dretinf.o
       108          0          0          0          0        128   drleqf.o
        86          4          0          0          0        132   f2d.o
       140          4          0          0          0        132   fnaninf.o
        10          0          0          0          0        116   fpinit.o
        10          0          0          0          0        116   fretinf.o
         0          0          0          0          0          0   usenofp.o
       728        106        152          0          0        228   atan.o
       368         46         48          0          0        200   cos_i.o
       116         24          0          0          0        496   dunder.o
       856        142         88          0          0        288   exp.o
        44          0          0          0          0        248   fabs.o
        48          0          0          0          0        124   fpclassify.o
       248          0          0          0          0        152   poly.o
      1080        142        200          0          0        188   rred.o
       200         20          0          0          0        164   sin.o
       304         24         40          0          0        208   sin_i.o

    ----------------------------------------------------------------------
      7896        744        528          0         96       6424   Library Totals
        22          0          0          0          0          0   (incl. Padding)

    ----------------------------------------------------------------------

      Code (inc. data)   RO Data    RW Data    ZI Data      Debug   Library Name

      1062         48          0          0         96       1416   c_w.l
      2820        192          0          0          0       2712   fz_wm.l
      3992        504        528          0          0       2296   m_wm.l

    ----------------------------------------------------------------------
      7896        744        528          0         96       6424   Library Totals

    ----------------------------------------------------------------------

==============================================================================


      Code (inc. data)   RO Data    RW Data    ZI Data      Debug   

     17496       2400        952       2944       5496     345219   Grand Totals
     17496       2400        952       2156       5496     345219   ELF Image Totals (compressed)
     17496       2400        952       2156          0          0   ROM Totals

==============================================================================

    Total RO  Size (Code + RO Data)                18448 (  18.02kB)
    Total RW  Size (RW Data + ZI Data)              8440 (   8.24kB)
    Total ROM Size (Code + RO Data + RW Data)      20604 (  20.12kB)

==============================================================================

