<html>
<body>
<pre>
<h1>µVision Build Log</h1>
<h2>Tool Versions:</h2>
IDE-Version: µVision V5.14.0.0
Copyright (C) 2015 ARM Ltd and ARM Germany GmbH. All rights reserved.
License Information: Vlad Agiyevich, MIPT, LIC=AK130-BHCLA-23UM4-FI5TI-37TGT-PDR3S
 
Tool Versions:
Toolchain:       MDK-ARM Professional  Version: 5.14.0.0
Toolchain Path:  C:\Keil_v5\ARM\ARMCC\Bin
C Compiler:      Armcc.exe V5.05 update 1 (build 106)
Assembler:       Armasm.exe V5.05 update 1 (build 106)
Linker/Locator:  ArmLink.exe V5.05 update 1 (build 106)
Library Manager: ArmAr.exe V5.05 update 1 (build 106)
Hex Converter:   FromElf.exe V5.05 update 1 (build 106)
CPU DLL:         SARMCM3.DLL V5.14.0.0
Dialog DLL:      DCM.DLL V1.13.1.0
Target DLL:      STLink\ST-LINKIII-KEIL_SWO.dll V2.0.14.0_KEIL
Dialog DLL:      TCM.DLL V1.14.4.0
 
<h2>Project:</h2>
D:\Vlad\Projects\Stable\STM32\Examples\10. I2C (ExtKalman)\ExtKalman.uvprojx
Project File Date:  03/02/2016

<h2>Output:</h2>
Build target 'STM32'
compiling extra_math.c...
extra_math.c(363): warning:  #177-D: variable "i" was declared but never referenced
      uint8_t i = 0;
extra_math.c: 1 warning, 0 errors
linking...
Program Size: Code=20696 RO-data=2712 RW-data=1720 ZI-data=3312  
".\ExtKalman.axf" - 0 Error(s), 1 Warning(s).

<h2>Software Packages used:</h2>

Package Vendor: ARM
                http://www.keil.com/pack/ARM.CMSIS.4.2.0.pack
                ARM::CMSIS:CORE:3.40.0
                CMSIS (Cortex Microcontroller Software Interface Standard)
   * Component: CORE Version: 3.40.0
   * Component: DSP Version: 1.4.2

Package Vendor: Keil
                http://www.keil.com/pack/Keil.STM32F3xx_DFP.1.2.0.pack
                Keil::Device:Startup:1.2.0
                STMicroelectronics STM32F3 Series Device Support and Examples
   * Component: Startup Version: 1.2.0

<h2>Collection of Component include folders:</h2>
  D:\Vlad\Projects\Stable\STM32\Examples\10. I2C (ExtKalman)\RTE
  C:\Keil_v5\ARM\PACK\ARM\CMSIS\4.2.0\CMSIS\Include
  C:\Keil_v5\ARM\PACK\Keil\STM32F3xx_DFP\1.2.0\Device\Include

<h2>Collection of Component Files used:</h2>

   * Component: ARM::CMSIS:CORE:3.40.0
      Source file:   CMSIS\UserCodeTemplates\ARM\ITM_Retarget.c

   * Component: ARM::CMSIS:DSP:1.4.2
      Include file:  CMSIS\Include\arm_math.h
      Library file:  CMSIS\Lib\ARM\arm_cortexM4lf_math.lib

   * Component: Keil::Device:Startup:1.2.0
      Source file:   Device\Source\ARM\startup_stm32f303xc.s
      Source file:   Device\Source\system_stm32f30x.c
      Source file:   Device\Source\ARM\STM32F3xx_OPT.s
</pre>
</body>
</html>
