Component: ARM Compiler 5.05 update 1 (build 106) Tool: armlink [4d0efa]

==============================================================================

Section Cross References

    accel_magne.o(i.AM_DMA_Init) refers to accel_magne.o(i.NVIC_EnableIRQ) for NVIC_EnableIRQ
    accel_magne.o(i.AM_DMA_Init) refers to accel_magne.o(i.NVIC_SetPriority) for NVIC_SetPriority
    accel_magne.o(i.AM_EXTI_Init) refers to accel_magne.o(i.NVIC_EnableIRQ) for NVIC_EnableIRQ
    accel_magne.o(i.AM_EXTI_Init) refers to accel_magne.o(i.NVIC_SetPriority) for NVIC_SetPriority
    accel_magne.o(i.AM_EXTI_Init) refers to accel_magne.o(.data) for AM_INT1
    accel_magne.o(i.AM_Init) refers to accel_magne.o(i.I2C1_Init) for I2C1_Init
    accel_magne.o(i.AM_Init) refers to accel_magne.o(i.AM_Write) for AM_Write
    accel_magne.o(i.AM_Init) refers to accel_magne.o(i.AM_SingleRead) for AM_SingleRead
    accel_magne.o(i.AM_Init) refers to accel_magne.o(i.AM_DMA_Init) for AM_DMA_Init
    accel_magne.o(i.AM_Init) refers to accel_magne.o(.data) for am_test
    accel_magne.o(i.AM_MultiRead) refers to accel_magne.o(i.I2C1_SetDevice) for I2C1_SetDevice
    accel_magne.o(i.AM_MultiRead) refers to accel_magne.o(i.AM_DMA_Run) for AM_DMA_Run
    accel_magne.o(i.AM_SingleRead) refers to accel_magne.o(i.I2C1_SetDevice) for I2C1_SetDevice
    accel_magne.o(i.AM_Write) refers to accel_magne.o(i.I2C1_SetDevice) for I2C1_SetDevice
    accel_magne.o(i.DMA1_Channel7_IRQHandler) refers to accel_magne.o(i.AM_MultiRead) for AM_MultiRead
    accel_magne.o(i.DMA1_Channel7_IRQHandler) refers to arm_sub_f32.o(.text) for arm_sub_f32
    accel_magne.o(i.DMA1_Channel7_IRQHandler) refers to arm_mat_mult_f32.o(.text) for arm_mat_mult_f32
    accel_magne.o(i.DMA1_Channel7_IRQHandler) refers to extra_math.o(i.Vect_Norm) for Vect_Norm
    accel_magne.o(i.DMA1_Channel7_IRQHandler) refers to accel_magne.o(.data) for accel_data
    accel_magne.o(i.DMA1_Channel7_IRQHandler) refers to accel_magne.o(.bss) for non_calibr_accel_data
    accel_magne.o(i.DMA1_Channel7_IRQHandler) refers to extra_math.o(.bss) for w1
    accel_magne.o(i.EXTI4_IRQHandler) refers to accel_magne.o(i.AM_MultiRead) for AM_MultiRead
    accel_magne.o(i.EXTI4_IRQHandler) refers to accel_magne.o(.data) for accel_data
    accel_magne.o(i.I2C1_GPIO_Init) refers to accel_magne.o(.data) for I2C1_SCL
    accel_magne.o(i.I2C1_Init) refers to accel_magne.o(i.I2C1_GPIO_Init) for I2C1_GPIO_Init
    accel_magne.o(.data) refers to accel_magne.o(.bss) for non_calibr_accel_data
    gyro.o(i.DMA1_Channel2_IRQHandler) refers to gyro.o(i.Gyro_NSS_High) for Gyro_NSS_High
    gyro.o(i.DMA1_Channel2_IRQHandler) refers to dflt_clz.o(x$fpl$dflt) for __aeabi_i2d
    gyro.o(i.DMA1_Channel2_IRQHandler) refers to dmul_clz.o(x$fpl$dmul) for __aeabi_dmul
    gyro.o(i.DMA1_Channel2_IRQHandler) refers to ddiv_clz.o(x$fpl$ddiv) for __aeabi_ddiv
    gyro.o(i.DMA1_Channel2_IRQHandler) refers to d2f_clz.o(x$fpl$d2f) for __aeabi_d2f
    gyro.o(i.DMA1_Channel2_IRQHandler) refers to gyro.o(.data) for gyro_dma_rx
    gyro.o(i.DMA1_Channel2_IRQHandler) refers to gyro.o(.bss) for angleRate
    gyro.o(i.EXTI1_IRQHandler) refers to gyro.o(i.Gyro_DMA_Run) for Gyro_DMA_Run
    gyro.o(i.Gyro_DMA_Init) refers to gyro.o(i.NVIC_EnableIRQ) for NVIC_EnableIRQ
    gyro.o(i.Gyro_DMA_Init) refers to gyro.o(i.NVIC_SetPriority) for NVIC_SetPriority
    gyro.o(i.Gyro_DMA_Run) refers to gyro.o(i.Gyro_NSS_Low) for Gyro_NSS_Low
    gyro.o(i.Gyro_DMA_Run) refers to gyro.o(.data) for gyro_dma_rx
    gyro.o(i.Gyro_EXTI_Init) refers to gyro.o(i.NVIC_EnableIRQ) for NVIC_EnableIRQ
    gyro.o(i.Gyro_EXTI_Init) refers to gyro.o(i.NVIC_SetPriority) for NVIC_SetPriority
    gyro.o(i.Gyro_EXTI_Init) refers to gyro.o(.data) for GYRO_INT2
    gyro.o(i.Gyro_GetData) refers to gyro.o(i.Gyro_NSS_Low) for Gyro_NSS_Low
    gyro.o(i.Gyro_GetData) refers to gyro.o(i.Gyro_MultiRead) for Gyro_MultiRead
    gyro.o(i.Gyro_GetData) refers to gyro.o(i.Gyro_NSS_High) for Gyro_NSS_High
    gyro.o(i.Gyro_GetData) refers to dflt_clz.o(x$fpl$dflt) for __aeabi_i2d
    gyro.o(i.Gyro_GetData) refers to dmul_clz.o(x$fpl$dmul) for __aeabi_dmul
    gyro.o(i.Gyro_GetData) refers to d2f_clz.o(x$fpl$d2f) for __aeabi_d2f
    gyro.o(i.Gyro_GetData) refers to gyro.o(.data) for gyro_data
    gyro.o(i.Gyro_GetData) refers to gyro.o(.bss) for angleRate
    gyro.o(i.Gyro_Init) refers to gyro.o(i.SPI1_Init) for SPI1_Init
    gyro.o(i.Gyro_Init) refers to gyro.o(i.Gyro_NSS_Low) for Gyro_NSS_Low
    gyro.o(i.Gyro_Init) refers to gyro.o(i.Gyro_Read) for Gyro_Read
    gyro.o(i.Gyro_Init) refers to gyro.o(i.Gyro_NSS_High) for Gyro_NSS_High
    gyro.o(i.Gyro_Init) refers to gyro.o(i.Gyro_Write) for Gyro_Write
    gyro.o(i.Gyro_Init) refers to gyro.o(i.Gyro_DMA_Init) for Gyro_DMA_Init
    gyro.o(i.Gyro_Init) refers to gyro.o(.data) for gyro_test
    gyro.o(i.Gyro_MultiRead) refers to gyro.o(i.SPI1_Transfer) for SPI1_Transfer
    gyro.o(i.Gyro_NSS_High) refers to gyro.o(.data) for GYRO_NSS
[...]
    ..\\MatrixFunctions\\arm_mat_scale_f32.c 0x00000000   Number         0  arm_mat_scale_f32.o ABSOLUTE
    ..\\MatrixFunctions\\arm_mat_sub_f32.c   0x00000000   Number         0  arm_mat_sub_f32.o ABSOLUTE
    ..\\MatrixFunctions\\arm_mat_trans_f32.c 0x00000000   Number         0  arm_mat_trans_f32.o ABSOLUTE
    ..\\SupportFunctions\\arm_copy_f32.c     0x00000000   Number         0  arm_copy_f32.o ABSOLUTE
    RTE\Device\STM32F303VC\startup_stm32f303xc.s 0x00000000   Number         0  startup_stm32f303xc.o ABSOLUTE
    RTE\Device\STM32F303VC\system_stm32f30x.c 0x00000000   Number         0  system_stm32f30x.o ABSOLUTE
    RTE\\Device\\STM32F303VC\\system_stm32f30x.c 0x00000000   Number         0  system_stm32f30x.o ABSOLUTE
    accel_magne.c                            0x00000000   Number         0  accel_magne.o ABSOLUTE
    accel_magne.c                            0x00000000   Number         0  accel_magne.o ABSOLUTE
    dc.s                                     0x00000000   Number         0  dc.o ABSOLUTE
    extra_math.c                             0x00000000   Number         0  extra_math.o ABSOLUTE
    extra_math.c                             0x00000000   Number         0  extra_math.o ABSOLUTE
    gyro.c                                   0x00000000   Number         0  gyro.o ABSOLUTE
    gyro.c                                   0x00000000   Number         0  gyro.o ABSOLUTE
    main.c                                   0x00000000   Number         0  main.o ABSOLUTE
    main.c                                   0x00000000   Number         0  main.o ABSOLUTE
    telemetry.c                              0x00000000   Number         0  telemetry.o ABSOLUTE
    telemetry.c                              0x00000000   Number         0  telemetry.o ABSOLUTE
    RESET                                    0x08000000   Section      392  startup_stm32f303xc.o(RESET)
    !!!main                                  0x08000188   Section        8  __main.o(!!!main)
    !!!scatter                               0x08000190   Section       52  __scatter.o(!!!scatter)
    !!dczerorl2                              0x080001c4   Section       90  __dczerorl2.o(!!dczerorl2)
    !!handler_zi                             0x08000220   Section       28  __scatter_zi.o(!!handler_zi)
    .ARM.Collect$$libinit$$00000000          0x0800023c   Section        2  libinit.o(.ARM.Collect$$libinit$$00000000)
    .ARM.Collect$$libinit$$00000001          0x0800023e   Section        4  libinit2.o(.ARM.Collect$$libinit$$00000001)
    .ARM.Collect$$libinit$$00000004          0x08000242   Section        0  libinit2.o(.ARM.Collect$$libinit$$00000004)
    .ARM.Collect$$libinit$$0000000A          0x08000242   Section        0  libinit2.o(.ARM.Collect$$libinit$$0000000A)
    .ARM.Collect$$libinit$$0000000C          0x08000242   Section        0  libinit2.o(.ARM.Collect$$libinit$$0000000C)
    .ARM.Collect$$libinit$$0000000E          0x08000242   Section        0  libinit2.o(.ARM.Collect$$libinit$$0000000E)
    .ARM.Collect$$libinit$$00000011          0x08000242   Section        0  libinit2.o(.ARM.Collect$$libinit$$00000011)
    .ARM.Collect$$libinit$$00000013          0x08000242   Section        0  libinit2.o(.ARM.Collect$$libinit$$00000013)
    .ARM.Collect$$libinit$$00000015          0x08000242   Section        0  libinit2.o(.ARM.Collect$$libinit$$00000015)
    .ARM.Collect$$libinit$$00000017          0x08000242   Section        0  libinit2.o(.ARM.Collect$$libinit$$00000017)
    .ARM.Collect$$libinit$$00000019          0x08000242   Section        0  libinit2.o(.ARM.Collect$$libinit$$00000019)
    .ARM.Collect$$libinit$$0000001B          0x08000242   Section        0  libinit2.o(.ARM.Collect$$libinit$$0000001B)
    .ARM.Collect$$libinit$$0000001D          0x08000242   Section        0  libinit2.o(.ARM.Collect$$libinit$$0000001D)
    .ARM.Collect$$libinit$$0000001F          0x08000242   Section        0  libinit2.o(.ARM.Collect$$libinit$$0000001F)
    .ARM.Collect$$libinit$$00000021          0x08000242   Section        0  libinit2.o(.ARM.Collect$$libinit$$00000021)
    .ARM.Collect$$libinit$$00000023          0x08000242   Section        0  libinit2.o(.ARM.Collect$$libinit$$00000023)
    .ARM.Collect$$libinit$$00000025          0x08000242   Section        0  libinit2.o(.ARM.Collect$$libinit$$00000025)
    .ARM.Collect$$libinit$$0000002C          0x08000242   Section        0  libinit2.o(.ARM.Collect$$libinit$$0000002C)
    .ARM.Collect$$libinit$$0000002E          0x08000242   Section        0  libinit2.o(.ARM.Collect$$libinit$$0000002E)
    .ARM.Collect$$libinit$$00000030          0x08000242   Section        0  libinit2.o(.ARM.Collect$$libinit$$00000030)
    .ARM.Collect$$libinit$$00000032          0x08000242   Section        0  libinit2.o(.ARM.Collect$$libinit$$00000032)
    .ARM.Collect$$libinit$$00000033          0x08000242   Section        2  libinit2.o(.ARM.Collect$$libinit$$00000033)
    .ARM.Collect$$libshutdown$$00000000      0x08000244   Section        2  libshutdown.o(.ARM.Collect$$libshutdown$$00000000)
    .ARM.Collect$$libshutdown$$00000003      0x08000246   Section        0  libshutdown2.o(.ARM.Collect$$libshutdown$$00000003)
    .ARM.Collect$$libshutdown$$00000006      0x08000246   Section        0  libshutdown2.o(.ARM.Collect$$libshutdown$$00000006)
    .ARM.Collect$$libshutdown$$00000009      0x08000246   Section        0  libshutdown2.o(.ARM.Collect$$libshutdown$$00000009)
    .ARM.Collect$$libshutdown$$0000000B      0x08000246   Section        0  libshutdown2.o(.ARM.Collect$$libshutdown$$0000000B)
    .ARM.Collect$$libshutdown$$0000000E      0x08000246   Section        0  libshutdown2.o(.ARM.Collect$$libshutdown$$0000000E)
    .ARM.Collect$$libshutdown$$0000000F      0x08000246   Section        2  libshutdown2.o(.ARM.Collect$$libshutdown$$0000000F)
    .ARM.Collect$$rtentry$$00000000          0x08000248   Section        0  __rtentry.o(.ARM.Collect$$rtentry$$00000000)
    .ARM.Collect$$rtentry$$00000002          0x08000248   Section        0  __rtentry2.o(.ARM.Collect$$rtentry$$00000002)
    .ARM.Collect$$rtentry$$00000004          0x08000248   Section        6  __rtentry4.o(.ARM.Collect$$rtentry$$00000004)
    .ARM.Collect$$rtentry$$00000009          0x0800024e   Section        0  __rtentry2.o(.ARM.Collect$$rtentry$$00000009)
    .ARM.Collect$$rtentry$$0000000A          0x0800024e   Section        4  __rtentry2.o(.ARM.Collect$$rtentry$$0000000A)
    .ARM.Collect$$rtentry$$0000000C          0x08000252   Section        0  __rtentry2.o(.ARM.Collect$$rtentry$$0000000C)
    .ARM.Collect$$rtentry$$0000000D          0x08000252   Section        8  __rtentry2.o(.ARM.Collect$$rtentry$$0000000D)
    .ARM.Collect$$rtexit$$00000000           0x0800025a   Section        2  rtexit.o(.ARM.Collect$$rtexit$$00000000)
    .ARM.Collect$$rtexit$$00000002           0x0800025c   Section        0  rtexit2.o(.ARM.Collect$$rtexit$$00000002)
    .ARM.Collect$$rtexit$$00000003           0x0800025c   Section        4  rtexit2.o(.ARM.Collect$$rtexit$$00000003)
    .ARM.Collect$$rtexit$$00000004           0x08000260   Section        6  rtexit2.o(.ARM.Collect$$rtexit$$00000004)
    .text                                    0x08000268   Section       64  startup_stm32f303xc.o(.text)
    $v0                                      0x08000268   Number         0  startup_stm32f303xc.o(.text)
    .text                                    0x080002a8   Section        0  arm_add_f32.o(.text)
    .text                                    0x0800037c   Section        0  arm_dot_prod_f32.o(.text)
    .text                                    0x08000480   Section        0  arm_scale_f32.o(.text)
    .text                                    0x08000518   Section        0  arm_sub_f32.o(.text)
    .text                                    0x080005ea   Section        0  arm_mat_add_f32.o(.text)
    .text                                    0x080006f2   Section        0  arm_mat_init_f32.o(.text)
    .text                                    0x080006fc   Section        0  arm_mat_inverse_f32.o(.text)
    .text                                    0x08000bf4   Section        0  arm_mat_mult_f32.o(.text)
    .text                                    0x08000d30   Section        0  arm_mat_scale_f32.o(.text)
    .text                                    0x08000e00   Section        0  arm_mat_sub_f32.o(.text)
    .text                                    0x08000f08   Section        0  arm_mat_trans_f32.o(.text)
    .text                                    0x0800101c   Section        0  arm_copy_f32.o(.text)
    .text                                    0x080010a0   Section      138  rt_memcpy_v6.o(.text)
    .text                                    0x0800112a   Section        0  heapauxi.o(.text)
    .text                                    0x08001130   Section        0  _rserrno.o(.text)
    .text                                    0x08001146   Section      100  rt_memcpy_w.o(.text)
    .text                                    0x080011ac   Section        8  rt_errno_addr_intlibspace.o(.text)
    .text                                    0x080011b4   Section        0  _fptrap.o(.text)
    .text                                    0x080011e4   Section        8  libspace.o(.text)
    .text                                    0x080011ec   Section       74  sys_stackheap_outer.o(.text)
    .text                                    0x08001236   Section        0  exit.o(.text)
    .text                                    0x08001242   Section        0  defsig_fpe_outer.o(.text)
    .text                                    0x08001250   Section        0  defsig_exit.o(.text)
    .text                                    0x0800125c   Section        0  defsig_fpe_inner.o(.text)
    .text                                    0x08001308   Section        0  sys_exit.o(.text)
    .text                                    0x08001314   Section        0  defsig_general.o(.text)
    .text                                    0x08001346   Section        0  sys_wrch.o(.text)
    .text                                    0x08001354   Section        2  use_no_semi.o(.text)
    .text                                    0x08001356   Section        0  indicate_semi.o(.text)
    i.AM_DMA_Init                            0x08001358   Section        0  accel_magne.o(i.AM_DMA_Init)
    i.AM_DMA_Run                             0x08001384   Section        0  accel_magne.o(i.AM_DMA_Run)
    i.AM_EXTI_Init                           0x080013a8   Section        0  accel_magne.o(i.AM_EXTI_Init)
    i.AM_Init                                0x08001408   Section        0  accel_magne.o(i.AM_Init)
    i.AM_MultiRead                           0x08001498   Section        0  accel_magne.o(i.AM_MultiRead)
    i.AM_SingleRead                          0x08001548   Section        0  accel_magne.o(i.AM_SingleRead)
    i.AM_Write                               0x080015f8   Section        0  accel_magne.o(i.AM_Write)
    i.DMA1_Channel2_IRQHandler               0x0800166c   Section        0  gyro.o(i.DMA1_Channel2_IRQHandler)
    i.DMA1_Channel3_IRQHandler               0x08001788   Section        0  gyro.o(i.DMA1_Channel3_IRQHandler)
    i.DMA1_Channel4_IRQHandler               0x080017b0   Section        0  telemetry.o(i.DMA1_Channel4_IRQHandler)
    i.DMA1_Channel7_IRQHandler               0x080017d8   Section        0  accel_magne.o(i.DMA1_Channel7_IRQHandler)
    i.EXTI0_IRQHandler                       0x08001994   Section        0  main.o(i.EXTI0_IRQHandler)
    i.EXTI1_IRQHandler                       0x080019b8   Section        0  gyro.o(i.EXTI1_IRQHandler)
    i.EXTI4_IRQHandler                       0x080019d4   Section        0  accel_magne.o(i.EXTI4_IRQHandler)
    i.Gyro_DMA_Init                          0x080019fc   Section        0  gyro.o(i.Gyro_DMA_Init)
    i.Gyro_DMA_Run                           0x08001a3c   Section        0  gyro.o(i.Gyro_DMA_Run)
    i.Gyro_EXTI_Init                         0x08001a78   Section        0  gyro.o(i.Gyro_EXTI_Init)
    i.Gyro_Init                              0x08001ad8   Section        0  gyro.o(i.Gyro_Init)
    i.Gyro_NSS_High                          0x08001b40   Section        0  gyro.o(i.Gyro_NSS_High)
    i.Gyro_NSS_Low                           0x08001b5c   Section        0  gyro.o(i.Gyro_NSS_Low)
    i.Gyro_Read                              0x08001b7c   Section        0  gyro.o(i.Gyro_Read)
    i.Gyro_Write                             0x08001b9a   Section        0  gyro.o(i.Gyro_Write)
    i.I2C1_GPIO_Init                         0x08001bb4   Section        0  accel_magne.o(i.I2C1_GPIO_Init)
    i.I2C1_Init                              0x08001c70   Section        0  accel_magne.o(i.I2C1_Init)
    i.I2C1_SetDevice                         0x08001ca4   Section        0  accel_magne.o(i.I2C1_SetDevice)
    i.Kalman                                 0x08001cdc   Section        0  extra_math.o(i.Kalman)
    i.Mat_Adj3                               0x08001dbc   Section        0  extra_math.o(i.Mat_Adj3)
    i.Mat_Det3                               0x08001ee0   Section        0  extra_math.o(i.Mat_Det3)
    i.Mat_Tr                                 0x08001fd8   Section        0  extra_math.o(i.Mat_Tr)
    i.Message_ToByteArray                    0x0800200c   Section        0  telemetry.o(i.Message_ToByteArray)
    i.NVIC_EnableIRQ                         0x08002050   Section        0  accel_magne.o(i.NVIC_EnableIRQ)
    NVIC_EnableIRQ                           0x08002051   Thumb Code    22  accel_magne.o(i.NVIC_EnableIRQ)
    i.NVIC_EnableIRQ                         0x08002066   Section        0  gyro.o(i.NVIC_EnableIRQ)
    NVIC_EnableIRQ                           0x08002067   Thumb Code    22  gyro.o(i.NVIC_EnableIRQ)
    i.NVIC_EnableIRQ                         0x0800207c   Section        0  main.o(i.NVIC_EnableIRQ)
    NVIC_EnableIRQ                           0x0800207d   Thumb Code    22  main.o(i.NVIC_EnableIRQ)
    i.NVIC_EnableIRQ                         0x08002092   Section        0  telemetry.o(i.NVIC_EnableIRQ)
    NVIC_EnableIRQ                           0x08002093   Thumb Code    22  telemetry.o(i.NVIC_EnableIRQ)
    i.NVIC_SetPriority                       0x080020a8   Section        0  accel_magne.o(i.NVIC_SetPriority)
    NVIC_SetPriority                         0x080020a9   Thumb Code    32  accel_magne.o(i.NVIC_SetPriority)
    i.NVIC_SetPriority                       0x080020d0   Section        0  gyro.o(i.NVIC_SetPriority)
    NVIC_SetPriority                         0x080020d1   Thumb Code    32  gyro.o(i.NVIC_SetPriority)
    i.NVIC_SetPriority                       0x080020f8   Section        0  telemetry.o(i.NVIC_SetPriority)
    NVIC_SetPriority                         0x080020f9   Thumb Code    32  telemetry.o(i.NVIC_SetPriority)
    i.QUEST                                  0x08002120   Section        0  extra_math.o(i.QUEST)
    i.QUEST_Init                             0x0800244c   Section        0  extra_math.o(i.QUEST_Init)
    i.Quat_Scale                             0x080025a4   Section        0  extra_math.o(i.Quat_Scale)
    i.Quat_ToEuler                           0x080025d4   Section        0  extra_math.o(i.Quat_ToEuler)
    i.RCC_Init                               0x08002758   Section        0  main.o(i.RCC_Init)
    i.SPI1_GPIO_Init                         0x0800278c   Section        0  gyro.o(i.SPI1_GPIO_Init)
    i.SPI1_Init                              0x080028a8   Section        0  gyro.o(i.SPI1_Init)
    i.SPI1_Transfer                          0x0800291c   Section        0  gyro.o(i.SPI1_Transfer)
    i.SetSysClock                            0x08002948   Section        0  system_stm32f30x.o(i.SetSysClock)
    SetSysClock                              0x08002949   Thumb Code   188  system_stm32f30x.o(i.SetSysClock)
    i.SystemInit                             0x08002a0c   Section        0  system_stm32f30x.o(i.SystemInit)
    i.TIM2_IRQHandler                        0x08002a90   Section        0  main.o(i.TIM2_IRQHandler)
    i.TIM2_Init                              0x08002abc   Section        0  main.o(i.TIM2_Init)
    i.Telemetry_DMA_Init                     0x08002b1c   Section        0  telemetry.o(i.Telemetry_DMA_Init)
    i.Telemetry_DMA_Run                      0x08002b44   Section        0  telemetry.o(i.Telemetry_DMA_Run)
    i.Telemetry_Send                         0x08002b68   Section        0  telemetry.o(i.Telemetry_Send)
    i.USART1_IRQHandler                      0x08002b9c   Section        0  telemetry.o(i.USART1_IRQHandler)
    i.USART1_Init                            0x08002be0   Section        0  telemetry.o(i.USART1_Init)
    i.Vect_CrossProd                         0x08002cdc   Section        0  extra_math.o(i.Vect_CrossProd)
    i.Vect_Mod                               0x08002d38   Section        0  extra_math.o(i.Vect_Mod)
    i.Vect_Norm                              0x08002d78   Section        0  extra_math.o(i.Vect_Norm)
    i.__ARM_fpclassify                       0x08002d9e   Section        0  fpclassify.o(i.__ARM_fpclassify)
    i.__hardfp_asin                          0x08002dd0   Section        0  asin.o(i.__hardfp_asin)
    i.__hardfp_atan                          0x08003130   Section        0  atan.o(i.__hardfp_atan)
    i.__kernel_poly                          0x08003408   Section        0  poly.o(i.__kernel_poly)
    i.__mathlib_dbl_infnan                   0x08003500   Section        0  dunder.o(i.__mathlib_dbl_infnan)
    i.__mathlib_dbl_invalid                  0x08003518   Section        0  dunder.o(i.__mathlib_dbl_invalid)
    i.__mathlib_dbl_underflow                0x08003538   Section        0  dunder.o(i.__mathlib_dbl_underflow)
    i.arm_sqrt_f32                           0x08003558   Section        0  extra_math.o(i.arm_sqrt_f32)
    arm_sqrt_f32                             0x08003559   Thumb Code    38  extra_math.o(i.arm_sqrt_f32)
    i.f                                      0x08003584   Section        0  extra_math.o(i.f)
    i.fabs                                   0x08003648   Section        0  fabs.o(i.fabs)
    i.main                                   0x08003660   Section        0  main.o(i.main)
    i.sqrt                                   0x08003788   Section        0  sqrt_full.o(i.sqrt)
    x$fpl$basic                              0x080037f6   Section       24  basic.o(x$fpl$basic)
    $v0                                      0x080037f6   Number         0  basic.o(x$fpl$basic)
    x$fpl$d2f                                0x08003810   Section      708  d2f_clz.o(x$fpl$d2f)
    $v0                                      0x08003810   Number         0  d2f_clz.o(x$fpl$d2f)
    x$fpl$dadd                               0x08003ad4   Section      588  daddsub_clz.o(x$fpl$dadd)
    $v0                                      0x08003ad4   Number         0  daddsub_clz.o(x$fpl$dadd)
    _dadd1                                   0x08003aff   Thumb Code     0  daddsub_clz.o(x$fpl$dadd)
    dadd_zerodenorm                          0x08003c9f   Thumb Code     0  daddsub_clz.o(x$fpl$dadd)
    x$fpl$ddiv                               0x08003d20   Section      892  ddiv_clz.o(x$fpl$ddiv)
    $v0                                      0x08003d20   Number         0  ddiv_clz.o(x$fpl$ddiv)
    ddiv_entry                               0x08003d27   Thumb Code     0  ddiv_clz.o(x$fpl$ddiv)
    x$fpl$dflt                               0x0800409c   Section       46  dflt_clz.o(x$fpl$dflt)
    $v0                                      0x0800409c   Number         0  dflt_clz.o(x$fpl$dflt)
    x$fpl$dfltn                              0x080040ca   Section       26  dflt_clz.o(x$fpl$dfltn)
    $v0                                      0x080040ca   Number         0  dflt_clz.o(x$fpl$dfltn)
    x$fpl$dmul                               0x080040e4   Section      448  dmul_clz.o(x$fpl$dmul)
    $v0                                      0x080040e4   Number         0  dmul_clz.o(x$fpl$dmul)
    x$fpl$dnaninf                            0x080042a4   Section      258  dnaninf.o(x$fpl$dnaninf)
    $v0                                      0x080042a4   Number         0  dnaninf.o(x$fpl$dnaninf)
    x$fpl$drenorm                            0x080043a6   Section      112  drenorm_clz.o(x$fpl$drenorm)
    $v0                                      0x080043a6   Number         0  drenorm_clz.o(x$fpl$drenorm)
    x$fpl$dretinf                            0x08004416   Section       12  dretinf.o(x$fpl$dretinf)
    $v0                                      0x08004416   Number         0  dretinf.o(x$fpl$dretinf)
    x$fpl$drsb                               0x08004424   Section       80  daddsub_clz.o(x$fpl$drsb)
    $v0                                      0x08004424   Number         0  daddsub_clz.o(x$fpl$drsb)
    x$fpl$dsqrt                              0x08004474   Section      520  dsqrt_umaalclz.o(x$fpl$dsqrt)
    $v0                                      0x08004474   Number         0  dsqrt_umaalclz.o(x$fpl$dsqrt)
    x$fpl$dsub                               0x0800467c   Section      668  daddsub_clz.o(x$fpl$dsub)
    $v0                                      0x0800467c   Number         0  daddsub_clz.o(x$fpl$dsub)
    _dsub1                                   0x080046a7   Thumb Code     0  daddsub_clz.o(x$fpl$dsub)
    daddsub_denorm                           0x0800486b   Thumb Code     0  daddsub_clz.o(x$fpl$dsub)
    dsub_uncommon_first                      0x0800487f   Thumb Code     0  daddsub_clz.o(x$fpl$dsub)
    dsub_zerodenorm                          0x0800489d   Thumb Code     0  daddsub_clz.o(x$fpl$dsub)
    x$fpl$dunder                             0x08004918   Section      378  dunder_clz.o(x$fpl$dunder)
    $v0                                      0x08004918   Number         0  dunder_clz.o(x$fpl$dunder)
    x$fpl$exception                          0x08004a94   Section      492  except.o(x$fpl$exception)
    $v0                                      0x08004a94   Number         0  except.o(x$fpl$exception)
    x$fpl$f2d                                0x08004c80   Section      122  f2d.o(x$fpl$f2d)
    $v0                                      0x08004c80   Number         0  f2d.o(x$fpl$f2d)
    x$fpl$fnaninf                            0x08004cfa   Section      242  fnaninf.o(x$fpl$fnaninf)
    $v0                                      0x08004cfa   Number         0  fnaninf.o(x$fpl$fnaninf)
    x$fpl$fpinit                             0x08004dec   Section       10  fpinit.o(x$fpl$fpinit)
    $v0                                      0x08004dec   Number         0  fpinit.o(x$fpl$fpinit)
    x$fpl$fretinf                            0x08004df6   Section       10  fretinf.o(x$fpl$fretinf)
    $v0                                      0x08004df6   Number         0  fretinf.o(x$fpl$fretinf)
    x$fpl$funder                             0x08004e00   Section      316  funder_clz.o(x$fpl$funder)
    $v0                                      0x08004e00   Number         0  funder_clz.o(x$fpl$funder)
    x$fpl$retnan                             0x08004f3c   Section      178  retnan.o(x$fpl$retnan)
    $v0                                      0x08004f3c   Number         0  retnan.o(x$fpl$retnan)
    x$fpl$trapveneer                         0x08004fee   Section      126  trapv.o(x$fpl$trapveneer)
    $v0                                      0x08004fee   Number         0  trapv.o(x$fpl$trapveneer)
    x$fpl$usenofp                            0x0800506c   Section        0  usenofp.o(x$fpl$usenofp)
    .constdata                               0x08005070   Section       80  asin.o(.constdata)
    pS                                       0x08005070   Data          48  asin.o(.constdata)
    qS                                       0x080050a0   Data          32  asin.o(.constdata)
    .constdata                               0x080050c0   Section      152  atan.o(.constdata)
    atanhi                                   0x080050c0   Data          32  atan.o(.constdata)
    atanlo                                   0x080050e0   Data          32  atan.o(.constdata)
    aTodd                                    0x08005100   Data          40  atan.o(.constdata)
    aTeven                                   0x08005128   Data          48  atan.o(.constdata)
    .data                                    0x20000000   Section      165  accel_magne.o(.data)
    .data                                    0x200000a6   Section       31  gyro.o(.data)
    .data                                    0x200000c5   Section        2  main.o(.data)
    .data                                    0x200000c8   Section     1512  extra_math.o(.data)
    .data                                    0x200006b0   Section        5  telemetry.o(.data)
    .bss                                     0x200006b8   Section       48  accel_magne.o(.bss)
    .bss                                     0x200006e8   Section       12  gyro.o(.bss)
    .bss                                     0x200006f4   Section       28  main.o(.bss)
    .bss                                     0x20000710   Section     1428  extra_math.o(.bss)
    .bss                                     0x20000ca4   Section      164  telemetry.o(.bss)
    .bss                                     0x20000d48   Section       96  libspace.o(.bss)
    HEAP                                     0x20000da8   Section      512  startup_stm32f303xc.o(HEAP)
    Heap_Mem                                 0x20000da8   Data         512  startup_stm32f303xc.o(HEAP)
    STACK                                    0x20000fa8   Section     1024  startup_stm32f303xc.o(STACK)
    Stack_Mem                                0x20000fa8   Data        1024  startup_stm32f303xc.o(STACK)
    __initial_sp                             0x200013a8   Data           0  startup_stm32f303xc.o(STACK)

    Global Symbols

    Symbol Name                              Value     Ov Type        Size  Object(Section)

    BuildAttributes$$THM_ISAv4$E$P$D$K$B$S$7EM$VFPi3$EXTD16$VFPS$VFMA$PE$A:L22UL41UL21$X:L11$S22US41US21$IEEE1$IW$USESV6$~STKCKD$USESV7$~SHL$OTIME$ROPI$IEEEX$EBA8$UX$STANDARDLIB$REQ8$PRES8$EABIv2 0x00000000   Number         0  anon$$obj.o ABSOLUTE
    __ARM_use_no_argv                        0x00000000   Number         0  main.o ABSOLUTE
    __ARM_exceptions_init                     - Undefined Weak Reference
    __alloca_initialize                       - Undefined Weak Reference
    __arm_preinit_                            - Undefined Weak Reference
    __cpp_initialize__aeabi_                  - Undefined Weak Reference
    __cxa_finalize                            - Undefined Weak Reference
    __rt_locale                               - Undefined Weak Reference
    __sigvec_lookup                           - Undefined Weak Reference
    _atexit_init                              - Undefined Weak Reference
    _call_atexit_fns                          - Undefined Weak Reference
    _clock_init                               - Undefined Weak Reference
    _fp_trap_big                              - Undefined Weak Reference
    _fp_trap_init                             - Undefined Weak Reference
    _fp_trap_shutdown                         - Undefined Weak Reference
    _get_lc_collate                           - Undefined Weak Reference
    _get_lc_ctype                             - Undefined Weak Reference
    _get_lc_monetary                          - Undefined Weak Reference
    _get_lc_numeric                           - Undefined Weak Reference
    _get_lc_time                              - Undefined Weak Reference
    _getenv_init                              - Undefined Weak Reference
    _handle_redirection                       - Undefined Weak Reference
    _init_alloc                               - Undefined Weak Reference
    _init_user_alloc                          - Undefined Weak Reference
    _initio                                   - Undefined Weak Reference
    _rand_init                                - Undefined Weak Reference
    _signal_finish                            - Undefined Weak Reference
    _signal_init                              - Undefined Weak Reference
    _terminate_alloc                          - Undefined Weak Reference
    _terminate_user_alloc                     - Undefined Weak Reference
    _terminateio                              - Undefined Weak Reference
    __Vectors_Size                           0x00000188   Number         0  startup_stm32f303xc.o ABSOLUTE
    __Vectors                                0x08000000   Data           4  startup_stm32f303xc.o(RESET)
    __Vectors_End                            0x08000188   Data           0  startup_stm32f303xc.o(RESET)
    __main                                   0x08000189   Thumb Code     8  __main.o(!!!main)
    __scatterload                            0x08000191   Thumb Code     0  __scatter.o(!!!scatter)
    __scatterload_rt2                        0x08000191   Thumb Code    44  __scatter.o(!!!scatter)
    __scatterload_rt2_thumb_only             0x08000191   Thumb Code     0  __scatter.o(!!!scatter)
    __scatterload_null                       0x0800019f   Thumb Code     0  __scatter.o(!!!scatter)
    __decompress                             0x080001c5   Thumb Code    90  __dczerorl2.o(!!dczerorl2)
    __decompress1                            0x080001c5   Thumb Code     0  __dczerorl2.o(!!dczerorl2)
    __scatterload_zeroinit                   0x08000221   Thumb Code    28  __scatter_zi.o(!!handler_zi)
    __rt_lib_init                            0x0800023d   Thumb Code     0  libinit.o(.ARM.Collect$$libinit$$00000000)
    __rt_lib_init_fp_1                       0x0800023f   Thumb Code     0  libinit2.o(.ARM.Collect$$libinit$$00000001)
    __rt_lib_init_alloca_1                   0x08000243   Thumb Code     0  libinit2.o(.ARM.Collect$$libinit$$0000002E)
    __rt_lib_init_argv_1                     0x08000243   Thumb Code     0  libinit2.o(.ARM.Collect$$libinit$$0000002C)
    __rt_lib_init_atexit_1                   0x08000243   Thumb Code     0  libinit2.o(.ARM.Collect$$libinit$$0000001B)
    __rt_lib_init_clock_1                    0x08000243   Thumb Code     0  libinit2.o(.ARM.Collect$$libinit$$00000021)
    __rt_lib_init_cpp_1                      0x08000243   Thumb Code     0  libinit2.o(.ARM.Collect$$libinit$$00000032)
    __rt_lib_init_exceptions_1               0x08000243   Thumb Code     0  libinit2.o(.ARM.Collect$$libinit$$00000030)
    __rt_lib_init_fp_trap_1                  0x08000243   Thumb Code     0  libinit2.o(.ARM.Collect$$libinit$$0000001F)
    __rt_lib_init_getenv_1                   0x08000243   Thumb Code     0  libinit2.o(.ARM.Collect$$libinit$$00000023)
    __rt_lib_init_heap_1                     0x08000243   Thumb Code     0  libinit2.o(.ARM.Collect$$libinit$$0000000A)
    __rt_lib_init_lc_collate_1               0x08000243   Thumb Code     0  libinit2.o(.ARM.Collect$$libinit$$00000011)
    __rt_lib_init_lc_ctype_1                 0x08000243   Thumb Code     0  libinit2.o(.ARM.Collect$$libinit$$00000013)
    __rt_lib_init_lc_monetary_1              0x08000243   Thumb Code     0  libinit2.o(.ARM.Collect$$libinit$$00000015)
    __rt_lib_init_lc_numeric_1               0x08000243   Thumb Code     0  libinit2.o(.ARM.Collect$$libinit$$00000017)
    __rt_lib_init_lc_time_1                  0x08000243   Thumb Code     0  libinit2.o(.ARM.Collect$$libinit$$00000019)
    __rt_lib_init_preinit_1                  0x08000243   Thumb Code     0  libinit2.o(.ARM.Collect$$libinit$$00000004)
    __rt_lib_init_rand_1                     0x08000243   Thumb Code     0  libinit2.o(.ARM.Collect$$libinit$$0000000E)
    __rt_lib_init_return                     0x08000243   Thumb Code     0  libinit2.o(.ARM.Collect$$libinit$$00000033)
    __rt_lib_init_signal_1                   0x08000243   Thumb Code     0  libinit2.o(.ARM.Collect$$libinit$$0000001D)
    __rt_lib_init_stdio_1                    0x08000243   Thumb Code     0  libinit2.o(.ARM.Collect$$libinit$$00000025)
    __rt_lib_init_user_alloc_1               0x08000243   Thumb Code     0  libinit2.o(.ARM.Collect$$libinit$$0000000C)
    __rt_lib_shutdown                        0x08000245   Thumb Code     0  libshutdown.o(.ARM.Collect$$libshutdown$$00000000)
    __rt_lib_shutdown_fp_trap_1              0x08000247   Thumb Code     0  libshutdown2.o(.ARM.Collect$$libshutdown$$00000006)
    __rt_lib_shutdown_heap_1                 0x08000247   Thumb Code     0  libshutdown2.o(.ARM.Collect$$libshutdown$$0000000E)
    __rt_lib_shutdown_return                 0x08000247   Thumb Code     0  libshutdown2.o(.ARM.Collect$$libshutdown$$0000000F)
    __rt_lib_shutdown_signal_1               0x08000247   Thumb Code     0  libshutdown2.o(.ARM.Collect$$libshutdown$$00000009)
    __rt_lib_shutdown_stdio_1                0x08000247   Thumb Code     0  libshutdown2.o(.ARM.Collect$$libshutdown$$00000003)
    __rt_lib_shutdown_user_alloc_1           0x08000247   Thumb Code     0  libshutdown2.o(.ARM.Collect$$libshutdown$$0000000B)
    __rt_entry                               0x08000249   Thumb Code     0  __rtentry.o(.ARM.Collect$$rtentry$$00000000)
    __rt_entry_presh_1                       0x08000249   Thumb Code     0  __rtentry2.o(.ARM.Collect$$rtentry$$00000002)
    __rt_entry_sh                            0x08000249   Thumb Code     0  __rtentry4.o(.ARM.Collect$$rtentry$$00000004)
    __rt_entry_li                            0x0800024f   Thumb Code     0  __rtentry2.o(.ARM.Collect$$rtentry$$0000000A)
    __rt_entry_postsh_1                      0x0800024f   Thumb Code     0  __rtentry2.o(.ARM.Collect$$rtentry$$00000009)
    __rt_entry_main                          0x08000253   Thumb Code     0  __rtentry2.o(.ARM.Collect$$rtentry$$0000000D)
    __rt_entry_postli_1                      0x08000253   Thumb Code     0  __rtentry2.o(.ARM.Collect$$rtentry$$0000000C)
    __rt_exit                                0x0800025b   Thumb Code     0  rtexit.o(.ARM.Collect$$rtexit$$00000000)
    __rt_exit_ls                             0x0800025d   Thumb Code     0  rtexit2.o(.ARM.Collect$$rtexit$$00000003)
    __rt_exit_prels_1                        0x0800025d   Thumb Code     0  rtexit2.o(.ARM.Collect$$rtexit$$00000002)
    __rt_exit_exit                           0x08000261   Thumb Code     0  rtexit2.o(.ARM.Collect$$rtexit$$00000004)
    Reset_Handler                            0x08000269   Thumb Code     8  startup_stm32f303xc.o(.text)
    NMI_Handler                              0x08000271   Thumb Code     2  startup_stm32f303xc.o(.text)
    HardFault_Handler                        0x08000273   Thumb Code     2  startup_stm32f303xc.o(.text)
    MemManage_Handler                        0x08000275   Thumb Code     2  startup_stm32f303xc.o(.text)
    BusFault_Handler                         0x08000277   Thumb Code     2  startup_stm32f303xc.o(.text)
    UsageFault_Handler                       0x08000279   Thumb Code     2  startup_stm32f303xc.o(.text)
    SVC_Handler                              0x0800027b   Thumb Code     2  startup_stm32f303xc.o(.text)
    DebugMon_Handler                         0x0800027d   Thumb Code     2  startup_stm32f303xc.o(.text)
    PendSV_Handler                           0x0800027f   Thumb Code     2  startup_stm32f303xc.o(.text)
    SysTick_Handler                          0x08000281   Thumb Code     2  startup_stm32f303xc.o(.text)
    ADC1_2_IRQHandler                        0x08000283   Thumb Code     0  startup_stm32f303xc.o(.text)
    ADC3_IRQHandler                          0x08000283   Thumb Code     0  startup_stm32f303xc.o(.text)
    ADC4_IRQHandler                          0x08000283   Thumb Code     0  startup_stm32f303xc.o(.text)
    CAN1_RX1_IRQHandler                      0x08000283   Thumb Code     0  startup_stm32f303xc.o(.text)
    CAN1_SCE_IRQHandler                      0x08000283   Thumb Code     0  startup_stm32f303xc.o(.text)
    COMP1_2_3_IRQHandler                     0x08000283   Thumb Code     0  startup_stm32f303xc.o(.text)
    COMP4_5_6_IRQHandler                     0x08000283   Thumb Code     0  startup_stm32f303xc.o(.text)
    COMP7_IRQHandler                         0x08000283   Thumb Code     0  startup_stm32f303xc.o(.text)
    DMA1_Channel1_IRQHandler                 0x08000283   Thumb Code     0  startup_stm32f303xc.o(.text)
    DMA1_Channel5_IRQHandler                 0x08000283   Thumb Code     0  startup_stm32f303xc.o(.text)
    DMA1_Channel6_IRQHandler                 0x08000283   Thumb Code     0  startup_stm32f303xc.o(.text)
    DMA2_Channel1_IRQHandler                 0x08000283   Thumb Code     0  startup_stm32f303xc.o(.text)
    DMA2_Channel2_IRQHandler                 0x08000283   Thumb Code     0  startup_stm32f303xc.o(.text)
    DMA2_Channel3_IRQHandler                 0x08000283   Thumb Code     0  startup_stm32f303xc.o(.text)
    DMA2_Channel4_IRQHandler                 0x08000283   Thumb Code     0  startup_stm32f303xc.o(.text)
    DMA2_Channel5_IRQHandler                 0x08000283   Thumb Code     0  startup_stm32f303xc.o(.text)
    EXTI15_10_IRQHandler                     0x08000283   Thumb Code     0  startup_stm32f303xc.o(.text)
    EXTI2_TS_IRQHandler                      0x08000283   Thumb Code     0  startup_stm32f303xc.o(.text)
    EXTI3_IRQHandler                         0x08000283   Thumb Code     0  startup_stm32f303xc.o(.text)
    EXTI9_5_IRQHandler                       0x08000283   Thumb Code     0  startup_stm32f303xc.o(.text)
    FLASH_IRQHandler                         0x08000283   Thumb Code     0  startup_stm32f303xc.o(.text)
    FPU_IRQHandler                           0x08000283   Thumb Code     0  startup_stm32f303xc.o(.text)
    I2C1_ER_IRQHandler                       0x08000283   Thumb Code     0  startup_stm32f303xc.o(.text)
    I2C1_EV_IRQHandler                       0x08000283   Thumb Code     0  startup_stm32f303xc.o(.text)
    I2C2_ER_IRQHandler                       0x08000283   Thumb Code     0  startup_stm32f303xc.o(.text)
    I2C2_EV_IRQHandler                       0x08000283   Thumb Code     0  startup_stm32f303xc.o(.text)
    PVD_IRQHandler                           0x08000283   Thumb Code     0  startup_stm32f303xc.o(.text)
    RCC_IRQHandler                           0x08000283   Thumb Code     0  startup_stm32f303xc.o(.text)
    RTC_Alarm_IRQHandler                     0x08000283   Thumb Code     0  startup_stm32f303xc.o(.text)
    RTC_WKUP_IRQHandler                      0x08000283   Thumb Code     0  startup_stm32f303xc.o(.text)
    SPI1_IRQHandler                          0x08000283   Thumb Code     0  startup_stm32f303xc.o(.text)
    SPI2_IRQHandler                          0x08000283   Thumb Code     0  startup_stm32f303xc.o(.text)
    SPI3_IRQHandler                          0x08000283   Thumb Code     0  startup_stm32f303xc.o(.text)
    TAMPER_STAMP_IRQHandler                  0x08000283   Thumb Code     0  startup_stm32f303xc.o(.text)
    TIM1_BRK_TIM15_IRQHandler                0x08000283   Thumb Code     0  startup_stm32f303xc.o(.text)
    TIM1_CC_IRQHandler                       0x08000283   Thumb Code     0  startup_stm32f303xc.o(.text)
    TIM1_TRG_COM_TIM17_IRQHandler            0x08000283   Thumb Code     0  startup_stm32f303xc.o(.text)
    TIM1_UP_TIM16_IRQHandler                 0x08000283   Thumb Code     0  startup_stm32f303xc.o(.text)
    TIM3_IRQHandler                          0x08000283   Thumb Code     0  startup_stm32f303xc.o(.text)
    TIM4_IRQHandler                          0x08000283   Thumb Code     0  startup_stm32f303xc.o(.text)
    TIM6_DAC_IRQHandler                      0x08000283   Thumb Code     0  startup_stm32f303xc.o(.text)
    TIM7_IRQHandler                          0x08000283   Thumb Code     0  startup_stm32f303xc.o(.text)
    TIM8_BRK_IRQHandler                      0x08000283   Thumb Code     0  startup_stm32f303xc.o(.text)
    TIM8_CC_IRQHandler                       0x08000283   Thumb Code     0  startup_stm32f303xc.o(.text)
    TIM8_TRG_COM_IRQHandler                  0x08000283   Thumb Code     0  startup_stm32f303xc.o(.text)
    TIM8_UP_IRQHandler                       0x08000283   Thumb Code     0  startup_stm32f303xc.o(.text)
    UART4_IRQHandler                         0x08000283   Thumb Code     0  startup_stm32f303xc.o(.text)
    UART5_IRQHandler                         0x08000283   Thumb Code     0  startup_stm32f303xc.o(.text)
    USART2_IRQHandler                        0x08000283   Thumb Code     0  startup_stm32f303xc.o(.text)
    USART3_IRQHandler                        0x08000283   Thumb Code     0  startup_stm32f303xc.o(.text)
    USBWakeUp_IRQHandler                     0x08000283   Thumb Code     0  startup_stm32f303xc.o(.text)
    USBWakeUp_RMP_IRQHandler                 0x08000283   Thumb Code     0  startup_stm32f303xc.o(.text)
    USB_HP_CAN1_TX_IRQHandler                0x08000283   Thumb Code     0  startup_stm32f303xc.o(.text)
    USB_HP_IRQHandler                        0x08000283   Thumb Code     0  startup_stm32f303xc.o(.text)
    USB_LP_CAN1_RX0_IRQHandler               0x08000283   Thumb Code     0  startup_stm32f303xc.o(.text)
    USB_LP_IRQHandler                        0x08000283   Thumb Code     0  startup_stm32f303xc.o(.text)
    WWDG_IRQHandler                          0x08000283   Thumb Code     0  startup_stm32f303xc.o(.text)
    __user_initial_stackheap                 0x08000285   Thumb Code     0  startup_stm32f303xc.o(.text)
    arm_add_f32                              0x080002a9   Thumb Code   210  arm_add_f32.o(.text)
    arm_dot_prod_f32                         0x0800037d   Thumb Code   256  arm_dot_prod_f32.o(.text)
    arm_scale_f32                            0x08000481   Thumb Code   152  arm_scale_f32.o(.text)
    arm_sub_f32                              0x08000519   Thumb Code   210  arm_sub_f32.o(.text)
    arm_mat_add_f32                          0x080005eb   Thumb Code   264  arm_mat_add_f32.o(.text)
    arm_mat_init_f32                         0x080006f3   Thumb Code     8  arm_mat_init_f32.o(.text)
    arm_mat_inverse_f32                      0x080006fd   Thumb Code  1272  arm_mat_inverse_f32.o(.text)
    arm_mat_mult_f32                         0x08000bf5   Thumb Code   312  arm_mat_mult_f32.o(.text)
    arm_mat_scale_f32                        0x08000d31   Thumb Code   208  arm_mat_scale_f32.o(.text)
    arm_mat_sub_f32                          0x08000e01   Thumb Code   264  arm_mat_sub_f32.o(.text)
    arm_mat_trans_f32                        0x08000f09   Thumb Code   276  arm_mat_trans_f32.o(.text)
    arm_copy_f32                             0x0800101d   Thumb Code   132  arm_copy_f32.o(.text)
    __aeabi_memcpy                           0x080010a1   Thumb Code     0  rt_memcpy_v6.o(.text)
    __rt_memcpy                              0x080010a1   Thumb Code   138  rt_memcpy_v6.o(.text)
    _memcpy_lastbytes                        0x08001107   Thumb Code     0  rt_memcpy_v6.o(.text)
    __use_two_region_memory                  0x0800112b   Thumb Code     2  heapauxi.o(.text)
    __rt_heap_escrow$2region                 0x0800112d   Thumb Code     2  heapauxi.o(.text)
    __rt_heap_expand$2region                 0x0800112f   Thumb Code     2  heapauxi.o(.text)
    __read_errno                             0x08001131   Thumb Code    10  _rserrno.o(.text)
    __set_errno                              0x0800113b   Thumb Code    12  _rserrno.o(.text)
    __aeabi_memcpy4                          0x08001147   Thumb Code     0  rt_memcpy_w.o(.text)
    __aeabi_memcpy8                          0x08001147   Thumb Code     0  rt_memcpy_w.o(.text)
    __rt_memcpy_w                            0x08001147   Thumb Code   100  rt_memcpy_w.o(.text)
    _memcpy_lastbytes_aligned                0x0800118f   Thumb Code     0  rt_memcpy_w.o(.text)
    __aeabi_errno_addr                       0x080011ad   Thumb Code     8  rt_errno_addr_intlibspace.o(.text)
    __errno$intlibspace                      0x080011ad   Thumb Code     0  rt_errno_addr_intlibspace.o(.text)
    __rt_errno_addr$intlibspace              0x080011ad   Thumb Code     0  rt_errno_addr_intlibspace.o(.text)
    _fp_trap                                 0x080011b5   Thumb Code    44  _fptrap.o(.text)
    __user_libspace                          0x080011e5   Thumb Code     8  libspace.o(.text)
    __user_perproc_libspace                  0x080011e5   Thumb Code     0  libspace.o(.text)
    __user_perthread_libspace                0x080011e5   Thumb Code     0  libspace.o(.text)
    __user_setup_stackheap                   0x080011ed   Thumb Code    74  sys_stackheap_outer.o(.text)
    exit                                     0x08001237   Thumb Code    12  exit.o(.text)
    __rt_SIGFPE                              0x08001243   Thumb Code    14  defsig_fpe_outer.o(.text)
    __sig_exit                               0x08001251   Thumb Code    10  defsig_exit.o(.text)
    __rt_SIGFPE_inner                        0x0800125d   Thumb Code    62  defsig_fpe_inner.o(.text)
    _sys_exit                                0x08001309   Thumb Code     8  sys_exit.o(.text)
    __default_signal_display                 0x08001315   Thumb Code    50  defsig_general.o(.text)
    _ttywrch                                 0x08001347   Thumb Code    14  sys_wrch.o(.text)
    __I$use$semihosting                      0x08001355   Thumb Code     0  use_no_semi.o(.text)
    __use_no_semihosting_swi                 0x08001355   Thumb Code     2  use_no_semi.o(.text)
    __semihosting_library_function           0x08001357   Thumb Code     0  indicate_semi.o(.text)
    AM_DMA_Init                              0x08001359   Thumb Code    36  accel_magne.o(i.AM_DMA_Init)
    AM_DMA_Run                               0x08001385   Thumb Code    30  accel_magne.o(i.AM_DMA_Run)
    AM_EXTI_Init                             0x080013a9   Thumb Code    78  accel_magne.o(i.AM_EXTI_Init)
    AM_Init                                  0x08001409   Thumb Code   134  accel_magne.o(i.AM_Init)
    AM_MultiRead                             0x08001499   Thumb Code   172  accel_magne.o(i.AM_MultiRead)
    AM_SingleRead                            0x08001549   Thumb Code   170  accel_magne.o(i.AM_SingleRead)
    AM_Write                                 0x080015f9   Thumb Code   112  accel_magne.o(i.AM_Write)
    DMA1_Channel2_IRQHandler                 0x0800166d   Thumb Code   240  gyro.o(i.DMA1_Channel2_IRQHandler)
    DMA1_Channel3_IRQHandler                 0x08001789   Thumb Code    34  gyro.o(i.DMA1_Channel3_IRQHandler)
    DMA1_Channel4_IRQHandler                 0x080017b1   Thumb Code    34  telemetry.o(i.DMA1_Channel4_IRQHandler)
    DMA1_Channel7_IRQHandler                 0x080017d9   Thumb Code   364  accel_magne.o(i.DMA1_Channel7_IRQHandler)
    EXTI0_IRQHandler                         0x08001995   Thumb Code    26  main.o(i.EXTI0_IRQHandler)
    EXTI1_IRQHandler                         0x080019b9   Thumb Code    24  gyro.o(i.EXTI1_IRQHandler)
    EXTI4_IRQHandler                         0x080019d5   Thumb Code    32  accel_magne.o(i.EXTI4_IRQHandler)
    Gyro_DMA_Init                            0x080019fd   Thumb Code    54  gyro.o(i.Gyro_DMA_Init)
    Gyro_DMA_Run                             0x08001a3d   Thumb Code    46  gyro.o(i.Gyro_DMA_Run)
    Gyro_EXTI_Init                           0x08001a79   Thumb Code    78  gyro.o(i.Gyro_EXTI_Init)
    Gyro_Init                                0x08001ad9   Thumb Code    98  gyro.o(i.Gyro_Init)
    Gyro_NSS_High                            0x08001b41   Thumb Code    20  gyro.o(i.Gyro_NSS_High)
    Gyro_NSS_Low                             0x08001b5d   Thumb Code    22  gyro.o(i.Gyro_NSS_Low)
    Gyro_Read                                0x08001b7d   Thumb Code    30  gyro.o(i.Gyro_Read)
    Gyro_Write                               0x08001b9b   Thumb Code    24  gyro.o(i.Gyro_Write)
    I2C1_GPIO_Init                           0x08001bb5   Thumb Code   174  accel_magne.o(i.I2C1_GPIO_Init)
    I2C1_Init                                0x08001c71   Thumb Code    42  accel_magne.o(i.I2C1_Init)
    I2C1_SetDevice                           0x08001ca5   Thumb Code    52  accel_magne.o(i.I2C1_SetDevice)
    Kalman                                   0x08001cdd   Thumb Code   150  extra_math.o(i.Kalman)
    Mat_Adj3                                 0x08001dbd   Thumb Code   290  extra_math.o(i.Mat_Adj3)
    Mat_Det3                                 0x08001ee1   Thumb Code   244  extra_math.o(i.Mat_Det3)
    Mat_Tr                                   0x08001fd9   Thumb Code    48  extra_math.o(i.Mat_Tr)
    Message_ToByteArray                      0x0800200d   Thumb Code    64  telemetry.o(i.Message_ToByteArray)
    QUEST                                    0x08002121   Thumb Code   708  extra_math.o(i.QUEST)
    QUEST_Init                               0x0800244d   Thumb Code   208  extra_math.o(i.QUEST_Init)
    Quat_Scale                               0x080025a5   Thumb Code    48  extra_math.o(i.Quat_Scale)
    Quat_ToEuler                             0x080025d5   Thumb Code   380  extra_math.o(i.Quat_ToEuler)
    RCC_Init                                 0x08002759   Thumb Code    40  main.o(i.RCC_Init)
    SPI1_GPIO_Init                           0x0800278d   Thumb Code   264  gyro.o(i.SPI1_GPIO_Init)
    SPI1_Init                                0x080028a9   Thumb Code   110  gyro.o(i.SPI1_Init)
    SPI1_Transfer                            0x0800291d   Thumb Code    40  gyro.o(i.SPI1_Transfer)
    SystemInit                               0x08002a0d   Thumb Code   112  system_stm32f30x.o(i.SystemInit)
    TIM2_IRQHandler                          0x08002a91   Thumb Code    38  main.o(i.TIM2_IRQHandler)
    TIM2_Init                                0x08002abd   Thumb Code    86  main.o(i.TIM2_Init)
    Telemetry_DMA_Init                       0x08002b1d   Thumb Code    30  telemetry.o(i.Telemetry_DMA_Init)
    Telemetry_DMA_Run                        0x08002b45   Thumb Code    24  telemetry.o(i.Telemetry_DMA_Run)
    Telemetry_Send                           0x08002b69   Thumb Code    34  telemetry.o(i.Telemetry_Send)
    USART1_IRQHandler                        0x08002b9d   Thumb Code    54  telemetry.o(i.USART1_IRQHandler)
    USART1_Init                              0x08002be1   Thumb Code   240  telemetry.o(i.USART1_Init)
    Vect_CrossProd                           0x08002cdd   Thumb Code    90  extra_math.o(i.Vect_CrossProd)
    Vect_Mod                                 0x08002d39   Thumb Code    60  extra_math.o(i.Vect_Mod)
    Vect_Norm                                0x08002d79   Thumb Code    38  extra_math.o(i.Vect_Norm)
    __ARM_fpclassify                         0x08002d9f   Thumb Code    48  fpclassify.o(i.__ARM_fpclassify)
    __hardfp_asin                            0x08002dd1   Thumb Code   770  asin.o(i.__hardfp_asin)
    __hardfp_atan                            0x08003131   Thumb Code   622  atan.o(i.__hardfp_atan)
    __kernel_poly                            0x08003409   Thumb Code   248  poly.o(i.__kernel_poly)
    __mathlib_dbl_infnan                     0x08003501   Thumb Code    20  dunder.o(i.__mathlib_dbl_infnan)
    __mathlib_dbl_invalid                    0x08003519   Thumb Code    24  dunder.o(i.__mathlib_dbl_invalid)
    __mathlib_dbl_underflow                  0x08003539   Thumb Code    24  dunder.o(i.__mathlib_dbl_underflow)
    f                                        0x08003585   Thumb Code   190  extra_math.o(i.f)
    fabs                                     0x08003649   Thumb Code    24  fabs.o(i.fabs)
    main                                     0x08003661   Thumb Code   250  main.o(i.main)
    sqrt                                     0x08003789   Thumb Code   110  sqrt_full.o(i.sqrt)
    __aeabi_dneg                             0x080037f7   Thumb Code     0  basic.o(x$fpl$basic)
    _dneg                                    0x080037f7   Thumb Code     6  basic.o(x$fpl$basic)
    __aeabi_fneg                             0x080037fd   Thumb Code     0  basic.o(x$fpl$basic)
    _fneg                                    0x080037fd   Thumb Code     6  basic.o(x$fpl$basic)
    _dabs                                    0x08003803   Thumb Code     6  basic.o(x$fpl$basic)
    _fabs                                    0x08003809   Thumb Code     6  basic.o(x$fpl$basic)
    __aeabi_d2f                              0x08003811   Thumb Code     0  d2f_clz.o(x$fpl$d2f)
    _d2f                                     0x08003811   Thumb Code   700  d2f_clz.o(x$fpl$d2f)
    __aeabi_dadd                             0x08003ad5   Thumb Code     0  daddsub_clz.o(x$fpl$dadd)
    _dadd                                    0x08003ad5   Thumb Code   580  daddsub_clz.o(x$fpl$dadd)
    __aeabi_ddiv                             0x08003d21   Thumb Code     0  ddiv_clz.o(x$fpl$ddiv)
    _ddiv                                    0x08003d21   Thumb Code   748  ddiv_clz.o(x$fpl$ddiv)
    __aeabi_i2d                              0x0800409d   Thumb Code     0  dflt_clz.o(x$fpl$dflt)
    _dflt                                    0x0800409d   Thumb Code    46  dflt_clz.o(x$fpl$dflt)
    __dflt_normalise                         0x080040cb   Thumb Code    26  dflt_clz.o(x$fpl$dfltn)
    __aeabi_dmul                             0x080040e5   Thumb Code     0  dmul_clz.o(x$fpl$dmul)
    _dmul                                    0x080040e5   Thumb Code   440  dmul_clz.o(x$fpl$dmul)
    __fpl_dnaninf                            0x080042a5   Thumb Code   258  dnaninf.o(x$fpl$dnaninf)
    __fpl_drenorm2                           0x080043a7   Thumb Code   106  drenorm_clz.o(x$fpl$drenorm)
    __fpl_drenorm1                           0x08004411   Thumb Code     6  drenorm_clz.o(x$fpl$drenorm)
    __fpl_dretinf                            0x08004417   Thumb Code    12  dretinf.o(x$fpl$dretinf)
    __aeabi_drsub                            0x08004425   Thumb Code     0  daddsub_clz.o(x$fpl$drsb)
    _drsb                                    0x08004425   Thumb Code    74  daddsub_clz.o(x$fpl$drsb)
    _dsqrt                                   0x08004475   Thumb Code   520  dsqrt_umaalclz.o(x$fpl$dsqrt)
    __aeabi_dsub                             0x0800467d   Thumb Code     0  daddsub_clz.o(x$fpl$dsub)
    _dsub                                    0x0800467d   Thumb Code   664  daddsub_clz.o(x$fpl$dsub)
    __dunder                                 0x08004919   Thumb Code   314  dunder_clz.o(x$fpl$dunder)
    __dunder_d                               0x08004a53   Thumb Code    64  dunder_clz.o(x$fpl$dunder)
    __fpl_exception                          0x08004a95   Thumb Code   454  except.o(x$fpl$exception)
    __aeabi_f2d                              0x08004c81   Thumb Code     0  f2d.o(x$fpl$f2d)
    _f2d                                     0x08004c81   Thumb Code   122  f2d.o(x$fpl$f2d)
    __fpl_fnaninf                            0x08004cfb   Thumb Code   242  fnaninf.o(x$fpl$fnaninf)
    _fp_init                                 0x08004ded   Thumb Code    10  fpinit.o(x$fpl$fpinit)
    __fplib_config_fpu_vfp                   0x08004df5   Thumb Code     0  fpinit.o(x$fpl$fpinit)
    __fplib_config_pureend_doubles           0x08004df5   Thumb Code     0  fpinit.o(x$fpl$fpinit)
    __fpl_fretinf                            0x08004df7   Thumb Code    10  fretinf.o(x$fpl$fretinf)
    __funder                                 0x08004e01   Thumb Code   254  funder_clz.o(x$fpl$funder)
    __funder_d                               0x08004eff   Thumb Code    62  funder_clz.o(x$fpl$funder)
    __fpl_return_NaN                         0x08004f3d   Thumb Code   178  retnan.o(x$fpl$retnan)
    _fp_trapveneer                           0x08004fef   Thumb Code    36  trapv.o(x$fpl$trapveneer)
    __fpl_cmpreturn                          0x08005013   Thumb Code    90  trapv.o(x$fpl$trapveneer)
    __I$use$fp                               0x0800506c   Number         0  usenofp.o(x$fpl$usenofp)
    Region$$Table$$Base                      0x08005158   Number         0  anon$$obj.o(Region$$Table)
    Region$$Table$$Limit                     0x08005178   Number         0  anon$$obj.o(Region$$Table)
    I2C1_SCL                                 0x20000000   Data           1  accel_magne.o(.data)
    I2C1_SDA                                 0x20000001   Data           1  accel_magne.o(.data)
    AM_INT1                                  0x20000002   Data           1  accel_magne.o(.data)
    AM_INT2                                  0x20000003   Data           1  accel_magne.o(.data)
    AM_DRDY                                  0x20000004   Data           1  accel_magne.o(.data)
    accel_data                               0x20000005   Data           7  accel_magne.o(.data)
    mag_data                                 0x2000000c   Data           6  accel_magne.o(.data)
    meas1                                    0x20000012   Data           1  accel_magne.o(.data)
    process                                  0x20000013   Data           1  accel_magne.o(.data)
    accel_trans_matrix_data                  0x20000014   Data          36  accel_magne.o(.data)
    accel_bias                               0x20000038   Data          12  accel_magne.o(.data)
    accel_trans_matrix                       0x20000044   Data           8  accel_magne.o(.data)
    non_calibr_accel                         0x2000004c   Data           8  accel_magne.o(.data)
    accel_mat                                0x20000054   Data           8  accel_magne.o(.data)
    mag_trans_matrix_data                    0x2000005c   Data          36  accel_magne.o(.data)
    mag_bias                                 0x20000080   Data          12  accel_magne.o(.data)
    mag_trans_matrix                         0x2000008c   Data           8  accel_magne.o(.data)
    non_calibr_mag                           0x20000094   Data           8  accel_magne.o(.data)
    magField_mat                             0x2000009c   Data           8  accel_magne.o(.data)
    am_test                                  0x200000a4   Data           1  accel_magne.o(.data)
    SPI1_SCK                                 0x200000a6   Data           1  gyro.o(.data)
    SPI1_MOSI                                0x200000a7   Data           1  gyro.o(.data)
    SPI1_MISO                                0x200000a8   Data           1  gyro.o(.data)
    GYRO_NSS                                 0x200000a9   Data           1  gyro.o(.data)
    GYRO_INT1                                0x200000aa   Data           1  gyro.o(.data)
    GYRO_INT2                                0x200000ab   Data           1  gyro.o(.data)
    gyro_data                                0x200000ac   Data           7  gyro.o(.data)
    gyro_dma_tx                              0x200000b4   Data           8  gyro.o(.data)
    gyro_dma_rx                              0x200000bc   Data           8  gyro.o(.data)
    gyro_test                                0x200000c4   Data           1  gyro.o(.data)
    Message_Size                             0x200000c5   Data           1  main.o(.data)
    BUTTON_PIN                               0x200000c6   Data           1  main.o(.data)
    a1                                       0x200000c8   Data           4  extra_math.o(.data)
    a2                                       0x200000cc   Data           4  extra_math.o(.data)
    i_data                                   0x200000d0   Data          36  extra_math.o(.data)
    v1_mat                                   0x200000f4   Data           8  extra_math.o(.data)
    v2_mat                                   0x200000fc   Data           8  extra_math.o(.data)
    w1_mat                                   0x20000104   Data           8  extra_math.o(.data)
    w2_mat                                   0x2000010c   Data           8  extra_math.o(.data)
    v1_t_mat                                 0x20000114   Data           8  extra_math.o(.data)
    v2_t_mat                                 0x2000011c   Data           8  extra_math.o(.data)
    w1_t_mat                                 0x20000124   Data           8  extra_math.o(.data)
    w2_t_mat                                 0x2000012c   Data           8  extra_math.o(.data)
    S                                        0x20000134   Data           8  extra_math.o(.data)
    S_adj                                    0x2000013c   Data           8  extra_math.o(.data)
    tmp1                                     0x20000144   Data           8  extra_math.o(.data)
    tmp2                                     0x2000014c   Data           8  extra_math.o(.data)
    tmp3                                     0x20000154   Data           8  extra_math.o(.data)
    tmp4                                     0x2000015c   Data           8  extra_math.o(.data)
    I                                        0x20000164   Data           8  extra_math.o(.data)
    Z                                        0x2000016c   Data           8  extra_math.o(.data)
    X                                        0x20000174   Data           8  extra_math.o(.data)
    E_data                                   0x2000017c   Data         196  extra_math.o(.data)
    E                                        0x20000240   Data           8  extra_math.o(.data)
    Fk_data                                  0x20000248   Data         196  extra_math.o(.data)
    Fk                                       0x2000030c   Data           8  extra_math.o(.data)
    Fkt_data                                 0x20000314   Data         196  extra_math.o(.data)
    Fkt                                      0x200003d8   Data           8  extra_math.o(.data)
    Hk_data                                  0x200003e0   Data         196  extra_math.o(.data)
    Hk                                       0x200004a4   Data           8  extra_math.o(.data)
    Qk_data                                  0x200004ac   Data         196  extra_math.o(.data)
    Qk                                       0x20000570   Data           8  extra_math.o(.data)
    Rk_data                                  0x20000578   Data         196  extra_math.o(.data)
    Rk                                       0x2000063c   Data           8  extra_math.o(.data)
    x_apriori_data                           0x20000644   Data          28  extra_math.o(.data)
    x_apriori                                0x20000660   Data           8  extra_math.o(.data)
    x_aposteriori                            0x20000668   Data           8  extra_math.o(.data)
    P_apriori                                0x20000670   Data           8  extra_math.o(.data)
    P_aposteriori                            0x20000678   Data           8  extra_math.o(.data)
    zk                                       0x20000680   Data           8  extra_math.o(.data)
    Kk                                       0x20000688   Data           8  extra_math.o(.data)
    tmp5                                     0x20000690   Data           8  extra_math.o(.data)
    tmp6                                     0x20000698   Data           8  extra_math.o(.data)
    tmp7                                     0x200006a0   Data           8  extra_math.o(.data)
    tmp8                                     0x200006a8   Data           8  extra_math.o(.data)
    USART1_TX                                0x200006b0   Data           1  telemetry.o(.data)
    USART1_RX                                0x200006b1   Data           1  telemetry.o(.data)
    tele_len                                 0x200006b2   Data           1  telemetry.o(.data)
    received                                 0x200006b3   Data           1  telemetry.o(.data)
    telemetry_on                             0x200006b4   Data           1  telemetry.o(.data)
    non_calibr_accel_data                    0x200006b8   Data          12  accel_magne.o(.bss)
    accel                                    0x200006c4   Data          12  accel_magne.o(.bss)
    non_calibr_mag_data                      0x200006d0   Data          12  accel_magne.o(.bss)
    magField                                 0x200006dc   Data          12  accel_magne.o(.bss)
    angleRate                                0x200006e8   Data          12  gyro.o(.bss)
    orientation                              0x200006f4   Data          16  main.o(.bss)
    euler                                    0x20000704   Data          12  main.o(.bss)
    w1                                       0x20000710   Data          12  extra_math.o(.bss)
    w2                                       0x2000071c   Data          12  extra_math.o(.bss)
    v1                                       0x20000728   Data          12  extra_math.o(.bss)
    v2                                       0x20000734   Data          12  extra_math.o(.bss)
    v1_t                                     0x20000740   Data          12  extra_math.o(.bss)
    v2_t                                     0x2000074c   Data          12  extra_math.o(.bss)
    w1_t                                     0x20000758   Data          12  extra_math.o(.bss)
    w2_t                                     0x20000764   Data          12  extra_math.o(.bss)
    s_data                                   0x20000770   Data          36  extra_math.o(.bss)
    s_adj_data                               0x20000794   Data          36  extra_math.o(.bss)
    z_data                                   0x200007b8   Data          12  extra_math.o(.bss)
    x_data                                   0x200007c4   Data          12  extra_math.o(.bss)
    tmp1_data                                0x200007d0   Data          36  extra_math.o(.bss)
    tmp2_data                                0x200007f4   Data          36  extra_math.o(.bss)
    tmp3_data                                0x20000818   Data          36  extra_math.o(.bss)
    tmp4_data                                0x2000083c   Data          36  extra_math.o(.bss)
    x_aposteriori_data                       0x20000860   Data          28  extra_math.o(.bss)
    P_apriori_data                           0x2000087c   Data         196  extra_math.o(.bss)
    P_aposteriori_data                       0x20000940   Data         196  extra_math.o(.bss)
    zk_data                                  0x20000a04   Data          28  extra_math.o(.bss)
    Kk_data                                  0x20000a20   Data         196  extra_math.o(.bss)
    tmp5_data                                0x20000ae4   Data         196  extra_math.o(.bss)
    tmp6_data                                0x20000ba8   Data          28  extra_math.o(.bss)
    tmp7_data                                0x20000bc4   Data          28  extra_math.o(.bss)
    tmp8_data                                0x20000be0   Data         196  extra_math.o(.bss)
    message                                  0x20000ca4   Data          64  telemetry.o(.bss)
    tele                                     0x20000ce4   Data         100  telemetry.o(.bss)
    __libspace_start                         0x20000d48   Data          96  libspace.o(.bss)
    __temporary_stack_top$libspace           0x20000da8   Data           0  libspace.o(.bss)



==============================================================================

Memory Map of the image

  Image Entry point : 0x08000189

  Load Region LR_IROM1 (Base: 0x08000000, Size: 0x00005830, Max: 0x00040000, ABSOLUTE, COMPRESSED[0x000052a8])

    Execution Region ER_IROM1 (Base: 0x08000000, Size: 0x00005178, Max: 0x00040000, ABSOLUTE)

    Base Addr    Size         Type   Attr      Idx    E Section Name        Object

    0x08000000   0x00000188   Data   RO          557    RESET               startup_stm32f303xc.o
    0x08000188   0x00000008   Code   RO          926  * !!!main             c_w.l(__main.o)
    0x08000190   0x00000034   Code   RO         1214    !!!scatter          c_w.l(__scatter.o)
    0x080001c4   0x0000005a   Code   RO         1212    !!dczerorl2         c_w.l(__dczerorl2.o)
    0x0800021e   0x00000002   PAD
    0x08000220   0x0000001c   Code   RO         1216    !!handler_zi        c_w.l(__scatter_zi.o)
    0x0800023c   0x00000002   Code   RO         1084    .ARM.Collect$$libinit$$00000000  c_w.l(libinit.o)
    0x0800023e   0x00000004   Code   RO         1095    .ARM.Collect$$libinit$$00000001  c_w.l(libinit2.o)
    0x08000242   0x00000000   Code   RO         1098    .ARM.Collect$$libinit$$00000004  c_w.l(libinit2.o)
    0x08000242   0x00000000   Code   RO         1101    .ARM.Collect$$libinit$$0000000A  c_w.l(libinit2.o)
    0x08000242   0x00000000   Code   RO         1103    .ARM.Collect$$libinit$$0000000C  c_w.l(libinit2.o)
    0x08000242   0x00000000   Code   RO         1105    .ARM.Collect$$libinit$$0000000E  c_w.l(libinit2.o)
    0x08000242   0x00000000   Code   RO         1108    .ARM.Collect$$libinit$$00000011  c_w.l(libinit2.o)
    0x08000242   0x00000000   Code   RO         1110    .ARM.Collect$$libinit$$00000013  c_w.l(libinit2.o)
    0x08000242   0x00000000   Code   RO         1112    .ARM.Collect$$libinit$$00000015  c_w.l(libinit2.o)
    0x08000242   0x00000000   Code   RO         1114    .ARM.Collect$$libinit$$00000017  c_w.l(libinit2.o)
    0x08000242   0x00000000   Code   RO         1116    .ARM.Collect$$libinit$$00000019  c_w.l(libinit2.o)
    0x08000242   0x00000000   Code   RO         1118    .ARM.Collect$$libinit$$0000001B  c_w.l(libinit2.o)
    0x08000242   0x00000000   Code   RO         1120    .ARM.Collect$$libinit$$0000001D  c_w.l(libinit2.o)
    0x08000242   0x00000000   Code   RO         1122    .ARM.Collect$$libinit$$0000001F  c_w.l(libinit2.o)
    0x08000242   0x00000000   Code   RO         1124    .ARM.Collect$$libinit$$00000021  c_w.l(libinit2.o)
    0x08000242   0x00000000   Code   RO         1126    .ARM.Collect$$libinit$$00000023  c_w.l(libinit2.o)
    0x08000242   0x00000000   Code   RO         1128    .ARM.Collect$$libinit$$00000025  c_w.l(libinit2.o)
    0x08000242   0x00000000   Code   RO         1132    .ARM.Collect$$libinit$$0000002C  c_w.l(libinit2.o)
    0x08000242   0x00000000   Code   RO         1134    .ARM.Collect$$libinit$$0000002E  c_w.l(libinit2.o)
    0x08000242   0x00000000   Code   RO         1136    .ARM.Collect$$libinit$$00000030  c_w.l(libinit2.o)
    0x08000242   0x00000000   Code   RO         1138    .ARM.Collect$$libinit$$00000032  c_w.l(libinit2.o)
    0x08000242   0x00000002   Code   RO         1139    .ARM.Collect$$libinit$$00000033  c_w.l(libinit2.o)
    0x08000244   0x00000002   Code   RO         1170    .ARM.Collect$$libshutdown$$00000000  c_w.l(libshutdown.o)
    0x08000246   0x00000000   Code   RO         1197    .ARM.Collect$$libshutdown$$00000003  c_w.l(libshutdown2.o)
    0x08000246   0x00000000   Code   RO         1200    .ARM.Collect$$libshutdown$$00000006  c_w.l(libshutdown2.o)
    0x08000246   0x00000000   Code   RO         1203    .ARM.Collect$$libshutdown$$00000009  c_w.l(libshutdown2.o)
    0x08000246   0x00000000   Code   RO         1205    .ARM.Collect$$libshutdown$$0000000B  c_w.l(libshutdown2.o)
    0x08000246   0x00000000   Code   RO         1208    .ARM.Collect$$libshutdown$$0000000E  c_w.l(libshutdown2.o)
    0x08000246   0x00000002   Code   RO         1209    .ARM.Collect$$libshutdown$$0000000F  c_w.l(libshutdown2.o)
    0x08000248   0x00000000   Code   RO          972    .ARM.Collect$$rtentry$$00000000  c_w.l(__rtentry.o)
    0x08000248   0x00000000   Code   RO         1041    .ARM.Collect$$rtentry$$00000002  c_w.l(__rtentry2.o)
    0x08000248   0x00000006   Code   RO         1053    .ARM.Collect$$rtentry$$00000004  c_w.l(__rtentry4.o)
    0x0800024e   0x00000000   Code   RO         1043    .ARM.Collect$$rtentry$$00000009  c_w.l(__rtentry2.o)
    0x0800024e   0x00000004   Code   RO         1044    .ARM.Collect$$rtentry$$0000000A  c_w.l(__rtentry2.o)
    0x08000252   0x00000000   Code   RO         1046    .ARM.Collect$$rtentry$$0000000C  c_w.l(__rtentry2.o)
    0x08000252   0x00000008   Code   RO         1047    .ARM.Collect$$rtentry$$0000000D  c_w.l(__rtentry2.o)
    0x0800025a   0x00000002   Code   RO         1087    .ARM.Collect$$rtexit$$00000000  c_w.l(rtexit.o)
    0x0800025c   0x00000000   Code   RO         1143    .ARM.Collect$$rtexit$$00000002  c_w.l(rtexit2.o)
    0x0800025c   0x00000004   Code   RO         1144    .ARM.Collect$$rtexit$$00000003  c_w.l(rtexit2.o)
    0x08000260   0x00000006   Code   RO         1145    .ARM.Collect$$rtexit$$00000004  c_w.l(rtexit2.o)
    0x08000266   0x00000002   PAD
    0x08000268   0x00000040   Code   RO          558    .text               startup_stm32f303xc.o
    0x080002a8   0x000000d2   Code   RO          610    .text               arm_cortexM4lf_math.lib(arm_add_f32.o)
    0x0800037a   0x00000002   PAD
    0x0800037c   0x00000104   Code   RO          659    .text               arm_cortexM4lf_math.lib(arm_dot_prod_f32.o)
    0x08000480   0x00000098   Code   RO          683    .text               arm_cortexM4lf_math.lib(arm_scale_f32.o)
    0x08000518   0x000000d2   Code   RO          707    .text               arm_cortexM4lf_math.lib(arm_sub_f32.o)
    0x080005ea   0x00000108   Code   RO          731    .text               arm_cortexM4lf_math.lib(arm_mat_add_f32.o)
    0x080006f2   0x00000008   Code   RO          755    .text               arm_cortexM4lf_math.lib(arm_mat_init_f32.o)
    0x080006fa   0x00000002   PAD
    0x080006fc   0x000004f8   Code   RO          779    .text               arm_cortexM4lf_math.lib(arm_mat_inverse_f32.o)
    0x08000bf4   0x0000013c   Code   RO          803    .text               arm_cortexM4lf_math.lib(arm_mat_mult_f32.o)
    0x08000d30   0x000000d0   Code   RO          827    .text               arm_cortexM4lf_math.lib(arm_mat_scale_f32.o)
    0x08000e00   0x00000108   Code   RO          851    .text               arm_cortexM4lf_math.lib(arm_mat_sub_f32.o)
    0x08000f08   0x00000114   Code   RO          875    .text               arm_cortexM4lf_math.lib(arm_mat_trans_f32.o)
    0x0800101c   0x00000084   Code   RO          899    .text               arm_cortexM4lf_math.lib(arm_copy_f32.o)
    0x080010a0   0x0000008a   Code   RO          922    .text               c_w.l(rt_memcpy_v6.o)
    0x0800112a   0x00000006   Code   RO          924    .text               c_w.l(heapauxi.o)
    0x08001130   0x00000016   Code   RO          973    .text               c_w.l(_rserrno.o)
    0x08001146   0x00000064   Code   RO          975    .text               c_w.l(rt_memcpy_w.o)
    0x080011aa   0x00000002   PAD
    0x080011ac   0x00000008   Code   RO         1058    .text               c_w.l(rt_errno_addr_intlibspace.o)
    0x080011b4   0x00000030   Code   RO         1060    .text               c_w.l(_fptrap.o)
    0x080011e4   0x00000008   Code   RO         1068    .text               c_w.l(libspace.o)
    0x080011ec   0x0000004a   Code   RO         1071    .text               c_w.l(sys_stackheap_outer.o)
    0x08001236   0x0000000c   Code   RO         1073    .text               c_w.l(exit.o)
    0x08001242   0x0000000e   Code   RO         1075    .text               c_w.l(defsig_fpe_outer.o)
    0x08001250   0x0000000a   Code   RO         1091    .text               c_w.l(defsig_exit.o)
    0x0800125a   0x00000002   PAD
    0x0800125c   0x000000ac   Code   RO         1093    .text               c_w.l(defsig_fpe_inner.o)
    0x08001308   0x0000000c   Code   RO         1140    .text               c_w.l(sys_exit.o)
    0x08001314   0x00000032   Code   RO         1151    .text               c_w.l(defsig_general.o)
    0x08001346   0x0000000e   Code   RO         1157    .text               c_w.l(sys_wrch.o)
    0x08001354   0x00000002   Code   RO         1159    .text               c_w.l(use_no_semi.o)
    0x08001356   0x00000000   Code   RO         1161    .text               c_w.l(indicate_semi.o)
    0x08001356   0x00000002   PAD
    0x08001358   0x0000002c   Code   RO            4    i.AM_DMA_Init       accel_magne.o
    0x08001384   0x00000024   Code   RO            5    i.AM_DMA_Run        accel_magne.o
    0x080013a8   0x00000060   Code   RO            6    i.AM_EXTI_Init      accel_magne.o
    0x08001408   0x00000090   Code   RO            7    i.AM_Init           accel_magne.o
    0x08001498   0x000000b0   Code   RO            8    i.AM_MultiRead      accel_magne.o
    0x08001548   0x000000b0   Code   RO            9    i.AM_SingleRead     accel_magne.o
    0x080015f8   0x00000074   Code   RO           10    i.AM_Write          accel_magne.o
    0x0800166c   0x0000011c   Code   RO          156    i.DMA1_Channel2_IRQHandler  gyro.o
    0x08001788   0x00000028   Code   RO          157    i.DMA1_Channel3_IRQHandler  gyro.o
    0x080017b0   0x00000028   Code   RO          468    i.DMA1_Channel4_IRQHandler  telemetry.o
    0x080017d8   0x000001bc   Code   RO           11    i.DMA1_Channel7_IRQHandler  accel_magne.o
    0x08001994   0x00000024   Code   RO          288    i.EXTI0_IRQHandler  main.o
    0x080019b8   0x0000001c   Code   RO          158    i.EXTI1_IRQHandler  gyro.o
    0x080019d4   0x00000028   Code   RO           12    i.EXTI4_IRQHandler  accel_magne.o
    0x080019fc   0x00000040   Code   RO          159    i.Gyro_DMA_Init     gyro.o
    0x08001a3c   0x0000003c   Code   RO          160    i.Gyro_DMA_Run      gyro.o
    0x08001a78   0x00000060   Code   RO          161    i.Gyro_EXTI_Init    gyro.o
    0x08001ad8   0x00000068   Code   RO          163    i.Gyro_Init         gyro.o
    0x08001b40   0x0000001c   Code   RO          165    i.Gyro_NSS_High     gyro.o
    0x08001b5c   0x00000020   Code   RO          166    i.Gyro_NSS_Low      gyro.o
    0x08001b7c   0x0000001e   Code   RO          167    i.Gyro_Read         gyro.o
    0x08001b9a   0x00000018   Code   RO          168    i.Gyro_Write        gyro.o
    0x08001bb2   0x00000002   PAD
    0x08001bb4   0x000000bc   Code   RO           13    i.I2C1_GPIO_Init    accel_magne.o
    0x08001c70   0x00000034   Code   RO           14    i.I2C1_Init         accel_magne.o
    0x08001ca4   0x00000038   Code   RO           15    i.I2C1_SetDevice    accel_magne.o
    0x08001cdc   0x000000e0   Code   RO          359    i.Kalman            extra_math.o
    0x08001dbc   0x00000122   Code   RO          360    i.Mat_Adj3          extra_math.o
    0x08001ede   0x00000002   PAD
    0x08001ee0   0x000000f8   Code   RO          361    i.Mat_Det3          extra_math.o
    0x08001fd8   0x00000034   Code   RO          362    i.Mat_Tr            extra_math.o
    0x0800200c   0x00000044   Code   RO          470    i.Message_ToByteArray  telemetry.o
    0x08002050   0x00000016   Code   RO           16    i.NVIC_EnableIRQ    accel_magne.o
    0x08002066   0x00000016   Code   RO          169    i.NVIC_EnableIRQ    gyro.o
    0x0800207c   0x00000016   Code   RO          289    i.NVIC_EnableIRQ    main.o
    0x08002092   0x00000016   Code   RO          471    i.NVIC_EnableIRQ    telemetry.o
    0x080020a8   0x00000028   Code   RO           17    i.NVIC_SetPriority  accel_magne.o
    0x080020d0   0x00000028   Code   RO          170    i.NVIC_SetPriority  gyro.o
    0x080020f8   0x00000028   Code   RO          472    i.NVIC_SetPriority  telemetry.o
    0x08002120   0x0000032c   Code   RO          363    i.QUEST             extra_math.o
    0x0800244c   0x00000158   Code   RO          364    i.QUEST_Init        extra_math.o
    0x080025a4   0x00000030   Code   RO          365    i.Quat_Scale        extra_math.o
    0x080025d4   0x00000184   Code   RO          366    i.Quat_ToEuler      extra_math.o
    0x08002758   0x00000034   Code   RO          290    i.RCC_Init          main.o
    0x0800278c   0x0000011c   Code   RO          171    i.SPI1_GPIO_Init    gyro.o
    0x080028a8   0x00000074   Code   RO          172    i.SPI1_Init         gyro.o
    0x0800291c   0x0000002c   Code   RO          173    i.SPI1_Transfer     gyro.o
    0x08002948   0x000000c4   Code   RO          565    i.SetSysClock       system_stm32f30x.o
    0x08002a0c   0x00000084   Code   RO          567    i.SystemInit        system_stm32f30x.o
    0x08002a90   0x0000002c   Code   RO          291    i.TIM2_IRQHandler   main.o
    0x08002abc   0x00000060   Code   RO          292    i.TIM2_Init         main.o
    0x08002b1c   0x00000028   Code   RO          473    i.Telemetry_DMA_Init  telemetry.o
    0x08002b44   0x00000024   Code   RO          474    i.Telemetry_DMA_Run  telemetry.o
    0x08002b68   0x00000034   Code   RO          475    i.Telemetry_Send    telemetry.o
    0x08002b9c   0x00000044   Code   RO          476    i.USART1_IRQHandler  telemetry.o
    0x08002be0   0x000000fc   Code   RO          477    i.USART1_Init       telemetry.o
    0x08002cdc   0x0000005a   Code   RO          367    i.Vect_CrossProd    extra_math.o
    0x08002d36   0x00000002   PAD
    0x08002d38   0x00000040   Code   RO          368    i.Vect_Mod          extra_math.o
    0x08002d78   0x00000026   Code   RO          369    i.Vect_Norm         extra_math.o
    0x08002d9e   0x00000030   Code   RO         1024    i.__ARM_fpclassify  m_wm.l(fpclassify.o)
    0x08002dce   0x00000002   PAD
    0x08002dd0   0x00000360   Code   RO          944    i.__hardfp_asin     m_wm.l(asin.o)
    0x08003130   0x000002d8   Code   RO          958    i.__hardfp_atan     m_wm.l(atan.o)
    0x08003408   0x000000f8   Code   RO         1026    i.__kernel_poly     m_wm.l(poly.o)
    0x08003500   0x00000014   Code   RO         1005    i.__mathlib_dbl_infnan  m_wm.l(dunder.o)
    0x08003514   0x00000004   PAD
    0x08003518   0x00000020   Code   RO         1007    i.__mathlib_dbl_invalid  m_wm.l(dunder.o)
    0x08003538   0x00000020   Code   RO         1010    i.__mathlib_dbl_underflow  m_wm.l(dunder.o)
    0x08003558   0x0000002c   Code   RO          370    i.arm_sqrt_f32      extra_math.o
    0x08003584   0x000000c4   Code   RO          371    i.f                 extra_math.o
    0x08003648   0x00000018   Code   RO         1020    i.fabs              m_wm.l(fabs.o)
    0x08003660   0x00000128   Code   RO          293    i.main              main.o
    0x08003788   0x0000006e   Code   RO         1030    i.sqrt              m_wm.l(sqrt_full.o)
    0x080037f6   0x00000018   Code   RO          977    x$fpl$basic         g_wm.l(basic.o)
    0x0800380e   0x00000002   PAD
    0x08003810   0x000002c4   Code   RO          928    x$fpl$d2f           g_wm.l(d2f_clz.o)
    0x08003ad4   0x0000024c   Code   RO          979    x$fpl$dadd          g_wm.l(daddsub_clz.o)
    0x08003d20   0x0000037c   Code   RO          931    x$fpl$ddiv          g_wm.l(ddiv_clz.o)
    0x0800409c   0x0000002e   Code   RO          935    x$fpl$dflt          g_wm.l(dflt_clz.o)
    0x080040ca   0x0000001a   Code   RO          936    x$fpl$dfltn         g_wm.l(dflt_clz.o)
    0x080040e4   0x000001c0   Code   RO          940    x$fpl$dmul          g_wm.l(dmul_clz.o)
    0x080042a4   0x00000102   Code   RO          985    x$fpl$dnaninf       g_wm.l(dnaninf.o)
    0x080043a6   0x00000070   Code   RO          987    x$fpl$drenorm       g_wm.l(drenorm_clz.o)
    0x08004416   0x0000000c   Code   RO          989    x$fpl$dretinf       g_wm.l(dretinf.o)
    0x08004422   0x00000002   PAD
    0x08004424   0x00000050   Code   RO          980    x$fpl$drsb          g_wm.l(daddsub_clz.o)
    0x08004474   0x00000208   Code   RO         1064    x$fpl$dsqrt         g_wm.l(dsqrt_umaalclz.o)
    0x0800467c   0x0000029c   Code   RO          981    x$fpl$dsub          g_wm.l(daddsub_clz.o)
    0x08004918   0x0000017a   Code   RO          991    x$fpl$dunder        g_wm.l(dunder_clz.o)
    0x08004a92   0x00000002   PAD
    0x08004a94   0x000001ec   Code   RO          993    x$fpl$exception     g_wm.l(except.o)
    0x08004c80   0x0000007a   Code   RO          942    x$fpl$f2d           g_wm.l(f2d.o)
    0x08004cfa   0x000000f2   Code   RO          995    x$fpl$fnaninf       g_wm.l(fnaninf.o)
    0x08004dec   0x0000000a   Code   RO         1155    x$fpl$fpinit        g_wm.l(fpinit.o)
    0x08004df6   0x0000000a   Code   RO          997    x$fpl$fretinf       g_wm.l(fretinf.o)
    0x08004e00   0x0000013c   Code   RO          999    x$fpl$funder        g_wm.l(funder_clz.o)
    0x08004f3c   0x000000b2   Code   RO         1066    x$fpl$retnan        g_wm.l(retnan.o)
    0x08004fee   0x0000007e   Code   RO         1001    x$fpl$trapveneer    g_wm.l(trapv.o)
    0x0800506c   0x00000000   Code   RO         1003    x$fpl$usenofp       g_wm.l(usenofp.o)
    0x0800506c   0x00000004   PAD
    0x08005070   0x00000050   Data   RO          947    .constdata          m_wm.l(asin.o)
    0x080050c0   0x00000098   Data   RO          961    .constdata          m_wm.l(atan.o)
    0x08005158   0x00000020   Data   RO         1210    Region$$Table       anon$$obj.o


    Execution Region RW_IRAM1 (Base: 0x20000000, Size: 0x000013a8, Max: 0x0000c000, ABSOLUTE, COMPRESSED[0x00000130])

    Base Addr    Size         Type   Attr      Idx    E Section Name        Object

    0x20000000   0x000000a5   Data   RW           19    .data               accel_magne.o
    0x200000a5   0x00000001   PAD
    0x200000a6   0x0000001f   Data   RW          175    .data               gyro.o
    0x200000c5   0x00000002   Data   RW          295    .data               main.o
    0x200000c7   0x00000001   PAD
    0x200000c8   0x000005e8   Data   RW          373    .data               extra_math.o
    0x200006b0   0x00000005   Data   RW          480    .data               telemetry.o
    0x200006b5   0x00000003   PAD
    0x200006b8   0x00000030   Zero   RW           18    .bss                accel_magne.o
    0x200006e8   0x0000000c   Zero   RW          174    .bss                gyro.o
    0x200006f4   0x0000001c   Zero   RW          294    .bss                main.o
    0x20000710   0x00000594   Zero   RW          372    .bss                extra_math.o
    0x20000ca4   0x000000a4   Zero   RW          479    .bss                telemetry.o
    0x20000d48   0x00000060   Zero   RW         1069    .bss                c_w.l(libspace.o)
    0x20000da8   0x00000200   Zero   RW          556    HEAP                startup_stm32f303xc.o
    0x20000fa8   0x00000400   Zero   RW          555    STACK               startup_stm32f303xc.o


==============================================================================

Image component sizes


      Code (inc. data)   RO Data    RW Data    ZI Data      Debug   Object Name

      1630        180          0        165         48     336939   accel_magne.o
      2838        346          0       1512       1428      24560   extra_math.o
      1296        158          0         31         12       9344   gyro.o
       546         84          0          2         28      30540   main.o
        64         26        392          0       1536        872   startup_stm32f303xc.o
       328         28          0          0          0       1629   system_stm32f30x.o
       618         84          0          5        164       5962   telemetry.o

    ----------------------------------------------------------------------
      7326        906        424       1720       3216     409846   Object Totals
         0          0         32          0          0          0   (incl. Generated)
         6          0          0          5          0          0   (incl. Padding)

    ----------------------------------------------------------------------

      Code (inc. data)   RO Data    RW Data    ZI Data      Debug   Library Member Name

       210          0          0          0          0      17206   arm_add_f32.o
       132          0          0          0          0        775   arm_copy_f32.o
       260          4          0          0          0        923   arm_dot_prod_f32.o
       264          0          0          0          0       1482   arm_mat_add_f32.o
         8          0          0          0          0        843   arm_mat_init_f32.o
      1272          4          0          0          0       2798   arm_mat_inverse_f32.o
       316          4          0          0          0       1627   arm_mat_mult_f32.o
       208          0          0          0          0       1448   arm_mat_scale_f32.o
       264          0          0          0          0       1482   arm_mat_sub_f32.o
       276          0          0          0          0       1516   arm_mat_trans_f32.o
       152          0          0          0          0        808   arm_scale_f32.o
       210          0          0          0          0        890   arm_sub_f32.o
        90          0          0          0          0          0   __dczerorl2.o
         8          0          0          0          0         68   __main.o
         0          0          0          0          0          0   __rtentry.o
        12          0          0          0          0          0   __rtentry2.o
         6          0          0          0          0          0   __rtentry4.o
        52          8          0          0          0          0   __scatter.o
        28          0          0          0          0          0   __scatter_zi.o
        48          4          0          0          0         84   _fptrap.o
        22          0          0          0          0        100   _rserrno.o
        10          0          0          0          0         68   defsig_exit.o
       172        110          0          0          0         76   defsig_fpe_inner.o
        14          0          0          0          0         80   defsig_fpe_outer.o
        50          0          0          0          0         88   defsig_general.o
        12          0          0          0          0         72   exit.o
         6          0          0          0          0        152   heapauxi.o
         0          0          0          0          0          0   indicate_semi.o
         2          0          0          0          0          0   libinit.o
         6          0          0          0          0          0   libinit2.o
         2          0          0          0          0          0   libshutdown.o
         2          0          0          0          0          0   libshutdown2.o
         8          4          0          0         96         68   libspace.o
         8          4          0          0          0         68   rt_errno_addr_intlibspace.o
       138          0          0          0          0         68   rt_memcpy_v6.o
       100          0          0          0          0         80   rt_memcpy_w.o
         2          0          0          0          0          0   rtexit.o
        10          0          0          0          0          0   rtexit2.o
        12          4          0          0          0         68   sys_exit.o
        74          0          0          0          0         80   sys_stackheap_outer.o
        14          0          0          0          0         76   sys_wrch.o
         2          0          0          0          0         68   use_no_semi.o
        24          0          0          0          0        164   basic.o
       708         16          0          0          0        140   d2f_clz.o
      1336         32          0          0          0        532   daddsub_clz.o
       892        152          0          0          0        292   ddiv_clz.o
        72          0          0          0          0        232   dflt_clz.o
       448         16          0          0          0        164   dmul_clz.o
       258          4          0          0          0        156   dnaninf.o
       112          0          0          0          0        160   drenorm_clz.o
        12          0          0          0          0        116   dretinf.o
       520         56          0          0          0        180   dsqrt_umaalclz.o
       378          0          0          0          0        168   dunder_clz.o
       492         36          0          0          0        148   except.o
       122          8          0          0          0        132   f2d.o
       242          4          0          0          0        144   fnaninf.o
        10          0          0          0          0        116   fpinit.o
        10          0          0          0          0        116   fretinf.o
       316          0          0          0          0        132   funder_clz.o
       178          0          0          0          0        116   retnan.o
       126          0          0          0          0        148   trapv.o
         0          0          0          0          0          0   usenofp.o
       864         94         80          0          0        280   asin.o
       728        106        152          0          0        228   atan.o
        84         16          0          0          0        372   dunder.o
        24          0          0          0          0        124   fabs.o
        48          0          0          0          0        124   fpclassify.o
       248          0          0          0          0        152   poly.o
       110          0          0          0          0        148   sqrt_full.o

    ----------------------------------------------------------------------
     12874        686        232          0         96      37946   Library Totals
        30          0          0          0          0          0   (incl. Padding)

    ----------------------------------------------------------------------

      Code (inc. data)   RO Data    RW Data    ZI Data      Debug   Library Name

      3572         12          0          0          0      31798   arm_cortexM4lf_math.lib
       910        134          0          0         96       1364   c_w.l
      6256        324          0          0          0       3356   g_wm.l
      2106        216        232          0          0       1428   m_wm.l

    ----------------------------------------------------------------------
     12874        686        232          0         96      37946   Library Totals

    ----------------------------------------------------------------------

==============================================================================


      Code (inc. data)   RO Data    RW Data    ZI Data      Debug   

     20200       1592        656       1720       3312     438416   Grand Totals
     20200       1592        656        304       3312     438416   ELF Image Totals (compressed)
     20200       1592        656        304          0          0   ROM Totals

==============================================================================

    Total RO  Size (Code + RO Data)                20856 (  20.37kB)
    Total RW  Size (RW Data + ZI Data)              5032 (   4.91kB)
    Total ROM Size (Code + RO Data + RW Data)      21160 (  20.66kB)

==============================================================================

